2026-09-09 14:08:00,692 1 WARNING ? odoo.tools.config: option --without-demo: since 19.0, invalid boolean value: 'all', assume True 
2026-09-09 14:08:00,692 1 WARNING ? odoo.tools.config: missing --http-interface/http_interface, using 0.0.0.0 by default, will change to 127.0.0.1 in 20.0 
2026-09-09 14:08:00,692 1 INFO ? odoo: Odoo version 19.0-20260817 
2026-09-09 14:08:00,692 1 INFO ? odoo: Using configuration file at /etc/odoo/odoo.conf 
2026-09-09 14:08:00,692 1 INFO ? odoo: addons paths: _NamespacePath(['/usr/lib/python3/dist-packages/odoo/addons', '/tmp/odoo-data/addons/19.0', '/mnt/extra-addons', '/usr/lib/python3/dist-packages/addons']) 
2026-09-09 14:08:00,692 1 INFO ? odoo: database: odoo@qualification-versions-ea190848e3-pg:default 
2026-09-09 14:08:00,891 1 INFO ? odoo.service.server: HTTP service (werkzeug) running on 8cb32a9ecd4a:8069 
2026-09-09 14:08:00,915 1 INFO qualification_19_0_positive odoo.tests.common: Importing test framework 
2026-09-09 14:08:00,927 1 INFO qualification_19_0_positive odoo.modules.loading: Initializing database qualification_19_0_positive 
2026-09-09 14:08:01,596 1 INFO qualification_19_0_positive odoo.modules.loading: loading 1 modules... 
2026-09-09 14:08:01,596 1 INFO qualification_19_0_positive odoo.modules.loading: Loading module base (1/1) 
2026-09-09 14:08:01,611 1 INFO qualification_19_0_positive odoo.registry: module base: creating or updating database tables 
2026-09-09 14:08:01,732 1 INFO qualification_19_0_positive odoo.models: Prepare computation of ir.module.module.menus_by_module 
2026-09-09 14:08:01,732 1 INFO qualification_19_0_positive odoo.models: Prepare computation of ir.module.module.reports_by_module 
2026-09-09 14:08:01,732 1 INFO qualification_19_0_positive odoo.models: Prepare computation of ir.module.module.views_by_module 
2026-09-09 14:08:01,772 1 INFO qualification_19_0_positive odoo.models: Prepare computation of res.partner.user_id 
2026-09-09 14:08:01,773 1 INFO qualification_19_0_positive odoo.models: Prepare computation of res.partner.commercial_partner_id 
2026-09-09 14:08:01,773 1 INFO qualification_19_0_positive odoo.models: Prepare computation of res.partner.complete_name 
2026-09-09 14:08:01,773 1 INFO qualification_19_0_positive odoo.models: Prepare computation of res.partner.lang 
2026-09-09 14:08:01,773 1 INFO qualification_19_0_positive odoo.models: Prepare computation of res.partner.company_registry 
2026-09-09 14:08:01,773 1 INFO qualification_19_0_positive odoo.models: Prepare computation of res.partner.commercial_company_name 
2026-09-09 14:08:01,773 1 INFO qualification_19_0_positive odoo.models: Prepare computation of res.partner.properties 
2026-09-09 14:08:01,773 1 INFO qualification_19_0_positive odoo.models: Prepare computation of res.partner.partner_share 
2026-09-09 14:08:01,785 1 INFO qualification_19_0_positive odoo.models: Prepare computation of res.currency.decimal_places 
2026-09-09 14:08:01,797 1 INFO qualification_19_0_positive odoo.models: Prepare computation of res.company.uses_default_logo 
2026-09-09 14:08:01,797 1 INFO qualification_19_0_positive odoo.models: Prepare computation of res.company.logo_web 
2026-09-09 14:08:01,798 1 INFO qualification_19_0_positive odoo.models: Computing parent_path for table res_company... 
2026-09-09 14:08:01,808 1 INFO qualification_19_0_positive odoo.models: Prepare computation of res.users.signature 
2026-09-09 14:08:01,809 1 INFO qualification_19_0_positive odoo.models: Prepare computation of res.users.share 
2026-09-09 14:08:02,532 1 INFO qualification_19_0_positive odoo.modules.loading: loading base/data/res_bank.xml 
2026-09-09 14:08:02,535 1 INFO qualification_19_0_positive odoo.modules.loading: loading base/data/res.lang.csv 
2026-09-09 14:08:02,569 1 INFO qualification_19_0_positive odoo.modules.loading: loading base/data/res_lang_data.xml 
2026-09-09 14:08:02,596 1 INFO qualification_19_0_positive odoo.modules.loading: loading base/data/res_partner_data.xml 
2026-09-09 14:08:02,619 1 INFO qualification_19_0_positive odoo.modules.loading: loading base/data/res_currency_data.xml 
2026-09-09 14:08:02,882 1 INFO qualification_19_0_positive odoo.modules.loading: loading base/data/res_company_data.xml 
2026-09-09 14:08:02,887 1 INFO qualification_19_0_positive odoo.modules.loading: loading base/data/res_users_data.xml 
2026-09-09 14:08:03,457 1 INFO qualification_19_0_positive odoo.modules.loading: loading base/data/report_paperformat_data.xml 
2026-09-09 14:08:03,464 1 INFO qualification_19_0_positive odoo.modules.loading: loading base/data/res_country_data.xml 
2026-09-09 14:08:03,736 1 INFO qualification_19_0_positive odoo.modules.loading: loading base/data/ir_demo_data.xml 
2026-09-09 14:08:03,750 1 INFO qualification_19_0_positive odoo.modules.loading: loading base/security/base_groups.xml 
2026-09-09 14:08:03,887 1 INFO qualification_19_0_positive odoo.modules.loading: loading base/security/base_security.xml 
2026-09-09 14:08:03,982 1 INFO qualification_19_0_positive odoo.modules.loading: loading base/wizard/wizard_ir_model_menu_create_views.xml 
2026-09-09 14:08:03,989 1 INFO qualification_19_0_positive odoo.modules.loading: loading base/views/base_menus.xml 
2026-09-09 14:08:04,031 1 INFO qualification_19_0_positive odoo.modules.loading: loading base/views/decimal_precision_views.xml 
2026-09-09 14:08:04,046 1 INFO qualification_19_0_positive odoo.modules.loading: loading base/views/res_config_views.xml 
2026-09-09 14:08:04,051 1 INFO qualification_19_0_positive odoo.modules.loading: loading base/data/res.country.state.csv 
2026-09-09 14:08:04,283 1 INFO qualification_19_0_positive odoo.modules.loading: loading base/views/ir_actions_views.xml 
2026-09-09 14:08:04,366 1 INFO qualification_19_0_positive odoo.modules.loading: loading base/views/ir_asset_views.xml 
2026-09-09 14:08:04,376 1 INFO qualification_19_0_positive odoo.modules.loading: loading base/views/ir_config_parameter_views.xml 
2026-09-09 14:08:04,391 1 INFO qualification_19_0_positive odoo.modules.loading: loading base/views/ir_cron_views.xml 
2026-09-09 14:08:04,414 1 INFO qualification_19_0_positive odoo.modules.loading: loading base/views/ir_cron_trigger_views.xml 
2026-09-09 14:08:04,426 1 INFO qualification_19_0_positive odoo.modules.loading: loading base/views/ir_filters_views.xml 
2026-09-09 14:08:04,446 1 INFO qualification_19_0_positive odoo.modules.loading: loading base/views/ir_mail_server_views.xml 
2026-09-09 14:08:04,465 1 INFO qualification_19_0_positive odoo.modules.loading: loading base/views/ir_model_views.xml 
2026-09-09 14:08:04,543 1 INFO qualification_19_0_positive odoo.modules.loading: loading base/views/ir_attachment_views.xml 
2026-09-09 14:08:04,558 1 INFO qualification_19_0_positive odoo.modules.loading: loading base/views/ir_rule_views.xml 
2026-09-09 14:08:04,575 1 INFO qualification_19_0_positive odoo.modules.loading: loading base/views/ir_sequence_views.xml 
2026-09-09 14:08:04,597 1 INFO qualification_19_0_positive odoo.modules.loading: loading base/views/ir_ui_menu_views.xml 
2026-09-09 14:08:04,616 1 INFO qualification_19_0_positive odoo.modules.loading: loading base/views/ir_ui_view_views.xml 
2026-09-09 14:08:04,651 1 INFO qualification_19_0_positive odoo.modules.loading: loading base/views/ir_default_views.xml 
2026-09-09 14:08:04,661 1 INFO qualification_19_0_positive odoo.modules.loading: loading base/data/ir_config_parameter_data.xml 
2026-09-09 14:08:04,663 1 INFO qualification_19_0_positive odoo.modules.loading: loading base/data/ir_cron_data.xml 
2026-09-09 14:08:04,670 1 INFO qualification_19_0_positive odoo.modules.loading: loading base/report/ir_model_report.xml 
2026-09-09 14:08:04,672 1 INFO qualification_19_0_positive odoo.modules.loading: loading base/report/ir_model_templates.xml 
2026-09-09 14:08:04,678 1 INFO qualification_19_0_positive odoo.modules.loading: loading base/views/ir_logging_views.xml 
2026-09-09 14:08:04,696 1 INFO qualification_19_0_positive odoo.modules.loading: loading base/views/ir_qweb_widget_templates.xml 
2026-09-09 14:08:04,707 1 INFO qualification_19_0_positive odoo.modules.loading: loading base/views/ir_module_views.xml 
2026-09-09 14:08:04,732 1 INFO qualification_19_0_positive odoo.modules.loading: loading base/data/ir_module_category_data.xml 
2026-09-09 14:08:04,763 1 INFO qualification_19_0_positive odoo.modules.loading: loading base/data/ir_module_module.xml 
2026-09-09 14:08:04,812 1 INFO qualification_19_0_positive odoo.modules.loading: loading base/report/ir_module_reports.xml 
2026-09-09 14:08:04,815 1 INFO qualification_19_0_positive odoo.modules.loading: loading base/report/ir_module_report_templates.xml 
2026-09-09 14:08:04,818 1 INFO qualification_19_0_positive odoo.modules.loading: loading base/wizard/base_module_update_views.xml 
2026-09-09 14:08:04,824 1 INFO qualification_19_0_positive odoo.modules.loading: loading base/wizard/base_language_install_views.xml 
2026-09-09 14:08:04,835 1 INFO qualification_19_0_positive odoo.modules.loading: loading base/wizard/base_import_language_views.xml 
2026-09-09 14:08:04,843 1 INFO qualification_19_0_positive odoo.modules.loading: loading base/wizard/base_module_upgrade_views.xml 
2026-09-09 14:08:04,857 1 INFO qualification_19_0_positive odoo.modules.loading: loading base/wizard/base_module_uninstall_views.xml 
2026-09-09 14:08:04,865 1 INFO qualification_19_0_positive odoo.modules.loading: loading base/wizard/base_export_language_views.xml 
2026-09-09 14:08:04,872 1 INFO qualification_19_0_positive odoo.modules.loading: loading base/wizard/base_partner_merge_views.xml 
2026-09-09 14:08:04,879 1 INFO qualification_19_0_positive odoo.modules.loading: loading base/data/ir_demo_failure_data.xml 
2026-09-09 14:08:04,887 1 INFO qualification_19_0_positive odoo.modules.loading: loading base/views/ir_profile_views.xml 
2026-09-09 14:08:04,904 1 INFO qualification_19_0_positive odoo.modules.loading: loading base/views/res_company_views.xml 
2026-09-09 14:08:04,924 1 INFO qualification_19_0_positive odoo.modules.loading: loading base/views/res_lang_views.xml 
2026-09-09 14:08:04,942 1 INFO qualification_19_0_positive odoo.modules.loading: loading base/views/res_partner_views.xml 
2026-09-09 14:08:05,014 1 INFO qualification_19_0_positive odoo.modules.loading: loading base/views/res_bank_views.xml 
2026-09-09 14:08:05,042 1 INFO qualification_19_0_positive odoo.modules.loading: loading base/views/res_country_views.xml 
2026-09-09 14:08:05,077 1 INFO qualification_19_0_positive odoo.modules.loading: loading base/views/res_currency_views.xml 
2026-09-09 14:08:05,111 1 INFO qualification_19_0_positive odoo.modules.loading: loading base/views/res_groups_views.xml 
2026-09-09 14:08:05,152 1 INFO qualification_19_0_positive odoo.modules.loading: loading base/views/res_users_views.xml 
2026-09-09 14:08:05,236 1 INFO qualification_19_0_positive odoo.modules.loading: loading base/views/res_users_apikeys_views.xml 
2026-09-09 14:08:05,242 1 INFO qualification_19_0_positive odoo.modules.loading: loading base/views/res_device_views.xml 
2026-09-09 14:08:05,262 1 INFO qualification_19_0_positive odoo.modules.loading: loading base/views/res_users_identitycheck_views.xml 
2026-09-09 14:08:05,269 1 INFO qualification_19_0_positive odoo.modules.loading: loading base/views/res_config_settings_views.xml 
2026-09-09 14:08:05,275 1 INFO qualification_19_0_positive odoo.modules.loading: loading base/views/report_paperformat_views.xml 
2026-09-09 14:08:05,294 1 INFO qualification_19_0_positive odoo.modules.loading: loading base/security/ir.model.access.csv 
2026-09-09 14:08:05,520 1 INFO qualification_19_0_positive odoo.modules.loading: Module base loaded in 3.92s, 8454 queries (+8454 other) 
2026-09-09 14:08:05,520 1 INFO qualification_19_0_positive odoo.modules.loading: 1 modules loaded in 3.92s, 8454 queries (+8454 extra) 
2026-09-09 14:08:05,522 1 INFO qualification_19_0_positive odoo.modules.loading: updating modules list 
2026-09-09 14:08:05,523 1 INFO qualification_19_0_positive odoo.addons.base.models.ir_module: ALLOW access to module.update_list on [] to user __system__ #1 via n/a 
2026-09-09 14:08:05,912 1 INFO qualification_19_0_positive odoo.addons.base.models.ir_module: ALLOW access to module.button_install on ['Synthetic qualification'] to user __system__ #1 via n/a 
2026-09-09 14:08:05,951 1 INFO qualification_19_0_positive odoo.modules.loading: loading 15 modules... 
2026-09-09 14:08:05,952 1 INFO qualification_19_0_positive odoo.modules.loading: Loading module rpc (2/15) 
2026-09-09 14:08:05,963 1 INFO qualification_19_0_positive odoo.modules.loading: Module rpc loaded in 0.01s, 9 queries (+9 other) 
2026-09-09 14:08:05,964 1 INFO qualification_19_0_positive odoo.modules.loading: Loading module web (3/15) 
2026-09-09 14:08:05,987 1 INFO qualification_19_0_positive odoo.registry: module web: creating or updating database tables 
2026-09-09 14:08:06,216 1 INFO qualification_19_0_positive odoo.modules.loading: loading web/security/ir.model.access.csv 
2026-09-09 14:08:06,224 1 INFO qualification_19_0_positive odoo.modules.loading: loading web/security/web_security.xml 
2026-09-09 14:08:06,234 1 INFO qualification_19_0_positive odoo.modules.loading: loading web/views/webclient_templates.xml 
2026-09-09 14:08:06,270 1 INFO qualification_19_0_positive odoo.modules.loading: loading web/views/report_templates.xml 
2026-09-09 14:08:06,315 1 INFO qualification_19_0_positive odoo.modules.loading: loading web/views/base_document_layout_views.xml 
2026-09-09 14:08:06,324 1 INFO qualification_19_0_positive odoo.modules.loading: loading web/views/partner_view.xml 
2026-09-09 14:08:06,328 1 INFO qualification_19_0_positive odoo.modules.loading: loading web/views/speedscope_template.xml 
2026-09-09 14:08:06,331 1 INFO qualification_19_0_positive odoo.modules.loading: loading web/views/memory_template.xml 
2026-09-09 14:08:06,333 1 INFO qualification_19_0_positive odoo.modules.loading: loading web/views/speedscope_config_wizard.xml 
2026-09-09 14:08:06,337 1 INFO qualification_19_0_positive odoo.modules.loading: loading web/views/neutralize_views.xml 
2026-09-09 14:08:06,341 1 INFO qualification_19_0_positive odoo.modules.loading: loading web/views/ir_ui_view_views.xml 
2026-09-09 14:08:06,346 1 INFO qualification_19_0_positive odoo.modules.loading: loading web/data/ir_attachment.xml 
2026-09-09 14:08:06,348 1 INFO qualification_19_0_positive odoo.modules.loading: loading web/data/report_layout.xml 
2026-09-09 14:08:06,385 1 INFO qualification_19_0_positive odoo.modules.loading: Module web loaded in 0.42s, 1232 queries (+1232 other) 
2026-09-09 14:08:06,385 1 INFO qualification_19_0_positive odoo.modules.loading: Loading module api_doc (4/15) 
2026-09-09 14:08:06,389 1 INFO qualification_19_0_positive odoo.registry: module api_doc: creating or updating database tables 
2026-09-09 14:08:06,397 1 INFO qualification_19_0_positive odoo.modules.loading: loading api_doc/security/res_groups.xml 
2026-09-09 14:08:06,407 1 INFO qualification_19_0_positive odoo.modules.loading: loading api_doc/views/docclient.xml 
2026-09-09 14:08:06,418 1 INFO qualification_19_0_positive odoo.modules.loading: Module api_doc loaded in 0.03s, 63 queries (+63 other) 
2026-09-09 14:08:06,418 1 INFO qualification_19_0_positive odoo.modules.loading: Loading module auth_totp (5/15) 
2026-09-09 14:08:06,427 1 INFO qualification_19_0_positive odoo.registry: module auth_totp: creating or updating database tables 
2026-09-09 14:08:06,462 1 INFO qualification_19_0_positive odoo.modules.loading: loading auth_totp/security/security.xml 
2026-09-09 14:08:06,475 1 INFO qualification_19_0_positive odoo.modules.loading: loading auth_totp/security/ir.model.access.csv 
2026-09-09 14:08:06,479 1 INFO qualification_19_0_positive odoo.modules.loading: loading auth_totp/data/ir_action_data.xml 
2026-09-09 14:08:06,482 1 INFO qualification_19_0_positive odoo.modules.loading: loading auth_totp/views/res_users_views.xml 
2026-09-09 14:08:06,498 1 INFO qualification_19_0_positive odoo.modules.loading: loading auth_totp/views/templates.xml 
2026-09-09 14:08:06,502 1 INFO qualification_19_0_positive odoo.modules.loading: loading auth_totp/wizard/auth_totp_wizard_views.xml 
2026-09-09 14:08:06,522 1 INFO qualification_19_0_positive odoo.modules.loading: Module auth_totp loaded in 0.10s, 218 queries (+218 other) 
2026-09-09 14:08:06,522 1 INFO qualification_19_0_positive odoo.modules.loading: Loading module base_import (6/15) 
2026-09-09 14:08:06,541 1 INFO qualification_19_0_positive odoo.registry: module base_import: creating or updating database tables 
2026-09-09 14:08:06,758 1 INFO qualification_19_0_positive odoo.modules.loading: loading base_import/security/ir.model.access.csv 
2026-09-09 14:08:06,768 1 INFO qualification_19_0_positive odoo.modules.loading: Module base_import loaded in 0.25s, 956 queries (+956 other) 
2026-09-09 14:08:06,768 1 INFO qualification_19_0_positive odoo.modules.loading: Loading module base_import_module (7/15) 
2026-09-09 14:08:06,771 1 INFO qualification_19_0_positive odoo.registry: module base_import_module: creating or updating database tables 
2026-09-09 14:08:06,800 1 INFO qualification_19_0_positive odoo.modules.loading: loading base_import_module/security/ir.model.access.csv 
2026-09-09 14:08:06,804 1 INFO qualification_19_0_positive odoo.modules.loading: loading base_import_module/views/base_import_module_view.xml 
2026-09-09 14:08:06,813 1 INFO qualification_19_0_positive odoo.modules.loading: loading base_import_module/views/ir_module_views.xml 
2026-09-09 14:08:06,838 1 INFO qualification_19_0_positive odoo.modules.loading: Module base_import_module loaded in 0.07s, 172 queries (+172 other) 
2026-09-09 14:08:06,838 1 INFO qualification_19_0_positive odoo.modules.loading: Loading module base_setup (8/15) 
2026-09-09 14:08:06,843 1 INFO qualification_19_0_positive odoo.registry: module base_setup: creating or updating database tables 
2026-09-09 14:08:06,865 1 INFO qualification_19_0_positive odoo.modules.loading: loading base_setup/data/base_setup_data.xml 
2026-09-09 14:08:06,867 1 INFO qualification_19_0_positive odoo.modules.loading: loading base_setup/views/res_config_settings_views.xml 
2026-09-09 14:08:06,882 1 INFO qualification_19_0_positive odoo.modules.loading: loading base_setup/views/res_partner_views.xml 
2026-09-09 14:08:06,893 1 INFO qualification_19_0_positive odoo.modules.loading: Module base_setup loaded in 0.06s, 152 queries (+152 other) 
2026-09-09 14:08:06,893 1 INFO qualification_19_0_positive odoo.modules.loading: Loading module bus (9/15) 
2026-09-09 14:08:06,902 1 INFO qualification_19_0_positive odoo.registry: module bus: creating or updating database tables 
2026-09-09 14:08:06,944 1 INFO qualification_19_0_positive odoo.modules.loading: loading bus/security/ir.model.access.csv 
2026-09-09 14:08:06,956 1 INFO qualification_19_0_positive odoo.modules.loading: Module bus loaded in 0.06s, 159 queries (+159 other) 
2026-09-09 14:08:06,956 1 INFO qualification_19_0_positive odoo.modules.loading: Loading module lab_qualification (10/15) 
2026-09-09 14:08:06,958 1 INFO qualification_19_0_positive odoo.registry: module lab_qualification: creating or updating database tables 
2026-09-09 14:08:06,974 1 INFO qualification_19_0_positive odoo.modules.loading: loading lab_qualification/security/ir.model.access.csv 
2026-09-09 14:08:06,978 1 INFO qualification_19_0_positive odoo.modules.loading: loading lab_qualification/views/quantity.xml 
2026-09-09 14:08:06,989 1 INFO qualification_19_0_positive odoo.modules.loading: Module lab_qualification loaded in 0.03s, 81 queries (+81 other) 
2026-09-09 14:08:06,989 1 INFO qualification_19_0_positive odoo.modules.loading: Loading module web_tour (11/15) 
2026-09-09 14:08:06,993 1 INFO qualification_19_0_positive odoo.registry: module web_tour: creating or updating database tables 
2026-09-09 14:08:06,995 1 INFO qualification_19_0_positive odoo.models: Prepare computation of res.users.tour_enabled 
2026-09-09 14:08:07,029 1 INFO qualification_19_0_positive odoo.modules.loading: loading web_tour/security/ir.model.access.csv 
2026-09-09 14:08:07,034 1 INFO qualification_19_0_positive odoo.modules.loading: loading web_tour/views/tour_views.xml 
2026-09-09 14:08:07,057 1 INFO qualification_19_0_positive odoo.modules.loading: Module web_tour loaded in 0.07s, 180 queries (+180 other) 
2026-09-09 14:08:07,057 1 INFO qualification_19_0_positive odoo.modules.loading: Loading module auth_passkey (12/15) 
2026-09-09 14:08:07,082 1 INFO qualification_19_0_positive odoo.registry: module auth_passkey: creating or updating database tables 
2026-09-09 14:08:07,120 1 INFO qualification_19_0_positive odoo.modules.loading: loading auth_passkey/views/auth_passkey_key_views.xml 
2026-09-09 14:08:07,138 1 INFO qualification_19_0_positive odoo.modules.loading: loading auth_passkey/views/auth_passkey_login_templates.xml 
2026-09-09 14:08:07,146 1 INFO qualification_19_0_positive odoo.modules.loading: loading auth_passkey/views/res_users_identitycheck_views.xml 
2026-09-09 14:08:07,152 1 INFO qualification_19_0_positive odoo.modules.loading: loading auth_passkey/views/res_users_views.xml 
2026-09-09 14:08:07,162 1 INFO qualification_19_0_positive odoo.modules.loading: loading auth_passkey/security/ir.model.access.csv 
2026-09-09 14:08:07,166 1 INFO qualification_19_0_positive odoo.modules.loading: loading auth_passkey/security/security.xml 
2026-09-09 14:08:07,181 1 INFO qualification_19_0_positive odoo.modules.loading: Module auth_passkey loaded in 0.12s, 218 queries (+218 other) 
2026-09-09 14:08:07,181 1 INFO qualification_19_0_positive odoo.modules.loading: Loading module html_editor (13/15) 
2026-09-09 14:08:07,269 1 INFO qualification_19_0_positive odoo.registry: module html_editor: creating or updating database tables 
2026-09-09 14:08:07,508 1 INFO qualification_19_0_positive odoo.modules.loading: loading html_editor/security/ir.model.access.csv 
2026-09-09 14:08:07,519 1 INFO qualification_19_0_positive odoo.modules.loading: Module html_editor loaded in 0.34s, 1043 queries (+1043 other) 
2026-09-09 14:08:07,519 1 INFO qualification_19_0_positive odoo.modules.loading: Loading module iap (14/15) 
2026-09-09 14:08:07,521 1 INFO qualification_19_0_positive odoo.registry: module iap: creating or updating database tables 
2026-09-09 14:08:07,551 1 INFO qualification_19_0_positive odoo.modules.loading: loading iap/data/services.xml 
2026-09-09 14:08:07,554 1 INFO qualification_19_0_positive odoo.modules.loading: loading iap/security/ir.model.access.csv 
2026-09-09 14:08:07,557 1 INFO qualification_19_0_positive odoo.modules.loading: loading iap/security/ir_rule.xml 
2026-09-09 14:08:07,561 1 INFO qualification_19_0_positive odoo.modules.loading: loading iap/views/iap_views.xml 
2026-09-09 14:08:07,572 1 INFO qualification_19_0_positive odoo.modules.loading: loading iap/views/res_config_settings.xml 
2026-09-09 14:08:07,584 1 INFO qualification_19_0_positive odoo.modules.loading: Module iap loaded in 0.06s, 182 queries (+182 other) 
2026-09-09 14:08:07,584 1 INFO qualification_19_0_positive odoo.modules.loading: Loading module web_unsplash (15/15) 
2026-09-09 14:08:07,588 1 INFO qualification_19_0_positive odoo.registry: module web_unsplash: creating or updating database tables 
2026-09-09 14:08:07,605 1 INFO qualification_19_0_positive odoo.modules.loading: loading web_unsplash/views/res_config_settings_view.xml 
2026-09-09 14:08:07,619 1 INFO qualification_19_0_positive odoo.modules.loading: Module web_unsplash loaded in 0.04s, 93 queries (+93 other) 
2026-09-09 14:08:07,619 1 INFO qualification_19_0_positive odoo.modules.loading: 15 modules loaded in 1.67s, 4758 queries (+4758 extra) 
2026-09-09 14:08:07,714 1 INFO qualification_19_0_positive odoo.modules.loading: Modules loaded. 
2026-09-09 14:08:07,716 1 INFO qualification_19_0_positive odoo.registry: Registry changed, signaling through the database 
2026-09-09 14:08:07,717 1 INFO qualification_19_0_positive odoo.registry: Registry loaded in 6.825s 
2026-09-09 14:08:07,717 1 INFO qualification_19_0_positive odoo.service.server: Starting post tests 
2026-09-09 14:08:07,725 1 INFO qualification_19_0_positive odoo.addons.base.models.ir_qweb: Pregenerating assets bundles 
2026-09-09 14:08:07,981 1 INFO qualification_19_0_positive odoo.addons.base.models.assetsbundle: Generating a new asset bundle attachment /web/assets/1b64f44/api_doc.assets.min.js (id:14) 
2026-09-09 14:08:07,987 1 INFO qualification_19_0_positive odoo.addons.base.models.assetsbundle: Generating a new asset bundle attachment /web/assets/5f9240e/bus.websocket_worker_assets.min.js (id:15) 
2026-09-09 14:08:07,989 1 INFO qualification_19_0_positive odoo.addons.base.models.assetsbundle: Generating a new asset bundle attachment /web/assets/63ee1ff/html_editor.assets_history_diff.min.js (id:16) 
2026-09-09 14:08:07,992 1 INFO qualification_19_0_positive odoo.addons.base.models.assetsbundle: Generating a new asset bundle attachment /web/assets/9f73438/html_editor.assets_image_cropper.min.js (id:17) 
2026-09-09 14:08:08,038 1 INFO qualification_19_0_positive odoo.addons.base.models.assetsbundle: Generating a new asset bundle attachment /web/assets/4d8ad13/web.__assets_tests_call__.min.js (id:18) 
2026-09-09 14:08:08,042 1 INFO qualification_19_0_positive odoo.addons.base.models.assetsbundle: Generating a new asset bundle attachment /web/assets/bd39c8f/web._assets_jquery.min.js (id:19) 
2026-09-09 14:08:08,050 1 INFO qualification_19_0_positive odoo.addons.base.models.assetsbundle: Generating a new asset bundle attachment /web/assets/4bcc693/web.ace_lib.min.js (id:20) 
2026-09-09 14:08:08,054 1 INFO qualification_19_0_positive odoo.addons.base.models.assetsbundle: Generating a new asset bundle attachment /web/assets/e672eaf/web.assets_clickbot.min.js (id:21) 
2026-09-09 14:08:08,112 1 INFO qualification_19_0_positive odoo.addons.base.models.assetsbundle: Generating a new asset bundle attachment /web/assets/c97da82/web.assets_emoji.min.js (id:22) 
2026-09-09 14:08:08,353 1 INFO qualification_19_0_positive odoo.addons.base.models.assetsbundle: Generating a new asset bundle attachment /web/assets/4b4d75d/web.assets_frontend_lazy.min.js (id:23) 
2026-09-09 14:08:08,358 1 INFO qualification_19_0_positive odoo.addons.base.models.assetsbundle: Generating a new asset bundle attachment /web/assets/10d8e96/web.assets_frontend_minimal.min.js (id:24) 
2026-09-09 14:08:08,399 1 INFO qualification_19_0_positive odoo.addons.base.models.assetsbundle: Generating a new asset bundle attachment /web/assets/674f916/web.assets_tests.min.js (id:25) 
2026-09-09 14:08:09,596 1 INFO qualification_19_0_positive odoo.addons.base.models.assetsbundle: Generating a new asset bundle attachment /web/assets/976a989/web.assets_unit_tests.min.js (id:26) 
2026-09-09 14:08:10,394 1 INFO qualification_19_0_positive odoo.addons.base.models.assetsbundle: Generating a new asset bundle attachment /web/assets/43d86dc/web.assets_unit_tests_setup.min.js (id:27) 
2026-09-09 14:08:10,986 1 INFO qualification_19_0_positive odoo.addons.base.models.assetsbundle: Generating a new asset bundle attachment /web/assets/22639b9/web.assets_web.min.js (id:28) 
2026-09-09 14:08:10,995 1 INFO qualification_19_0_positive odoo.addons.base.models.assetsbundle: Generating a new asset bundle attachment /web/assets/fa709f0/web.chartjs_lib.min.js (id:29) 
2026-09-09 14:08:11,003 1 INFO qualification_19_0_positive odoo.addons.base.models.assetsbundle: Generating a new asset bundle attachment /web/assets/ea18231/web.fullcalendar_lib.min.js (id:30) 
2026-09-09 14:08:11,019 1 INFO qualification_19_0_positive odoo.addons.base.models.assetsbundle: Generating a new asset bundle attachment /web/assets/0fefbae/web.qunit_suite_tests.min.js (id:31) 
2026-09-09 14:08:11,047 1 INFO qualification_19_0_positive odoo.addons.base.models.assetsbundle: Generating a new asset bundle attachment /web/assets/8b0af72/web.report_assets_common.min.js (id:32) 
2026-09-09 14:08:11,050 1 INFO qualification_19_0_positive odoo.addons.base.models.assetsbundle: Generating a new asset bundle attachment /web/assets/cf83e13/web.report_assets_pdf.min.js (id:33) 
2026-09-09 14:08:11,740 1 INFO qualification_19_0_positive odoo.addons.base.models.assetsbundle: Generating a new asset bundle attachment /web/assets/93ae9a4/web.tests_assets.min.js (id:34) 
2026-09-09 14:08:11,767 1 INFO qualification_19_0_positive odoo.addons.base.models.assetsbundle: Generating a new asset bundle attachment /web/assets/c9c387d/web_tour.interactive.min.js (id:35) 
2026-09-09 14:08:11,768 1 INFO qualification_19_0_positive odoo.addons.base.models.ir_qweb: JS Assets bundles generated in 3.815267324447632 seconds 
2026-09-09 14:08:12,008 1 INFO qualification_19_0_positive odoo.addons.base.models.assetsbundle: Generating a new asset bundle attachment /web/assets/8dfd90a/api_doc.assets.min.css (id:36) 
2026-09-09 14:08:12,009 1 INFO qualification_19_0_positive odoo.addons.base.models.assetsbundle: Generating a new asset bundle attachment /web/assets/cf83e13/bus.websocket_worker_assets.min.css (id:37) 
2026-09-09 14:08:12,011 1 INFO qualification_19_0_positive odoo.addons.base.models.assetsbundle: Generating a new asset bundle attachment /web/assets/f483e76/html_editor.assets_history_diff.min.css (id:38) 
2026-09-09 14:08:12,014 1 INFO qualification_19_0_positive odoo.addons.base.models.assetsbundle: Generating a new asset bundle attachment /web/assets/491d521/html_editor.assets_image_cropper.min.css (id:39) 
2026-09-09 14:08:12,015 1 INFO qualification_19_0_positive odoo.addons.base.models.assetsbundle: Generating a new asset bundle attachment /web/assets/cf83e13/web.__assets_tests_call__.min.css (id:40) 
2026-09-09 14:08:12,016 1 INFO qualification_19_0_positive odoo.addons.base.models.assetsbundle: Generating a new asset bundle attachment /web/assets/cf83e13/web._assets_jquery.min.css (id:41) 
2026-09-09 14:08:12,017 1 INFO qualification_19_0_positive odoo.addons.base.models.assetsbundle: Generating a new asset bundle attachment /web/assets/cf83e13/web.ace_lib.min.css (id:42) 
2026-09-09 14:08:12,017 1 INFO qualification_19_0_positive odoo.addons.base.models.assetsbundle: Generating a new asset bundle attachment /web/assets/cf83e13/web.assets_clickbot.min.css (id:43) 
2026-09-09 14:08:12,018 1 INFO qualification_19_0_positive odoo.addons.base.models.assetsbundle: Generating a new asset bundle attachment /web/assets/cf83e13/web.assets_emoji.min.css (id:44) 
2026-09-09 14:08:12,460 1 INFO qualification_19_0_positive odoo.addons.base.models.assetsbundle: Generating a new asset bundle attachment /web/assets/9cb6bc0/web.assets_frontend.min.css (id:45) 
2026-09-09 14:08:12,846 1 INFO qualification_19_0_positive odoo.addons.base.models.assetsbundle: Generating a new asset bundle attachment /web/assets/9cb6bc0/web.assets_frontend_lazy.min.css (id:46) 
2026-09-09 14:08:12,848 1 INFO qualification_19_0_positive odoo.addons.base.models.assetsbundle: Generating a new asset bundle attachment /web/assets/cf83e13/web.assets_frontend_minimal.min.css (id:47) 
2026-09-09 14:08:12,850 1 INFO qualification_19_0_positive odoo.addons.base.models.assetsbundle: Generating a new asset bundle attachment /web/assets/cf83e13/web.assets_tests.min.css (id:48) 
2026-09-09 14:08:12,852 1 INFO qualification_19_0_positive odoo.addons.base.models.assetsbundle: Generating a new asset bundle attachment /web/assets/cf83e13/web.assets_unit_tests.min.css (id:49) 
2026-09-09 14:08:13,410 1 INFO qualification_19_0_positive odoo.addons.base.models.assetsbundle: Generating a new asset bundle attachment /web/assets/c6b7943/web.assets_unit_tests_setup.min.css (id:50) 
2026-09-09 14:08:13,945 1 INFO qualification_19_0_positive odoo.addons.base.models.assetsbundle: Generating a new asset bundle attachment /web/assets/db640a1/web.assets_web.min.css (id:51) 
2026-09-09 14:08:14,548 1 INFO qualification_19_0_positive odoo.addons.base.models.assetsbundle: Generating a new asset bundle attachment /web/assets/d2b9f46/web.assets_web_dark.min.css (id:52) 
2026-09-09 14:08:15,124 1 INFO qualification_19_0_positive odoo.addons.base.models.assetsbundle: Generating a new asset bundle attachment /web/assets/c4043e3/web.assets_web_print.min.css (id:53) 
2026-09-09 14:08:15,126 1 INFO qualification_19_0_positive odoo.addons.base.models.assetsbundle: Generating a new asset bundle attachment /web/assets/cf83e13/web.chartjs_lib.min.css (id:54) 
2026-09-09 14:08:15,128 1 INFO qualification_19_0_positive odoo.addons.base.models.assetsbundle: Generating a new asset bundle attachment /web/assets/cf83e13/web.fullcalendar_lib.min.css (id:55) 
2026-09-09 14:08:15,129 1 INFO qualification_19_0_positive odoo.addons.base.models.assetsbundle: Generating a new asset bundle attachment /web/assets/cf83e13/web.qunit_suite_tests.min.css (id:56) 
2026-09-09 14:08:15,436 1 INFO qualification_19_0_positive odoo.addons.base.models.assetsbundle: Generating a new asset bundle attachment /web/assets/055fa20/web.report_assets_common.min.css (id:57) 
2026-09-09 14:08:15,438 1 INFO qualification_19_0_positive odoo.addons.base.models.assetsbundle: Generating a new asset bundle attachment /web/assets/daa1158/web.report_assets_pdf.min.css (id:58) 
2026-09-09 14:08:16,022 1 INFO qualification_19_0_positive odoo.addons.base.models.assetsbundle: Generating a new asset bundle attachment /web/assets/1e024f8/web.tests_assets.min.css (id:59) 
2026-09-09 14:08:16,024 1 INFO qualification_19_0_positive odoo.addons.base.models.assetsbundle: Generating a new asset bundle attachment /web/assets/cf83e13/web_tour.interactive.min.css (id:60) 
2026-09-09 14:08:16,024 1 INFO qualification_19_0_positive odoo.addons.base.models.ir_qweb: CSS Assets bundles generated in 4.2565107345581055 seconds 
2026-09-09 14:08:16,034 1 INFO qualification_19_0_positive odoo.addons.lab_qualification.tests.test_browser: Starting TestBrowserConfirmation.test_browser_confirmation ... 
2026-09-09 14:08:26,110 1 WARNING qualification_19_0_positive odoo.addons.lab_qualification.tests.test_browser.TestBrowserConfirmation.test_browser_confirmation: Chrome headless failed to start:
[10:10:0909/140816.246610:ERROR:third_party/crashpad/crashpad/util/linux/socket.cc:120] recvmsg: Connection reset by peer (104)
 
2026-09-09 14:08:26,110 1 INFO qualification_19_0_positive odoo.addons.lab_qualification.tests.test_browser.TestBrowserConfirmation.test_browser_confirmation: Chrome Log in: /tmp/odoo_tests/qualification_19_0_positive/chrome_logs/chrome_log_20260909_140826_110576_test_browser_confirmation.txt 
2026-09-09 14:08:26,110 1 INFO qualification_19_0_positive odoo.addons.lab_qualification.tests.test_browser.TestBrowserConfirmation.test_browser_confirmation: Removing chrome user profile "/tmp/tmp5s0vcirp_chrome_odoo" 
2026-09-09 14:08:26,111 1 INFO qualification_19_0_positive odoo.addons.lab_qualification.tests.test_browser: skipped TestBrowserConfirmation.test_browser_confirmation : Failed to detect chrome devtools port after 10.0s. 
2026-09-09 14:08:26,113 1 INFO qualification_19_0_positive odoo.addons.base.models.ir_attachment: filestore gc 42 checked, 0 removed 
2026-09-09 14:08:26,114 1 WARNING qualification_19_0_positive odoo.tests.common: A child process was found, terminating it: psutil.Process(pid=15, name='cat', status='zombie', started='14:08:16') 
2026-09-09 14:08:26,114 1 WARNING qualification_19_0_positive odoo.tests.common: A child process was found, terminating it: psutil.Process(pid=16, name='cat', status='zombie', started='14:08:16') 
2026-09-09 14:08:26,114 1 WARNING qualification_19_0_positive odoo.tests.common: A child process was found, terminating it: psutil.Process(pid=18, name='chrome_crashpad', status='zombie', started='14:08:16') 
2026-09-09 14:08:26,115 1 INFO qualification_19_0_positive odoo.addons.lab_qualification.tests.test_quantity: Starting TestQuantity.test_confirmation ... 
2026-09-09 14:08:26,117 1 INFO qualification_19_0_positive odoo.addons.lab_qualification.tests.test_quantity: QUALIFICATION_PASS confirmation 
2026-09-09 14:08:26,117 1 INFO qualification_19_0_positive odoo.addons.lab_qualification.tests.test_quantity: Starting TestQuantity.test_negative_create ... 
2026-09-09 14:08:26,118 1 ERROR qualification_19_0_positive odoo.sql_db: bad query: b'INSERT INTO "lab_qualification" ("create_date", "create_uid", "name", "quantity", "state", "unit_price", "write_date", "write_uid") VALUES (\'2026-09-09T14:08:26.115116\'::timestamp, 1, \'Negative\',  -1, \'draft\', 10.0, \'2026-09-09T14:08:26.115116\'::timestamp, 1) RETURNING "id"'
ERROR: new row for relation "lab_qualification" violates check constraint "lab_qualification_quantity_nonnegative"
DETAIL:  Failing row contains (3, -1, 1, 1, Negative, draft, 2026-09-09 14:08:26.115116, 2026-09-09 14:08:26.115116, 10, null).
 
2026-09-09 14:08:26,118 1 INFO qualification_19_0_positive odoo.addons.lab_qualification.tests.test_quantity: QUALIFICATION_PASS negative_create 
2026-09-09 14:08:26,118 1 INFO qualification_19_0_positive odoo.addons.lab_qualification.tests.test_quantity: Starting TestQuantity.test_negative_write ... 
2026-09-09 14:08:26,119 1 ERROR qualification_19_0_positive odoo.sql_db: bad query: b' UPDATE "lab_qualification"\n                    SET "amount" = "__tmp"."amount"::double precision, "quantity" = "__tmp"."quantity"::int4, "write_date" = "__tmp"."write_date"::timestamp, "write_uid" = "__tmp"."write_uid"::int4\n                    FROM (VALUES (4,  -10.0,  -1, \'2026-09-09T14:08:26.115116\'::timestamp, 1)) AS "__tmp"("id", "amount", "quantity", "write_date", "write_uid")\n                    WHERE "lab_qualification"."id" = "__tmp"."id"\n                '
ERROR: new row for relation "lab_qualification" violates check constraint "lab_qualification_quantity_nonnegative"
DETAIL:  Failing row contains (4, -1, 1, 1, Preserve, draft, 2026-09-09 14:08:26.115116, 2026-09-09 14:08:26.115116, 10, -10).
 
2026-09-09 14:08:26,120 1 INFO qualification_19_0_positive odoo.addons.lab_qualification.tests.test_quantity: QUALIFICATION_PASS negative_write 
2026-09-09 14:08:26,120 1 INFO qualification_19_0_positive odoo.addons.lab_qualification.tests.test_quantity: Starting TestQuantity.test_zero ... 
2026-09-09 14:08:26,121 1 INFO qualification_19_0_positive odoo.addons.lab_qualification.tests.test_quantity: QUALIFICATION_PASS zero 
2026-09-09 14:08:26,121 1 INFO qualification_19_0_positive odoo.addons.base.models.ir_attachment: filestore gc 0 checked, 0 removed 
2026-09-09 14:08:26,122 1 INFO qualification_19_0_positive odoo.service.server: 5 post-tests in 18.40s, 392 queries 
2026-09-09 14:08:26,122 1 INFO qualification_19_0_positive odoo.tests.stats: lab_qualification: 9 tests 10.09s 54 queries 
2026-09-09 14:08:26,122 1 INFO qualification_19_0_positive odoo.tests.result: 0 failed, 0 error(s) of 5 tests when loading database 'qualification_19_0_positive' 
2026-09-09 14:08:26,122 1 INFO qualification_19_0_positive odoo.service.server: Initiating shutdown 
2026-09-09 14:08:26,122 1 INFO qualification_19_0_positive odoo.service.server: Hit CTRL-C again or send a second signal to force the shutdown. 
2026-09-09 14:08:26,511 1 INFO qualification_19_0_positive odoo.sql_db: ConnectionPool(read/write;used=0/count=0/max=64): Closed 1 connections  
