2026-09-09 01:28:13,657 1 WARNING ? odoo.tools.config: option --without-demo: since 19.0, invalid boolean value: 'all', assume True 
2026-09-09 01:28:13,657 1 INFO ? odoo: Odoo version 19.0-20260817 
2026-09-09 01:28:13,657 1 INFO ? odoo: Using configuration file at /etc/odoo/odoo.conf 
2026-09-09 01:28:13,657 1 INFO ? odoo: addons paths: _NamespacePath(['/usr/lib/python3/dist-packages/odoo/addons', '/var/lib/odoo/addons/19.0', '/mnt/enterprise-addons', '/mnt/extra-addons', '/usr/lib/python3/dist-packages/addons']) 
2026-09-09 01:28:13,657 1 INFO ? odoo: database: odoo@db:5432 
2026-09-09 01:28:13,900 1 INFO lab_client odoo.modules.loading: Initializing database lab_client 
2026-09-09 01:28:15,632 1 INFO lab_client odoo.modules.loading: loading 1 modules... 
2026-09-09 01:28:15,632 1 INFO lab_client odoo.modules.loading: Loading module base (1/1) 
2026-09-09 01:28:15,648 1 INFO lab_client odoo.registry: module base: creating or updating database tables 
2026-09-09 01:28:15,816 1 INFO lab_client odoo.models: Prepare computation of ir.module.module.menus_by_module 
2026-09-09 01:28:15,817 1 INFO lab_client odoo.models: Prepare computation of ir.module.module.reports_by_module 
2026-09-09 01:28:15,817 1 INFO lab_client odoo.models: Prepare computation of ir.module.module.views_by_module 
2026-09-09 01:28:15,875 1 INFO lab_client odoo.models: Prepare computation of res.partner.user_id 
2026-09-09 01:28:15,875 1 INFO lab_client odoo.models: Prepare computation of res.partner.commercial_partner_id 
2026-09-09 01:28:15,875 1 INFO lab_client odoo.models: Prepare computation of res.partner.complete_name 
2026-09-09 01:28:15,875 1 INFO lab_client odoo.models: Prepare computation of res.partner.lang 
2026-09-09 01:28:15,875 1 INFO lab_client odoo.models: Prepare computation of res.partner.company_registry 
2026-09-09 01:28:15,876 1 INFO lab_client odoo.models: Prepare computation of res.partner.commercial_company_name 
2026-09-09 01:28:15,876 1 INFO lab_client odoo.models: Prepare computation of res.partner.properties 
2026-09-09 01:28:15,876 1 INFO lab_client odoo.models: Prepare computation of res.partner.partner_share 
2026-09-09 01:28:15,891 1 INFO lab_client odoo.models: Prepare computation of res.currency.decimal_places 
2026-09-09 01:28:15,900 1 INFO lab_client odoo.models: Prepare computation of res.company.uses_default_logo 
2026-09-09 01:28:15,900 1 INFO lab_client odoo.models: Prepare computation of res.company.logo_web 
2026-09-09 01:28:15,901 1 INFO lab_client odoo.models: Computing parent_path for table res_company... 
2026-09-09 01:28:15,913 1 INFO lab_client odoo.models: Prepare computation of res.users.signature 
2026-09-09 01:28:15,913 1 INFO lab_client odoo.models: Prepare computation of res.users.share 
2026-09-09 01:28:16,729 1 INFO lab_client odoo.modules.loading: loading base/data/res_bank.xml 
2026-09-09 01:28:16,732 1 INFO lab_client odoo.modules.loading: loading base/data/res.lang.csv 
2026-09-09 01:28:16,759 1 INFO lab_client odoo.modules.loading: loading base/data/res_lang_data.xml 
2026-09-09 01:28:16,787 1 INFO lab_client odoo.modules.loading: loading base/data/res_partner_data.xml 
2026-09-09 01:28:16,825 1 INFO lab_client odoo.modules.loading: loading base/data/res_currency_data.xml 
2026-09-09 01:28:17,287 1 INFO lab_client odoo.modules.loading: loading base/data/res_company_data.xml 
2026-09-09 01:28:17,294 1 INFO lab_client odoo.modules.loading: loading base/data/res_users_data.xml 
2026-09-09 01:28:17,986 1 INFO lab_client odoo.modules.loading: loading base/data/report_paperformat_data.xml 
2026-09-09 01:28:17,995 1 INFO lab_client odoo.modules.loading: loading base/data/res_country_data.xml 
2026-09-09 01:28:18,503 1 INFO lab_client odoo.modules.loading: loading base/data/ir_demo_data.xml 
2026-09-09 01:28:18,518 1 INFO lab_client odoo.modules.loading: loading base/security/base_groups.xml 
2026-09-09 01:28:18,680 1 INFO lab_client odoo.modules.loading: loading base/security/base_security.xml 
2026-09-09 01:28:18,880 1 INFO lab_client odoo.modules.loading: loading base/wizard/wizard_ir_model_menu_create_views.xml 
2026-09-09 01:28:18,895 1 INFO lab_client odoo.modules.loading: loading base/views/base_menus.xml 
2026-09-09 01:28:18,966 1 INFO lab_client odoo.modules.loading: loading base/views/decimal_precision_views.xml 
2026-09-09 01:28:18,983 1 INFO lab_client odoo.modules.loading: loading base/views/res_config_views.xml 
2026-09-09 01:28:18,991 1 INFO lab_client odoo.modules.loading: loading base/data/res.country.state.csv 
2026-09-09 01:28:19,225 1 INFO lab_client odoo.modules.loading: loading base/views/ir_actions_views.xml 
2026-09-09 01:28:19,352 1 INFO lab_client odoo.modules.loading: loading base/views/ir_asset_views.xml 
2026-09-09 01:28:19,372 1 INFO lab_client odoo.modules.loading: loading base/views/ir_config_parameter_views.xml 
2026-09-09 01:28:19,392 1 INFO lab_client odoo.modules.loading: loading base/views/ir_cron_views.xml 
2026-09-09 01:28:19,424 1 INFO lab_client odoo.modules.loading: loading base/views/ir_cron_trigger_views.xml 
2026-09-09 01:28:19,446 1 INFO lab_client odoo.modules.loading: loading base/views/ir_filters_views.xml 
2026-09-09 01:28:19,474 1 INFO lab_client odoo.modules.loading: loading base/views/ir_mail_server_views.xml 
2026-09-09 01:28:19,497 1 INFO lab_client odoo.modules.loading: loading base/views/ir_model_views.xml 
2026-09-09 01:28:19,661 1 INFO lab_client odoo.modules.loading: loading base/views/ir_attachment_views.xml 
2026-09-09 01:28:19,690 1 INFO lab_client odoo.modules.loading: loading base/views/ir_rule_views.xml 
2026-09-09 01:28:19,717 1 INFO lab_client odoo.modules.loading: loading base/views/ir_sequence_views.xml 
2026-09-09 01:28:19,749 1 INFO lab_client odoo.modules.loading: loading base/views/ir_ui_menu_views.xml 
2026-09-09 01:28:19,777 1 INFO lab_client odoo.modules.loading: loading base/views/ir_ui_view_views.xml 
2026-09-09 01:28:19,854 1 INFO lab_client odoo.modules.loading: loading base/views/ir_default_views.xml 
2026-09-09 01:28:19,882 1 INFO lab_client odoo.modules.loading: loading base/data/ir_config_parameter_data.xml 
2026-09-09 01:28:19,886 1 INFO lab_client odoo.modules.loading: loading base/data/ir_cron_data.xml 
2026-09-09 01:28:19,903 1 INFO lab_client odoo.modules.loading: loading base/report/ir_model_report.xml 
2026-09-09 01:28:19,908 1 INFO lab_client odoo.modules.loading: loading base/report/ir_model_templates.xml 
2026-09-09 01:28:19,920 1 INFO lab_client odoo.modules.loading: loading base/views/ir_logging_views.xml 
2026-09-09 01:28:19,950 1 INFO lab_client odoo.modules.loading: loading base/views/ir_qweb_widget_templates.xml 
2026-09-09 01:28:19,969 1 INFO lab_client odoo.modules.loading: loading base/views/ir_module_views.xml 
2026-09-09 01:28:20,025 1 INFO lab_client odoo.modules.loading: loading base/data/ir_module_category_data.xml 
2026-09-09 01:28:20,065 1 INFO lab_client odoo.modules.loading: loading base/data/ir_module_module.xml 
2026-09-09 01:28:20,083 1 INFO lab_client odoo.modules.loading: loading base/report/ir_module_reports.xml 
2026-09-09 01:28:20,086 1 INFO lab_client odoo.modules.loading: loading base/report/ir_module_report_templates.xml 
2026-09-09 01:28:20,091 1 INFO lab_client odoo.modules.loading: loading base/wizard/base_module_update_views.xml 
2026-09-09 01:28:20,101 1 INFO lab_client odoo.modules.loading: loading base/wizard/base_language_install_views.xml 
2026-09-09 01:28:20,113 1 INFO lab_client odoo.modules.loading: loading base/wizard/base_import_language_views.xml 
2026-09-09 01:28:20,127 1 INFO lab_client odoo.modules.loading: loading base/wizard/base_module_upgrade_views.xml 
2026-09-09 01:28:20,146 1 INFO lab_client odoo.modules.loading: loading base/wizard/base_module_uninstall_views.xml 
2026-09-09 01:28:20,159 1 INFO lab_client odoo.modules.loading: loading base/wizard/base_export_language_views.xml 
2026-09-09 01:28:20,176 1 INFO lab_client odoo.modules.loading: loading base/wizard/base_partner_merge_views.xml 
2026-09-09 01:28:20,197 1 INFO lab_client odoo.modules.loading: loading base/data/ir_demo_failure_data.xml 
2026-09-09 01:28:20,214 1 INFO lab_client odoo.modules.loading: loading base/views/ir_profile_views.xml 
2026-09-09 01:28:20,238 1 INFO lab_client odoo.modules.loading: loading base/views/res_company_views.xml 
2026-09-09 01:28:20,260 1 INFO lab_client odoo.modules.loading: loading base/views/res_lang_views.xml 
2026-09-09 01:28:20,281 1 INFO lab_client odoo.modules.loading: loading base/views/res_partner_views.xml 
2026-09-09 01:28:20,355 1 INFO lab_client odoo.modules.loading: loading base/views/res_bank_views.xml 
2026-09-09 01:28:20,378 1 INFO lab_client odoo.modules.loading: loading base/views/res_country_views.xml 
2026-09-09 01:28:20,418 1 INFO lab_client odoo.modules.loading: loading base/views/res_currency_views.xml 
2026-09-09 01:28:20,454 1 INFO lab_client odoo.modules.loading: loading base/views/res_groups_views.xml 
2026-09-09 01:28:20,499 1 INFO lab_client odoo.modules.loading: loading base/views/res_users_views.xml 
2026-09-09 01:28:20,593 1 INFO lab_client odoo.modules.loading: loading base/views/res_users_apikeys_views.xml 
2026-09-09 01:28:20,598 1 INFO lab_client odoo.modules.loading: loading base/views/res_device_views.xml 
2026-09-09 01:28:20,619 1 INFO lab_client odoo.modules.loading: loading base/views/res_users_identitycheck_views.xml 
2026-09-09 01:28:20,626 1 INFO lab_client odoo.modules.loading: loading base/views/res_config_settings_views.xml 
2026-09-09 01:28:20,633 1 INFO lab_client odoo.modules.loading: loading base/views/report_paperformat_views.xml 
2026-09-09 01:28:20,657 1 INFO lab_client odoo.modules.loading: loading base/security/ir.model.access.csv 
2026-09-09 01:28:20,755 1 INFO lab_client odoo.modules.loading: Module base loaded in 5.12s, 8374 queries (+8374 other) 
2026-09-09 01:28:20,755 1 INFO lab_client odoo.modules.loading: 1 modules loaded in 5.12s, 8374 queries (+8374 extra) 
2026-09-09 01:28:20,757 1 INFO lab_client odoo.modules.loading: updating modules list 
2026-09-09 01:28:20,757 1 INFO lab_client odoo.addons.base.models.ir_module: ALLOW access to module.update_list on [] to user __system__ #1 via n/a 
2026-09-09 01:28:22,337 1 INFO lab_client odoo.addons.base.models.ir_module: ALLOW access to module.button_install on ['Entrepôt Silex — recalcul des demandes en cours'] to user __system__ #1 via n/a 
2026-09-09 01:28:22,402 1 INFO lab_client odoo.modules.loading: loading 21 modules... 
2026-09-09 01:28:22,402 1 INFO lab_client odoo.modules.loading: Loading module lab_dispatch (2/21) 
2026-09-09 01:28:22,408 1 INFO lab_client odoo.registry: module lab_dispatch: creating or updating database tables 
2026-09-09 01:28:22,448 1 INFO lab_client odoo.modules.loading: loading lab_dispatch/security/ir.model.access.csv 
2026-09-09 01:28:22,457 1 INFO lab_client odoo.modules.loading: Module lab_dispatch loaded in 0.06s, 71 queries (+71 other) 
2026-09-09 01:28:22,457 1 INFO lab_client odoo.modules.loading: Loading module rpc (3/21) 
2026-09-09 01:28:22,471 1 INFO lab_client odoo.modules.loading: Module rpc loaded in 0.01s, 10 queries (+10 other) 
2026-09-09 01:28:22,471 1 INFO lab_client odoo.modules.loading: Loading module web (4/21) 
2026-09-09 01:28:22,499 1 INFO lab_client odoo.registry: module web: creating or updating database tables 
2026-09-09 01:28:22,824 1 INFO lab_client odoo.modules.loading: loading web/security/ir.model.access.csv 
2026-09-09 01:28:22,831 1 INFO lab_client odoo.modules.loading: loading web/security/web_security.xml 
2026-09-09 01:28:22,842 1 INFO lab_client odoo.modules.loading: loading web/views/webclient_templates.xml 
2026-09-09 01:28:22,901 1 INFO lab_client odoo.modules.loading: loading web/views/report_templates.xml 
2026-09-09 01:28:22,987 1 INFO lab_client odoo.modules.loading: loading web/views/base_document_layout_views.xml 
2026-09-09 01:28:22,997 1 INFO lab_client odoo.modules.loading: loading web/views/partner_view.xml 
2026-09-09 01:28:23,004 1 INFO lab_client odoo.modules.loading: loading web/views/speedscope_template.xml 
2026-09-09 01:28:23,009 1 INFO lab_client odoo.modules.loading: loading web/views/memory_template.xml 
2026-09-09 01:28:23,015 1 INFO lab_client odoo.modules.loading: loading web/views/speedscope_config_wizard.xml 
2026-09-09 01:28:23,022 1 INFO lab_client odoo.modules.loading: loading web/views/neutralize_views.xml 
2026-09-09 01:28:23,030 1 INFO lab_client odoo.modules.loading: loading web/views/ir_ui_view_views.xml 
2026-09-09 01:28:23,040 1 INFO lab_client odoo.modules.loading: loading web/data/ir_attachment.xml 
2026-09-09 01:28:23,044 1 INFO lab_client odoo.modules.loading: loading web/data/report_layout.xml 
2026-09-09 01:28:23,087 1 INFO lab_client odoo.modules.loading: Module web loaded in 0.62s, 1242 queries (+1242 other) 
2026-09-09 01:28:23,087 1 INFO lab_client odoo.modules.loading: Loading module api_doc (5/21) 
2026-09-09 01:28:23,092 1 INFO lab_client odoo.registry: module api_doc: creating or updating database tables 
2026-09-09 01:28:23,110 1 INFO lab_client odoo.modules.loading: loading api_doc/security/res_groups.xml 
2026-09-09 01:28:23,130 1 INFO lab_client odoo.modules.loading: loading api_doc/views/docclient.xml 
2026-09-09 01:28:23,146 1 INFO lab_client odoo.modules.loading: Module api_doc loaded in 0.06s, 63 queries (+63 other) 
2026-09-09 01:28:23,146 1 INFO lab_client odoo.modules.loading: Loading module auth_totp (6/21) 
2026-09-09 01:28:23,161 1 INFO lab_client odoo.registry: module auth_totp: creating or updating database tables 
2026-09-09 01:28:23,214 1 INFO lab_client odoo.modules.loading: loading auth_totp/security/security.xml 
2026-09-09 01:28:23,237 1 INFO lab_client odoo.modules.loading: loading auth_totp/security/ir.model.access.csv 
2026-09-09 01:28:23,244 1 INFO lab_client odoo.modules.loading: loading auth_totp/data/ir_action_data.xml 
2026-09-09 01:28:23,252 1 INFO lab_client odoo.modules.loading: loading auth_totp/views/res_users_views.xml 
2026-09-09 01:28:23,275 1 INFO lab_client odoo.modules.loading: loading auth_totp/views/templates.xml 
2026-09-09 01:28:23,284 1 INFO lab_client odoo.modules.loading: loading auth_totp/wizard/auth_totp_wizard_views.xml 
2026-09-09 01:28:23,298 1 INFO lab_client odoo.modules.loading: Module auth_totp loaded in 0.15s, 218 queries (+218 other) 
2026-09-09 01:28:23,298 1 INFO lab_client odoo.modules.loading: Loading module base_import (7/21) 
2026-09-09 01:28:23,321 1 INFO lab_client odoo.registry: module base_import: creating or updating database tables 
2026-09-09 01:28:23,649 1 INFO lab_client odoo.modules.loading: loading base_import/security/ir.model.access.csv 
2026-09-09 01:28:23,658 1 INFO lab_client odoo.modules.loading: Module base_import loaded in 0.36s, 966 queries (+966 other) 
2026-09-09 01:28:23,658 1 INFO lab_client odoo.modules.loading: Loading module base_import_module (8/21) 
2026-09-09 01:28:23,663 1 INFO lab_client odoo.registry: module base_import_module: creating or updating database tables 
2026-09-09 01:28:23,715 1 INFO lab_client odoo.modules.loading: loading base_import_module/security/ir.model.access.csv 
2026-09-09 01:28:23,720 1 INFO lab_client odoo.modules.loading: loading base_import_module/views/base_import_module_view.xml 
2026-09-09 01:28:23,734 1 INFO lab_client odoo.modules.loading: loading base_import_module/views/ir_module_views.xml 
2026-09-09 01:28:23,771 1 INFO lab_client odoo.modules.loading: Module base_import_module loaded in 0.11s, 172 queries (+172 other) 
2026-09-09 01:28:23,771 1 INFO lab_client odoo.modules.loading: Loading module base_setup (9/21) 
2026-09-09 01:28:23,778 1 INFO lab_client odoo.registry: module base_setup: creating or updating database tables 
2026-09-09 01:28:23,812 1 INFO lab_client odoo.modules.loading: loading base_setup/data/base_setup_data.xml 
2026-09-09 01:28:23,815 1 INFO lab_client odoo.modules.loading: loading base_setup/views/res_config_settings_views.xml 
2026-09-09 01:28:23,838 1 INFO lab_client odoo.modules.loading: loading base_setup/views/res_partner_views.xml 
2026-09-09 01:28:23,856 1 INFO lab_client odoo.modules.loading: Module base_setup loaded in 0.08s, 152 queries (+152 other) 
2026-09-09 01:28:23,856 1 INFO lab_client odoo.modules.loading: Loading module bus (10/21) 
2026-09-09 01:28:23,869 1 INFO lab_client odoo.registry: module bus: creating or updating database tables 
2026-09-09 01:28:23,945 1 INFO lab_client odoo.modules.loading: loading bus/security/ir.model.access.csv 
2026-09-09 01:28:23,952 1 INFO lab_client odoo.modules.loading: Module bus loaded in 0.10s, 159 queries (+159 other) 
2026-09-09 01:28:23,952 1 INFO lab_client odoo.modules.loading: Loading module web_cohort (11/21) 
2026-09-09 01:28:23,979 1 INFO lab_client odoo.registry: module web_cohort: creating or updating database tables 
2026-09-09 01:28:24,311 1 INFO lab_client odoo.modules.loading: Module web_cohort loaded in 0.36s, 952 queries (+952 other) 
2026-09-09 01:28:24,311 1 INFO lab_client odoo.modules.loading: Loading module web_gantt (12/21) 
2026-09-09 01:28:24,343 1 INFO lab_client odoo.registry: module web_gantt: creating or updating database tables 
2026-09-09 01:28:24,694 1 INFO lab_client odoo.modules.loading: Module web_gantt loaded in 0.38s, 948 queries (+948 other) 
2026-09-09 01:28:24,694 1 INFO lab_client odoo.modules.loading: Loading module web_grid (13/21) 
2026-09-09 01:28:24,723 1 INFO lab_client odoo.registry: module web_grid: creating or updating database tables 
2026-09-09 01:28:25,082 1 INFO lab_client odoo.modules.loading: Module web_grid loaded in 0.39s, 948 queries (+948 other) 
2026-09-09 01:28:25,082 1 INFO lab_client odoo.modules.loading: Loading module web_tour (14/21) 
2026-09-09 01:28:25,090 1 INFO lab_client odoo.registry: module web_tour: creating or updating database tables 
2026-09-09 01:28:25,095 1 INFO lab_client odoo.models: Prepare computation of res.users.tour_enabled 
2026-09-09 01:28:25,150 1 INFO lab_client odoo.modules.loading: loading web_tour/security/ir.model.access.csv 
2026-09-09 01:28:25,154 1 INFO lab_client odoo.modules.loading: loading web_tour/views/tour_views.xml 
2026-09-09 01:28:25,190 1 INFO lab_client odoo.modules.loading: Module web_tour loaded in 0.11s, 180 queries (+180 other) 
2026-09-09 01:28:25,190 1 INFO lab_client odoo.modules.loading: Loading module auth_passkey (15/21) 
2026-09-09 01:28:25,222 1 INFO lab_client odoo.registry: module auth_passkey: creating or updating database tables 
2026-09-09 01:28:25,283 1 INFO lab_client odoo.modules.loading: loading auth_passkey/views/auth_passkey_key_views.xml 
2026-09-09 01:28:25,303 1 INFO lab_client odoo.modules.loading: loading auth_passkey/views/auth_passkey_login_templates.xml 
2026-09-09 01:28:25,312 1 INFO lab_client odoo.modules.loading: loading auth_passkey/views/res_users_identitycheck_views.xml 
2026-09-09 01:28:25,322 1 INFO lab_client odoo.modules.loading: loading auth_passkey/views/res_users_views.xml 
2026-09-09 01:28:25,338 1 INFO lab_client odoo.modules.loading: loading auth_passkey/security/ir.model.access.csv 
2026-09-09 01:28:25,347 1 INFO lab_client odoo.modules.loading: loading auth_passkey/security/security.xml 
2026-09-09 01:28:25,373 1 INFO lab_client odoo.modules.loading: Module auth_passkey loaded in 0.18s, 218 queries (+218 other) 
2026-09-09 01:28:25,373 1 INFO lab_client odoo.modules.loading: Loading module html_editor (16/21) 
2026-09-09 01:28:25,495 1 INFO lab_client odoo.registry: module html_editor: creating or updating database tables 
2026-09-09 01:28:25,853 1 INFO lab_client odoo.modules.loading: loading html_editor/security/ir.model.access.csv 
2026-09-09 01:28:25,869 1 INFO lab_client odoo.modules.loading: Module html_editor loaded in 0.50s, 1040 queries (+1040 other) 
2026-09-09 01:28:25,869 1 INFO lab_client odoo.modules.loading: Loading module iap (17/21) 
2026-09-09 01:28:25,873 1 INFO lab_client odoo.registry: module iap: creating or updating database tables 
2026-09-09 01:28:25,925 1 INFO lab_client odoo.modules.loading: loading iap/data/services.xml 
2026-09-09 01:28:25,929 1 INFO lab_client odoo.modules.loading: loading iap/security/ir.model.access.csv 
2026-09-09 01:28:25,933 1 INFO lab_client odoo.modules.loading: loading iap/security/ir_rule.xml 
2026-09-09 01:28:25,939 1 INFO lab_client odoo.modules.loading: loading iap/views/iap_views.xml 
2026-09-09 01:28:25,958 1 INFO lab_client odoo.modules.loading: loading iap/views/res_config_settings.xml 
2026-09-09 01:28:25,973 1 INFO lab_client odoo.modules.loading: Module iap loaded in 0.10s, 182 queries (+182 other) 
2026-09-09 01:28:25,973 1 INFO lab_client odoo.modules.loading: Loading module web_enterprise (18/21) 
2026-09-09 01:28:25,981 1 INFO lab_client odoo.registry: module web_enterprise: creating or updating database tables 
2026-09-09 01:28:26,024 1 INFO lab_client odoo.modules.loading: loading web_enterprise/views/webclient_templates.xml 
2026-09-09 01:28:26,038 1 INFO lab_client odoo.modules.loading: loading web_enterprise/views/res_users_views.xml 
2026-09-09 01:28:26,076 1 INFO lab_client odoo.modules.loading: Module web_enterprise loaded in 0.10s, 113 queries (+113 other) 
2026-09-09 01:28:26,076 1 INFO lab_client odoo.modules.loading: Loading module web_map (19/21) 
2026-09-09 01:28:26,133 1 INFO lab_client odoo.registry: module web_map: creating or updating database tables 
2026-09-09 01:28:26,151 1 INFO lab_client odoo.models: Prepare computation of res.partner.contact_address_complete 
2026-09-09 01:28:26,682 1 INFO lab_client odoo.modules.loading: loading web_map/views/res_config_settings.xml 
2026-09-09 01:28:26,706 1 INFO lab_client odoo.modules.loading: loading web_map/views/res_partner_views.xml 
2026-09-09 01:28:26,727 1 INFO lab_client odoo.modules.loading: Module web_map loaded in 0.65s, 1069 queries (+1069 other) 
2026-09-09 01:28:26,728 1 INFO lab_client odoo.modules.loading: Loading module web_mobile (20/21) 
2026-09-09 01:28:26,734 1 INFO lab_client odoo.registry: module web_mobile: creating or updating database tables 
2026-09-09 01:28:26,769 1 INFO lab_client odoo.modules.loading: loading web_mobile/views/views.xml 
2026-09-09 01:28:26,788 1 INFO lab_client odoo.modules.loading: Module web_mobile loaded in 0.06s, 83 queries (+83 other) 
2026-09-09 01:28:26,788 1 INFO lab_client odoo.modules.loading: Loading module web_unsplash (21/21) 
2026-09-09 01:28:26,794 1 INFO lab_client odoo.registry: module web_unsplash: creating or updating database tables 
2026-09-09 01:28:26,820 1 INFO lab_client odoo.modules.loading: loading web_unsplash/views/res_config_settings_view.xml 
2026-09-09 01:28:26,843 1 INFO lab_client odoo.modules.loading: Module web_unsplash loaded in 0.05s, 93 queries (+93 other) 
2026-09-09 01:28:26,843 1 INFO lab_client odoo.modules.loading: 21 modules loaded in 4.44s, 8879 queries (+8879 extra) 
2026-09-09 01:28:27,106 1 INFO lab_client odoo.modules.loading: Modules loaded. 
2026-09-09 01:28:27,111 1 INFO lab_client odoo.registry: Registry changed, signaling through the database 
2026-09-09 01:28:27,112 1 INFO lab_client odoo.registry: Registry loaded in 13.225s 
2026-09-09 01:28:27,112 1 INFO lab_client odoo.service.server: Initiating shutdown 
2026-09-09 01:28:27,112 1 INFO lab_client odoo.service.server: Hit CTRL-C again or send a second signal to force the shutdown. 
2026-09-09 01:28:27,112 1 INFO lab_client odoo.sql_db: ConnectionPool(read/write;used=0/count=0/max=64): Closed 1 connections  
