2026-09-08 20:54:08,760 1 WARNING ? odoo.tools.config: option addons_path, invalid addons directory '/mnt/extra-addons', skipped 
2026-09-08 20:54:08,760 1 WARNING ? odoo.tools.config: option --without-demo: since 19.0, invalid boolean value: 'all', assume True 
2026-09-08 20:54:08,760 1 WARNING ? odoo.tools.config: option addons_path, invalid addons directory '/mnt/extra-addons', skipped 
2026-09-08 20:54:08,760 1 INFO ? odoo: Odoo version 19.0-20260817 
2026-09-08 20:54:08,760 1 INFO ? odoo: Using configuration file at /etc/odoo/odoo.conf 
2026-09-08 20:54:08,760 1 INFO ? odoo: addons paths: _NamespacePath(['/usr/lib/python3/dist-packages/odoo/addons', '/tmp/odoo/addons/19.0', '/mnt/quality', '/mnt/enterprise', '/usr/lib/python3/dist-packages/addons']) 
2026-09-08 20:54:08,760 1 INFO ? odoo: database: odoo@quality-lab-b9cf089ebd-db:default 
2026-09-08 20:54:09,029 1 INFO lab_template odoo.modules.loading: Initializing database lab_template 
2026-09-08 20:54:10,301 1 WARNING lab_template odoo.modules.module: Missing `author` key in manifest for 'quality_case', defaulting to '' 
2026-09-08 20:54:10,301 1 WARNING lab_template odoo.modules.module: Missing `author` key in manifest for 'quality_case', defaulting to '' 
2026-09-08 20:54:10,309 1 WARNING lab_template odoo.modules.module: Missing `author` key in manifest for 'quality_oracle', defaulting to '' 
2026-09-08 20:54:10,310 1 WARNING lab_template odoo.modules.module: Missing `author` key in manifest for 'quality_oracle', defaulting to '' 
2026-09-08 20:54:10,653 1 INFO lab_template odoo.modules.loading: loading 1 modules... 
2026-09-08 20:54:10,653 1 INFO lab_template odoo.modules.loading: Loading module base (1/1) 
2026-09-08 20:54:10,679 1 INFO lab_template odoo.registry: module base: creating or updating database tables 
2026-09-08 20:54:11,315 1 INFO lab_template odoo.models: Prepare computation of ir.module.module.menus_by_module 
2026-09-08 20:54:11,315 1 INFO lab_template odoo.models: Prepare computation of ir.module.module.reports_by_module 
2026-09-08 20:54:11,315 1 INFO lab_template odoo.models: Prepare computation of ir.module.module.views_by_module 
2026-09-08 20:54:11,395 1 INFO lab_template odoo.models: Prepare computation of res.partner.user_id 
2026-09-08 20:54:11,396 1 INFO lab_template odoo.models: Prepare computation of res.partner.commercial_partner_id 
2026-09-08 20:54:11,396 1 INFO lab_template odoo.models: Prepare computation of res.partner.complete_name 
2026-09-08 20:54:11,396 1 INFO lab_template odoo.models: Prepare computation of res.partner.lang 
2026-09-08 20:54:11,396 1 INFO lab_template odoo.models: Prepare computation of res.partner.company_registry 
2026-09-08 20:54:11,396 1 INFO lab_template odoo.models: Prepare computation of res.partner.commercial_company_name 
2026-09-08 20:54:11,396 1 INFO lab_template odoo.models: Prepare computation of res.partner.properties 
2026-09-08 20:54:11,396 1 INFO lab_template odoo.models: Prepare computation of res.partner.partner_share 
2026-09-08 20:54:11,426 1 INFO lab_template odoo.models: Prepare computation of res.currency.decimal_places 
2026-09-08 20:54:11,444 1 INFO lab_template odoo.models: Prepare computation of res.company.uses_default_logo 
2026-09-08 20:54:11,444 1 INFO lab_template odoo.models: Prepare computation of res.company.logo_web 
2026-09-08 20:54:11,446 1 INFO lab_template odoo.models: Computing parent_path for table res_company... 
2026-09-08 20:54:11,464 1 INFO lab_template odoo.models: Prepare computation of res.users.signature 
2026-09-08 20:54:11,464 1 INFO lab_template odoo.models: Prepare computation of res.users.share 
2026-09-08 20:54:12,387 1 INFO lab_template odoo.modules.loading: loading base/data/res_bank.xml 
2026-09-08 20:54:12,390 1 INFO lab_template odoo.modules.loading: loading base/data/res.lang.csv 
2026-09-08 20:54:12,410 1 INFO lab_template odoo.modules.loading: loading base/data/res_lang_data.xml 
2026-09-08 20:54:12,437 1 INFO lab_template odoo.modules.loading: loading base/data/res_partner_data.xml 
2026-09-08 20:54:12,475 1 INFO lab_template odoo.modules.loading: loading base/data/res_currency_data.xml 
2026-09-08 20:54:12,798 1 INFO lab_template odoo.modules.loading: loading base/data/res_company_data.xml 
2026-09-08 20:54:12,807 1 INFO lab_template odoo.modules.loading: loading base/data/res_users_data.xml 
2026-09-08 20:54:13,385 1 INFO lab_template odoo.modules.loading: loading base/data/report_paperformat_data.xml 
2026-09-08 20:54:13,392 1 INFO lab_template odoo.modules.loading: loading base/data/res_country_data.xml 
2026-09-08 20:54:13,812 1 INFO lab_template odoo.modules.loading: loading base/data/ir_demo_data.xml 
2026-09-08 20:54:13,824 1 INFO lab_template odoo.modules.loading: loading base/security/base_groups.xml 
2026-09-08 20:54:13,989 1 INFO lab_template odoo.modules.loading: loading base/security/base_security.xml 
2026-09-08 20:54:14,089 1 INFO lab_template odoo.modules.loading: loading base/wizard/wizard_ir_model_menu_create_views.xml 
2026-09-08 20:54:14,098 1 INFO lab_template odoo.modules.loading: loading base/views/base_menus.xml 
2026-09-08 20:54:14,132 1 INFO lab_template odoo.modules.loading: loading base/views/decimal_precision_views.xml 
2026-09-08 20:54:14,141 1 INFO lab_template odoo.modules.loading: loading base/views/res_config_views.xml 
2026-09-08 20:54:14,145 1 INFO lab_template odoo.modules.loading: loading base/data/res.country.state.csv 
2026-09-08 20:54:14,293 1 INFO lab_template odoo.modules.loading: loading base/views/ir_actions_views.xml 
2026-09-08 20:54:14,377 1 INFO lab_template odoo.modules.loading: loading base/views/ir_asset_views.xml 
2026-09-08 20:54:14,387 1 INFO lab_template odoo.modules.loading: loading base/views/ir_config_parameter_views.xml 
2026-09-08 20:54:14,397 1 INFO lab_template odoo.modules.loading: loading base/views/ir_cron_views.xml 
2026-09-08 20:54:14,415 1 INFO lab_template odoo.modules.loading: loading base/views/ir_cron_trigger_views.xml 
2026-09-08 20:54:14,425 1 INFO lab_template odoo.modules.loading: loading base/views/ir_filters_views.xml 
2026-09-08 20:54:14,440 1 INFO lab_template odoo.modules.loading: loading base/views/ir_mail_server_views.xml 
2026-09-08 20:54:14,452 1 INFO lab_template odoo.modules.loading: loading base/views/ir_model_views.xml 
2026-09-08 20:54:14,539 1 INFO lab_template odoo.modules.loading: loading base/views/ir_attachment_views.xml 
2026-09-08 20:54:14,552 1 INFO lab_template odoo.modules.loading: loading base/views/ir_rule_views.xml 
2026-09-08 20:54:14,565 1 INFO lab_template odoo.modules.loading: loading base/views/ir_sequence_views.xml 
2026-09-08 20:54:14,577 1 INFO lab_template odoo.modules.loading: loading base/views/ir_ui_menu_views.xml 
2026-09-08 20:54:14,589 1 INFO lab_template odoo.modules.loading: loading base/views/ir_ui_view_views.xml 
2026-09-08 20:54:14,621 1 INFO lab_template odoo.modules.loading: loading base/views/ir_default_views.xml 
2026-09-08 20:54:14,632 1 INFO lab_template odoo.modules.loading: loading base/data/ir_config_parameter_data.xml 
2026-09-08 20:54:14,634 1 INFO lab_template odoo.modules.loading: loading base/data/ir_cron_data.xml 
2026-09-08 20:54:14,646 1 INFO lab_template odoo.modules.loading: loading base/report/ir_model_report.xml 
2026-09-08 20:54:14,651 1 INFO lab_template odoo.modules.loading: loading base/report/ir_model_templates.xml 
2026-09-08 20:54:14,660 1 INFO lab_template odoo.modules.loading: loading base/views/ir_logging_views.xml 
2026-09-08 20:54:14,678 1 INFO lab_template odoo.modules.loading: loading base/views/ir_qweb_widget_templates.xml 
2026-09-08 20:54:14,692 1 INFO lab_template odoo.modules.loading: loading base/views/ir_module_views.xml 
2026-09-08 20:54:14,736 1 INFO lab_template odoo.modules.loading: loading base/data/ir_module_category_data.xml 
2026-09-08 20:54:14,752 1 INFO lab_template odoo.modules.loading: loading base/data/ir_module_module.xml 
2026-09-08 20:54:14,769 1 INFO lab_template odoo.modules.loading: loading base/report/ir_module_reports.xml 
2026-09-08 20:54:14,773 1 INFO lab_template odoo.modules.loading: loading base/report/ir_module_report_templates.xml 
2026-09-08 20:54:14,779 1 INFO lab_template odoo.modules.loading: loading base/wizard/base_module_update_views.xml 
2026-09-08 20:54:14,791 1 INFO lab_template odoo.modules.loading: loading base/wizard/base_language_install_views.xml 
2026-09-08 20:54:14,804 1 INFO lab_template odoo.modules.loading: loading base/wizard/base_import_language_views.xml 
2026-09-08 20:54:14,815 1 INFO lab_template odoo.modules.loading: loading base/wizard/base_module_upgrade_views.xml 
2026-09-08 20:54:14,832 1 INFO lab_template odoo.modules.loading: loading base/wizard/base_module_uninstall_views.xml 
2026-09-08 20:54:14,843 1 INFO lab_template odoo.modules.loading: loading base/wizard/base_export_language_views.xml 
2026-09-08 20:54:14,855 1 INFO lab_template odoo.modules.loading: loading base/wizard/base_partner_merge_views.xml 
2026-09-08 20:54:14,873 1 INFO lab_template odoo.modules.loading: loading base/data/ir_demo_failure_data.xml 
2026-09-08 20:54:14,887 1 INFO lab_template odoo.modules.loading: loading base/views/ir_profile_views.xml 
2026-09-08 20:54:14,908 1 INFO lab_template odoo.modules.loading: loading base/views/res_company_views.xml 
2026-09-08 20:54:14,928 1 INFO lab_template odoo.modules.loading: loading base/views/res_lang_views.xml 
2026-09-08 20:54:14,938 1 INFO lab_template odoo.modules.loading: loading base/views/res_partner_views.xml 
2026-09-08 20:54:15,001 1 INFO lab_template odoo.modules.loading: loading base/views/res_bank_views.xml 
2026-09-08 20:54:15,032 1 INFO lab_template odoo.modules.loading: loading base/views/res_country_views.xml 
2026-09-08 20:54:15,064 1 INFO lab_template odoo.modules.loading: loading base/views/res_currency_views.xml 
2026-09-08 20:54:15,085 1 INFO lab_template odoo.modules.loading: loading base/views/res_groups_views.xml 
2026-09-08 20:54:15,125 1 INFO lab_template odoo.modules.loading: loading base/views/res_users_views.xml 
2026-09-08 20:54:15,190 1 INFO lab_template odoo.modules.loading: loading base/views/res_users_apikeys_views.xml 
2026-09-08 20:54:15,196 1 INFO lab_template odoo.modules.loading: loading base/views/res_device_views.xml 
2026-09-08 20:54:15,215 1 INFO lab_template odoo.modules.loading: loading base/views/res_users_identitycheck_views.xml 
2026-09-08 20:54:15,221 1 INFO lab_template odoo.modules.loading: loading base/views/res_config_settings_views.xml 
2026-09-08 20:54:15,228 1 INFO lab_template odoo.modules.loading: loading base/views/report_paperformat_views.xml 
2026-09-08 20:54:15,251 1 INFO lab_template odoo.modules.loading: loading base/security/ir.model.access.csv 
2026-09-08 20:54:15,343 1 INFO lab_template odoo.modules.loading: Module base loaded in 4.69s, 8374 queries (+8374 other) 
2026-09-08 20:54:15,343 1 INFO lab_template odoo.modules.loading: 1 modules loaded in 4.69s, 8374 queries (+8374 extra) 
2026-09-08 20:54:15,345 1 INFO lab_template odoo.modules.loading: updating modules list 
2026-09-08 20:54:15,345 1 INFO lab_template odoo.addons.base.models.ir_module: ALLOW access to module.update_list on [] to user __system__ #1 via n/a 
2026-09-08 20:54:16,202 1 WARNING lab_template odoo.modules.module: Missing `author` key in manifest for 'quality_case', defaulting to '' 
2026-09-08 20:54:16,206 1 WARNING lab_template odoo.modules.module: Missing `author` key in manifest for 'quality_oracle', defaulting to '' 
2026-09-08 20:54:16,441 1 INFO lab_template odoo.addons.base.models.ir_module: ALLOW access to module.button_install on ['Studio'] to user __system__ #1 via n/a 
2026-09-08 20:54:16,501 1 INFO lab_template odoo.modules.loading: loading 47 modules... 
2026-09-08 20:54:16,501 1 INFO lab_template odoo.modules.loading: Loading module rpc (2/47) 
2026-09-08 20:54:16,526 1 INFO lab_template odoo.modules.loading: Module rpc loaded in 0.02s, 9 queries (+9 other) 
2026-09-08 20:54:16,526 1 INFO lab_template odoo.modules.loading: Loading module web (3/47) 
2026-09-08 20:54:16,543 1 INFO lab_template odoo.registry: module web: creating or updating database tables 
2026-09-08 20:54:16,832 1 INFO lab_template odoo.modules.loading: loading web/security/ir.model.access.csv 
2026-09-08 20:54:16,839 1 INFO lab_template odoo.modules.loading: loading web/security/web_security.xml 
2026-09-08 20:54:16,849 1 INFO lab_template odoo.modules.loading: loading web/views/webclient_templates.xml 
2026-09-08 20:54:16,879 1 INFO lab_template odoo.modules.loading: loading web/views/report_templates.xml 
2026-09-08 20:54:16,960 1 INFO lab_template odoo.modules.loading: loading web/views/base_document_layout_views.xml 
2026-09-08 20:54:16,973 1 INFO lab_template odoo.modules.loading: loading web/views/partner_view.xml 
2026-09-08 20:54:16,979 1 INFO lab_template odoo.modules.loading: loading web/views/speedscope_template.xml 
2026-09-08 20:54:16,983 1 INFO lab_template odoo.modules.loading: loading web/views/memory_template.xml 
2026-09-08 20:54:16,988 1 INFO lab_template odoo.modules.loading: loading web/views/speedscope_config_wizard.xml 
2026-09-08 20:54:16,994 1 INFO lab_template odoo.modules.loading: loading web/views/neutralize_views.xml 
2026-09-08 20:54:16,998 1 INFO lab_template odoo.modules.loading: loading web/views/ir_ui_view_views.xml 
2026-09-08 20:54:17,005 1 INFO lab_template odoo.modules.loading: loading web/data/ir_attachment.xml 
2026-09-08 20:54:17,009 1 INFO lab_template odoo.modules.loading: loading web/data/report_layout.xml 
2026-09-08 20:54:17,046 1 INFO lab_template odoo.modules.loading: Module web loaded in 0.52s, 1232 queries (+1232 other) 
2026-09-08 20:54:17,046 1 INFO lab_template odoo.modules.loading: Loading module api_doc (4/47) 
2026-09-08 20:54:17,050 1 INFO lab_template odoo.registry: module api_doc: creating or updating database tables 
2026-09-08 20:54:17,058 1 INFO lab_template odoo.modules.loading: loading api_doc/security/res_groups.xml 
2026-09-08 20:54:17,071 1 INFO lab_template odoo.modules.loading: loading api_doc/views/docclient.xml 
2026-09-08 20:54:17,087 1 INFO lab_template odoo.modules.loading: Module api_doc loaded in 0.04s, 63 queries (+63 other) 
2026-09-08 20:54:17,087 1 INFO lab_template odoo.modules.loading: Loading module auth_totp (5/47) 
2026-09-08 20:54:17,096 1 INFO lab_template odoo.registry: module auth_totp: creating or updating database tables 
2026-09-08 20:54:17,151 1 INFO lab_template odoo.modules.loading: loading auth_totp/security/security.xml 
2026-09-08 20:54:17,162 1 INFO lab_template odoo.modules.loading: loading auth_totp/security/ir.model.access.csv 
2026-09-08 20:54:17,166 1 INFO lab_template odoo.modules.loading: loading auth_totp/data/ir_action_data.xml 
2026-09-08 20:54:17,171 1 INFO lab_template odoo.modules.loading: loading auth_totp/views/res_users_views.xml 
2026-09-08 20:54:17,186 1 INFO lab_template odoo.modules.loading: loading auth_totp/views/templates.xml 
2026-09-08 20:54:17,195 1 INFO lab_template odoo.modules.loading: loading auth_totp/wizard/auth_totp_wizard_views.xml 
2026-09-08 20:54:17,217 1 INFO lab_template odoo.modules.loading: Module auth_totp loaded in 0.13s, 218 queries (+218 other) 
2026-09-08 20:54:17,217 1 INFO lab_template odoo.modules.loading: Loading module base_import (6/47) 
2026-09-08 20:54:17,238 1 INFO lab_template odoo.registry: module base_import: creating or updating database tables 
2026-09-08 20:54:17,541 1 INFO lab_template odoo.modules.loading: loading base_import/security/ir.model.access.csv 
2026-09-08 20:54:17,558 1 INFO lab_template odoo.modules.loading: Module base_import loaded in 0.34s, 956 queries (+956 other) 
2026-09-08 20:54:17,558 1 INFO lab_template odoo.modules.loading: Loading module base_import_module (7/47) 
2026-09-08 20:54:17,564 1 INFO lab_template odoo.registry: module base_import_module: creating or updating database tables 
2026-09-08 20:54:17,623 1 INFO lab_template odoo.modules.loading: loading base_import_module/security/ir.model.access.csv 
2026-09-08 20:54:17,628 1 INFO lab_template odoo.modules.loading: loading base_import_module/views/base_import_module_view.xml 
2026-09-08 20:54:17,645 1 INFO lab_template odoo.modules.loading: loading base_import_module/views/ir_module_views.xml 
2026-09-08 20:54:17,696 1 INFO lab_template odoo.modules.loading: Module base_import_module loaded in 0.14s, 172 queries (+172 other) 
2026-09-08 20:54:17,696 1 INFO lab_template odoo.modules.loading: Loading module base_setup (8/47) 
2026-09-08 20:54:17,704 1 INFO lab_template odoo.registry: module base_setup: creating or updating database tables 
2026-09-08 20:54:17,743 1 INFO lab_template odoo.modules.loading: loading base_setup/data/base_setup_data.xml 
2026-09-08 20:54:17,747 1 INFO lab_template odoo.modules.loading: loading base_setup/views/res_config_settings_views.xml 
2026-09-08 20:54:17,770 1 INFO lab_template odoo.modules.loading: loading base_setup/views/res_partner_views.xml 
2026-09-08 20:54:17,784 1 INFO lab_template odoo.modules.loading: Module base_setup loaded in 0.09s, 152 queries (+152 other) 
2026-09-08 20:54:17,784 1 INFO lab_template odoo.modules.loading: Loading module bus (9/47) 
2026-09-08 20:54:17,794 1 INFO lab_template odoo.registry: module bus: creating or updating database tables 
2026-09-08 20:54:17,844 1 INFO lab_template odoo.modules.loading: loading bus/security/ir.model.access.csv 
2026-09-08 20:54:17,866 1 INFO lab_template odoo.modules.loading: Module bus loaded in 0.08s, 159 queries (+159 other) 
2026-09-08 20:54:17,866 1 INFO lab_template odoo.modules.loading: Loading module http_routing (10/47) 
2026-09-08 20:54:17,871 1 INFO lab_template odoo.registry: module http_routing: creating or updating database tables 
2026-09-08 20:54:17,888 1 INFO lab_template odoo.modules.loading: loading http_routing/views/http_routing_template.xml 
2026-09-08 20:54:17,920 1 INFO lab_template odoo.modules.loading: loading http_routing/views/res_lang_views.xml 
2026-09-08 20:54:17,943 1 INFO lab_template odoo.modules.loading: Module http_routing loaded in 0.08s, 114 queries (+114 other) 
2026-09-08 20:54:17,943 1 INFO lab_template odoo.modules.loading: Loading module resource (11/47) 
2026-09-08 20:54:17,952 1 INFO lab_template odoo.registry: module resource: creating or updating database tables 
2026-09-08 20:54:18,088 1 INFO lab_template odoo.modules.loading: loading resource/data/resource_data.xml 
2026-09-08 20:54:18,103 1 INFO lab_template odoo.modules.loading: loading resource/security/ir.model.access.csv 
2026-09-08 20:54:18,112 1 INFO lab_template odoo.modules.loading: loading resource/security/resource_security.xml 
2026-09-08 20:54:18,133 1 INFO lab_template odoo.modules.loading: loading resource/views/resource_resource_views.xml 
2026-09-08 20:54:18,151 1 INFO lab_template odoo.modules.loading: loading resource/views/resource_calendar_leaves_views.xml 
2026-09-08 20:54:18,175 1 INFO lab_template odoo.modules.loading: loading resource/views/resource_calendar_attendance_views.xml 
2026-09-08 20:54:18,185 1 INFO lab_template odoo.modules.loading: loading resource/views/resource_calendar_views.xml 
2026-09-08 20:54:18,208 1 INFO lab_template odoo.modules.loading: loading resource/views/menuitems.xml 
2026-09-08 20:54:18,240 1 INFO lab_template odoo.modules.loading: Module resource loaded in 0.30s, 414 queries (+414 other) 
2026-09-08 20:54:18,241 1 INFO lab_template odoo.modules.loading: Loading module web_cohort (12/47) 
2026-09-08 20:54:18,278 1 INFO lab_template odoo.registry: module web_cohort: creating or updating database tables 
2026-09-08 20:54:18,748 1 INFO lab_template odoo.modules.loading: Module web_cohort loaded in 0.51s, 969 queries (+969 other) 
2026-09-08 20:54:18,748 1 INFO lab_template odoo.modules.loading: Loading module web_gantt (13/47) 
2026-09-08 20:54:18,776 1 INFO lab_template odoo.registry: module web_gantt: creating or updating database tables 
2026-09-08 20:54:19,116 1 INFO lab_template odoo.modules.loading: Module web_gantt loaded in 0.37s, 965 queries (+965 other) 
2026-09-08 20:54:19,116 1 INFO lab_template odoo.modules.loading: Loading module web_grid (14/47) 
2026-09-08 20:54:19,146 1 INFO lab_template odoo.registry: module web_grid: creating or updating database tables 
2026-09-08 20:54:19,464 1 INFO lab_template odoo.modules.loading: Module web_grid loaded in 0.35s, 965 queries (+965 other) 
2026-09-08 20:54:19,464 1 INFO lab_template odoo.modules.loading: Loading module web_tour (15/47) 
2026-09-08 20:54:19,471 1 INFO lab_template odoo.registry: module web_tour: creating or updating database tables 
2026-09-08 20:54:19,475 1 INFO lab_template odoo.models: Prepare computation of res.users.tour_enabled 
2026-09-08 20:54:19,544 1 INFO lab_template odoo.modules.loading: loading web_tour/security/ir.model.access.csv 
2026-09-08 20:54:19,552 1 INFO lab_template odoo.modules.loading: loading web_tour/views/tour_views.xml 
2026-09-08 20:54:19,586 1 INFO lab_template odoo.modules.loading: Module web_tour loaded in 0.12s, 180 queries (+180 other) 
2026-09-08 20:54:19,586 1 INFO lab_template odoo.modules.loading: Loading module auth_passkey (16/47) 
2026-09-08 20:54:19,612 1 INFO lab_template odoo.registry: module auth_passkey: creating or updating database tables 
2026-09-08 20:54:19,657 1 INFO lab_template odoo.modules.loading: loading auth_passkey/views/auth_passkey_key_views.xml 
2026-09-08 20:54:19,677 1 INFO lab_template odoo.modules.loading: loading auth_passkey/views/auth_passkey_login_templates.xml 
2026-09-08 20:54:19,686 1 INFO lab_template odoo.modules.loading: loading auth_passkey/views/res_users_identitycheck_views.xml 
2026-09-08 20:54:19,695 1 INFO lab_template odoo.modules.loading: loading auth_passkey/views/res_users_views.xml 
2026-09-08 20:54:19,716 1 INFO lab_template odoo.modules.loading: loading auth_passkey/security/ir.model.access.csv 
2026-09-08 20:54:19,722 1 INFO lab_template odoo.modules.loading: loading auth_passkey/security/security.xml 
2026-09-08 20:54:19,742 1 INFO lab_template odoo.modules.loading: Module auth_passkey loaded in 0.16s, 218 queries (+218 other) 
2026-09-08 20:54:19,742 1 INFO lab_template odoo.modules.loading: Loading module html_editor (17/47) 
2026-09-08 20:54:19,828 1 INFO lab_template odoo.registry: module html_editor: creating or updating database tables 
2026-09-08 20:54:20,090 1 INFO lab_template odoo.modules.loading: loading html_editor/security/ir.model.access.csv 
2026-09-08 20:54:20,104 1 INFO lab_template odoo.modules.loading: Module html_editor loaded in 0.36s, 1057 queries (+1057 other) 
2026-09-08 20:54:20,104 1 INFO lab_template odoo.modules.loading: Loading module iap (18/47) 
2026-09-08 20:54:20,108 1 INFO lab_template odoo.registry: module iap: creating or updating database tables 
2026-09-08 20:54:20,159 1 INFO lab_template odoo.modules.loading: loading iap/data/services.xml 
2026-09-08 20:54:20,163 1 INFO lab_template odoo.modules.loading: loading iap/security/ir.model.access.csv 
2026-09-08 20:54:20,169 1 INFO lab_template odoo.modules.loading: loading iap/security/ir_rule.xml 
2026-09-08 20:54:20,175 1 INFO lab_template odoo.modules.loading: loading iap/views/iap_views.xml 
2026-09-08 20:54:20,199 1 INFO lab_template odoo.modules.loading: loading iap/views/res_config_settings.xml 
2026-09-08 20:54:20,220 1 INFO lab_template odoo.modules.loading: Module iap loaded in 0.12s, 182 queries (+182 other) 
2026-09-08 20:54:20,220 1 INFO lab_template odoo.modules.loading: Loading module web_enterprise (19/47) 
2026-09-08 20:54:20,230 1 INFO lab_template odoo.registry: module web_enterprise: creating or updating database tables 
2026-09-08 20:54:20,262 1 INFO lab_template odoo.modules.loading: loading web_enterprise/views/webclient_templates.xml 
2026-09-08 20:54:20,274 1 INFO lab_template odoo.modules.loading: loading web_enterprise/views/res_users_views.xml 
2026-09-08 20:54:20,301 1 INFO lab_template odoo.modules.loading: Module web_enterprise loaded in 0.08s, 113 queries (+113 other) 
2026-09-08 20:54:20,301 1 INFO lab_template odoo.modules.loading: Loading module web_map (20/47) 
2026-09-08 20:54:20,334 1 INFO lab_template odoo.registry: module web_map: creating or updating database tables 
2026-09-08 20:54:20,345 1 INFO lab_template odoo.models: Prepare computation of res.partner.contact_address_complete 
2026-09-08 20:54:20,649 1 INFO lab_template odoo.modules.loading: loading web_map/views/res_config_settings.xml 
2026-09-08 20:54:20,664 1 INFO lab_template odoo.modules.loading: loading web_map/views/res_partner_views.xml 
2026-09-08 20:54:20,687 1 INFO lab_template odoo.modules.loading: Module web_map loaded in 0.39s, 1086 queries (+1086 other) 
2026-09-08 20:54:20,687 1 INFO lab_template odoo.modules.loading: Loading module mail (21/47) 
2026-09-08 20:54:20,735 1 INFO lab_template odoo.registry: module mail: creating or updating database tables 
2026-09-08 20:54:20,910 1 INFO lab_template odoo.models: Prepare computation of ir.actions.server.partner_ids 
2026-09-08 20:54:20,910 1 INFO lab_template odoo.models: Prepare computation of ir.actions.server.activity_user_id 
2026-09-08 20:54:20,910 1 INFO lab_template odoo.models: Prepare computation of ir.actions.server.activity_type_id 
2026-09-08 20:54:20,910 1 INFO lab_template odoo.models: Prepare computation of ir.actions.server.template_id 
2026-09-08 20:54:20,910 1 INFO lab_template odoo.models: Prepare computation of ir.actions.server.activity_date_deadline_range 
2026-09-08 20:54:20,910 1 INFO lab_template odoo.models: Prepare computation of ir.actions.server.activity_summary 
2026-09-08 20:54:20,910 1 INFO lab_template odoo.models: Prepare computation of ir.actions.server.followers_type 
2026-09-08 20:54:20,910 1 INFO lab_template odoo.models: Prepare computation of ir.actions.server.followers_partner_field_name 
2026-09-08 20:54:20,910 1 INFO lab_template odoo.models: Prepare computation of ir.actions.server.mail_post_method 
2026-09-08 20:54:20,910 1 INFO lab_template odoo.models: Prepare computation of ir.actions.server.activity_date_deadline_range_type 
2026-09-08 20:54:20,910 1 INFO lab_template odoo.models: Prepare computation of ir.actions.server.activity_user_type 
2026-09-08 20:54:20,910 1 INFO lab_template odoo.models: Prepare computation of ir.actions.server.activity_user_field_name 
2026-09-08 20:54:20,910 1 INFO lab_template odoo.models: Prepare computation of ir.actions.server.activity_note 
2026-09-08 20:54:20,910 1 INFO lab_template odoo.models: Prepare computation of ir.actions.server.mail_post_autofollow 
2026-09-08 20:54:20,956 1 INFO lab_template odoo.models: Prepare computation of res.users.notification_type 
2026-09-08 20:54:21,012 1 INFO lab_template odoo.models: Prepare computation of res.partner.email_normalized 
<string>:38: (ERROR/3) Unexpected indentation.
<string>:43: (WARNING/2) Block quote ends without a blank line; unexpected unindent.
2026-09-08 20:54:21,899 1 INFO lab_template odoo.modules.loading: loading mail/data/mail_groups.xml 
2026-09-08 20:54:21,918 1 INFO lab_template odoo.modules.loading: loading mail/wizard/mail_activity_schedule_views.xml 
2026-09-08 20:54:21,931 1 INFO lab_template odoo.modules.loading: loading mail/wizard/mail_blacklist_remove_views.xml 
2026-09-08 20:54:21,936 1 INFO lab_template odoo.modules.loading: loading mail/wizard/mail_compose_message_views.xml 
2026-09-08 20:54:21,954 1 INFO lab_template odoo.modules.loading: loading mail/wizard/mail_template_preview_views.xml 
2026-09-08 20:54:21,963 1 INFO lab_template odoo.modules.loading: loading mail/wizard/mail_followers_edit_views.xml 
2026-09-08 20:54:21,973 1 INFO lab_template odoo.modules.loading: loading mail/wizard/mail_template_reset_views.xml 
2026-09-08 20:54:21,982 1 INFO lab_template odoo.modules.loading: loading mail/views/fetchmail_views.xml 
2026-09-08 20:54:21,999 1 INFO lab_template odoo.modules.loading: loading mail/views/ir_cron_views.xml 
2026-09-08 20:54:22,009 1 INFO lab_template odoo.modules.loading: loading mail/views/ir_filters_views.xml 
2026-09-08 20:54:22,024 1 INFO lab_template odoo.modules.loading: loading mail/views/ir_mail_server_views.xml 
2026-09-08 20:54:22,032 1 INFO lab_template odoo.modules.loading: loading mail/views/mail_message_subtype_views.xml 
2026-09-08 20:54:22,046 1 INFO lab_template odoo.modules.loading: loading mail/views/mail_tracking_value_views.xml 
2026-09-08 20:54:22,056 1 INFO lab_template odoo.modules.loading: loading mail/views/mail_notification_views.xml 
2026-09-08 20:54:22,068 1 INFO lab_template odoo.modules.loading: loading mail/views/mail_message_views.xml 
2026-09-08 20:54:22,095 1 INFO lab_template odoo.modules.loading: loading mail/views/mail_message_schedule_views.xml 
2026-09-08 20:54:22,109 1 INFO lab_template odoo.modules.loading: loading mail/views/mail_mail_views.xml 
2026-09-08 20:54:22,124 1 INFO lab_template odoo.modules.loading: loading mail/views/mail_followers_views.xml 
2026-09-08 20:54:22,136 1 INFO lab_template odoo.modules.loading: loading mail/views/mail_ice_server_views.xml 
2026-09-08 20:54:22,159 1 INFO lab_template odoo.modules.loading: loading mail/views/discuss_channel_member_views.xml 
2026-09-08 20:54:22,171 1 INFO lab_template odoo.modules.loading: loading mail/views/discuss_channel_rtc_session_views.xml 
2026-09-08 20:54:22,186 1 INFO lab_template odoo.modules.loading: loading mail/views/mail_link_preview_views.xml 
2026-09-08 20:54:22,205 1 INFO lab_template odoo.modules.loading: loading mail/views/discuss/discuss_gif_favorite_views.xml 
2026-09-08 20:54:22,216 1 INFO lab_template odoo.modules.loading: loading mail/views/discuss_channel_views.xml 
2026-09-08 20:54:22,237 1 INFO lab_template odoo.modules.loading: loading mail/views/mail_canned_response_views.xml 
2026-09-08 20:54:22,251 1 INFO lab_template odoo.modules.loading: loading mail/views/res_role_views.xml 
2026-09-08 20:54:22,263 1 INFO lab_template odoo.modules.loading: loading mail/views/mail_activity_views.xml 
2026-09-08 20:54:22,335 1 INFO lab_template odoo.modules.loading: loading mail/views/mail_activity_plan_views.xml 
2026-09-08 20:54:22,362 1 INFO lab_template odoo.modules.loading: loading mail/views/mail_activity_plan_template_views.xml 
2026-09-08 20:54:22,367 1 INFO lab_template odoo.modules.loading: loading mail/views/res_config_settings_views.xml 
2026-09-08 20:54:22,381 1 INFO lab_template odoo.modules.loading: loading mail/data/ir_config_parameter_data.xml 
2026-09-08 20:54:22,385 1 INFO lab_template odoo.modules.loading: loading mail/data/res_partner_data.xml 
2026-09-08 20:54:22,425 1 INFO lab_template odoo.modules.loading: loading mail/data/mail_message_subtype_data.xml 
2026-09-08 20:54:22,430 1 INFO lab_template odoo.modules.loading: loading mail/data/mail_templates_chatter.xml 
2026-09-08 20:54:22,440 1 INFO lab_template odoo.modules.loading: loading mail/data/mail_templates_email_layouts.xml 
2026-09-08 20:54:22,450 1 INFO lab_template odoo.modules.loading: loading mail/data/mail_templates_mailgateway.xml 
2026-09-08 20:54:22,460 1 INFO lab_template odoo.modules.loading: loading mail/data/discuss_channel_data.xml 
2026-09-08 20:54:22,482 1 INFO lab_template odoo.modules.loading: loading mail/data/mail_activity_type_data.xml 
2026-09-08 20:54:22,489 1 INFO lab_template odoo.modules.loading: loading mail/data/security_notifications_templates.xml 
2026-09-08 20:54:22,493 1 INFO lab_template odoo.modules.loading: loading mail/data/ir_cron_data.xml 
2026-09-08 20:54:22,556 1 INFO lab_template odoo.modules.loading: loading mail/data/ir_actions_client.xml 
2026-09-08 20:54:22,560 1 INFO lab_template odoo.modules.loading: loading mail/security/mail_security.xml 
2026-09-08 20:54:22,661 1 INFO lab_template odoo.modules.loading: loading mail/security/ir.model.access.csv 
2026-09-08 20:54:22,685 1 INFO lab_template odoo.modules.loading: loading mail/views/discuss_public_templates.xml 
2026-09-08 20:54:22,689 1 INFO lab_template odoo.modules.loading: loading mail/views/mail_alias_domain_views.xml 
2026-09-08 20:54:22,700 1 INFO lab_template odoo.modules.loading: loading mail/views/mail_alias_views.xml 
2026-09-08 20:54:22,712 1 INFO lab_template odoo.modules.loading: loading mail/views/mail_gateway_allowed_views.xml 
2026-09-08 20:54:22,721 1 INFO lab_template odoo.modules.loading: loading mail/views/mail_guest_views.xml 
2026-09-08 20:54:22,730 1 INFO lab_template odoo.modules.loading: loading mail/views/mail_message_reaction_views.xml 
2026-09-08 20:54:22,739 1 INFO lab_template odoo.modules.loading: loading mail/views/mail_templates_public.xml 
2026-09-08 20:54:22,745 1 INFO lab_template odoo.modules.loading: loading mail/views/res_users_views.xml 
2026-09-08 20:54:22,768 1 INFO lab_template odoo.modules.loading: loading mail/views/res_users_settings_views.xml 
2026-09-08 20:54:22,783 1 INFO lab_template odoo.modules.loading: loading mail/views/mail_template_views.xml 
2026-09-08 20:54:22,803 1 INFO lab_template odoo.modules.loading: loading mail/views/ir_actions_server_views.xml 
2026-09-08 20:54:22,818 1 INFO lab_template odoo.modules.loading: loading mail/views/ir_model_views.xml 
2026-09-08 20:54:22,846 1 INFO lab_template odoo.modules.loading: loading mail/views/res_partner_views.xml 
2026-09-08 20:54:22,886 1 INFO lab_template odoo.modules.loading: loading mail/views/mail_blacklist_views.xml 
2026-09-08 20:54:22,900 1 INFO lab_template odoo.modules.loading: loading mail/views/mail_menus.xml 
2026-09-08 20:54:22,980 1 INFO lab_template odoo.modules.loading: loading mail/views/discuss/discuss_menus.xml 
2026-09-08 20:54:22,984 1 INFO lab_template odoo.modules.loading: loading mail/views/discuss/discuss_call_history_views.xml 
2026-09-08 20:54:22,998 1 INFO lab_template odoo.modules.loading: loading mail/views/res_company_views.xml 
2026-09-08 20:54:23,006 1 INFO lab_template odoo.modules.loading: loading mail/views/mail_scheduled_message_views.xml 
2026-09-08 20:54:23,013 1 INFO lab_template odoo.modules.loading: loading mail/data/mail_canned_response_data.xml 
2026-09-08 20:54:23,020 1 INFO lab_template odoo.modules.loading: loading mail/data/mail_templates_invite.xml 
2026-09-08 20:54:23,033 1 INFO lab_template odoo.modules.loading: loading mail/data/web_tour_tour.xml 
2026-09-08 20:54:23,075 1 INFO lab_template odoo.modules.loading: Module mail loaded in 2.39s, 5016 queries (+5017 other) 
2026-09-08 20:54:23,076 1 INFO lab_template odoo.modules.loading: Loading module web_mobile (22/47) 
2026-09-08 20:54:23,087 1 INFO lab_template odoo.registry: module web_mobile: creating or updating database tables 
2026-09-08 20:54:23,144 1 INFO lab_template odoo.modules.loading: loading web_mobile/views/views.xml 
2026-09-08 20:54:23,170 1 INFO lab_template odoo.modules.loading: Module web_mobile loaded in 0.09s, 94 queries (+94 other) 
2026-09-08 20:54:23,170 1 INFO lab_template odoo.modules.loading: Loading module web_unsplash (23/47) 
2026-09-08 20:54:23,177 1 INFO lab_template odoo.registry: module web_unsplash: creating or updating database tables 
2026-09-08 20:54:23,208 1 INFO lab_template odoo.modules.loading: loading web_unsplash/views/res_config_settings_view.xml 
2026-09-08 20:54:23,230 1 INFO lab_template odoo.modules.loading: Module web_unsplash loaded in 0.06s, 103 queries (+103 other) 
2026-09-08 20:54:23,231 1 INFO lab_template odoo.modules.loading: Loading module ai_auto_install (24/47) 
2026-09-08 20:54:23,279 1 INFO lab_template odoo.modules.loading: Module ai_auto_install loaded in 0.05s, 15 queries (+15 other) 
2026-09-08 20:54:23,279 1 INFO lab_template odoo.modules.loading: Loading module auth_signup (25/47) 
2026-09-08 20:54:23,291 1 INFO lab_template odoo.registry: module auth_signup: creating or updating database tables 
2026-09-08 20:54:23,332 1 INFO lab_template odoo.modules.loading: loading auth_signup/data/ir_config_parameter_data.xml 
2026-09-08 20:54:23,335 1 INFO lab_template odoo.modules.loading: loading auth_signup/data/ir_cron_data.xml 
2026-09-08 20:54:23,348 1 INFO lab_template odoo.modules.loading: loading auth_signup/data/mail_template_data.xml 
2026-09-08 20:54:23,391 1 INFO lab_template odoo.modules.loading: loading auth_signup/views/res_config_settings_views.xml 
2026-09-08 20:54:23,400 1 INFO lab_template odoo.modules.loading: loading auth_signup/views/res_users_views.xml 
2026-09-08 20:54:23,413 1 INFO lab_template odoo.modules.loading: loading auth_signup/views/auth_signup_login_templates.xml 
2026-09-08 20:54:23,424 1 INFO lab_template odoo.modules.loading: loading auth_signup/views/auth_signup_templates_email.xml 
2026-09-08 20:54:23,428 1 INFO lab_template odoo.modules.loading: loading auth_signup/views/webclient_templates.xml 
2026-09-08 20:54:23,444 1 INFO lab_template odoo.modules.loading: Module auth_signup loaded in 0.16s, 255 queries (+255 other) 
2026-09-08 20:54:23,444 1 INFO lab_template odoo.modules.loading: Loading module auth_totp_mail (26/47) 
2026-09-08 20:54:23,456 1 INFO lab_template odoo.registry: module auth_totp_mail: creating or updating database tables 
2026-09-08 20:54:23,490 1 INFO lab_template odoo.modules.loading: loading auth_totp_mail/data/ir_action_data.xml 
2026-09-08 20:54:23,514 1 INFO lab_template odoo.modules.loading: loading auth_totp_mail/data/mail_template_data.xml 
2026-09-08 20:54:23,553 1 INFO lab_template odoo.modules.loading: loading auth_totp_mail/data/security_notifications_template.xml 
2026-09-08 20:54:23,561 1 INFO lab_template odoo.modules.loading: loading auth_totp_mail/views/res_config_settings_views.xml 
2026-09-08 20:54:23,578 1 INFO lab_template odoo.modules.loading: loading auth_totp_mail/views/res_users_views.xml 
2026-09-08 20:54:23,600 1 INFO lab_template odoo.modules.loading: loading auth_totp_mail/views/templates.xml 
2026-09-08 20:54:23,624 1 INFO lab_template odoo.modules.loading: Module auth_totp_mail loaded in 0.18s, 189 queries (+189 other) 
2026-09-08 20:54:23,624 1 INFO lab_template odoo.modules.loading: Loading module base_install_request (27/47) 
2026-09-08 20:54:23,629 1 INFO lab_template odoo.registry: module base_install_request: creating or updating database tables 
2026-09-08 20:54:23,683 1 INFO lab_template odoo.modules.loading: loading base_install_request/security/ir.model.access.csv 
2026-09-08 20:54:23,691 1 INFO lab_template odoo.modules.loading: loading base_install_request/wizard/base_module_install_request_views.xml 
2026-09-08 20:54:23,709 1 INFO lab_template odoo.modules.loading: loading base_install_request/data/mail_template_data.xml 
2026-09-08 20:54:23,714 1 INFO lab_template odoo.modules.loading: loading base_install_request/data/mail_templates_module_install.xml 
2026-09-08 20:54:23,719 1 INFO lab_template odoo.modules.loading: loading base_install_request/views/ir_module_module_views.xml 
2026-09-08 20:54:23,741 1 INFO lab_template odoo.modules.loading: Module base_install_request loaded in 0.12s, 154 queries (+154 other) 
2026-09-08 20:54:23,741 1 INFO lab_template odoo.modules.loading: Loading module google_gmail (28/47) 
2026-09-08 20:54:23,750 1 INFO lab_template odoo.registry: module google_gmail: creating or updating database tables 
2026-09-08 20:54:23,788 1 INFO lab_template odoo.modules.loading: loading google_gmail/views/fetchmail_server_views.xml 
2026-09-08 20:54:23,803 1 INFO lab_template odoo.modules.loading: loading google_gmail/views/ir_mail_server_views.xml 
2026-09-08 20:54:23,812 1 INFO lab_template odoo.modules.loading: loading google_gmail/views/res_config_settings_views.xml 
2026-09-08 20:54:23,830 1 INFO lab_template odoo.modules.loading: loading google_gmail/views/templates.xml 
2026-09-08 20:54:23,840 1 INFO lab_template odoo.modules.loading: Module google_gmail loaded in 0.10s, 155 queries (+155 other) 
2026-09-08 20:54:23,840 1 INFO lab_template odoo.modules.loading: Loading module iap_mail (29/47) 
2026-09-08 20:54:23,845 1 INFO lab_template odoo.registry: module iap_mail: creating or updating database tables 
2026-09-08 20:54:23,870 1 INFO lab_template odoo.modules.loading: loading iap_mail/data/mail_templates.xml 
2026-09-08 20:54:23,880 1 INFO lab_template odoo.modules.loading: loading iap_mail/views/iap_views.xml 
2026-09-08 20:54:23,893 1 INFO lab_template odoo.modules.loading: Module iap_mail loaded in 0.05s, 70 queries (+70 other) 
2026-09-08 20:54:23,893 1 INFO lab_template odoo.modules.loading: Loading module mail_bot (30/47) 
2026-09-08 20:54:23,904 1 INFO lab_template odoo.registry: module mail_bot: creating or updating database tables 
2026-09-08 20:54:23,946 1 INFO lab_template odoo.modules.loading: loading mail_bot/views/res_users_views.xml 
2026-09-08 20:54:23,964 1 INFO lab_template odoo.modules.loading: loading mail_bot/data/mailbot_data.xml 
2026-09-08 20:54:23,978 1 INFO lab_template odoo.modules.loading: Module mail_bot loaded in 0.08s, 109 queries (+109 other) 
2026-09-08 20:54:23,978 1 INFO lab_template odoo.modules.loading: Loading module mail_enterprise (31/47) 
2026-09-08 20:54:23,988 1 INFO lab_template odoo.registry: module mail_enterprise: creating or updating database tables 
2026-09-08 20:54:24,010 1 INFO lab_template odoo.modules.loading: Module mail_enterprise loaded in 0.03s, 19 queries (+19 other) 
2026-09-08 20:54:24,010 1 INFO lab_template odoo.modules.loading: Loading module microsoft_outlook (32/47) 
2026-09-08 20:54:24,018 1 INFO lab_template odoo.registry: module microsoft_outlook: creating or updating database tables 
2026-09-08 20:54:24,055 1 INFO lab_template odoo.modules.loading: loading microsoft_outlook/views/fetchmail_server_views.xml 
2026-09-08 20:54:24,064 1 INFO lab_template odoo.modules.loading: loading microsoft_outlook/views/ir_mail_server_views.xml 
2026-09-08 20:54:24,070 1 INFO lab_template odoo.modules.loading: loading microsoft_outlook/views/res_config_settings_views.xml 
2026-09-08 20:54:24,083 1 INFO lab_template odoo.modules.loading: loading microsoft_outlook/views/templates.xml 
2026-09-08 20:54:24,091 1 INFO lab_template odoo.modules.loading: Module microsoft_outlook loaded in 0.08s, 158 queries (+158 other) 
2026-09-08 20:54:24,091 1 INFO lab_template odoo.modules.loading: Loading module phone_validation (33/47) 
2026-09-08 20:54:24,143 1 INFO lab_template odoo.registry: module phone_validation: creating or updating database tables 
2026-09-08 20:54:24,153 1 INFO lab_template odoo.models: Prepare computation of res.partner.phone_sanitized 
2026-09-08 20:54:24,647 1 INFO lab_template odoo.modules.loading: loading phone_validation/security/ir.model.access.csv 
2026-09-08 20:54:24,652 1 INFO lab_template odoo.modules.loading: loading phone_validation/views/phone_blacklist_views.xml 
2026-09-08 20:54:24,679 1 INFO lab_template odoo.modules.loading: loading phone_validation/views/res_partner_views.xml 
2026-09-08 20:54:24,689 1 INFO lab_template odoo.modules.loading: loading phone_validation/wizard/phone_blacklist_remove_view.xml 
2026-09-08 20:54:24,705 1 INFO lab_template odoo.modules.loading: Module phone_validation loaded in 0.61s, 1660 queries (+1660 other) 
2026-09-08 20:54:24,705 1 INFO lab_template odoo.modules.loading: Loading module privacy_lookup (34/47) 
2026-09-08 20:54:24,719 1 INFO lab_template odoo.registry: module privacy_lookup: creating or updating database tables 
2026-09-08 20:54:24,808 1 INFO lab_template odoo.modules.loading: loading privacy_lookup/wizard/privacy_lookup_wizard_views.xml 
2026-09-08 20:54:24,851 1 INFO lab_template odoo.modules.loading: loading privacy_lookup/views/privacy_log_views.xml 
2026-09-08 20:54:24,869 1 INFO lab_template odoo.modules.loading: loading privacy_lookup/security/ir.model.access.csv 
2026-09-08 20:54:24,884 1 INFO lab_template odoo.modules.loading: loading privacy_lookup/data/ir_actions_server_data.xml 
2026-09-08 20:54:24,938 1 INFO lab_template odoo.modules.loading: Module privacy_lookup loaded in 0.23s, 296 queries (+296 other) 
2026-09-08 20:54:24,938 1 INFO lab_template odoo.modules.loading: Loading module resource_mail (35/47) 
2026-09-08 20:54:24,944 1 INFO lab_template odoo.registry: module resource_mail: creating or updating database tables 
2026-09-08 20:54:24,974 1 INFO lab_template odoo.modules.loading: Module resource_mail loaded in 0.04s, 36 queries (+36 other) 
2026-09-08 20:54:24,974 1 INFO lab_template odoo.modules.loading: Loading module iap_extract (36/47) 
2026-09-08 20:54:24,983 1 INFO lab_template odoo.registry: module iap_extract: creating or updating database tables 
2026-09-08 20:54:25,008 1 INFO lab_template odoo.modules.loading: loading iap_extract/data/config_parameter_endpoint.xml 
2026-09-08 20:54:25,012 1 INFO lab_template odoo.modules.loading: loading iap_extract/data/iap_service_data.xml 
2026-09-08 20:54:25,015 1 INFO lab_template odoo.modules.loading: loading iap_extract/data/mail_template_data.xml 
2026-09-08 20:54:25,027 1 INFO lab_template odoo.modules.loading: Module iap_extract loaded in 0.05s, 52 queries (+52 other) 
2026-09-08 20:54:25,027 1 INFO lab_template odoo.modules.loading: Loading module mail_mobile (37/47) 
2026-09-08 20:54:25,052 1 INFO lab_template odoo.registry: module mail_mobile: creating or updating database tables 
2026-09-08 20:54:25,139 1 INFO lab_template odoo.modules.loading: loading mail_mobile/data/mail_mobile_data.xml 
2026-09-08 20:54:25,143 1 INFO lab_template odoo.modules.loading: loading mail_mobile/views/res_config_settings_views.xml 
2026-09-08 20:54:25,167 1 INFO lab_template odoo.modules.loading: Module mail_mobile loaded in 0.14s, 211 queries (+211 other) 
2026-09-08 20:54:25,167 1 INFO lab_template odoo.modules.loading: Loading module partner_autocomplete (38/47) 
2026-09-08 20:54:25,180 1 INFO lab_template odoo.registry: module partner_autocomplete: creating or updating database tables 
2026-09-08 20:54:25,231 1 INFO lab_template odoo.modules.loading: loading partner_autocomplete/views/res_company_views.xml 
2026-09-08 20:54:25,239 1 INFO lab_template odoo.modules.loading: loading partner_autocomplete/views/res_config_settings_views.xml 
2026-09-08 20:54:25,247 1 INFO lab_template odoo.modules.loading: loading partner_autocomplete/data/iap_service_data.xml 
2026-09-08 20:54:25,253 1 INFO lab_template odoo.modules.loading: Module partner_autocomplete loaded in 0.09s, 144 queries (+144 other) 
2026-09-08 20:54:25,253 1 INFO lab_template odoo.modules.loading: Loading module portal (39/47) 
2026-09-08 20:54:25,275 1 INFO lab_template odoo.registry: module portal: creating or updating database tables 
2026-09-08 20:54:25,382 1 INFO lab_template odoo.modules.loading: loading portal/security/ir.model.access.csv 
2026-09-08 20:54:25,386 1 INFO lab_template odoo.modules.loading: loading portal/data/mail_templates.xml 
2026-09-08 20:54:25,390 1 INFO lab_template odoo.modules.loading: loading portal/views/address_templates.xml 
2026-09-08 20:54:25,408 1 INFO lab_template odoo.modules.loading: loading portal/views/mail_templates_public.xml 
2026-09-08 20:54:25,411 1 INFO lab_template odoo.modules.loading: loading portal/views/portal_templates.xml 
2026-09-08 20:54:25,505 1 INFO lab_template odoo.modules.loading: loading portal/views/res_config_settings_views.xml 
2026-09-08 20:54:25,525 1 INFO lab_template odoo.modules.loading: loading portal/wizard/portal_share_views.xml 
2026-09-08 20:54:25,546 1 INFO lab_template odoo.modules.loading: loading portal/wizard/portal_wizard_views.xml 
2026-09-08 20:54:25,581 1 INFO lab_template odoo.modules.loading: Module portal loaded in 0.33s, 556 queries (+556 other) 
2026-09-08 20:54:25,581 1 INFO lab_template odoo.modules.loading: Loading module sms (40/47) 
2026-09-08 20:54:25,630 1 INFO lab_template odoo.registry: module sms: creating or updating database tables 
2026-09-08 20:54:25,637 1 INFO lab_template odoo.models: Prepare computation of ir.actions.server.sms_template_id 
2026-09-08 20:54:25,637 1 INFO lab_template odoo.models: Prepare computation of ir.actions.server.sms_method 
2026-09-08 20:54:26,216 1 INFO lab_template odoo.modules.loading: loading sms/data/iap_service_data.xml 
2026-09-08 20:54:26,220 1 INFO lab_template odoo.modules.loading: loading sms/data/ir_cron_data.xml 
2026-09-08 20:54:26,235 1 INFO lab_template odoo.modules.loading: loading sms/wizard/sms_account_code_views.xml 
2026-09-08 20:54:26,247 1 INFO lab_template odoo.modules.loading: loading sms/wizard/sms_account_phone_views.xml 
2026-09-08 20:54:26,254 1 INFO lab_template odoo.modules.loading: loading sms/wizard/sms_account_sender_views.xml 
2026-09-08 20:54:26,259 1 INFO lab_template odoo.modules.loading: loading sms/wizard/sms_composer_views.xml 
2026-09-08 20:54:26,269 1 INFO lab_template odoo.modules.loading: loading sms/wizard/sms_template_preview_views.xml 
2026-09-08 20:54:26,279 1 INFO lab_template odoo.modules.loading: loading sms/wizard/sms_template_reset_views.xml 
2026-09-08 20:54:26,287 1 INFO lab_template odoo.modules.loading: loading sms/views/ir_actions_server_views.xml 
2026-09-08 20:54:26,305 1 INFO lab_template odoo.modules.loading: loading sms/views/mail_notification_views.xml 
2026-09-08 20:54:26,321 1 INFO lab_template odoo.modules.loading: loading sms/views/res_config_settings_views.xml 
2026-09-08 20:54:26,331 1 INFO lab_template odoo.modules.loading: loading sms/views/res_partner_views.xml 
2026-09-08 20:54:26,344 1 INFO lab_template odoo.modules.loading: loading sms/views/iap_account_views.xml 
2026-09-08 20:54:26,356 1 INFO lab_template odoo.modules.loading: loading sms/views/sms_sms_views.xml 
2026-09-08 20:54:26,380 1 INFO lab_template odoo.modules.loading: loading sms/views/sms_template_views.xml 
2026-09-08 20:54:26,396 1 INFO lab_template odoo.modules.loading: loading sms/security/ir.model.access.csv 
2026-09-08 20:54:26,411 1 INFO lab_template odoo.modules.loading: loading sms/security/sms_security.xml 
2026-09-08 20:54:26,423 1 INFO lab_template odoo.modules.loading: Module sms loaded in 0.84s, 2097 queries (+2097 other) 
2026-09-08 20:54:26,423 1 INFO lab_template odoo.modules.loading: Loading module snailmail (41/47) 
2026-09-08 20:54:26,476 1 INFO lab_template odoo.registry: module snailmail: creating or updating database tables 
2026-09-08 20:54:26,582 1 INFO lab_template odoo.modules.loading: loading snailmail/data/iap_service_data.xml 
2026-09-08 20:54:26,584 1 INFO lab_template odoo.modules.loading: loading snailmail/data/snailmail_data.xml 
2026-09-08 20:54:26,597 1 INFO lab_template odoo.modules.loading: loading snailmail/views/report_assets.xml 
2026-09-08 20:54:26,605 1 INFO lab_template odoo.modules.loading: loading snailmail/views/snailmail_views.xml 
2026-09-08 20:54:26,615 1 INFO lab_template odoo.modules.loading: loading snailmail/security/ir.model.access.csv 
2026-09-08 20:54:26,628 1 INFO lab_template odoo.modules.loading: Module snailmail loaded in 0.20s, 422 queries (+422 other) 
2026-09-08 20:54:26,628 1 INFO lab_template odoo.modules.loading: Loading module auth_passkey_portal (42/47) 
2026-09-08 20:54:26,635 1 INFO lab_template odoo.modules.loading: loading auth_passkey_portal/views/templates.xml 
2026-09-08 20:54:26,649 1 INFO lab_template odoo.modules.loading: Module auth_passkey_portal loaded in 0.02s, 22 queries (+22 other) 
2026-09-08 20:54:26,649 1 INFO lab_template odoo.modules.loading: Loading module auth_totp_portal (43/47) 
2026-09-08 20:54:26,655 1 INFO lab_template odoo.registry: module auth_totp_portal: creating or updating database tables 
2026-09-08 20:54:26,669 1 INFO lab_template odoo.modules.loading: loading auth_totp_portal/security/security.xml 
2026-09-08 20:54:26,679 1 INFO lab_template odoo.modules.loading: loading auth_totp_portal/views/templates.xml 
2026-09-08 20:54:26,688 1 INFO lab_template odoo.modules.loading: Module auth_totp_portal loaded in 0.04s, 70 queries (+70 other) 
2026-09-08 20:54:26,688 1 INFO lab_template odoo.modules.loading: Loading module digest (44/47) 
2026-09-08 20:54:26,697 1 INFO lab_template odoo.registry: module digest: creating or updating database tables 
2026-09-08 20:54:26,747 1 INFO lab_template odoo.modules.loading: loading digest/security/ir.model.access.csv 
2026-09-08 20:54:26,753 1 INFO lab_template odoo.modules.loading: loading digest/data/digest_data.xml 
2026-09-08 20:54:26,772 1 INFO lab_template odoo.modules.loading: loading digest/data/digest_tips_data.xml 
2026-09-08 20:54:26,781 1 INFO lab_template odoo.modules.loading: loading digest/data/ir_cron_data.xml 
2026-09-08 20:54:26,799 1 INFO lab_template odoo.modules.loading: loading digest/data/res_config_settings_data.xml 
2026-09-08 20:54:26,804 1 INFO lab_template odoo.modules.loading: loading digest/views/digest_views.xml 
2026-09-08 20:54:26,835 1 INFO lab_template odoo.modules.loading: loading digest/views/digest_templates.xml 
2026-09-08 20:54:26,840 1 INFO lab_template odoo.modules.loading: loading digest/views/res_config_settings_views.xml 
2026-09-08 20:54:26,876 1 INFO lab_template odoo.modules.loading: Module digest loaded in 0.19s, 326 queries (+326 other) 
2026-09-08 20:54:26,876 1 INFO lab_template odoo.modules.loading: Loading module base_automation (45/47) 
2026-09-08 20:54:26,890 1 INFO lab_template odoo.registry: module base_automation: creating or updating database tables 
2026-09-08 20:54:26,965 1 INFO lab_template odoo.modules.loading: loading base_automation/security/ir.model.access.csv 
2026-09-08 20:54:26,973 1 INFO lab_template odoo.modules.loading: loading base_automation/data/base_automation_data.xml 
2026-09-08 20:54:26,994 1 INFO lab_template odoo.modules.loading: loading base_automation/data/digest_data.xml 
2026-09-08 20:54:26,997 1 INFO lab_template odoo.modules.loading: loading base_automation/views/base_automation_views.xml 
2026-09-08 20:54:27,029 1 INFO lab_template odoo.modules.loading: loading base_automation/views/ir_actions_server_views.xml 
2026-09-08 20:54:27,066 1 INFO lab_template odoo.modules.loading: Module base_automation loaded in 0.19s, 236 queries (+236 other) 
2026-09-08 20:54:27,066 1 INFO lab_template odoo.modules.loading: Loading module digest_enterprise (46/47) 
2026-09-08 20:54:27,075 1 INFO lab_template odoo.modules.loading: loading digest_enterprise/data/digest_data.xml 
2026-09-08 20:54:27,092 1 INFO lab_template odoo.modules.loading: Module digest_enterprise loaded in 0.03s, 20 queries (+20 other) 
2026-09-08 20:54:27,092 1 INFO lab_template odoo.modules.loading: Loading module web_studio (47/47) 
2026-09-08 20:54:27,192 1 INFO lab_template odoo.registry: module web_studio: creating or updating database tables 
2026-09-08 20:54:27,809 1 INFO lab_template odoo.modules.loading: loading web_studio/views/assets.xml 
2026-09-08 20:54:27,819 1 INFO lab_template odoo.modules.loading: loading web_studio/views/actions.xml 
2026-09-08 20:54:27,826 1 INFO lab_template odoo.modules.loading: loading web_studio/views/ir_actions_report_xml.xml 
2026-09-08 20:54:27,836 1 INFO lab_template odoo.modules.loading: loading web_studio/views/ir_model_data.xml 
2026-09-08 20:54:27,843 1 INFO lab_template odoo.modules.loading: loading web_studio/views/base_automation_views.xml 
2026-09-08 20:54:27,846 1 INFO lab_template odoo.modules.loading: loading web_studio/views/studio_approval_views.xml 
2026-09-08 20:54:27,897 1 INFO lab_template odoo.modules.loading: loading web_studio/views/reset_view_arch_wizard.xml 
2026-09-08 20:54:27,905 1 INFO lab_template odoo.modules.loading: loading web_studio/views/studio_export_wizard_views.xml 
2026-09-08 20:54:27,913 1 INFO lab_template odoo.modules.loading: loading web_studio/views/studio_export_model_views.xml 
2026-09-08 20:54:27,924 1 INFO lab_template odoo.modules.loading: loading web_studio/data/mail_templates.xml 
2026-09-08 20:54:27,936 1 INFO lab_template odoo.modules.loading: loading web_studio/data/web_tour_tour.xml 
2026-09-08 20:54:27,940 1 INFO lab_template odoo.modules.loading: loading web_studio/wizard/base_module_uninstall_view.xml 
2026-09-08 20:54:27,948 1 INFO lab_template odoo.modules.loading: loading web_studio/security/ir.model.access.csv 
2026-09-08 20:54:27,959 1 INFO lab_template odoo.modules.loading: loading web_studio/security/studio_security.xml 
2026-09-08 20:54:27,983 1 INFO lab_template odoo.modules.loading: Module web_studio loaded in 0.89s, 2222 queries (+2222 other) 
2026-09-08 20:54:27,983 1 INFO lab_template odoo.modules.loading: 47 modules loaded in 11.48s, 23931 queries (+23932 extra) 
2026-09-08 20:54:28,211 1 INFO lab_template odoo.modules.loading: Modules loaded. 
2026-09-08 20:54:28,224 1 INFO lab_template odoo.registry: Registry changed, signaling through the database 
2026-09-08 20:54:28,225 1 INFO lab_template odoo.registry: Registry loaded in 19.241s 
2026-09-08 20:54:28,225 1 INFO lab_template odoo.service.server: Initiating shutdown 
2026-09-08 20:54:28,225 1 INFO lab_template odoo.service.server: Hit CTRL-C again or send a second signal to force the shutdown. 
2026-09-08 20:54:28,225 1 INFO lab_template odoo.sql_db: ConnectionPool(read/write;used=0/count=0/max=64): Closed 1 connections  
