2026-09-08 20:40:21,295 1 WARNING ? odoo.tools.config: option addons_path, invalid addons directory '/mnt/extra-addons', skipped 
2026-09-08 20:40:21,295 1 WARNING ? odoo.tools.config: option --without-demo: since 19.0, invalid boolean value: 'all', assume True 
2026-09-08 20:40:21,295 1 WARNING ? odoo.tools.config: option addons_path, invalid addons directory '/mnt/extra-addons', skipped 
2026-09-08 20:40:21,295 1 INFO ? odoo: Odoo version 19.0-20260817 
2026-09-08 20:40:21,295 1 INFO ? odoo: Using configuration file at /etc/odoo/odoo.conf 
2026-09-08 20:40:21,295 1 INFO ? odoo: addons paths: _NamespacePath(['/usr/lib/python3/dist-packages/odoo/addons', '/tmp/odoo/addons/19.0', '/mnt/quality', '/usr/lib/python3/dist-packages/addons']) 
2026-09-08 20:40:21,295 1 INFO ? odoo: database: odoo@quality-lab-45883d75e4-db:default 
2026-09-08 20:40:21,531 1 INFO lab_template odoo.modules.loading: Initializing database lab_template 
2026-09-08 20:40:21,936 1 WARNING lab_template odoo.modules.module: Missing `author` key in manifest for 'quality_case', defaulting to '' 
2026-09-08 20:40:21,937 1 WARNING lab_template odoo.modules.module: Missing `author` key in manifest for 'quality_case', defaulting to '' 
2026-09-08 20:40:21,937 1 WARNING lab_template odoo.modules.module: Missing `author` key in manifest for 'quality_oracle', defaulting to '' 
2026-09-08 20:40:21,937 1 WARNING lab_template odoo.modules.module: Missing `author` key in manifest for 'quality_oracle', defaulting to '' 
2026-09-08 20:40:22,087 1 INFO lab_template odoo.modules.loading: loading 1 modules... 
2026-09-08 20:40:22,087 1 INFO lab_template odoo.modules.loading: Loading module base (1/1) 
2026-09-08 20:40:22,101 1 INFO lab_template odoo.registry: module base: creating or updating database tables 
2026-09-08 20:40:22,325 1 INFO lab_template odoo.models: Prepare computation of ir.module.module.menus_by_module 
2026-09-08 20:40:22,325 1 INFO lab_template odoo.models: Prepare computation of ir.module.module.reports_by_module 
2026-09-08 20:40:22,325 1 INFO lab_template odoo.models: Prepare computation of ir.module.module.views_by_module 
2026-09-08 20:40:22,395 1 INFO lab_template odoo.models: Prepare computation of res.partner.user_id 
2026-09-08 20:40:22,396 1 INFO lab_template odoo.models: Prepare computation of res.partner.commercial_partner_id 
2026-09-08 20:40:22,396 1 INFO lab_template odoo.models: Prepare computation of res.partner.complete_name 
2026-09-08 20:40:22,396 1 INFO lab_template odoo.models: Prepare computation of res.partner.lang 
2026-09-08 20:40:22,396 1 INFO lab_template odoo.models: Prepare computation of res.partner.company_registry 
2026-09-08 20:40:22,396 1 INFO lab_template odoo.models: Prepare computation of res.partner.commercial_company_name 
2026-09-08 20:40:22,396 1 INFO lab_template odoo.models: Prepare computation of res.partner.properties 
2026-09-08 20:40:22,396 1 INFO lab_template odoo.models: Prepare computation of res.partner.partner_share 
2026-09-08 20:40:22,416 1 INFO lab_template odoo.models: Prepare computation of res.currency.decimal_places 
2026-09-08 20:40:22,429 1 INFO lab_template odoo.models: Prepare computation of res.company.uses_default_logo 
2026-09-08 20:40:22,429 1 INFO lab_template odoo.models: Prepare computation of res.company.logo_web 
2026-09-08 20:40:22,430 1 INFO lab_template odoo.models: Computing parent_path for table res_company... 
2026-09-08 20:40:22,453 1 INFO lab_template odoo.models: Prepare computation of res.users.signature 
2026-09-08 20:40:22,453 1 INFO lab_template odoo.models: Prepare computation of res.users.share 
2026-09-08 20:40:23,222 1 INFO lab_template odoo.modules.loading: loading base/data/res_bank.xml 
2026-09-08 20:40:23,226 1 INFO lab_template odoo.modules.loading: loading base/data/res.lang.csv 
2026-09-08 20:40:23,262 1 INFO lab_template odoo.modules.loading: loading base/data/res_lang_data.xml 
2026-09-08 20:40:23,289 1 INFO lab_template odoo.modules.loading: loading base/data/res_partner_data.xml 
2026-09-08 20:40:23,314 1 INFO lab_template odoo.modules.loading: loading base/data/res_currency_data.xml 
2026-09-08 20:40:23,519 1 INFO lab_template odoo.modules.loading: loading base/data/res_company_data.xml 
2026-09-08 20:40:23,523 1 INFO lab_template odoo.modules.loading: loading base/data/res_users_data.xml 
2026-09-08 20:40:24,063 1 INFO lab_template odoo.modules.loading: loading base/data/report_paperformat_data.xml 
2026-09-08 20:40:24,069 1 INFO lab_template odoo.modules.loading: loading base/data/res_country_data.xml 
2026-09-08 20:40:24,359 1 INFO lab_template odoo.modules.loading: loading base/data/ir_demo_data.xml 
2026-09-08 20:40:24,366 1 INFO lab_template odoo.modules.loading: loading base/security/base_groups.xml 
2026-09-08 20:40:24,504 1 INFO lab_template odoo.modules.loading: loading base/security/base_security.xml 
2026-09-08 20:40:24,639 1 INFO lab_template odoo.modules.loading: loading base/wizard/wizard_ir_model_menu_create_views.xml 
2026-09-08 20:40:24,645 1 INFO lab_template odoo.modules.loading: loading base/views/base_menus.xml 
2026-09-08 20:40:24,670 1 INFO lab_template odoo.modules.loading: loading base/views/decimal_precision_views.xml 
2026-09-08 20:40:24,677 1 INFO lab_template odoo.modules.loading: loading base/views/res_config_views.xml 
2026-09-08 20:40:24,680 1 INFO lab_template odoo.modules.loading: loading base/data/res.country.state.csv 
2026-09-08 20:40:24,854 1 INFO lab_template odoo.modules.loading: loading base/views/ir_actions_views.xml 
2026-09-08 20:40:24,932 1 INFO lab_template odoo.modules.loading: loading base/views/ir_asset_views.xml 
2026-09-08 20:40:24,943 1 INFO lab_template odoo.modules.loading: loading base/views/ir_config_parameter_views.xml 
2026-09-08 20:40:24,952 1 INFO lab_template odoo.modules.loading: loading base/views/ir_cron_views.xml 
2026-09-08 20:40:24,969 1 INFO lab_template odoo.modules.loading: loading base/views/ir_cron_trigger_views.xml 
2026-09-08 20:40:24,980 1 INFO lab_template odoo.modules.loading: loading base/views/ir_filters_views.xml 
2026-09-08 20:40:24,991 1 INFO lab_template odoo.modules.loading: loading base/views/ir_mail_server_views.xml 
2026-09-08 20:40:25,003 1 INFO lab_template odoo.modules.loading: loading base/views/ir_model_views.xml 
2026-09-08 20:40:25,073 1 INFO lab_template odoo.modules.loading: loading base/views/ir_attachment_views.xml 
2026-09-08 20:40:25,085 1 INFO lab_template odoo.modules.loading: loading base/views/ir_rule_views.xml 
2026-09-08 20:40:25,095 1 INFO lab_template odoo.modules.loading: loading base/views/ir_sequence_views.xml 
2026-09-08 20:40:25,106 1 INFO lab_template odoo.modules.loading: loading base/views/ir_ui_menu_views.xml 
2026-09-08 20:40:25,118 1 INFO lab_template odoo.modules.loading: loading base/views/ir_ui_view_views.xml 
2026-09-08 20:40:25,142 1 INFO lab_template odoo.modules.loading: loading base/views/ir_default_views.xml 
2026-09-08 20:40:25,154 1 INFO lab_template odoo.modules.loading: loading base/data/ir_config_parameter_data.xml 
2026-09-08 20:40:25,155 1 INFO lab_template odoo.modules.loading: loading base/data/ir_cron_data.xml 
2026-09-08 20:40:25,162 1 INFO lab_template odoo.modules.loading: loading base/report/ir_model_report.xml 
2026-09-08 20:40:25,164 1 INFO lab_template odoo.modules.loading: loading base/report/ir_model_templates.xml 
2026-09-08 20:40:25,168 1 INFO lab_template odoo.modules.loading: loading base/views/ir_logging_views.xml 
2026-09-08 20:40:25,179 1 INFO lab_template odoo.modules.loading: loading base/views/ir_qweb_widget_templates.xml 
2026-09-08 20:40:25,187 1 INFO lab_template odoo.modules.loading: loading base/views/ir_module_views.xml 
2026-09-08 20:40:25,215 1 INFO lab_template odoo.modules.loading: loading base/data/ir_module_category_data.xml 
2026-09-08 20:40:25,230 1 INFO lab_template odoo.modules.loading: loading base/data/ir_module_module.xml 
2026-09-08 20:40:25,263 1 INFO lab_template odoo.modules.loading: loading base/report/ir_module_reports.xml 
2026-09-08 20:40:25,265 1 INFO lab_template odoo.modules.loading: loading base/report/ir_module_report_templates.xml 
2026-09-08 20:40:25,269 1 INFO lab_template odoo.modules.loading: loading base/wizard/base_module_update_views.xml 
2026-09-08 20:40:25,276 1 INFO lab_template odoo.modules.loading: loading base/wizard/base_language_install_views.xml 
2026-09-08 20:40:25,286 1 INFO lab_template odoo.modules.loading: loading base/wizard/base_import_language_views.xml 
2026-09-08 20:40:25,292 1 INFO lab_template odoo.modules.loading: loading base/wizard/base_module_upgrade_views.xml 
2026-09-08 20:40:25,301 1 INFO lab_template odoo.modules.loading: loading base/wizard/base_module_uninstall_views.xml 
2026-09-08 20:40:25,308 1 INFO lab_template odoo.modules.loading: loading base/wizard/base_export_language_views.xml 
2026-09-08 20:40:25,315 1 INFO lab_template odoo.modules.loading: loading base/wizard/base_partner_merge_views.xml 
2026-09-08 20:40:25,322 1 INFO lab_template odoo.modules.loading: loading base/data/ir_demo_failure_data.xml 
2026-09-08 20:40:25,330 1 INFO lab_template odoo.modules.loading: loading base/views/ir_profile_views.xml 
2026-09-08 20:40:25,343 1 INFO lab_template odoo.modules.loading: loading base/views/res_company_views.xml 
2026-09-08 20:40:25,355 1 INFO lab_template odoo.modules.loading: loading base/views/res_lang_views.xml 
2026-09-08 20:40:25,369 1 INFO lab_template odoo.modules.loading: loading base/views/res_partner_views.xml 
2026-09-08 20:40:25,415 1 INFO lab_template odoo.modules.loading: loading base/views/res_bank_views.xml 
2026-09-08 20:40:25,432 1 INFO lab_template odoo.modules.loading: loading base/views/res_country_views.xml 
2026-09-08 20:40:25,457 1 INFO lab_template odoo.modules.loading: loading base/views/res_currency_views.xml 
2026-09-08 20:40:25,478 1 INFO lab_template odoo.modules.loading: loading base/views/res_groups_views.xml 
2026-09-08 20:40:25,500 1 INFO lab_template odoo.modules.loading: loading base/views/res_users_views.xml 
2026-09-08 20:40:25,550 1 INFO lab_template odoo.modules.loading: loading base/views/res_users_apikeys_views.xml 
2026-09-08 20:40:25,554 1 INFO lab_template odoo.modules.loading: loading base/views/res_device_views.xml 
2026-09-08 20:40:25,565 1 INFO lab_template odoo.modules.loading: loading base/views/res_users_identitycheck_views.xml 
2026-09-08 20:40:25,569 1 INFO lab_template odoo.modules.loading: loading base/views/res_config_settings_views.xml 
2026-09-08 20:40:25,573 1 INFO lab_template odoo.modules.loading: loading base/views/report_paperformat_views.xml 
2026-09-08 20:40:25,588 1 INFO lab_template odoo.modules.loading: loading base/security/ir.model.access.csv 
2026-09-08 20:40:25,660 1 INFO lab_template odoo.modules.loading: Module base loaded in 3.57s, 8454 queries (+8454 other) 
2026-09-08 20:40:25,660 1 INFO lab_template odoo.modules.loading: 1 modules loaded in 3.57s, 8454 queries (+8454 extra) 
2026-09-08 20:40:25,663 1 INFO lab_template odoo.modules.loading: updating modules list 
2026-09-08 20:40:25,663 1 INFO lab_template odoo.addons.base.models.ir_module: ALLOW access to module.update_list on [] to user __system__ #1 via n/a 
2026-09-08 20:40:25,985 1 WARNING lab_template odoo.modules.module: Missing `author` key in manifest for 'quality_case', defaulting to '' 
2026-09-08 20:40:25,985 1 WARNING lab_template odoo.modules.module: Missing `author` key in manifest for 'quality_oracle', defaulting to '' 
2026-09-08 20:40:26,087 1 INFO lab_template odoo.modules.loading: loading 14 modules... 
2026-09-08 20:40:26,087 1 INFO lab_template odoo.modules.loading: Loading module rpc (2/14) 
2026-09-08 20:40:26,130 1 INFO lab_template odoo.modules.loading: Module rpc loaded in 0.04s, 9 queries (+9 other) 
2026-09-08 20:40:26,130 1 INFO lab_template odoo.modules.loading: Loading module web (3/14) 
2026-09-08 20:40:26,152 1 INFO lab_template odoo.registry: module web: creating or updating database tables 
2026-09-08 20:40:26,385 1 INFO lab_template odoo.modules.loading: loading web/security/ir.model.access.csv 
2026-09-08 20:40:26,389 1 INFO lab_template odoo.modules.loading: loading web/security/web_security.xml 
2026-09-08 20:40:26,394 1 INFO lab_template odoo.modules.loading: loading web/views/webclient_templates.xml 
2026-09-08 20:40:26,422 1 INFO lab_template odoo.modules.loading: loading web/views/report_templates.xml 
2026-09-08 20:40:26,472 1 INFO lab_template odoo.modules.loading: loading web/views/base_document_layout_views.xml 
2026-09-08 20:40:26,481 1 INFO lab_template odoo.modules.loading: loading web/views/partner_view.xml 
2026-09-08 20:40:26,484 1 INFO lab_template odoo.modules.loading: loading web/views/speedscope_template.xml 
2026-09-08 20:40:26,487 1 INFO lab_template odoo.modules.loading: loading web/views/memory_template.xml 
2026-09-08 20:40:26,490 1 INFO lab_template odoo.modules.loading: loading web/views/speedscope_config_wizard.xml 
2026-09-08 20:40:26,493 1 INFO lab_template odoo.modules.loading: loading web/views/neutralize_views.xml 
2026-09-08 20:40:26,497 1 INFO lab_template odoo.modules.loading: loading web/views/ir_ui_view_views.xml 
2026-09-08 20:40:26,503 1 INFO lab_template odoo.modules.loading: loading web/data/ir_attachment.xml 
2026-09-08 20:40:26,505 1 INFO lab_template odoo.modules.loading: loading web/data/report_layout.xml 
2026-09-08 20:40:26,546 1 INFO lab_template odoo.modules.loading: Module web loaded in 0.42s, 1232 queries (+1232 other) 
2026-09-08 20:40:26,546 1 INFO lab_template odoo.modules.loading: Loading module api_doc (4/14) 
2026-09-08 20:40:26,551 1 INFO lab_template odoo.registry: module api_doc: creating or updating database tables 
2026-09-08 20:40:26,567 1 INFO lab_template odoo.modules.loading: loading api_doc/security/res_groups.xml 
2026-09-08 20:40:26,585 1 INFO lab_template odoo.modules.loading: loading api_doc/views/docclient.xml 
2026-09-08 20:40:26,603 1 INFO lab_template odoo.modules.loading: Module api_doc loaded in 0.06s, 63 queries (+63 other) 
2026-09-08 20:40:26,603 1 INFO lab_template odoo.modules.loading: Loading module auth_totp (5/14) 
2026-09-08 20:40:26,616 1 INFO lab_template odoo.registry: module auth_totp: creating or updating database tables 
2026-09-08 20:40:26,672 1 INFO lab_template odoo.modules.loading: loading auth_totp/security/security.xml 
2026-09-08 20:40:26,689 1 INFO lab_template odoo.modules.loading: loading auth_totp/security/ir.model.access.csv 
2026-09-08 20:40:26,693 1 INFO lab_template odoo.modules.loading: loading auth_totp/data/ir_action_data.xml 
2026-09-08 20:40:26,696 1 INFO lab_template odoo.modules.loading: loading auth_totp/views/res_users_views.xml 
2026-09-08 20:40:26,710 1 INFO lab_template odoo.modules.loading: loading auth_totp/views/templates.xml 
2026-09-08 20:40:26,717 1 INFO lab_template odoo.modules.loading: loading auth_totp/wizard/auth_totp_wizard_views.xml 
2026-09-08 20:40:26,735 1 INFO lab_template odoo.modules.loading: Module auth_totp loaded in 0.13s, 218 queries (+218 other) 
2026-09-08 20:40:26,735 1 INFO lab_template odoo.modules.loading: Loading module base_import (6/14) 
2026-09-08 20:40:26,763 1 INFO lab_template odoo.registry: module base_import: creating or updating database tables 
2026-09-08 20:40:27,060 1 INFO lab_template odoo.modules.loading: loading base_import/security/ir.model.access.csv 
2026-09-08 20:40:27,068 1 INFO lab_template odoo.modules.loading: Module base_import loaded in 0.33s, 956 queries (+956 other) 
2026-09-08 20:40:27,068 1 INFO lab_template odoo.modules.loading: Loading module base_import_module (7/14) 
2026-09-08 20:40:27,071 1 INFO lab_template odoo.registry: module base_import_module: creating or updating database tables 
2026-09-08 20:40:27,122 1 INFO lab_template odoo.modules.loading: loading base_import_module/security/ir.model.access.csv 
2026-09-08 20:40:27,125 1 INFO lab_template odoo.modules.loading: loading base_import_module/views/base_import_module_view.xml 
2026-09-08 20:40:27,134 1 INFO lab_template odoo.modules.loading: loading base_import_module/views/ir_module_views.xml 
2026-09-08 20:40:27,158 1 INFO lab_template odoo.modules.loading: Module base_import_module loaded in 0.09s, 172 queries (+172 other) 
2026-09-08 20:40:27,158 1 INFO lab_template odoo.modules.loading: Loading module base_setup (8/14) 
2026-09-08 20:40:27,164 1 INFO lab_template odoo.registry: module base_setup: creating or updating database tables 
2026-09-08 20:40:27,187 1 INFO lab_template odoo.modules.loading: loading base_setup/data/base_setup_data.xml 
2026-09-08 20:40:27,189 1 INFO lab_template odoo.modules.loading: loading base_setup/views/res_config_settings_views.xml 
2026-09-08 20:40:27,203 1 INFO lab_template odoo.modules.loading: loading base_setup/views/res_partner_views.xml 
2026-09-08 20:40:27,215 1 INFO lab_template odoo.modules.loading: Module base_setup loaded in 0.06s, 152 queries (+152 other) 
2026-09-08 20:40:27,215 1 INFO lab_template odoo.modules.loading: Loading module bus (9/14) 
2026-09-08 20:40:27,224 1 INFO lab_template odoo.registry: module bus: creating or updating database tables 
2026-09-08 20:40:27,266 1 INFO lab_template odoo.modules.loading: loading bus/security/ir.model.access.csv 
2026-09-08 20:40:27,272 1 INFO lab_template odoo.modules.loading: Module bus loaded in 0.06s, 159 queries (+159 other) 
2026-09-08 20:40:27,272 1 INFO lab_template odoo.modules.loading: Loading module web_tour (10/14) 
2026-09-08 20:40:27,278 1 INFO lab_template odoo.registry: module web_tour: creating or updating database tables 
2026-09-08 20:40:27,283 1 INFO lab_template odoo.models: Prepare computation of res.users.tour_enabled 
2026-09-08 20:40:27,327 1 INFO lab_template odoo.modules.loading: loading web_tour/security/ir.model.access.csv 
2026-09-08 20:40:27,330 1 INFO lab_template odoo.modules.loading: loading web_tour/views/tour_views.xml 
2026-09-08 20:40:27,352 1 INFO lab_template odoo.modules.loading: Module web_tour loaded in 0.08s, 180 queries (+180 other) 
2026-09-08 20:40:27,352 1 INFO lab_template odoo.modules.loading: Loading module auth_passkey (11/14) 
2026-09-08 20:40:27,373 1 INFO lab_template odoo.registry: module auth_passkey: creating or updating database tables 
2026-09-08 20:40:27,421 1 INFO lab_template odoo.modules.loading: loading auth_passkey/views/auth_passkey_key_views.xml 
2026-09-08 20:40:27,431 1 INFO lab_template odoo.modules.loading: loading auth_passkey/views/auth_passkey_login_templates.xml 
2026-09-08 20:40:27,437 1 INFO lab_template odoo.modules.loading: loading auth_passkey/views/res_users_identitycheck_views.xml 
2026-09-08 20:40:27,444 1 INFO lab_template odoo.modules.loading: loading auth_passkey/views/res_users_views.xml 
2026-09-08 20:40:27,455 1 INFO lab_template odoo.modules.loading: loading auth_passkey/security/ir.model.access.csv 
2026-09-08 20:40:27,461 1 INFO lab_template odoo.modules.loading: loading auth_passkey/security/security.xml 
2026-09-08 20:40:27,482 1 INFO lab_template odoo.modules.loading: Module auth_passkey loaded in 0.13s, 218 queries (+218 other) 
2026-09-08 20:40:27,482 1 INFO lab_template odoo.modules.loading: Loading module html_editor (12/14) 
2026-09-08 20:40:27,568 1 INFO lab_template odoo.registry: module html_editor: creating or updating database tables 
2026-09-08 20:40:27,821 1 INFO lab_template odoo.modules.loading: loading html_editor/security/ir.model.access.csv 
2026-09-08 20:40:27,834 1 INFO lab_template odoo.modules.loading: Module html_editor loaded in 0.35s, 1034 queries (+1034 other) 
2026-09-08 20:40:27,834 1 INFO lab_template odoo.modules.loading: Loading module iap (13/14) 
2026-09-08 20:40:27,837 1 INFO lab_template odoo.registry: module iap: creating or updating database tables 
2026-09-08 20:40:27,884 1 INFO lab_template odoo.modules.loading: loading iap/data/services.xml 
2026-09-08 20:40:27,887 1 INFO lab_template odoo.modules.loading: loading iap/security/ir.model.access.csv 
2026-09-08 20:40:27,891 1 INFO lab_template odoo.modules.loading: loading iap/security/ir_rule.xml 
2026-09-08 20:40:27,894 1 INFO lab_template odoo.modules.loading: loading iap/views/iap_views.xml 
2026-09-08 20:40:27,906 1 INFO lab_template odoo.modules.loading: loading iap/views/res_config_settings.xml 
2026-09-08 20:40:27,919 1 INFO lab_template odoo.modules.loading: Module iap loaded in 0.08s, 182 queries (+182 other) 
2026-09-08 20:40:27,919 1 INFO lab_template odoo.modules.loading: Loading module web_unsplash (14/14) 
2026-09-08 20:40:27,924 1 INFO lab_template odoo.registry: module web_unsplash: creating or updating database tables 
2026-09-08 20:40:27,945 1 INFO lab_template odoo.modules.loading: loading web_unsplash/views/res_config_settings_view.xml 
2026-09-08 20:40:27,969 1 INFO lab_template odoo.modules.loading: Module web_unsplash loaded in 0.05s, 93 queries (+93 other) 
2026-09-08 20:40:27,969 1 INFO lab_template odoo.modules.loading: 14 modules loaded in 1.88s, 4668 queries (+4668 extra) 
2026-09-08 20:40:28,077 1 INFO lab_template odoo.modules.loading: Modules loaded. 
2026-09-08 20:40:28,091 1 INFO lab_template odoo.registry: Registry changed, signaling through the database 
2026-09-08 20:40:28,093 1 INFO lab_template odoo.registry: Registry loaded in 6.583s 
2026-09-08 20:40:28,093 1 INFO lab_template odoo.service.server: Initiating shutdown 
2026-09-08 20:40:28,093 1 INFO lab_template odoo.service.server: Hit CTRL-C again or send a second signal to force the shutdown. 
2026-09-08 20:40:28,093 1 INFO lab_template odoo.sql_db: ConnectionPool(read/write;used=0/count=0/max=64): Closed 1 connections  
