2026-09-09 14:05:19,191 1 WARNING ? odoo.tools.config: option addons_path, invalid addons directory '/mnt/extra-addons', skipped 
2026-09-09 14:05:19,191 1 WARNING ? odoo.tools.config: option --without-demo: since 19.0, invalid boolean value: 'all', assume True 
2026-09-09 14:05:19,191 1 WARNING ? odoo.tools.config: option addons_path, invalid addons directory '/mnt/extra-addons', skipped 
2026-09-09 14:05:19,191 1 INFO ? odoo: Odoo version 19.0-20260817 
2026-09-09 14:05:19,191 1 INFO ? odoo: Using configuration file at /etc/odoo/odoo.conf 
2026-09-09 14:05:19,191 1 INFO ? odoo: addons paths: _NamespacePath(['/usr/lib/python3/dist-packages/odoo/addons', '/tmp/odoo/addons/19.0', '/mnt/quality', '/usr/lib/python3/dist-packages/addons']) 
2026-09-09 14:05:19,191 1 INFO ? odoo: database: odoo@quality-rights-9c52ab471b-db:default 
2026-09-09 14:05:19,470 1 INFO qualification_0 odoo.modules.loading: Initializing database qualification_0 
2026-09-09 14:05:20,090 1 INFO qualification_0 odoo.modules.loading: loading 1 modules... 
2026-09-09 14:05:20,091 1 INFO qualification_0 odoo.modules.loading: Loading module base (1/1) 
2026-09-09 14:05:20,109 1 INFO qualification_0 odoo.registry: module base: creating or updating database tables 
2026-09-09 14:05:20,326 1 INFO qualification_0 odoo.models: Prepare computation of ir.module.module.menus_by_module 
2026-09-09 14:05:20,326 1 INFO qualification_0 odoo.models: Prepare computation of ir.module.module.reports_by_module 
2026-09-09 14:05:20,326 1 INFO qualification_0 odoo.models: Prepare computation of ir.module.module.views_by_module 
2026-09-09 14:05:20,396 1 INFO qualification_0 odoo.models: Prepare computation of res.partner.user_id 
2026-09-09 14:05:20,396 1 INFO qualification_0 odoo.models: Prepare computation of res.partner.commercial_partner_id 
2026-09-09 14:05:20,396 1 INFO qualification_0 odoo.models: Prepare computation of res.partner.complete_name 
2026-09-09 14:05:20,396 1 INFO qualification_0 odoo.models: Prepare computation of res.partner.lang 
2026-09-09 14:05:20,396 1 INFO qualification_0 odoo.models: Prepare computation of res.partner.company_registry 
2026-09-09 14:05:20,396 1 INFO qualification_0 odoo.models: Prepare computation of res.partner.commercial_company_name 
2026-09-09 14:05:20,396 1 INFO qualification_0 odoo.models: Prepare computation of res.partner.properties 
2026-09-09 14:05:20,396 1 INFO qualification_0 odoo.models: Prepare computation of res.partner.partner_share 
2026-09-09 14:05:20,423 1 INFO qualification_0 odoo.models: Prepare computation of res.currency.decimal_places 
2026-09-09 14:05:20,442 1 INFO qualification_0 odoo.models: Prepare computation of res.company.uses_default_logo 
2026-09-09 14:05:20,443 1 INFO qualification_0 odoo.models: Prepare computation of res.company.logo_web 
2026-09-09 14:05:20,444 1 INFO qualification_0 odoo.models: Computing parent_path for table res_company... 
2026-09-09 14:05:20,463 1 INFO qualification_0 odoo.models: Prepare computation of res.users.signature 
2026-09-09 14:05:20,463 1 INFO qualification_0 odoo.models: Prepare computation of res.users.share 
2026-09-09 14:05:21,282 1 INFO qualification_0 odoo.modules.loading: loading base/data/res_bank.xml 
2026-09-09 14:05:21,287 1 INFO qualification_0 odoo.modules.loading: loading base/data/res.lang.csv 
2026-09-09 14:05:21,322 1 INFO qualification_0 odoo.modules.loading: loading base/data/res_lang_data.xml 
2026-09-09 14:05:21,352 1 INFO qualification_0 odoo.modules.loading: loading base/data/res_partner_data.xml 
2026-09-09 14:05:21,379 1 INFO qualification_0 odoo.modules.loading: loading base/data/res_currency_data.xml 
2026-09-09 14:05:21,620 1 INFO qualification_0 odoo.modules.loading: loading base/data/res_company_data.xml 
2026-09-09 14:05:21,626 1 INFO qualification_0 odoo.modules.loading: loading base/data/res_users_data.xml 
2026-09-09 14:05:22,187 1 INFO qualification_0 odoo.modules.loading: loading base/data/report_paperformat_data.xml 
2026-09-09 14:05:22,193 1 INFO qualification_0 odoo.modules.loading: loading base/data/res_country_data.xml 
2026-09-09 14:05:22,511 1 INFO qualification_0 odoo.modules.loading: loading base/data/ir_demo_data.xml 
2026-09-09 14:05:22,523 1 INFO qualification_0 odoo.modules.loading: loading base/security/base_groups.xml 
2026-09-09 14:05:22,680 1 INFO qualification_0 odoo.modules.loading: loading base/security/base_security.xml 
2026-09-09 14:05:22,780 1 INFO qualification_0 odoo.modules.loading: loading base/wizard/wizard_ir_model_menu_create_views.xml 
2026-09-09 14:05:22,790 1 INFO qualification_0 odoo.modules.loading: loading base/views/base_menus.xml 
2026-09-09 14:05:22,824 1 INFO qualification_0 odoo.modules.loading: loading base/views/decimal_precision_views.xml 
2026-09-09 14:05:22,833 1 INFO qualification_0 odoo.modules.loading: loading base/views/res_config_views.xml 
2026-09-09 14:05:22,836 1 INFO qualification_0 odoo.modules.loading: loading base/data/res.country.state.csv 
2026-09-09 14:05:23,036 1 INFO qualification_0 odoo.modules.loading: loading base/views/ir_actions_views.xml 
2026-09-09 14:05:23,157 1 INFO qualification_0 odoo.modules.loading: loading base/views/ir_asset_views.xml 
2026-09-09 14:05:23,173 1 INFO qualification_0 odoo.modules.loading: loading base/views/ir_config_parameter_views.xml 
2026-09-09 14:05:23,187 1 INFO qualification_0 odoo.modules.loading: loading base/views/ir_cron_views.xml 
2026-09-09 14:05:23,206 1 INFO qualification_0 odoo.modules.loading: loading base/views/ir_cron_trigger_views.xml 
2026-09-09 14:05:23,215 1 INFO qualification_0 odoo.modules.loading: loading base/views/ir_filters_views.xml 
2026-09-09 14:05:23,230 1 INFO qualification_0 odoo.modules.loading: loading base/views/ir_mail_server_views.xml 
2026-09-09 14:05:23,241 1 INFO qualification_0 odoo.modules.loading: loading base/views/ir_model_views.xml 
2026-09-09 14:05:23,327 1 INFO qualification_0 odoo.modules.loading: loading base/views/ir_attachment_views.xml 
2026-09-09 14:05:23,340 1 INFO qualification_0 odoo.modules.loading: loading base/views/ir_rule_views.xml 
2026-09-09 14:05:23,353 1 INFO qualification_0 odoo.modules.loading: loading base/views/ir_sequence_views.xml 
2026-09-09 14:05:23,364 1 INFO qualification_0 odoo.modules.loading: loading base/views/ir_ui_menu_views.xml 
2026-09-09 14:05:23,374 1 INFO qualification_0 odoo.modules.loading: loading base/views/ir_ui_view_views.xml 
2026-09-09 14:05:23,399 1 INFO qualification_0 odoo.modules.loading: loading base/views/ir_default_views.xml 
2026-09-09 14:05:23,410 1 INFO qualification_0 odoo.modules.loading: loading base/data/ir_config_parameter_data.xml 
2026-09-09 14:05:23,412 1 INFO qualification_0 odoo.modules.loading: loading base/data/ir_cron_data.xml 
2026-09-09 14:05:23,419 1 INFO qualification_0 odoo.modules.loading: loading base/report/ir_model_report.xml 
2026-09-09 14:05:23,421 1 INFO qualification_0 odoo.modules.loading: loading base/report/ir_model_templates.xml 
2026-09-09 14:05:23,426 1 INFO qualification_0 odoo.modules.loading: loading base/views/ir_logging_views.xml 
2026-09-09 14:05:23,438 1 INFO qualification_0 odoo.modules.loading: loading base/views/ir_qweb_widget_templates.xml 
2026-09-09 14:05:23,446 1 INFO qualification_0 odoo.modules.loading: loading base/views/ir_module_views.xml 
2026-09-09 14:05:23,476 1 INFO qualification_0 odoo.modules.loading: loading base/data/ir_module_category_data.xml 
2026-09-09 14:05:23,505 1 INFO qualification_0 odoo.modules.loading: loading base/data/ir_module_module.xml 
2026-09-09 14:05:23,554 1 INFO qualification_0 odoo.modules.loading: loading base/report/ir_module_reports.xml 
2026-09-09 14:05:23,557 1 INFO qualification_0 odoo.modules.loading: loading base/report/ir_module_report_templates.xml 
2026-09-09 14:05:23,562 1 INFO qualification_0 odoo.modules.loading: loading base/wizard/base_module_update_views.xml 
2026-09-09 14:05:23,570 1 INFO qualification_0 odoo.modules.loading: loading base/wizard/base_language_install_views.xml 
2026-09-09 14:05:23,580 1 INFO qualification_0 odoo.modules.loading: loading base/wizard/base_import_language_views.xml 
2026-09-09 14:05:23,586 1 INFO qualification_0 odoo.modules.loading: loading base/wizard/base_module_upgrade_views.xml 
2026-09-09 14:05:23,596 1 INFO qualification_0 odoo.modules.loading: loading base/wizard/base_module_uninstall_views.xml 
2026-09-09 14:05:23,601 1 INFO qualification_0 odoo.modules.loading: loading base/wizard/base_export_language_views.xml 
2026-09-09 14:05:23,607 1 INFO qualification_0 odoo.modules.loading: loading base/wizard/base_partner_merge_views.xml 
2026-09-09 14:05:23,616 1 INFO qualification_0 odoo.modules.loading: loading base/data/ir_demo_failure_data.xml 
2026-09-09 14:05:23,625 1 INFO qualification_0 odoo.modules.loading: loading base/views/ir_profile_views.xml 
2026-09-09 14:05:23,643 1 INFO qualification_0 odoo.modules.loading: loading base/views/res_company_views.xml 
2026-09-09 14:05:23,664 1 INFO qualification_0 odoo.modules.loading: loading base/views/res_lang_views.xml 
2026-09-09 14:05:23,682 1 INFO qualification_0 odoo.modules.loading: loading base/views/res_partner_views.xml 
2026-09-09 14:05:23,728 1 INFO qualification_0 odoo.modules.loading: loading base/views/res_bank_views.xml 
2026-09-09 14:05:23,746 1 INFO qualification_0 odoo.modules.loading: loading base/views/res_country_views.xml 
2026-09-09 14:05:23,778 1 INFO qualification_0 odoo.modules.loading: loading base/views/res_currency_views.xml 
2026-09-09 14:05:23,815 1 INFO qualification_0 odoo.modules.loading: loading base/views/res_groups_views.xml 
2026-09-09 14:05:23,852 1 INFO qualification_0 odoo.modules.loading: loading base/views/res_users_views.xml 
2026-09-09 14:05:23,915 1 INFO qualification_0 odoo.modules.loading: loading base/views/res_users_apikeys_views.xml 
2026-09-09 14:05:23,921 1 INFO qualification_0 odoo.modules.loading: loading base/views/res_device_views.xml 
2026-09-09 14:05:23,935 1 INFO qualification_0 odoo.modules.loading: loading base/views/res_users_identitycheck_views.xml 
2026-09-09 14:05:23,940 1 INFO qualification_0 odoo.modules.loading: loading base/views/res_config_settings_views.xml 
2026-09-09 14:05:23,945 1 INFO qualification_0 odoo.modules.loading: loading base/views/report_paperformat_views.xml 
2026-09-09 14:05:23,962 1 INFO qualification_0 odoo.modules.loading: loading base/security/ir.model.access.csv 
2026-09-09 14:05:24,026 1 INFO qualification_0 odoo.modules.loading: Module base loaded in 3.93s, 8454 queries (+8454 other) 
2026-09-09 14:05:24,026 1 INFO qualification_0 odoo.modules.loading: 1 modules loaded in 3.94s, 8454 queries (+8454 extra) 
2026-09-09 14:05:24,028 1 INFO qualification_0 odoo.modules.loading: updating modules list 
2026-09-09 14:05:24,028 1 INFO qualification_0 odoo.addons.base.models.ir_module: ALLOW access to module.update_list on [] to user __system__ #1 via n/a 
2026-09-09 14:05:24,606 1 INFO qualification_0 odoo.addons.base.models.ir_module: ALLOW access to module.button_install on ['Synthetic rights qualification'] to user __system__ #1 via n/a 
2026-09-09 14:05:24,636 1 INFO qualification_0 odoo.modules.loading: loading 15 modules... 
2026-09-09 14:05:24,636 1 INFO qualification_0 odoo.modules.loading: Loading module quality_rights (2/15) 
2026-09-09 14:05:24,638 1 INFO qualification_0 odoo.registry: module quality_rights: creating or updating database tables 
2026-09-09 14:05:24,658 1 INFO qualification_0 odoo.modules.loading: loading quality_rights/security/ir.model.access.csv 
2026-09-09 14:05:24,665 1 INFO qualification_0 odoo.modules.loading: loading quality_rights/security/rules.xml 
2026-09-09 14:05:24,676 1 INFO qualification_0 odoo.modules.loading: Module quality_rights loaded in 0.04s, 61 queries (+61 other) 
2026-09-09 14:05:24,676 1 INFO qualification_0 odoo.modules.loading: Loading module rpc (3/15) 
2026-09-09 14:05:24,689 1 INFO qualification_0 odoo.modules.loading: Module rpc loaded in 0.01s, 10 queries (+10 other) 
2026-09-09 14:05:24,689 1 INFO qualification_0 odoo.modules.loading: Loading module web (4/15) 
2026-09-09 14:05:24,712 1 INFO qualification_0 odoo.registry: module web: creating or updating database tables 
2026-09-09 14:05:24,943 1 INFO qualification_0 odoo.modules.loading: loading web/security/ir.model.access.csv 
2026-09-09 14:05:24,947 1 INFO qualification_0 odoo.modules.loading: loading web/security/web_security.xml 
2026-09-09 14:05:24,955 1 INFO qualification_0 odoo.modules.loading: loading web/views/webclient_templates.xml 
2026-09-09 14:05:24,987 1 INFO qualification_0 odoo.modules.loading: loading web/views/report_templates.xml 
2026-09-09 14:05:25,044 1 INFO qualification_0 odoo.modules.loading: loading web/views/base_document_layout_views.xml 
2026-09-09 14:05:25,056 1 INFO qualification_0 odoo.modules.loading: loading web/views/partner_view.xml 
2026-09-09 14:05:25,060 1 INFO qualification_0 odoo.modules.loading: loading web/views/speedscope_template.xml 
2026-09-09 14:05:25,064 1 INFO qualification_0 odoo.modules.loading: loading web/views/memory_template.xml 
2026-09-09 14:05:25,069 1 INFO qualification_0 odoo.modules.loading: loading web/views/speedscope_config_wizard.xml 
2026-09-09 14:05:25,075 1 INFO qualification_0 odoo.modules.loading: loading web/views/neutralize_views.xml 
2026-09-09 14:05:25,080 1 INFO qualification_0 odoo.modules.loading: loading web/views/ir_ui_view_views.xml 
2026-09-09 14:05:25,085 1 INFO qualification_0 odoo.modules.loading: loading web/data/ir_attachment.xml 
2026-09-09 14:05:25,087 1 INFO qualification_0 odoo.modules.loading: loading web/data/report_layout.xml 
2026-09-09 14:05:25,123 1 INFO qualification_0 odoo.modules.loading: Module web loaded in 0.43s, 1237 queries (+1237 other) 
2026-09-09 14:05:25,124 1 INFO qualification_0 odoo.modules.loading: Loading module api_doc (5/15) 
2026-09-09 14:05:25,129 1 INFO qualification_0 odoo.registry: module api_doc: creating or updating database tables 
2026-09-09 14:05:25,138 1 INFO qualification_0 odoo.modules.loading: loading api_doc/security/res_groups.xml 
2026-09-09 14:05:25,150 1 INFO qualification_0 odoo.modules.loading: loading api_doc/views/docclient.xml 
2026-09-09 14:05:25,165 1 INFO qualification_0 odoo.modules.loading: Module api_doc loaded in 0.04s, 63 queries (+63 other) 
2026-09-09 14:05:25,165 1 INFO qualification_0 odoo.modules.loading: Loading module auth_totp (6/15) 
2026-09-09 14:05:25,177 1 INFO qualification_0 odoo.registry: module auth_totp: creating or updating database tables 
2026-09-09 14:05:25,231 1 INFO qualification_0 odoo.modules.loading: loading auth_totp/security/security.xml 
2026-09-09 14:05:25,251 1 INFO qualification_0 odoo.modules.loading: loading auth_totp/security/ir.model.access.csv 
2026-09-09 14:05:25,257 1 INFO qualification_0 odoo.modules.loading: loading auth_totp/data/ir_action_data.xml 
2026-09-09 14:05:25,263 1 INFO qualification_0 odoo.modules.loading: loading auth_totp/views/res_users_views.xml 
2026-09-09 14:05:25,284 1 INFO qualification_0 odoo.modules.loading: loading auth_totp/views/templates.xml 
2026-09-09 14:05:25,291 1 INFO qualification_0 odoo.modules.loading: loading auth_totp/wizard/auth_totp_wizard_views.xml 
2026-09-09 14:05:25,308 1 INFO qualification_0 odoo.modules.loading: Module auth_totp loaded in 0.14s, 218 queries (+218 other) 
2026-09-09 14:05:25,309 1 INFO qualification_0 odoo.modules.loading: Loading module base_import (7/15) 
2026-09-09 14:05:25,337 1 INFO qualification_0 odoo.registry: module base_import: creating or updating database tables 
2026-09-09 14:05:25,576 1 INFO qualification_0 odoo.modules.loading: loading base_import/security/ir.model.access.csv 
2026-09-09 14:05:25,588 1 INFO qualification_0 odoo.modules.loading: Module base_import loaded in 0.28s, 961 queries (+961 other) 
2026-09-09 14:05:25,589 1 INFO qualification_0 odoo.modules.loading: Loading module base_import_module (8/15) 
2026-09-09 14:05:25,595 1 INFO qualification_0 odoo.registry: module base_import_module: creating or updating database tables 
2026-09-09 14:05:25,634 1 INFO qualification_0 odoo.modules.loading: loading base_import_module/security/ir.model.access.csv 
2026-09-09 14:05:25,638 1 INFO qualification_0 odoo.modules.loading: loading base_import_module/views/base_import_module_view.xml 
2026-09-09 14:05:25,647 1 INFO qualification_0 odoo.modules.loading: loading base_import_module/views/ir_module_views.xml 
2026-09-09 14:05:25,671 1 INFO qualification_0 odoo.modules.loading: Module base_import_module loaded in 0.08s, 172 queries (+172 other) 
2026-09-09 14:05:25,671 1 INFO qualification_0 odoo.modules.loading: Loading module base_setup (9/15) 
2026-09-09 14:05:25,675 1 INFO qualification_0 odoo.registry: module base_setup: creating or updating database tables 
2026-09-09 14:05:25,695 1 INFO qualification_0 odoo.modules.loading: loading base_setup/data/base_setup_data.xml 
2026-09-09 14:05:25,698 1 INFO qualification_0 odoo.modules.loading: loading base_setup/views/res_config_settings_views.xml 
2026-09-09 14:05:25,711 1 INFO qualification_0 odoo.modules.loading: loading base_setup/views/res_partner_views.xml 
2026-09-09 14:05:25,722 1 INFO qualification_0 odoo.modules.loading: Module base_setup loaded in 0.05s, 152 queries (+152 other) 
2026-09-09 14:05:25,722 1 INFO qualification_0 odoo.modules.loading: Loading module bus (10/15) 
2026-09-09 14:05:25,731 1 INFO qualification_0 odoo.registry: module bus: creating or updating database tables 
2026-09-09 14:05:25,776 1 INFO qualification_0 odoo.modules.loading: loading bus/security/ir.model.access.csv 
2026-09-09 14:05:25,782 1 INFO qualification_0 odoo.modules.loading: Module bus loaded in 0.06s, 159 queries (+159 other) 
2026-09-09 14:05:25,782 1 INFO qualification_0 odoo.modules.loading: Loading module web_tour (11/15) 
2026-09-09 14:05:25,786 1 INFO qualification_0 odoo.registry: module web_tour: creating or updating database tables 
2026-09-09 14:05:25,788 1 INFO qualification_0 odoo.models: Prepare computation of res.users.tour_enabled 
2026-09-09 14:05:25,828 1 INFO qualification_0 odoo.modules.loading: loading web_tour/security/ir.model.access.csv 
2026-09-09 14:05:25,831 1 INFO qualification_0 odoo.modules.loading: loading web_tour/views/tour_views.xml 
2026-09-09 14:05:25,854 1 INFO qualification_0 odoo.modules.loading: Module web_tour loaded in 0.07s, 180 queries (+180 other) 
2026-09-09 14:05:25,854 1 INFO qualification_0 odoo.modules.loading: Loading module auth_passkey (12/15) 
2026-09-09 14:05:25,884 1 INFO qualification_0 odoo.registry: module auth_passkey: creating or updating database tables 
2026-09-09 14:05:25,925 1 INFO qualification_0 odoo.modules.loading: loading auth_passkey/views/auth_passkey_key_views.xml 
2026-09-09 14:05:25,946 1 INFO qualification_0 odoo.modules.loading: loading auth_passkey/views/auth_passkey_login_templates.xml 
2026-09-09 14:05:25,956 1 INFO qualification_0 odoo.modules.loading: loading auth_passkey/views/res_users_identitycheck_views.xml 
2026-09-09 14:05:25,965 1 INFO qualification_0 odoo.modules.loading: loading auth_passkey/views/res_users_views.xml 
2026-09-09 14:05:25,976 1 INFO qualification_0 odoo.modules.loading: loading auth_passkey/security/ir.model.access.csv 
2026-09-09 14:05:25,980 1 INFO qualification_0 odoo.modules.loading: loading auth_passkey/security/security.xml 
2026-09-09 14:05:25,997 1 INFO qualification_0 odoo.modules.loading: Module auth_passkey loaded in 0.14s, 218 queries (+218 other) 
2026-09-09 14:05:25,997 1 INFO qualification_0 odoo.modules.loading: Loading module html_editor (13/15) 
2026-09-09 14:05:26,102 1 INFO qualification_0 odoo.registry: module html_editor: creating or updating database tables 
2026-09-09 14:05:26,387 1 INFO qualification_0 odoo.modules.loading: loading html_editor/security/ir.model.access.csv 
2026-09-09 14:05:26,399 1 INFO qualification_0 odoo.modules.loading: Module html_editor loaded in 0.40s, 1039 queries (+1039 other) 
2026-09-09 14:05:26,399 1 INFO qualification_0 odoo.modules.loading: Loading module iap (14/15) 
2026-09-09 14:05:26,404 1 INFO qualification_0 odoo.registry: module iap: creating or updating database tables 
2026-09-09 14:05:26,464 1 INFO qualification_0 odoo.modules.loading: loading iap/data/services.xml 
2026-09-09 14:05:26,470 1 INFO qualification_0 odoo.modules.loading: loading iap/security/ir.model.access.csv 
2026-09-09 14:05:26,477 1 INFO qualification_0 odoo.modules.loading: loading iap/security/ir_rule.xml 
2026-09-09 14:05:26,485 1 INFO qualification_0 odoo.modules.loading: loading iap/views/iap_views.xml 
2026-09-09 14:05:26,506 1 INFO qualification_0 odoo.modules.loading: loading iap/views/res_config_settings.xml 
2026-09-09 14:05:26,523 1 INFO qualification_0 odoo.modules.loading: Module iap loaded in 0.12s, 182 queries (+182 other) 
2026-09-09 14:05:26,524 1 INFO qualification_0 odoo.modules.loading: Loading module web_unsplash (15/15) 
2026-09-09 14:05:26,533 1 INFO qualification_0 odoo.registry: module web_unsplash: creating or updating database tables 
2026-09-09 14:05:26,557 1 INFO qualification_0 odoo.modules.loading: loading web_unsplash/views/res_config_settings_view.xml 
2026-09-09 14:05:26,576 1 INFO qualification_0 odoo.modules.loading: Module web_unsplash loaded in 0.05s, 93 queries (+93 other) 
2026-09-09 14:05:26,576 1 INFO qualification_0 odoo.modules.loading: 15 modules loaded in 1.94s, 4745 queries (+4745 extra) 
2026-09-09 14:05:26,695 1 INFO qualification_0 odoo.modules.loading: Modules loaded. 
2026-09-09 14:05:26,703 1 INFO qualification_0 odoo.registry: Registry changed, signaling through the database 
2026-09-09 14:05:26,704 1 INFO qualification_0 odoo.registry: Registry loaded in 7.254s 
2026-09-09 14:05:26,704 1 INFO qualification_0 odoo.service.server: Initiating shutdown 
2026-09-09 14:05:26,704 1 INFO qualification_0 odoo.service.server: Hit CTRL-C again or send a second signal to force the shutdown. 
2026-09-09 14:05:26,704 1 INFO qualification_0 odoo.sql_db: ConnectionPool(read/write;used=0/count=0/max=64): Closed 1 connections  
