2026-09-09 14:05:28,970 1 WARNING ? odoo.tools.config: option addons_path, invalid addons directory '/mnt/extra-addons', skipped 
2026-09-09 14:05:28,970 1 WARNING ? odoo.tools.config: option --without-demo: since 19.0, invalid boolean value: 'all', assume True 
2026-09-09 14:05:28,970 1 WARNING ? odoo.tools.config: option addons_path, invalid addons directory '/mnt/extra-addons', skipped 
2026-09-09 14:05:28,970 1 INFO ? odoo: Odoo version 19.0-20260817 
2026-09-09 14:05:28,970 1 INFO ? odoo: Using configuration file at /etc/odoo/odoo.conf 
2026-09-09 14:05:28,970 1 INFO ? odoo: addons paths: _NamespacePath(['/usr/lib/python3/dist-packages/odoo/addons', '/tmp/odoo/addons/19.0', '/mnt/quality', '/usr/lib/python3/dist-packages/addons']) 
2026-09-09 14:05:28,970 1 INFO ? odoo: database: odoo@quality-rights-9c52ab471b-db:default 
2026-09-09 14:05:29,160 1 INFO ? odoo.service.server: Initiating shutdown 
2026-09-09 14:05:29,160 1 INFO ? odoo.service.server: Hit CTRL-C again or send a second signal to force the shutdown. 
2026-09-09 14:05:29,175 1 INFO qualification_0 odoo.modules.loading: loading 1 modules... 
2026-09-09 14:05:29,179 1 INFO qualification_0 odoo.modules.loading: 1 modules loaded in 0.00s, 0 queries (+0 extra) 
2026-09-09 14:05:29,183 1 INFO qualification_0 odoo.modules.loading: loading 15 modules... 
2026-09-09 14:05:29,279 1 INFO qualification_0 odoo.modules.loading: 15 modules loaded in 0.10s, 0 queries (+0 extra) 
2026-09-09 14:05:29,297 1 INFO qualification_0 odoo.modules.loading: Modules loaded. 
2026-09-09 14:05:29,303 1 INFO qualification_0 odoo.registry: Registry loaded in 0.143s 
2026-09-09 14:05:29,314 1 INFO qualification_0 odoo.addons.base.models.ir_rule: Access Denied by record rules for operation: read on record ids: [2], uid: 5, model: quality.rights.record 
2026-09-09 14:05:29,317 1 INFO qualification_0 odoo.addons.base.models.ir_rule: Access Denied by record rules for operation: write on record ids: [2], uid: 5, model: quality.rights.record 
2026-09-09 14:05:29,325 1 INFO qualification_0 odoo.addons.base.models.ir_rule: Access Denied by record rules for operation: create on record ids: [4], uid: 5, model: quality.rights.record 
2026-09-09 14:05:29,328 1 INFO qualification_0 odoo.addons.base.models.ir_rule: Access Denied by record rules for operation: create on record ids: [5], uid: 5, model: quality.rights.record 
QUALIFICATION_ORM={"checks": {"ordinary_user": true, "search_isolated": true, "read_foreign_denied": true, "write_foreign_denied": true, "write_own_succeeds": true, "import_own_succeeds": true, "import_foreign_denied": true, "foreign_unchanged": true, "foreign_import_absent": true}, "observations": {"uid": 5, "su": false, "company_ids": [2], "search_ids": [1], "read_foreign_error": "Uh-oh! Looks like you have stumbled upon some top-secret records.\n\nSorry, Synthetic limited user (id=5) doesn't have 'read' access to:\n- Synthetic company isolation record (quality.rights.record)\n\nIf you really, really need access, perhaps you can win over your friendly administrator with a batch of freshly baked cookies.\n\nThis seems to be a multi-company issue, but you do not have access to the proper company to access the record anyhow.", "write_foreign_error": "Uh-oh! Looks like you have stumbled upon some top-secret records.\n\nSorry, Synthetic limited user (id=5) doesn't have 'write' access to:\n- Synthetic company isolation record (quality.rights.record)\n\nIf you really, really need access, perhaps you can win over your friendly administrator with a batch of freshly baked cookies.\n\nThis seems to be a multi-company issue, but you do not have access to the proper company to access the record anyhow.", "import_own": {"ids": [3], "messages": [], "nextrow": 0}, "import_foreign": {"ids": false, "messages": [{"rows": {"from": 0, "to": 0}, "record": 0, "type": "error", "message": "Uh-oh! Looks like you have stumbled upon some top-secret records.\n\nSorry, Synthetic limited user (id=5) doesn't have 'create' access to:\n- Synthetic company isolation record (quality.rights.record)\n\nIf you really, really need access, perhaps you can win over your friendly administrator with a batch of freshly baked cookies.\n\nThis seems to be a multi-company issue, but you do not have access to the proper company to access the record anyhow."}], "nextrow": 0}, "admin_postconditions": [{"id": 1, "name": "A original", "company_id": [2, "Qualification company A"], "value": 11}, {"id": 2, "name": "B original", "company_id": [3, "Qualification company B"], "value": 20}, {"id": 3, "name": "ORM own import", "company_id": [2, "Qualification company A"], "value": 31}]}, "secure": true}
