2026-09-09 14:05:29,778 1 WARNING ? odoo.tools.config: option addons_path, invalid addons directory '/mnt/extra-addons', skipped 
2026-09-09 14:05:29,779 1 WARNING ? odoo.tools.config: option --without-demo: since 19.0, invalid boolean value: 'all', assume True 
2026-09-09 14:05:29,779 1 WARNING ? odoo.tools.config: option addons_path, invalid addons directory '/mnt/extra-addons', skipped 
2026-09-09 14:05:29,779 1 INFO ? odoo: Odoo version 19.0-20260817 
2026-09-09 14:05:29,779 1 INFO ? odoo: Using configuration file at /etc/odoo/odoo.conf 
2026-09-09 14:05:29,779 1 INFO ? odoo: addons paths: _NamespacePath(['/usr/lib/python3/dist-packages/odoo/addons', '/tmp/odoo/addons/19.0', '/mnt/quality', '/usr/lib/python3/dist-packages/addons']) 
2026-09-09 14:05:29,779 1 INFO ? odoo: database: odoo@quality-rights-9c52ab471b-db:default 
2026-09-09 14:05:29,955 1 INFO ? odoo.service.server: HTTP service (werkzeug) running on localhost:8069 
2026-09-09 14:05:29,969 1 INFO qualification_0 odoo.modules.loading: loading 1 modules... 
2026-09-09 14:05:29,972 1 INFO qualification_0 odoo.modules.loading: 1 modules loaded in 0.00s, 0 queries (+0 extra) 
2026-09-09 14:05:29,974 1 INFO qualification_0 odoo.modules.loading: loading 15 modules... 
2026-09-09 14:05:30,101 1 INFO qualification_0 odoo.modules.loading: 15 modules loaded in 0.13s, 0 queries (+0 extra) 
2026-09-09 14:05:30,138 1 INFO qualification_0 odoo.modules.loading: Modules loaded. 
2026-09-09 14:05:30,152 1 INFO qualification_0 odoo.registry: Registry loaded in 0.196s 
2026-09-09 14:05:30,451 1 INFO qualification_0 odoo.addons.base.models.ir_http: Generating routing map for key None 
2026-09-09 14:05:30,460 1 WARNING qualification_0 odoo.addons.rpc.controllers.xmlrpc: The /xmlrpc, /xmlrpc/2 and /jsonrpc endpoints are deprecated in Odoo 19 and scheduled for removal in Odoo 22. Please report the problem to the client making the request.
Mute this logger: --log-handler odoo.addons.rpc.controllers.xmlrpc:ERROR
https://www.odoo.com/documentation/latest/developer/reference/external_api.html#migrating-from-xml-rpc-json-rpc 
2026-09-09 14:05:30,738 1 INFO None odoo.addons.base.models.res_users: Login successful for login:qualification_user from n/a 
2026-09-09 14:05:30,753 1 INFO None werkzeug: 127.0.0.1 - - [09/Sep/2026 14:05:30] "POST /xmlrpc/2/common HTTP/1.1" 200 - 12 0.006 0.298
2026-09-09 14:05:30,756 1 WARNING qualification_0 odoo.addons.rpc.controllers.xmlrpc: The /xmlrpc, /xmlrpc/2 and /jsonrpc endpoints are deprecated in Odoo 19 and scheduled for removal in Odoo 22. Please report the problem to the client making the request.
Mute this logger: --log-handler odoo.addons.rpc.controllers.xmlrpc:ERROR
https://www.odoo.com/documentation/latest/developer/reference/external_api.html#migrating-from-xml-rpc-json-rpc 
2026-09-09 14:05:31,043 1 INFO qualification_0 werkzeug: 127.0.0.1 - - [09/Sep/2026 14:05:31] "POST /xmlrpc/2/object#quality.rights.record.search_read HTTP/1.1" 200 - 19 0.007 0.282
2026-09-09 14:05:31,047 1 WARNING qualification_0 odoo.addons.rpc.controllers.xmlrpc: The /xmlrpc, /xmlrpc/2 and /jsonrpc endpoints are deprecated in Odoo 19 and scheduled for removal in Odoo 22. Please report the problem to the client making the request.
Mute this logger: --log-handler odoo.addons.rpc.controllers.xmlrpc:ERROR
https://www.odoo.com/documentation/latest/developer/reference/external_api.html#migrating-from-xml-rpc-json-rpc 
2026-09-09 14:05:31,049 1 INFO qualification_0 odoo.addons.base.models.ir_rule: Access Denied by record rules for operation: read on record ids: [2], uid: 5, model: quality.rights.record 
2026-09-09 14:05:31,055 1 WARNING qualification_0 odoo.http: Uh-oh! Looks like you have stumbled upon some top-secret records.

Sorry, Synthetic limited user (id=5) doesn't have 'read' access to:
- Synthetic company isolation record (quality.rights.record)

If you really, really need access, perhaps you can win over your friendly administrator with a batch of freshly baked cookies.

This seems to be a multi-company issue, but you do not have access to the proper company to access the record anyhow. 
2026-09-09 14:05:31,055 1 INFO qualification_0 werkzeug: 127.0.0.1 - - [09/Sep/2026 14:05:31] "POST /xmlrpc/2/object#quality.rights.record.read HTTP/1.1" 200 - 15 0.004 0.007
2026-09-09 14:05:31,057 1 WARNING qualification_0 odoo.addons.rpc.controllers.xmlrpc: The /xmlrpc, /xmlrpc/2 and /jsonrpc endpoints are deprecated in Odoo 19 and scheduled for removal in Odoo 22. Please report the problem to the client making the request.
Mute this logger: --log-handler odoo.addons.rpc.controllers.xmlrpc:ERROR
https://www.odoo.com/documentation/latest/developer/reference/external_api.html#migrating-from-xml-rpc-json-rpc 
2026-09-09 14:05:31,064 1 INFO qualification_0 odoo.addons.base.models.ir_rule: Access Denied by record rules for operation: write on record ids: [2], uid: 5, model: quality.rights.record 
2026-09-09 14:05:31,070 1 WARNING qualification_0 odoo.http: Uh-oh! Looks like you have stumbled upon some top-secret records.

Sorry, Synthetic limited user (id=5) doesn't have 'write' access to:
- Synthetic company isolation record (quality.rights.record)

If you really, really need access, perhaps you can win over your friendly administrator with a batch of freshly baked cookies.

This seems to be a multi-company issue, but you do not have access to the proper company to access the record anyhow. 
2026-09-09 14:05:31,070 1 INFO qualification_0 werkzeug: 127.0.0.1 - - [09/Sep/2026 14:05:31] "POST /xmlrpc/2/object#quality.rights.record.write HTTP/1.1" 200 - 15 0.006 0.008
2026-09-09 14:05:31,073 1 WARNING qualification_0 odoo.addons.rpc.controllers.xmlrpc: The /xmlrpc, /xmlrpc/2 and /jsonrpc endpoints are deprecated in Odoo 19 and scheduled for removal in Odoo 22. Please report the problem to the client making the request.
Mute this logger: --log-handler odoo.addons.rpc.controllers.xmlrpc:ERROR
https://www.odoo.com/documentation/latest/developer/reference/external_api.html#migrating-from-xml-rpc-json-rpc 
2026-09-09 14:05:31,087 1 INFO qualification_0 werkzeug: 127.0.0.1 - - [09/Sep/2026 14:05:31] "POST /xmlrpc/2/object#quality.rights.record.write HTTP/1.1" 200 - 5 0.001 0.014
2026-09-09 14:05:31,090 1 WARNING qualification_0 odoo.addons.rpc.controllers.xmlrpc: The /xmlrpc, /xmlrpc/2 and /jsonrpc endpoints are deprecated in Odoo 19 and scheduled for removal in Odoo 22. Please report the problem to the client making the request.
Mute this logger: --log-handler odoo.addons.rpc.controllers.xmlrpc:ERROR
https://www.odoo.com/documentation/latest/developer/reference/external_api.html#migrating-from-xml-rpc-json-rpc 
2026-09-09 14:05:31,092 1 INFO qualification_0 werkzeug: 127.0.0.1 - - [09/Sep/2026 14:05:31] "POST /xmlrpc/2/object#quality.rights.record.read HTTP/1.1" 200 - 3 0.001 0.002
2026-09-09 14:05:31,094 1 WARNING qualification_0 odoo.addons.rpc.controllers.xmlrpc: The /xmlrpc, /xmlrpc/2 and /jsonrpc endpoints are deprecated in Odoo 19 and scheduled for removal in Odoo 22. Please report the problem to the client making the request.
Mute this logger: --log-handler odoo.addons.rpc.controllers.xmlrpc:ERROR
https://www.odoo.com/documentation/latest/developer/reference/external_api.html#migrating-from-xml-rpc-json-rpc 
2026-09-09 14:05:31,100 1 INFO qualification_0 werkzeug: 127.0.0.1 - - [09/Sep/2026 14:05:31] "POST /xmlrpc/2/object#quality.rights.record.load HTTP/1.1" 200 - 15 0.003 0.005
2026-09-09 14:05:31,103 1 WARNING qualification_0 odoo.addons.rpc.controllers.xmlrpc: The /xmlrpc, /xmlrpc/2 and /jsonrpc endpoints are deprecated in Odoo 19 and scheduled for removal in Odoo 22. Please report the problem to the client making the request.
Mute this logger: --log-handler odoo.addons.rpc.controllers.xmlrpc:ERROR
https://www.odoo.com/documentation/latest/developer/reference/external_api.html#migrating-from-xml-rpc-json-rpc 
2026-09-09 14:05:31,105 1 INFO qualification_0 werkzeug: 127.0.0.1 - - [09/Sep/2026 14:05:31] "POST /xmlrpc/2/object#quality.rights.record.read HTTP/1.1" 200 - 3 0.001 0.002
2026-09-09 14:05:31,107 1 WARNING qualification_0 odoo.addons.rpc.controllers.xmlrpc: The /xmlrpc, /xmlrpc/2 and /jsonrpc endpoints are deprecated in Odoo 19 and scheduled for removal in Odoo 22. Please report the problem to the client making the request.
Mute this logger: --log-handler odoo.addons.rpc.controllers.xmlrpc:ERROR
https://www.odoo.com/documentation/latest/developer/reference/external_api.html#migrating-from-xml-rpc-json-rpc 
2026-09-09 14:05:31,110 1 INFO qualification_0 odoo.addons.base.models.ir_rule: Access Denied by record rules for operation: create on record ids: [7], uid: 5, model: quality.rights.record 
2026-09-09 14:05:31,117 1 INFO qualification_0 odoo.addons.base.models.ir_rule: Access Denied by record rules for operation: create on record ids: [8], uid: 5, model: quality.rights.record 
2026-09-09 14:05:31,122 1 INFO qualification_0 werkzeug: 127.0.0.1 - - [09/Sep/2026 14:05:31] "POST /xmlrpc/2/object#quality.rights.record.load HTTP/1.1" 200 - 31 0.006 0.011
