2026-09-09 01:18:19,866 1 WARNING ? odoo.tools.config: option --without-demo: since 19.0, invalid boolean value: 'all', assume True 
2026-09-09 01:18:19,867 1 INFO ? odoo: Odoo version 19.0-20260817 
2026-09-09 01:18:19,867 1 INFO ? odoo: Using configuration file at /etc/odoo/odoo.conf 
2026-09-09 01:18:19,867 1 INFO ? odoo: addons paths: _NamespacePath(['/usr/lib/python3/dist-packages/odoo/addons', '/var/lib/odoo/addons/19.0', '/mnt/enterprise-addons', '/mnt/extra-addons', '/usr/lib/python3/dist-packages/addons']) 
2026-09-09 01:18:19,867 1 INFO ? odoo: database: odoo@db:5432 
2026-09-09 01:18:20,084 1 INFO ? odoo.service.server: Initiating shutdown 
2026-09-09 01:18:20,084 1 INFO ? odoo.service.server: Hit CTRL-C again or send a second signal to force the shutdown. 
2026-09-09 01:18:20,099 1 INFO lab_client odoo.modules.loading: loading 1 modules... 
2026-09-09 01:18:20,103 1 INFO lab_client odoo.modules.loading: 1 modules loaded in 0.00s, 0 queries (+0 extra) 
2026-09-09 01:18:20,104 1 WARNING lab_client odoo.modules.module: Missing `author` key in manifest for 'lab_dispatch', defaulting to '' 
2026-09-09 01:18:20,108 1 INFO lab_client odoo.modules.loading: loading 21 modules... 
2026-09-09 01:18:20,222 1 INFO lab_client odoo.modules.loading: 21 modules loaded in 0.11s, 0 queries (+0 extra) 
2026-09-09 01:18:20,256 1 INFO lab_client odoo.modules.loading: Modules loaded. 
2026-09-09 01:18:20,265 1 INFO lab_client odoo.registry: Registry loaded in 0.181s 
FRACTION_RESULT=20.004
Traceback (most recent call last):
  File "/usr/bin/odoo", line 6, in <module>
    odoo.cli.main()
  File "/usr/lib/python3/dist-packages/odoo/cli/command.py", line 133, in main
    command().run(args)
  File "/usr/lib/python3/dist-packages/odoo/cli/shell.py", line 162, in run
    self.shell(dbnames[0])
  File "/usr/lib/python3/dist-packages/odoo/cli/shell.py", line 148, in shell
    self.console(local_vars)
  File "/usr/lib/python3/dist-packages/odoo/cli/shell.py", line 82, in console
    exec(sys.stdin.read(), local_vars)
  File "<string>", line 1, in <module>
AssertionError: non-contractual rounding skipped a repair
