2026-09-09 01:18:18,989 1 WARNING ? odoo.tools.config: option --without-demo: since 19.0, invalid boolean value: 'all', assume True 
2026-09-09 01:18:18,989 1 INFO ? odoo: Odoo version 19.0-20260817 
2026-09-09 01:18:18,989 1 INFO ? odoo: Using configuration file at /etc/odoo/odoo.conf 
2026-09-09 01:18:18,989 1 INFO ? odoo: addons paths: _NamespacePath(['/usr/lib/python3/dist-packages/odoo/addons', '/var/lib/odoo/addons/19.0', '/mnt/enterprise-addons', '/mnt/extra-addons', '/usr/lib/python3/dist-packages/addons']) 
2026-09-09 01:18:18,989 1 INFO ? odoo: database: odoo@db:5432 
2026-09-09 01:18:19,154 1 INFO ? odoo.service.server: Initiating shutdown 
2026-09-09 01:18:19,154 1 INFO ? odoo.service.server: Hit CTRL-C again or send a second signal to force the shutdown. 
2026-09-09 01:18:19,170 1 INFO lab_client odoo.modules.loading: loading 1 modules... 
2026-09-09 01:18:19,173 1 INFO lab_client odoo.modules.loading: 1 modules loaded in 0.00s, 0 queries (+0 extra) 
2026-09-09 01:18:19,175 1 WARNING lab_client odoo.modules.module: Missing `author` key in manifest for 'lab_dispatch', defaulting to '' 
2026-09-09 01:18:19,179 1 INFO lab_client odoo.modules.loading: loading 21 modules... 
2026-09-09 01:18:19,285 1 INFO lab_client odoo.modules.loading: 21 modules loaded in 0.11s, 0 queries (+0 extra) 
2026-09-09 01:18:19,308 1 INFO lab_client odoo.modules.loading: Modules loaded. 
2026-09-09 01:18:19,314 1 INFO lab_client odoo.registry: Registry loaded in 0.160s 
=== AVANT ===
dossiers : 3 · brouillons : 2 · validés : 1
  id=1 state=draft snapshot=999.00 attendu=20.00
  id=2 state=done  snapshot=777.00 attendu=20.00
  id=3 state=draft snapshot=20.00 attendu=20.00

brouillons divergents : 1 / 2
  id=1 999.00 -> 20.00

=== APRÈS ===
  id=1 state=draft snapshot=20.00 attendu=20.00
  id=2 state=done  snapshot=777.00 attendu=20.00
  id=3 state=draft snapshot=20.00 attendu=20.00

enregistrements écrits : 1
validés strictement intacts (total et write_date) : OUI
tous les brouillons convergés : OUI
REPRISE ok · commit effectué
