2026-09-09 01:18:07,202 1 WARNING ? odoo.tools.config: option --without-demo: since 19.0, invalid boolean value: 'all', assume True 
2026-09-09 01:18:07,202 1 INFO ? odoo: Odoo version 19.0-20260817 
2026-09-09 01:18:07,202 1 INFO ? odoo: Using configuration file at /etc/odoo/odoo.conf 
2026-09-09 01:18:07,202 1 INFO ? odoo: addons paths: _NamespacePath(['/usr/lib/python3/dist-packages/odoo/addons', '/var/lib/odoo/addons/19.0', '/mnt/enterprise-addons', '/mnt/extra-addons', '/usr/lib/python3/dist-packages/addons']) 
2026-09-09 01:18:07,202 1 INFO ? odoo: database: odoo@db:5432 
2026-09-09 01:18:07,403 1 INFO lab_client odoo.modules.loading: Initializing database lab_client 
2026-09-09 01:18:08,035 1 WARNING lab_client odoo.modules.module: Missing `author` key in manifest for 'lab_dispatch', defaulting to '' 
2026-09-09 01:18:08,035 1 WARNING lab_client odoo.modules.module: Missing `author` key in manifest for 'lab_dispatch', defaulting to '' 
2026-09-09 01:18:08,503 1 INFO lab_client odoo.modules.loading: loading 1 modules... 
2026-09-09 01:18:08,503 1 INFO lab_client odoo.modules.loading: Loading module base (1/1) 
2026-09-09 01:18:08,518 1 INFO lab_client odoo.registry: module base: creating or updating database tables 
2026-09-09 01:18:08,650 1 INFO lab_client odoo.models: Prepare computation of ir.module.module.menus_by_module 
2026-09-09 01:18:08,650 1 INFO lab_client odoo.models: Prepare computation of ir.module.module.reports_by_module 
2026-09-09 01:18:08,650 1 INFO lab_client odoo.models: Prepare computation of ir.module.module.views_by_module 
2026-09-09 01:18:08,697 1 INFO lab_client odoo.models: Prepare computation of res.partner.user_id 
2026-09-09 01:18:08,697 1 INFO lab_client odoo.models: Prepare computation of res.partner.commercial_partner_id 
2026-09-09 01:18:08,697 1 INFO lab_client odoo.models: Prepare computation of res.partner.complete_name 
2026-09-09 01:18:08,697 1 INFO lab_client odoo.models: Prepare computation of res.partner.lang 
2026-09-09 01:18:08,697 1 INFO lab_client odoo.models: Prepare computation of res.partner.company_registry 
2026-09-09 01:18:08,697 1 INFO lab_client odoo.models: Prepare computation of res.partner.commercial_company_name 
2026-09-09 01:18:08,697 1 INFO lab_client odoo.models: Prepare computation of res.partner.properties 
2026-09-09 01:18:08,697 1 INFO lab_client odoo.models: Prepare computation of res.partner.partner_share 
2026-09-09 01:18:08,709 1 INFO lab_client odoo.models: Prepare computation of res.currency.decimal_places 
2026-09-09 01:18:08,717 1 INFO lab_client odoo.models: Prepare computation of res.company.uses_default_logo 
2026-09-09 01:18:08,717 1 INFO lab_client odoo.models: Prepare computation of res.company.logo_web 
2026-09-09 01:18:08,718 1 INFO lab_client odoo.models: Computing parent_path for table res_company... 
2026-09-09 01:18:08,732 1 INFO lab_client odoo.models: Prepare computation of res.users.signature 
2026-09-09 01:18:08,732 1 INFO lab_client odoo.models: Prepare computation of res.users.share 
2026-09-09 01:18:09,447 1 INFO lab_client odoo.modules.loading: loading base/data/res_bank.xml 
2026-09-09 01:18:09,450 1 INFO lab_client odoo.modules.loading: loading base/data/res.lang.csv 
2026-09-09 01:18:09,478 1 INFO lab_client odoo.modules.loading: loading base/data/res_lang_data.xml 
2026-09-09 01:18:09,496 1 INFO lab_client odoo.modules.loading: loading base/data/res_partner_data.xml 
2026-09-09 01:18:09,516 1 INFO lab_client odoo.modules.loading: loading base/data/res_currency_data.xml 
2026-09-09 01:18:09,806 1 INFO lab_client odoo.modules.loading: loading base/data/res_company_data.xml 
2026-09-09 01:18:09,810 1 INFO lab_client odoo.modules.loading: loading base/data/res_users_data.xml 
2026-09-09 01:18:10,371 1 INFO lab_client odoo.modules.loading: loading base/data/report_paperformat_data.xml 
2026-09-09 01:18:10,378 1 INFO lab_client odoo.modules.loading: loading base/data/res_country_data.xml 
2026-09-09 01:18:10,658 1 INFO lab_client odoo.modules.loading: loading base/data/ir_demo_data.xml 
2026-09-09 01:18:10,665 1 INFO lab_client odoo.modules.loading: loading base/security/base_groups.xml 
2026-09-09 01:18:10,770 1 INFO lab_client odoo.modules.loading: loading base/security/base_security.xml 
2026-09-09 01:18:10,856 1 INFO lab_client odoo.modules.loading: loading base/wizard/wizard_ir_model_menu_create_views.xml 
2026-09-09 01:18:10,862 1 INFO lab_client odoo.modules.loading: loading base/views/base_menus.xml 
2026-09-09 01:18:10,895 1 INFO lab_client odoo.modules.loading: loading base/views/decimal_precision_views.xml 
2026-09-09 01:18:10,905 1 INFO lab_client odoo.modules.loading: loading base/views/res_config_views.xml 
2026-09-09 01:18:10,908 1 INFO lab_client odoo.modules.loading: loading base/data/res.country.state.csv 
2026-09-09 01:18:11,064 1 INFO lab_client odoo.modules.loading: loading base/views/ir_actions_views.xml 
2026-09-09 01:18:11,144 1 INFO lab_client odoo.modules.loading: loading base/views/ir_asset_views.xml 
2026-09-09 01:18:11,155 1 INFO lab_client odoo.modules.loading: loading base/views/ir_config_parameter_views.xml 
2026-09-09 01:18:11,165 1 INFO lab_client odoo.modules.loading: loading base/views/ir_cron_views.xml 
2026-09-09 01:18:11,181 1 INFO lab_client odoo.modules.loading: loading base/views/ir_cron_trigger_views.xml 
2026-09-09 01:18:11,191 1 INFO lab_client odoo.modules.loading: loading base/views/ir_filters_views.xml 
2026-09-09 01:18:11,204 1 INFO lab_client odoo.modules.loading: loading base/views/ir_mail_server_views.xml 
2026-09-09 01:18:11,216 1 INFO lab_client odoo.modules.loading: loading base/views/ir_model_views.xml 
2026-09-09 01:18:11,295 1 INFO lab_client odoo.modules.loading: loading base/views/ir_attachment_views.xml 
2026-09-09 01:18:11,307 1 INFO lab_client odoo.modules.loading: loading base/views/ir_rule_views.xml 
2026-09-09 01:18:11,317 1 INFO lab_client odoo.modules.loading: loading base/views/ir_sequence_views.xml 
2026-09-09 01:18:11,329 1 INFO lab_client odoo.modules.loading: loading base/views/ir_ui_menu_views.xml 
2026-09-09 01:18:11,341 1 INFO lab_client odoo.modules.loading: loading base/views/ir_ui_view_views.xml 
2026-09-09 01:18:11,370 1 INFO lab_client odoo.modules.loading: loading base/views/ir_default_views.xml 
2026-09-09 01:18:11,381 1 INFO lab_client odoo.modules.loading: loading base/data/ir_config_parameter_data.xml 
2026-09-09 01:18:11,382 1 INFO lab_client odoo.modules.loading: loading base/data/ir_cron_data.xml 
2026-09-09 01:18:11,389 1 INFO lab_client odoo.modules.loading: loading base/report/ir_model_report.xml 
2026-09-09 01:18:11,392 1 INFO lab_client odoo.modules.loading: loading base/report/ir_model_templates.xml 
2026-09-09 01:18:11,397 1 INFO lab_client odoo.modules.loading: loading base/views/ir_logging_views.xml 
2026-09-09 01:18:11,408 1 INFO lab_client odoo.modules.loading: loading base/views/ir_qweb_widget_templates.xml 
2026-09-09 01:18:11,416 1 INFO lab_client odoo.modules.loading: loading base/views/ir_module_views.xml 
2026-09-09 01:18:11,447 1 INFO lab_client odoo.modules.loading: loading base/data/ir_module_category_data.xml 
2026-09-09 01:18:11,468 1 INFO lab_client odoo.modules.loading: loading base/data/ir_module_module.xml 
2026-09-09 01:18:11,483 1 INFO lab_client odoo.modules.loading: loading base/report/ir_module_reports.xml 
2026-09-09 01:18:11,485 1 INFO lab_client odoo.modules.loading: loading base/report/ir_module_report_templates.xml 
2026-09-09 01:18:11,489 1 INFO lab_client odoo.modules.loading: loading base/wizard/base_module_update_views.xml 
2026-09-09 01:18:11,497 1 INFO lab_client odoo.modules.loading: loading base/wizard/base_language_install_views.xml 
2026-09-09 01:18:11,504 1 INFO lab_client odoo.modules.loading: loading base/wizard/base_import_language_views.xml 
2026-09-09 01:18:11,511 1 INFO lab_client odoo.modules.loading: loading base/wizard/base_module_upgrade_views.xml 
2026-09-09 01:18:11,523 1 INFO lab_client odoo.modules.loading: loading base/wizard/base_module_uninstall_views.xml 
2026-09-09 01:18:11,529 1 INFO lab_client odoo.modules.loading: loading base/wizard/base_export_language_views.xml 
2026-09-09 01:18:11,536 1 INFO lab_client odoo.modules.loading: loading base/wizard/base_partner_merge_views.xml 
2026-09-09 01:18:11,546 1 INFO lab_client odoo.modules.loading: loading base/data/ir_demo_failure_data.xml 
2026-09-09 01:18:11,556 1 INFO lab_client odoo.modules.loading: loading base/views/ir_profile_views.xml 
2026-09-09 01:18:11,569 1 INFO lab_client odoo.modules.loading: loading base/views/res_company_views.xml 
2026-09-09 01:18:11,580 1 INFO lab_client odoo.modules.loading: loading base/views/res_lang_views.xml 
2026-09-09 01:18:11,592 1 INFO lab_client odoo.modules.loading: loading base/views/res_partner_views.xml 
2026-09-09 01:18:11,639 1 INFO lab_client odoo.modules.loading: loading base/views/res_bank_views.xml 
2026-09-09 01:18:11,664 1 INFO lab_client odoo.modules.loading: loading base/views/res_country_views.xml 
2026-09-09 01:18:11,694 1 INFO lab_client odoo.modules.loading: loading base/views/res_currency_views.xml 
2026-09-09 01:18:11,723 1 INFO lab_client odoo.modules.loading: loading base/views/res_groups_views.xml 
2026-09-09 01:18:11,748 1 INFO lab_client odoo.modules.loading: loading base/views/res_users_views.xml 
2026-09-09 01:18:11,799 1 INFO lab_client odoo.modules.loading: loading base/views/res_users_apikeys_views.xml 
2026-09-09 01:18:11,803 1 INFO lab_client odoo.modules.loading: loading base/views/res_device_views.xml 
2026-09-09 01:18:11,815 1 INFO lab_client odoo.modules.loading: loading base/views/res_users_identitycheck_views.xml 
2026-09-09 01:18:11,819 1 INFO lab_client odoo.modules.loading: loading base/views/res_config_settings_views.xml 
2026-09-09 01:18:11,823 1 INFO lab_client odoo.modules.loading: loading base/views/report_paperformat_views.xml 
2026-09-09 01:18:11,837 1 INFO lab_client odoo.modules.loading: loading base/security/ir.model.access.csv 
2026-09-09 01:18:11,925 1 INFO lab_client odoo.modules.loading: Module base loaded in 3.42s, 8374 queries (+8374 other) 
2026-09-09 01:18:11,925 1 INFO lab_client odoo.modules.loading: 1 modules loaded in 3.42s, 8374 queries (+8374 extra) 
2026-09-09 01:18:11,927 1 INFO lab_client odoo.modules.loading: updating modules list 
2026-09-09 01:18:11,928 1 INFO lab_client odoo.addons.base.models.ir_module: ALLOW access to module.update_list on [] to user __system__ #1 via n/a 
2026-09-09 01:18:12,686 1 WARNING lab_client odoo.modules.module: Missing `author` key in manifest for 'lab_dispatch', defaulting to '' 
2026-09-09 01:18:13,010 1 INFO lab_client odoo.addons.base.models.ir_module: ALLOW access to module.button_install on ['Entrepôt Silex — recalcul des demandes en cours'] to user __system__ #1 via n/a 
2026-09-09 01:18:13,047 1 INFO lab_client odoo.modules.loading: loading 21 modules... 
2026-09-09 01:18:13,047 1 INFO lab_client odoo.modules.loading: Loading module lab_dispatch (2/21) 
2026-09-09 01:18:13,052 1 INFO lab_client odoo.registry: module lab_dispatch: creating or updating database tables 
2026-09-09 01:18:13,075 1 INFO lab_client odoo.modules.loading: loading lab_dispatch/security/ir.model.access.csv 
2026-09-09 01:18:13,081 1 INFO lab_client odoo.modules.loading: Module lab_dispatch loaded in 0.03s, 71 queries (+71 other) 
2026-09-09 01:18:13,081 1 INFO lab_client odoo.modules.loading: Loading module rpc (3/21) 
2026-09-09 01:18:13,090 1 INFO lab_client odoo.modules.loading: Module rpc loaded in 0.01s, 10 queries (+10 other) 
2026-09-09 01:18:13,090 1 INFO lab_client odoo.modules.loading: Loading module web (4/21) 
2026-09-09 01:18:13,107 1 INFO lab_client odoo.registry: module web: creating or updating database tables 
2026-09-09 01:18:13,311 1 INFO lab_client odoo.modules.loading: loading web/security/ir.model.access.csv 
2026-09-09 01:18:13,315 1 INFO lab_client odoo.modules.loading: loading web/security/web_security.xml 
2026-09-09 01:18:13,321 1 INFO lab_client odoo.modules.loading: loading web/views/webclient_templates.xml 
2026-09-09 01:18:13,348 1 INFO lab_client odoo.modules.loading: loading web/views/report_templates.xml 
2026-09-09 01:18:13,422 1 INFO lab_client odoo.modules.loading: loading web/views/base_document_layout_views.xml 
2026-09-09 01:18:13,436 1 INFO lab_client odoo.modules.loading: loading web/views/partner_view.xml 
2026-09-09 01:18:13,442 1 INFO lab_client odoo.modules.loading: loading web/views/speedscope_template.xml 
2026-09-09 01:18:13,446 1 INFO lab_client odoo.modules.loading: loading web/views/memory_template.xml 
2026-09-09 01:18:13,451 1 INFO lab_client odoo.modules.loading: loading web/views/speedscope_config_wizard.xml 
2026-09-09 01:18:13,457 1 INFO lab_client odoo.modules.loading: loading web/views/neutralize_views.xml 
2026-09-09 01:18:13,466 1 INFO lab_client odoo.modules.loading: loading web/views/ir_ui_view_views.xml 
2026-09-09 01:18:13,476 1 INFO lab_client odoo.modules.loading: loading web/data/ir_attachment.xml 
2026-09-09 01:18:13,479 1 INFO lab_client odoo.modules.loading: loading web/data/report_layout.xml 
2026-09-09 01:18:13,517 1 INFO lab_client odoo.modules.loading: Module web loaded in 0.43s, 1242 queries (+1242 other) 
2026-09-09 01:18:13,517 1 INFO lab_client odoo.modules.loading: Loading module api_doc (5/21) 
2026-09-09 01:18:13,522 1 INFO lab_client odoo.registry: module api_doc: creating or updating database tables 
2026-09-09 01:18:13,538 1 INFO lab_client odoo.modules.loading: loading api_doc/security/res_groups.xml 
2026-09-09 01:18:13,555 1 INFO lab_client odoo.modules.loading: loading api_doc/views/docclient.xml 
2026-09-09 01:18:13,571 1 INFO lab_client odoo.modules.loading: Module api_doc loaded in 0.05s, 63 queries (+63 other) 
2026-09-09 01:18:13,571 1 INFO lab_client odoo.modules.loading: Loading module auth_totp (6/21) 
2026-09-09 01:18:13,584 1 INFO lab_client odoo.registry: module auth_totp: creating or updating database tables 
2026-09-09 01:18:13,631 1 INFO lab_client odoo.modules.loading: loading auth_totp/security/security.xml 
2026-09-09 01:18:13,641 1 INFO lab_client odoo.modules.loading: loading auth_totp/security/ir.model.access.csv 
2026-09-09 01:18:13,644 1 INFO lab_client odoo.modules.loading: loading auth_totp/data/ir_action_data.xml 
2026-09-09 01:18:13,648 1 INFO lab_client odoo.modules.loading: loading auth_totp/views/res_users_views.xml 
2026-09-09 01:18:13,663 1 INFO lab_client odoo.modules.loading: loading auth_totp/views/templates.xml 
2026-09-09 01:18:13,670 1 INFO lab_client odoo.modules.loading: loading auth_totp/wizard/auth_totp_wizard_views.xml 
2026-09-09 01:18:13,683 1 INFO lab_client odoo.modules.loading: Module auth_totp loaded in 0.11s, 218 queries (+218 other) 
2026-09-09 01:18:13,683 1 INFO lab_client odoo.modules.loading: Loading module base_import (7/21) 
2026-09-09 01:18:13,707 1 INFO lab_client odoo.registry: module base_import: creating or updating database tables 
2026-09-09 01:18:13,940 1 INFO lab_client odoo.modules.loading: loading base_import/security/ir.model.access.csv 
2026-09-09 01:18:13,947 1 INFO lab_client odoo.modules.loading: Module base_import loaded in 0.26s, 966 queries (+966 other) 
2026-09-09 01:18:13,947 1 INFO lab_client odoo.modules.loading: Loading module base_import_module (8/21) 
2026-09-09 01:18:13,950 1 INFO lab_client odoo.registry: module base_import_module: creating or updating database tables 
2026-09-09 01:18:13,988 1 INFO lab_client odoo.modules.loading: loading base_import_module/security/ir.model.access.csv 
2026-09-09 01:18:13,991 1 INFO lab_client odoo.modules.loading: loading base_import_module/views/base_import_module_view.xml 
2026-09-09 01:18:14,002 1 INFO lab_client odoo.modules.loading: loading base_import_module/views/ir_module_views.xml 
2026-09-09 01:18:14,025 1 INFO lab_client odoo.modules.loading: Module base_import_module loaded in 0.08s, 172 queries (+172 other) 
2026-09-09 01:18:14,025 1 INFO lab_client odoo.modules.loading: Loading module base_setup (9/21) 
2026-09-09 01:18:14,030 1 INFO lab_client odoo.registry: module base_setup: creating or updating database tables 
2026-09-09 01:18:14,052 1 INFO lab_client odoo.modules.loading: loading base_setup/data/base_setup_data.xml 
2026-09-09 01:18:14,055 1 INFO lab_client odoo.modules.loading: loading base_setup/views/res_config_settings_views.xml 
2026-09-09 01:18:14,070 1 INFO lab_client odoo.modules.loading: loading base_setup/views/res_partner_views.xml 
2026-09-09 01:18:14,083 1 INFO lab_client odoo.modules.loading: Module base_setup loaded in 0.06s, 152 queries (+152 other) 
2026-09-09 01:18:14,083 1 INFO lab_client odoo.modules.loading: Loading module bus (10/21) 
2026-09-09 01:18:14,092 1 INFO lab_client odoo.registry: module bus: creating or updating database tables 
2026-09-09 01:18:14,135 1 INFO lab_client odoo.modules.loading: loading bus/security/ir.model.access.csv 
2026-09-09 01:18:14,141 1 INFO lab_client odoo.modules.loading: Module bus loaded in 0.06s, 159 queries (+159 other) 
2026-09-09 01:18:14,141 1 INFO lab_client odoo.modules.loading: Loading module web_cohort (11/21) 
2026-09-09 01:18:14,164 1 INFO lab_client odoo.registry: module web_cohort: creating or updating database tables 
2026-09-09 01:18:14,390 1 INFO lab_client odoo.modules.loading: Module web_cohort loaded in 0.25s, 952 queries (+952 other) 
2026-09-09 01:18:14,390 1 INFO lab_client odoo.modules.loading: Loading module web_gantt (12/21) 
2026-09-09 01:18:14,413 1 INFO lab_client odoo.registry: module web_gantt: creating or updating database tables 
2026-09-09 01:18:14,638 1 INFO lab_client odoo.modules.loading: Module web_gantt loaded in 0.25s, 948 queries (+948 other) 
2026-09-09 01:18:14,639 1 INFO lab_client odoo.modules.loading: Loading module web_grid (13/21) 
2026-09-09 01:18:14,661 1 INFO lab_client odoo.registry: module web_grid: creating or updating database tables 
2026-09-09 01:18:14,884 1 INFO lab_client odoo.modules.loading: Module web_grid loaded in 0.25s, 948 queries (+948 other) 
2026-09-09 01:18:14,884 1 INFO lab_client odoo.modules.loading: Loading module web_tour (14/21) 
2026-09-09 01:18:14,888 1 INFO lab_client odoo.registry: module web_tour: creating or updating database tables 
2026-09-09 01:18:14,891 1 INFO lab_client odoo.models: Prepare computation of res.users.tour_enabled 
2026-09-09 01:18:14,927 1 INFO lab_client odoo.modules.loading: loading web_tour/security/ir.model.access.csv 
2026-09-09 01:18:14,931 1 INFO lab_client odoo.modules.loading: loading web_tour/views/tour_views.xml 
2026-09-09 01:18:14,955 1 INFO lab_client odoo.modules.loading: Module web_tour loaded in 0.07s, 180 queries (+180 other) 
2026-09-09 01:18:14,955 1 INFO lab_client odoo.modules.loading: Loading module auth_passkey (15/21) 
2026-09-09 01:18:14,985 1 INFO lab_client odoo.registry: module auth_passkey: creating or updating database tables 
2026-09-09 01:18:15,016 1 INFO lab_client odoo.modules.loading: loading auth_passkey/views/auth_passkey_key_views.xml 
2026-09-09 01:18:15,027 1 INFO lab_client odoo.modules.loading: loading auth_passkey/views/auth_passkey_login_templates.xml 
2026-09-09 01:18:15,034 1 INFO lab_client odoo.modules.loading: loading auth_passkey/views/res_users_identitycheck_views.xml 
2026-09-09 01:18:15,041 1 INFO lab_client odoo.modules.loading: loading auth_passkey/views/res_users_views.xml 
2026-09-09 01:18:15,053 1 INFO lab_client odoo.modules.loading: loading auth_passkey/security/ir.model.access.csv 
2026-09-09 01:18:15,058 1 INFO lab_client odoo.modules.loading: loading auth_passkey/security/security.xml 
2026-09-09 01:18:15,079 1 INFO lab_client odoo.modules.loading: Module auth_passkey loaded in 0.12s, 218 queries (+218 other) 
2026-09-09 01:18:15,079 1 INFO lab_client odoo.modules.loading: Loading module html_editor (16/21) 
2026-09-09 01:18:15,167 1 INFO lab_client odoo.registry: module html_editor: creating or updating database tables 
2026-09-09 01:18:15,470 1 INFO lab_client odoo.modules.loading: loading html_editor/security/ir.model.access.csv 
2026-09-09 01:18:15,477 1 INFO lab_client odoo.modules.loading: Module html_editor loaded in 0.40s, 1040 queries (+1040 other) 
2026-09-09 01:18:15,477 1 INFO lab_client odoo.modules.loading: Loading module iap (17/21) 
2026-09-09 01:18:15,479 1 INFO lab_client odoo.registry: module iap: creating or updating database tables 
2026-09-09 01:18:15,507 1 INFO lab_client odoo.modules.loading: loading iap/data/services.xml 
2026-09-09 01:18:15,510 1 INFO lab_client odoo.modules.loading: loading iap/security/ir.model.access.csv 
2026-09-09 01:18:15,516 1 INFO lab_client odoo.modules.loading: loading iap/security/ir_rule.xml 
2026-09-09 01:18:15,522 1 INFO lab_client odoo.modules.loading: loading iap/views/iap_views.xml 
2026-09-09 01:18:15,543 1 INFO lab_client odoo.modules.loading: loading iap/views/res_config_settings.xml 
2026-09-09 01:18:15,555 1 INFO lab_client odoo.modules.loading: Module iap loaded in 0.08s, 182 queries (+182 other) 
2026-09-09 01:18:15,555 1 INFO lab_client odoo.modules.loading: Loading module web_enterprise (18/21) 
2026-09-09 01:18:15,564 1 INFO lab_client odoo.registry: module web_enterprise: creating or updating database tables 
2026-09-09 01:18:15,589 1 INFO lab_client odoo.modules.loading: loading web_enterprise/views/webclient_templates.xml 
2026-09-09 01:18:15,597 1 INFO lab_client odoo.modules.loading: loading web_enterprise/views/res_users_views.xml 
2026-09-09 01:18:15,610 1 INFO lab_client odoo.modules.loading: Module web_enterprise loaded in 0.06s, 113 queries (+113 other) 
2026-09-09 01:18:15,610 1 INFO lab_client odoo.modules.loading: Loading module web_map (19/21) 
2026-09-09 01:18:15,635 1 INFO lab_client odoo.registry: module web_map: creating or updating database tables 
2026-09-09 01:18:15,643 1 INFO lab_client odoo.models: Prepare computation of res.partner.contact_address_complete 
2026-09-09 01:18:15,916 1 INFO lab_client odoo.modules.loading: loading web_map/views/res_config_settings.xml 
2026-09-09 01:18:15,929 1 INFO lab_client odoo.modules.loading: loading web_map/views/res_partner_views.xml 
2026-09-09 01:18:15,949 1 INFO lab_client odoo.modules.loading: Module web_map loaded in 0.34s, 1069 queries (+1069 other) 
2026-09-09 01:18:15,949 1 INFO lab_client odoo.modules.loading: Loading module web_mobile (20/21) 
2026-09-09 01:18:15,955 1 INFO lab_client odoo.registry: module web_mobile: creating or updating database tables 
2026-09-09 01:18:15,994 1 INFO lab_client odoo.modules.loading: loading web_mobile/views/views.xml 
2026-09-09 01:18:16,013 1 INFO lab_client odoo.modules.loading: Module web_mobile loaded in 0.06s, 83 queries (+83 other) 
2026-09-09 01:18:16,013 1 INFO lab_client odoo.modules.loading: Loading module web_unsplash (21/21) 
2026-09-09 01:18:16,018 1 INFO lab_client odoo.registry: module web_unsplash: creating or updating database tables 
2026-09-09 01:18:16,035 1 INFO lab_client odoo.modules.loading: loading web_unsplash/views/res_config_settings_view.xml 
2026-09-09 01:18:16,050 1 INFO lab_client odoo.modules.loading: Module web_unsplash loaded in 0.04s, 93 queries (+93 other) 
2026-09-09 01:18:16,050 1 INFO lab_client odoo.modules.loading: 21 modules loaded in 3.00s, 8879 queries (+8879 extra) 
2026-09-09 01:18:16,193 1 INFO lab_client odoo.modules.loading: Modules loaded. 
2026-09-09 01:18:16,195 1 INFO lab_client odoo.registry: Registry changed, signaling through the database 
2026-09-09 01:18:16,196 1 INFO lab_client odoo.registry: Registry loaded in 8.802s 
2026-09-09 01:18:16,196 1 INFO lab_client odoo.service.server: Initiating shutdown 
2026-09-09 01:18:16,196 1 INFO lab_client odoo.service.server: Hit CTRL-C again or send a second signal to force the shutdown. 
2026-09-09 01:18:16,196 1 INFO lab_client odoo.sql_db: ConnectionPool(read/write;used=0/count=0/max=64): Closed 1 connections  
