2026-09-09 14:21:18,068 1 WARNING ? odoo.tools.config: option addons_path, invalid addons directory '/mnt/extra-addons', skipped 
2026-09-09 14:21:18,068 1 WARNING ? odoo.tools.config: option --without-demo: since 19.0, invalid boolean value: 'all', assume True 
2026-09-09 14:21:18,068 1 WARNING ? odoo.tools.config: option addons_path, invalid addons directory '/mnt/extra-addons', skipped 
2026-09-09 14:21:18,068 1 INFO ? odoo: Odoo version 19.0-20260817 
2026-09-09 14:21:18,068 1 INFO ? odoo: Using configuration file at /etc/odoo/odoo.conf 
2026-09-09 14:21:18,068 1 INFO ? odoo: addons paths: _NamespacePath(['/usr/lib/python3/dist-packages/odoo/addons', '/var/lib/odoo/addons/19.0', '/mnt/enterprise-addons', '/usr/lib/python3/dist-packages/addons']) 
2026-09-09 14:21:18,068 1 INFO ? odoo: database: odoo@db:5432 
2026-09-09 14:21:18,334 1 INFO lab_client odoo.modules.loading: Initializing database lab_client 
2026-09-09 14:21:20,310 1 INFO lab_client odoo.modules.loading: loading 1 modules... 
2026-09-09 14:21:20,310 1 INFO lab_client odoo.modules.loading: Loading module base (1/1) 
2026-09-09 14:21:20,327 1 INFO lab_client odoo.registry: module base: creating or updating database tables 
2026-09-09 14:21:20,532 1 INFO lab_client odoo.models: Prepare computation of ir.module.module.menus_by_module 
2026-09-09 14:21:20,532 1 INFO lab_client odoo.models: Prepare computation of ir.module.module.reports_by_module 
2026-09-09 14:21:20,532 1 INFO lab_client odoo.models: Prepare computation of ir.module.module.views_by_module 
2026-09-09 14:21:20,588 1 INFO lab_client odoo.models: Prepare computation of res.partner.user_id 
2026-09-09 14:21:20,589 1 INFO lab_client odoo.models: Prepare computation of res.partner.commercial_partner_id 
2026-09-09 14:21:20,589 1 INFO lab_client odoo.models: Prepare computation of res.partner.complete_name 
2026-09-09 14:21:20,589 1 INFO lab_client odoo.models: Prepare computation of res.partner.lang 
2026-09-09 14:21:20,589 1 INFO lab_client odoo.models: Prepare computation of res.partner.company_registry 
2026-09-09 14:21:20,589 1 INFO lab_client odoo.models: Prepare computation of res.partner.commercial_company_name 
2026-09-09 14:21:20,589 1 INFO lab_client odoo.models: Prepare computation of res.partner.properties 
2026-09-09 14:21:20,589 1 INFO lab_client odoo.models: Prepare computation of res.partner.partner_share 
2026-09-09 14:21:20,607 1 INFO lab_client odoo.models: Prepare computation of res.currency.decimal_places 
2026-09-09 14:21:20,620 1 INFO lab_client odoo.models: Prepare computation of res.company.uses_default_logo 
2026-09-09 14:21:20,620 1 INFO lab_client odoo.models: Prepare computation of res.company.logo_web 
2026-09-09 14:21:20,621 1 INFO lab_client odoo.models: Computing parent_path for table res_company... 
2026-09-09 14:21:20,635 1 INFO lab_client odoo.models: Prepare computation of res.users.signature 
2026-09-09 14:21:20,635 1 INFO lab_client odoo.models: Prepare computation of res.users.share 
2026-09-09 14:21:21,625 1 INFO lab_client odoo.modules.loading: loading base/data/res_bank.xml 
2026-09-09 14:21:21,629 1 INFO lab_client odoo.modules.loading: loading base/data/res.lang.csv 
2026-09-09 14:21:21,669 1 INFO lab_client odoo.modules.loading: loading base/data/res_lang_data.xml 
2026-09-09 14:21:21,705 1 INFO lab_client odoo.modules.loading: loading base/data/res_partner_data.xml 
2026-09-09 14:21:21,754 1 INFO lab_client odoo.modules.loading: loading base/data/res_currency_data.xml 
2026-09-09 14:21:22,150 1 INFO lab_client odoo.modules.loading: loading base/data/res_company_data.xml 
2026-09-09 14:21:22,159 1 INFO lab_client odoo.modules.loading: loading base/data/res_users_data.xml 
2026-09-09 14:21:22,927 1 INFO lab_client odoo.modules.loading: loading base/data/report_paperformat_data.xml 
2026-09-09 14:21:22,933 1 INFO lab_client odoo.modules.loading: loading base/data/res_country_data.xml 
2026-09-09 14:21:23,320 1 INFO lab_client odoo.modules.loading: loading base/data/ir_demo_data.xml 
2026-09-09 14:21:23,328 1 INFO lab_client odoo.modules.loading: loading base/security/base_groups.xml 
2026-09-09 14:21:23,495 1 INFO lab_client odoo.modules.loading: loading base/security/base_security.xml 
2026-09-09 14:21:23,668 1 INFO lab_client odoo.modules.loading: loading base/wizard/wizard_ir_model_menu_create_views.xml 
2026-09-09 14:21:23,679 1 INFO lab_client odoo.modules.loading: loading base/views/base_menus.xml 
2026-09-09 14:21:23,730 1 INFO lab_client odoo.modules.loading: loading base/views/decimal_precision_views.xml 
2026-09-09 14:21:23,743 1 INFO lab_client odoo.modules.loading: loading base/views/res_config_views.xml 
2026-09-09 14:21:23,749 1 INFO lab_client odoo.modules.loading: loading base/data/res.country.state.csv 
2026-09-09 14:21:23,996 1 INFO lab_client odoo.modules.loading: loading base/views/ir_actions_views.xml 
2026-09-09 14:21:24,139 1 INFO lab_client odoo.modules.loading: loading base/views/ir_asset_views.xml 
2026-09-09 14:21:24,154 1 INFO lab_client odoo.modules.loading: loading base/views/ir_config_parameter_views.xml 
2026-09-09 14:21:24,172 1 INFO lab_client odoo.modules.loading: loading base/views/ir_cron_views.xml 
2026-09-09 14:21:24,200 1 INFO lab_client odoo.modules.loading: loading base/views/ir_cron_trigger_views.xml 
2026-09-09 14:21:24,211 1 INFO lab_client odoo.modules.loading: loading base/views/ir_filters_views.xml 
2026-09-09 14:21:24,232 1 INFO lab_client odoo.modules.loading: loading base/views/ir_mail_server_views.xml 
2026-09-09 14:21:24,246 1 INFO lab_client odoo.modules.loading: loading base/views/ir_model_views.xml 
2026-09-09 14:21:24,369 1 INFO lab_client odoo.modules.loading: loading base/views/ir_attachment_views.xml 
2026-09-09 14:21:24,392 1 INFO lab_client odoo.modules.loading: loading base/views/ir_rule_views.xml 
2026-09-09 14:21:24,415 1 INFO lab_client odoo.modules.loading: loading base/views/ir_sequence_views.xml 
2026-09-09 14:21:24,436 1 INFO lab_client odoo.modules.loading: loading base/views/ir_ui_menu_views.xml 
2026-09-09 14:21:24,456 1 INFO lab_client odoo.modules.loading: loading base/views/ir_ui_view_views.xml 
2026-09-09 14:21:24,504 1 INFO lab_client odoo.modules.loading: loading base/views/ir_default_views.xml 
2026-09-09 14:21:24,525 1 INFO lab_client odoo.modules.loading: loading base/data/ir_config_parameter_data.xml 
2026-09-09 14:21:24,528 1 INFO lab_client odoo.modules.loading: loading base/data/ir_cron_data.xml 
2026-09-09 14:21:24,540 1 INFO lab_client odoo.modules.loading: loading base/report/ir_model_report.xml 
2026-09-09 14:21:24,544 1 INFO lab_client odoo.modules.loading: loading base/report/ir_model_templates.xml 
2026-09-09 14:21:24,550 1 INFO lab_client odoo.modules.loading: loading base/views/ir_logging_views.xml 
2026-09-09 14:21:24,563 1 INFO lab_client odoo.modules.loading: loading base/views/ir_qweb_widget_templates.xml 
2026-09-09 14:21:24,573 1 INFO lab_client odoo.modules.loading: loading base/views/ir_module_views.xml 
2026-09-09 14:21:24,626 1 INFO lab_client odoo.modules.loading: loading base/data/ir_module_category_data.xml 
2026-09-09 14:21:24,654 1 INFO lab_client odoo.modules.loading: loading base/data/ir_module_module.xml 
2026-09-09 14:21:24,669 1 INFO lab_client odoo.modules.loading: loading base/report/ir_module_reports.xml 
2026-09-09 14:21:24,671 1 INFO lab_client odoo.modules.loading: loading base/report/ir_module_report_templates.xml 
2026-09-09 14:21:24,676 1 INFO lab_client odoo.modules.loading: loading base/wizard/base_module_update_views.xml 
2026-09-09 14:21:24,683 1 INFO lab_client odoo.modules.loading: loading base/wizard/base_language_install_views.xml 
2026-09-09 14:21:24,694 1 INFO lab_client odoo.modules.loading: loading base/wizard/base_import_language_views.xml 
2026-09-09 14:21:24,707 1 INFO lab_client odoo.modules.loading: loading base/wizard/base_module_upgrade_views.xml 
2026-09-09 14:21:24,725 1 INFO lab_client odoo.modules.loading: loading base/wizard/base_module_uninstall_views.xml 
2026-09-09 14:21:24,732 1 INFO lab_client odoo.modules.loading: loading base/wizard/base_export_language_views.xml 
2026-09-09 14:21:24,742 1 INFO lab_client odoo.modules.loading: loading base/wizard/base_partner_merge_views.xml 
2026-09-09 14:21:24,763 1 INFO lab_client odoo.modules.loading: loading base/data/ir_demo_failure_data.xml 
2026-09-09 14:21:24,780 1 INFO lab_client odoo.modules.loading: loading base/views/ir_profile_views.xml 
2026-09-09 14:21:24,802 1 INFO lab_client odoo.modules.loading: loading base/views/res_company_views.xml 
2026-09-09 14:21:24,825 1 INFO lab_client odoo.modules.loading: loading base/views/res_lang_views.xml 
2026-09-09 14:21:24,845 1 INFO lab_client odoo.modules.loading: loading base/views/res_partner_views.xml 
2026-09-09 14:21:24,932 1 INFO lab_client odoo.modules.loading: loading base/views/res_bank_views.xml 
2026-09-09 14:21:24,963 1 INFO lab_client odoo.modules.loading: loading base/views/res_country_views.xml 
2026-09-09 14:21:25,008 1 INFO lab_client odoo.modules.loading: loading base/views/res_currency_views.xml 
2026-09-09 14:21:25,048 1 INFO lab_client odoo.modules.loading: loading base/views/res_groups_views.xml 
2026-09-09 14:21:25,095 1 INFO lab_client odoo.modules.loading: loading base/views/res_users_views.xml 
2026-09-09 14:21:25,179 1 INFO lab_client odoo.modules.loading: loading base/views/res_users_apikeys_views.xml 
2026-09-09 14:21:25,182 1 INFO lab_client odoo.modules.loading: loading base/views/res_device_views.xml 
2026-09-09 14:21:25,198 1 INFO lab_client odoo.modules.loading: loading base/views/res_users_identitycheck_views.xml 
2026-09-09 14:21:25,203 1 INFO lab_client odoo.modules.loading: loading base/views/res_config_settings_views.xml 
2026-09-09 14:21:25,208 1 INFO lab_client odoo.modules.loading: loading base/views/report_paperformat_views.xml 
2026-09-09 14:21:25,219 1 INFO lab_client odoo.modules.loading: loading base/security/ir.model.access.csv 
2026-09-09 14:21:25,317 1 INFO lab_client odoo.modules.loading: Module base loaded in 5.01s, 8374 queries (+8374 other) 
2026-09-09 14:21:25,317 1 INFO lab_client odoo.modules.loading: 1 modules loaded in 5.01s, 8374 queries (+8374 extra) 
2026-09-09 14:21:25,320 1 INFO lab_client odoo.modules.loading: updating modules list 
2026-09-09 14:21:25,321 1 INFO lab_client odoo.addons.base.models.ir_module: ALLOW access to module.update_list on [] to user __system__ #1 via n/a 
2026-09-09 14:21:26,990 1 INFO lab_client odoo.addons.base.models.ir_module: ALLOW access to module.button_install on ['Studio'] to user __system__ #1 via n/a 
2026-09-09 14:21:27,111 1 INFO lab_client odoo.modules.loading: loading 47 modules... 
2026-09-09 14:21:27,111 1 INFO lab_client odoo.modules.loading: Loading module rpc (2/47) 
2026-09-09 14:21:27,127 1 INFO lab_client odoo.modules.loading: Module rpc loaded in 0.02s, 9 queries (+9 other) 
2026-09-09 14:21:27,127 1 INFO lab_client odoo.modules.loading: Loading module web (3/47) 
2026-09-09 14:21:27,161 1 INFO lab_client odoo.registry: module web: creating or updating database tables 
2026-09-09 14:21:27,539 1 INFO lab_client odoo.modules.loading: loading web/security/ir.model.access.csv 
2026-09-09 14:21:27,544 1 INFO lab_client odoo.modules.loading: loading web/security/web_security.xml 
2026-09-09 14:21:27,552 1 INFO lab_client odoo.modules.loading: loading web/views/webclient_templates.xml 
2026-09-09 14:21:27,605 1 INFO lab_client odoo.modules.loading: loading web/views/report_templates.xml 
2026-09-09 14:21:27,698 1 INFO lab_client odoo.modules.loading: loading web/views/base_document_layout_views.xml 
2026-09-09 14:21:27,714 1 INFO lab_client odoo.modules.loading: loading web/views/partner_view.xml 
2026-09-09 14:21:27,720 1 INFO lab_client odoo.modules.loading: loading web/views/speedscope_template.xml 
2026-09-09 14:21:27,725 1 INFO lab_client odoo.modules.loading: loading web/views/memory_template.xml 
2026-09-09 14:21:27,729 1 INFO lab_client odoo.modules.loading: loading web/views/speedscope_config_wizard.xml 
2026-09-09 14:21:27,736 1 INFO lab_client odoo.modules.loading: loading web/views/neutralize_views.xml 
2026-09-09 14:21:27,746 1 INFO lab_client odoo.modules.loading: loading web/views/ir_ui_view_views.xml 
2026-09-09 14:21:27,755 1 INFO lab_client odoo.modules.loading: loading web/data/ir_attachment.xml 
2026-09-09 14:21:27,760 1 INFO lab_client odoo.modules.loading: loading web/data/report_layout.xml 
2026-09-09 14:21:27,804 1 INFO lab_client odoo.modules.loading: Module web loaded in 0.68s, 1232 queries (+1232 other) 
2026-09-09 14:21:27,804 1 INFO lab_client odoo.modules.loading: Loading module api_doc (4/47) 
2026-09-09 14:21:27,810 1 INFO lab_client odoo.registry: module api_doc: creating or updating database tables 
2026-09-09 14:21:27,823 1 INFO lab_client odoo.modules.loading: loading api_doc/security/res_groups.xml 
2026-09-09 14:21:27,838 1 INFO lab_client odoo.modules.loading: loading api_doc/views/docclient.xml 
2026-09-09 14:21:27,848 1 INFO lab_client odoo.modules.loading: Module api_doc loaded in 0.04s, 63 queries (+63 other) 
2026-09-09 14:21:27,848 1 INFO lab_client odoo.modules.loading: Loading module auth_totp (5/47) 
2026-09-09 14:21:27,857 1 INFO lab_client odoo.registry: module auth_totp: creating or updating database tables 
2026-09-09 14:21:27,910 1 INFO lab_client odoo.modules.loading: loading auth_totp/security/security.xml 
2026-09-09 14:21:27,932 1 INFO lab_client odoo.modules.loading: loading auth_totp/security/ir.model.access.csv 
2026-09-09 14:21:27,940 1 INFO lab_client odoo.modules.loading: loading auth_totp/data/ir_action_data.xml 
2026-09-09 14:21:27,946 1 INFO lab_client odoo.modules.loading: loading auth_totp/views/res_users_views.xml 
2026-09-09 14:21:27,971 1 INFO lab_client odoo.modules.loading: loading auth_totp/views/templates.xml 
2026-09-09 14:21:27,979 1 INFO lab_client odoo.modules.loading: loading auth_totp/wizard/auth_totp_wizard_views.xml 
2026-09-09 14:21:27,997 1 INFO lab_client odoo.modules.loading: Module auth_totp loaded in 0.15s, 218 queries (+218 other) 
2026-09-09 14:21:27,997 1 INFO lab_client odoo.modules.loading: Loading module base_import (6/47) 
2026-09-09 14:21:28,025 1 INFO lab_client odoo.registry: module base_import: creating or updating database tables 
2026-09-09 14:21:28,398 1 INFO lab_client odoo.modules.loading: loading base_import/security/ir.model.access.csv 
2026-09-09 14:21:28,407 1 INFO lab_client odoo.modules.loading: Module base_import loaded in 0.41s, 956 queries (+956 other) 
2026-09-09 14:21:28,407 1 INFO lab_client odoo.modules.loading: Loading module base_import_module (7/47) 
2026-09-09 14:21:28,412 1 INFO lab_client odoo.registry: module base_import_module: creating or updating database tables 
2026-09-09 14:21:28,469 1 INFO lab_client odoo.modules.loading: loading base_import_module/security/ir.model.access.csv 
2026-09-09 14:21:28,474 1 INFO lab_client odoo.modules.loading: loading base_import_module/views/base_import_module_view.xml 
2026-09-09 14:21:28,492 1 INFO lab_client odoo.modules.loading: loading base_import_module/views/ir_module_views.xml 
2026-09-09 14:21:28,528 1 INFO lab_client odoo.modules.loading: Module base_import_module loaded in 0.12s, 172 queries (+172 other) 
2026-09-09 14:21:28,528 1 INFO lab_client odoo.modules.loading: Loading module base_setup (8/47) 
2026-09-09 14:21:28,533 1 INFO lab_client odoo.registry: module base_setup: creating or updating database tables 
2026-09-09 14:21:28,562 1 INFO lab_client odoo.modules.loading: loading base_setup/data/base_setup_data.xml 
2026-09-09 14:21:28,565 1 INFO lab_client odoo.modules.loading: loading base_setup/views/res_config_settings_views.xml 
2026-09-09 14:21:28,585 1 INFO lab_client odoo.modules.loading: loading base_setup/views/res_partner_views.xml 
2026-09-09 14:21:28,599 1 INFO lab_client odoo.modules.loading: Module base_setup loaded in 0.07s, 152 queries (+152 other) 
2026-09-09 14:21:28,599 1 INFO lab_client odoo.modules.loading: Loading module bus (9/47) 
2026-09-09 14:21:28,610 1 INFO lab_client odoo.registry: module bus: creating or updating database tables 
2026-09-09 14:21:28,663 1 INFO lab_client odoo.modules.loading: loading bus/security/ir.model.access.csv 
2026-09-09 14:21:28,670 1 INFO lab_client odoo.modules.loading: Module bus loaded in 0.07s, 159 queries (+159 other) 
2026-09-09 14:21:28,670 1 INFO lab_client odoo.modules.loading: Loading module http_routing (10/47) 
2026-09-09 14:21:28,674 1 INFO lab_client odoo.registry: module http_routing: creating or updating database tables 
2026-09-09 14:21:28,686 1 INFO lab_client odoo.modules.loading: loading http_routing/views/http_routing_template.xml 
2026-09-09 14:21:28,712 1 INFO lab_client odoo.modules.loading: loading http_routing/views/res_lang_views.xml 
2026-09-09 14:21:28,728 1 INFO lab_client odoo.modules.loading: Module http_routing loaded in 0.06s, 114 queries (+114 other) 
2026-09-09 14:21:28,729 1 INFO lab_client odoo.modules.loading: Loading module resource (11/47) 
2026-09-09 14:21:28,737 1 INFO lab_client odoo.registry: module resource: creating or updating database tables 
2026-09-09 14:21:28,812 1 INFO lab_client odoo.modules.loading: loading resource/data/resource_data.xml 
2026-09-09 14:21:28,822 1 INFO lab_client odoo.modules.loading: loading resource/security/ir.model.access.csv 
2026-09-09 14:21:28,829 1 INFO lab_client odoo.modules.loading: loading resource/security/resource_security.xml 
2026-09-09 14:21:28,846 1 INFO lab_client odoo.modules.loading: loading resource/views/resource_resource_views.xml 
2026-09-09 14:21:28,872 1 INFO lab_client odoo.modules.loading: loading resource/views/resource_calendar_leaves_views.xml 
2026-09-09 14:21:28,898 1 INFO lab_client odoo.modules.loading: loading resource/views/resource_calendar_attendance_views.xml 
2026-09-09 14:21:28,909 1 INFO lab_client odoo.modules.loading: loading resource/views/resource_calendar_views.xml 
2026-09-09 14:21:28,938 1 INFO lab_client odoo.modules.loading: loading resource/views/menuitems.xml 
2026-09-09 14:21:28,971 1 INFO lab_client odoo.modules.loading: Module resource loaded in 0.24s, 414 queries (+414 other) 
2026-09-09 14:21:28,971 1 INFO lab_client odoo.modules.loading: Loading module web_cohort (12/47) 
2026-09-09 14:21:29,017 1 INFO lab_client odoo.registry: module web_cohort: creating or updating database tables 
2026-09-09 14:21:29,434 1 INFO lab_client odoo.modules.loading: Module web_cohort loaded in 0.46s, 969 queries (+969 other) 
2026-09-09 14:21:29,435 1 INFO lab_client odoo.modules.loading: Loading module web_gantt (13/47) 
2026-09-09 14:21:29,477 1 INFO lab_client odoo.registry: module web_gantt: creating or updating database tables 
2026-09-09 14:21:29,873 1 INFO lab_client odoo.modules.loading: Module web_gantt loaded in 0.44s, 965 queries (+965 other) 
2026-09-09 14:21:29,873 1 INFO lab_client odoo.modules.loading: Loading module web_grid (14/47) 
2026-09-09 14:21:29,905 1 INFO lab_client odoo.registry: module web_grid: creating or updating database tables 
2026-09-09 14:21:30,247 1 INFO lab_client odoo.modules.loading: Module web_grid loaded in 0.37s, 965 queries (+965 other) 
2026-09-09 14:21:30,247 1 INFO lab_client odoo.modules.loading: Loading module web_tour (15/47) 
2026-09-09 14:21:30,256 1 INFO lab_client odoo.registry: module web_tour: creating or updating database tables 
2026-09-09 14:21:30,261 1 INFO lab_client odoo.models: Prepare computation of res.users.tour_enabled 
2026-09-09 14:21:30,325 1 INFO lab_client odoo.modules.loading: loading web_tour/security/ir.model.access.csv 
2026-09-09 14:21:30,332 1 INFO lab_client odoo.modules.loading: loading web_tour/views/tour_views.xml 
2026-09-09 14:21:30,376 1 INFO lab_client odoo.modules.loading: Module web_tour loaded in 0.13s, 180 queries (+180 other) 
2026-09-09 14:21:30,376 1 INFO lab_client odoo.modules.loading: Loading module auth_passkey (16/47) 
2026-09-09 14:21:30,407 1 INFO lab_client odoo.registry: module auth_passkey: creating or updating database tables 
2026-09-09 14:21:30,463 1 INFO lab_client odoo.modules.loading: loading auth_passkey/views/auth_passkey_key_views.xml 
2026-09-09 14:21:30,484 1 INFO lab_client odoo.modules.loading: loading auth_passkey/views/auth_passkey_login_templates.xml 
2026-09-09 14:21:30,496 1 INFO lab_client odoo.modules.loading: loading auth_passkey/views/res_users_identitycheck_views.xml 
2026-09-09 14:21:30,506 1 INFO lab_client odoo.modules.loading: loading auth_passkey/views/res_users_views.xml 
2026-09-09 14:21:30,529 1 INFO lab_client odoo.modules.loading: loading auth_passkey/security/ir.model.access.csv 
2026-09-09 14:21:30,537 1 INFO lab_client odoo.modules.loading: loading auth_passkey/security/security.xml 
2026-09-09 14:21:30,560 1 INFO lab_client odoo.modules.loading: Module auth_passkey loaded in 0.18s, 218 queries (+218 other) 
2026-09-09 14:21:30,560 1 INFO lab_client odoo.modules.loading: Loading module html_editor (17/47) 
2026-09-09 14:21:30,668 1 INFO lab_client odoo.registry: module html_editor: creating or updating database tables 
2026-09-09 14:21:31,029 1 INFO lab_client odoo.modules.loading: loading html_editor/security/ir.model.access.csv 
2026-09-09 14:21:31,041 1 INFO lab_client odoo.modules.loading: Module html_editor loaded in 0.48s, 1057 queries (+1057 other) 
2026-09-09 14:21:31,041 1 INFO lab_client odoo.modules.loading: Loading module iap (18/47) 
2026-09-09 14:21:31,043 1 INFO lab_client odoo.registry: module iap: creating or updating database tables 
2026-09-09 14:21:31,082 1 INFO lab_client odoo.modules.loading: loading iap/data/services.xml 
2026-09-09 14:21:31,085 1 INFO lab_client odoo.modules.loading: loading iap/security/ir.model.access.csv 
2026-09-09 14:21:31,090 1 INFO lab_client odoo.modules.loading: loading iap/security/ir_rule.xml 
2026-09-09 14:21:31,094 1 INFO lab_client odoo.modules.loading: loading iap/views/iap_views.xml 
2026-09-09 14:21:31,111 1 INFO lab_client odoo.modules.loading: loading iap/views/res_config_settings.xml 
2026-09-09 14:21:31,126 1 INFO lab_client odoo.modules.loading: Module iap loaded in 0.08s, 182 queries (+182 other) 
2026-09-09 14:21:31,126 1 INFO lab_client odoo.modules.loading: Loading module web_enterprise (19/47) 
2026-09-09 14:21:31,133 1 INFO lab_client odoo.registry: module web_enterprise: creating or updating database tables 
2026-09-09 14:21:31,156 1 INFO lab_client odoo.modules.loading: loading web_enterprise/views/webclient_templates.xml 
2026-09-09 14:21:31,165 1 INFO lab_client odoo.modules.loading: loading web_enterprise/views/res_users_views.xml 
2026-09-09 14:21:31,183 1 INFO lab_client odoo.modules.loading: Module web_enterprise loaded in 0.06s, 113 queries (+113 other) 
2026-09-09 14:21:31,184 1 INFO lab_client odoo.modules.loading: Loading module web_map (20/47) 
2026-09-09 14:21:31,212 1 INFO lab_client odoo.registry: module web_map: creating or updating database tables 
2026-09-09 14:21:31,220 1 INFO lab_client odoo.models: Prepare computation of res.partner.contact_address_complete 
2026-09-09 14:21:31,549 1 INFO lab_client odoo.modules.loading: loading web_map/views/res_config_settings.xml 
2026-09-09 14:21:31,561 1 INFO lab_client odoo.modules.loading: loading web_map/views/res_partner_views.xml 
2026-09-09 14:21:31,578 1 INFO lab_client odoo.modules.loading: Module web_map loaded in 0.39s, 1086 queries (+1086 other) 
2026-09-09 14:21:31,578 1 INFO lab_client odoo.modules.loading: Loading module mail (21/47) 
2026-09-09 14:21:31,621 1 INFO lab_client odoo.registry: module mail: creating or updating database tables 
2026-09-09 14:21:31,736 1 INFO lab_client odoo.models: Prepare computation of ir.actions.server.partner_ids 
2026-09-09 14:21:31,736 1 INFO lab_client odoo.models: Prepare computation of ir.actions.server.activity_user_id 
2026-09-09 14:21:31,736 1 INFO lab_client odoo.models: Prepare computation of ir.actions.server.activity_type_id 
2026-09-09 14:21:31,736 1 INFO lab_client odoo.models: Prepare computation of ir.actions.server.template_id 
2026-09-09 14:21:31,737 1 INFO lab_client odoo.models: Prepare computation of ir.actions.server.activity_date_deadline_range 
2026-09-09 14:21:31,737 1 INFO lab_client odoo.models: Prepare computation of ir.actions.server.activity_summary 
2026-09-09 14:21:31,737 1 INFO lab_client odoo.models: Prepare computation of ir.actions.server.followers_type 
2026-09-09 14:21:31,737 1 INFO lab_client odoo.models: Prepare computation of ir.actions.server.followers_partner_field_name 
2026-09-09 14:21:31,737 1 INFO lab_client odoo.models: Prepare computation of ir.actions.server.mail_post_method 
2026-09-09 14:21:31,737 1 INFO lab_client odoo.models: Prepare computation of ir.actions.server.activity_date_deadline_range_type 
2026-09-09 14:21:31,737 1 INFO lab_client odoo.models: Prepare computation of ir.actions.server.activity_user_type 
2026-09-09 14:21:31,737 1 INFO lab_client odoo.models: Prepare computation of ir.actions.server.activity_user_field_name 
2026-09-09 14:21:31,737 1 INFO lab_client odoo.models: Prepare computation of ir.actions.server.activity_note 
2026-09-09 14:21:31,737 1 INFO lab_client odoo.models: Prepare computation of ir.actions.server.mail_post_autofollow 
2026-09-09 14:21:31,777 1 INFO lab_client odoo.models: Prepare computation of res.users.notification_type 
2026-09-09 14:21:31,817 1 INFO lab_client odoo.models: Prepare computation of res.partner.email_normalized 
<string>:38: (ERROR/3) Unexpected indentation.
<string>:43: (WARNING/2) Block quote ends without a blank line; unexpected unindent.
2026-09-09 14:21:32,790 1 INFO lab_client odoo.modules.loading: loading mail/data/mail_groups.xml 
2026-09-09 14:21:32,805 1 INFO lab_client odoo.modules.loading: loading mail/wizard/mail_activity_schedule_views.xml 
2026-09-09 14:21:32,814 1 INFO lab_client odoo.modules.loading: loading mail/wizard/mail_blacklist_remove_views.xml 
2026-09-09 14:21:32,821 1 INFO lab_client odoo.modules.loading: loading mail/wizard/mail_compose_message_views.xml 
2026-09-09 14:21:32,840 1 INFO lab_client odoo.modules.loading: loading mail/wizard/mail_template_preview_views.xml 
2026-09-09 14:21:32,851 1 INFO lab_client odoo.modules.loading: loading mail/wizard/mail_followers_edit_views.xml 
2026-09-09 14:21:32,859 1 INFO lab_client odoo.modules.loading: loading mail/wizard/mail_template_reset_views.xml 
2026-09-09 14:21:32,864 1 INFO lab_client odoo.modules.loading: loading mail/views/fetchmail_views.xml 
2026-09-09 14:21:32,886 1 INFO lab_client odoo.modules.loading: loading mail/views/ir_cron_views.xml 
2026-09-09 14:21:32,898 1 INFO lab_client odoo.modules.loading: loading mail/views/ir_filters_views.xml 
2026-09-09 14:21:32,916 1 INFO lab_client odoo.modules.loading: loading mail/views/ir_mail_server_views.xml 
2026-09-09 14:21:32,926 1 INFO lab_client odoo.modules.loading: loading mail/views/mail_message_subtype_views.xml 
2026-09-09 14:21:32,942 1 INFO lab_client odoo.modules.loading: loading mail/views/mail_tracking_value_views.xml 
2026-09-09 14:21:32,955 1 INFO lab_client odoo.modules.loading: loading mail/views/mail_notification_views.xml 
2026-09-09 14:21:32,968 1 INFO lab_client odoo.modules.loading: loading mail/views/mail_message_views.xml 
2026-09-09 14:21:32,998 1 INFO lab_client odoo.modules.loading: loading mail/views/mail_message_schedule_views.xml 
2026-09-09 14:21:33,013 1 INFO lab_client odoo.modules.loading: loading mail/views/mail_mail_views.xml 
2026-09-09 14:21:33,039 1 INFO lab_client odoo.modules.loading: loading mail/views/mail_followers_views.xml 
2026-09-09 14:21:33,051 1 INFO lab_client odoo.modules.loading: loading mail/views/mail_ice_server_views.xml 
2026-09-09 14:21:33,071 1 INFO lab_client odoo.modules.loading: loading mail/views/discuss_channel_member_views.xml 
2026-09-09 14:21:33,085 1 INFO lab_client odoo.modules.loading: loading mail/views/discuss_channel_rtc_session_views.xml 
2026-09-09 14:21:33,102 1 INFO lab_client odoo.modules.loading: loading mail/views/mail_link_preview_views.xml 
2026-09-09 14:21:33,121 1 INFO lab_client odoo.modules.loading: loading mail/views/discuss/discuss_gif_favorite_views.xml 
2026-09-09 14:21:33,134 1 INFO lab_client odoo.modules.loading: loading mail/views/discuss_channel_views.xml 
2026-09-09 14:21:33,169 1 INFO lab_client odoo.modules.loading: loading mail/views/mail_canned_response_views.xml 
2026-09-09 14:21:33,193 1 INFO lab_client odoo.modules.loading: loading mail/views/res_role_views.xml 
2026-09-09 14:21:33,210 1 INFO lab_client odoo.modules.loading: loading mail/views/mail_activity_views.xml 
2026-09-09 14:21:33,307 1 INFO lab_client odoo.modules.loading: loading mail/views/mail_activity_plan_views.xml 
2026-09-09 14:21:33,346 1 INFO lab_client odoo.modules.loading: loading mail/views/mail_activity_plan_template_views.xml 
2026-09-09 14:21:33,355 1 INFO lab_client odoo.modules.loading: loading mail/views/res_config_settings_views.xml 
2026-09-09 14:21:33,379 1 INFO lab_client odoo.modules.loading: loading mail/data/ir_config_parameter_data.xml 
2026-09-09 14:21:33,385 1 INFO lab_client odoo.modules.loading: loading mail/data/res_partner_data.xml 
2026-09-09 14:21:33,447 1 INFO lab_client odoo.modules.loading: loading mail/data/mail_message_subtype_data.xml 
2026-09-09 14:21:33,454 1 INFO lab_client odoo.modules.loading: loading mail/data/mail_templates_chatter.xml 
2026-09-09 14:21:33,475 1 INFO lab_client odoo.modules.loading: loading mail/data/mail_templates_email_layouts.xml 
2026-09-09 14:21:33,494 1 INFO lab_client odoo.modules.loading: loading mail/data/mail_templates_mailgateway.xml 
2026-09-09 14:21:33,508 1 INFO lab_client odoo.modules.loading: loading mail/data/discuss_channel_data.xml 
2026-09-09 14:21:33,550 1 INFO lab_client odoo.modules.loading: loading mail/data/mail_activity_type_data.xml 
2026-09-09 14:21:33,563 1 INFO lab_client odoo.modules.loading: loading mail/data/security_notifications_templates.xml 
2026-09-09 14:21:33,569 1 INFO lab_client odoo.modules.loading: loading mail/data/ir_cron_data.xml 
2026-09-09 14:21:33,679 1 INFO lab_client odoo.modules.loading: loading mail/data/ir_actions_client.xml 
2026-09-09 14:21:33,684 1 INFO lab_client odoo.modules.loading: loading mail/security/mail_security.xml 
2026-09-09 14:21:33,834 1 INFO lab_client odoo.modules.loading: loading mail/security/ir.model.access.csv 
2026-09-09 14:21:33,873 1 INFO lab_client odoo.modules.loading: loading mail/views/discuss_public_templates.xml 
2026-09-09 14:21:33,878 1 INFO lab_client odoo.modules.loading: loading mail/views/mail_alias_domain_views.xml 
2026-09-09 14:21:33,895 1 INFO lab_client odoo.modules.loading: loading mail/views/mail_alias_views.xml 
2026-09-09 14:21:33,911 1 INFO lab_client odoo.modules.loading: loading mail/views/mail_gateway_allowed_views.xml 
2026-09-09 14:21:33,925 1 INFO lab_client odoo.modules.loading: loading mail/views/mail_guest_views.xml 
2026-09-09 14:21:33,938 1 INFO lab_client odoo.modules.loading: loading mail/views/mail_message_reaction_views.xml 
2026-09-09 14:21:33,949 1 INFO lab_client odoo.modules.loading: loading mail/views/mail_templates_public.xml 
2026-09-09 14:21:33,955 1 INFO lab_client odoo.modules.loading: loading mail/views/res_users_views.xml 
2026-09-09 14:21:33,977 1 INFO lab_client odoo.modules.loading: loading mail/views/res_users_settings_views.xml 
2026-09-09 14:21:33,992 1 INFO lab_client odoo.modules.loading: loading mail/views/mail_template_views.xml 
2026-09-09 14:21:34,015 1 INFO lab_client odoo.modules.loading: loading mail/views/ir_actions_server_views.xml 
2026-09-09 14:21:34,029 1 INFO lab_client odoo.modules.loading: loading mail/views/ir_model_views.xml 
2026-09-09 14:21:34,062 1 INFO lab_client odoo.modules.loading: loading mail/views/res_partner_views.xml 
2026-09-09 14:21:34,112 1 INFO lab_client odoo.modules.loading: loading mail/views/mail_blacklist_views.xml 
2026-09-09 14:21:34,128 1 INFO lab_client odoo.modules.loading: loading mail/views/mail_menus.xml 
2026-09-09 14:21:34,232 1 INFO lab_client odoo.modules.loading: loading mail/views/discuss/discuss_menus.xml 
2026-09-09 14:21:34,235 1 INFO lab_client odoo.modules.loading: loading mail/views/discuss/discuss_call_history_views.xml 
2026-09-09 14:21:34,246 1 INFO lab_client odoo.modules.loading: loading mail/views/res_company_views.xml 
2026-09-09 14:21:34,256 1 INFO lab_client odoo.modules.loading: loading mail/views/mail_scheduled_message_views.xml 
2026-09-09 14:21:34,264 1 INFO lab_client odoo.modules.loading: loading mail/data/mail_canned_response_data.xml 
2026-09-09 14:21:34,272 1 INFO lab_client odoo.modules.loading: loading mail/data/mail_templates_invite.xml 
2026-09-09 14:21:34,283 1 INFO lab_client odoo.modules.loading: loading mail/data/web_tour_tour.xml 
2026-09-09 14:21:34,318 1 INFO lab_client odoo.modules.loading: Module mail loaded in 2.74s, 5016 queries (+5017 other) 
2026-09-09 14:21:34,318 1 INFO lab_client odoo.modules.loading: Loading module web_mobile (22/47) 
2026-09-09 14:21:34,331 1 INFO lab_client odoo.registry: module web_mobile: creating or updating database tables 
2026-09-09 14:21:34,385 1 INFO lab_client odoo.modules.loading: loading web_mobile/views/views.xml 
2026-09-09 14:21:34,409 1 INFO lab_client odoo.modules.loading: Module web_mobile loaded in 0.09s, 94 queries (+94 other) 
2026-09-09 14:21:34,409 1 INFO lab_client odoo.modules.loading: Loading module web_unsplash (23/47) 
2026-09-09 14:21:34,420 1 INFO lab_client odoo.registry: module web_unsplash: creating or updating database tables 
2026-09-09 14:21:34,458 1 INFO lab_client odoo.modules.loading: loading web_unsplash/views/res_config_settings_view.xml 
2026-09-09 14:21:34,488 1 INFO lab_client odoo.modules.loading: Module web_unsplash loaded in 0.08s, 103 queries (+103 other) 
2026-09-09 14:21:34,488 1 INFO lab_client odoo.modules.loading: Loading module ai_auto_install (24/47) 
2026-09-09 14:21:34,552 1 INFO lab_client odoo.modules.loading: Module ai_auto_install loaded in 0.06s, 15 queries (+15 other) 
2026-09-09 14:21:34,553 1 INFO lab_client odoo.modules.loading: Loading module auth_signup (25/47) 
2026-09-09 14:21:34,567 1 INFO lab_client odoo.registry: module auth_signup: creating or updating database tables 
2026-09-09 14:21:34,628 1 INFO lab_client odoo.modules.loading: loading auth_signup/data/ir_config_parameter_data.xml 
2026-09-09 14:21:34,631 1 INFO lab_client odoo.modules.loading: loading auth_signup/data/ir_cron_data.xml 
2026-09-09 14:21:34,654 1 INFO lab_client odoo.modules.loading: loading auth_signup/data/mail_template_data.xml 
2026-09-09 14:21:34,727 1 INFO lab_client odoo.modules.loading: loading auth_signup/views/res_config_settings_views.xml 
2026-09-09 14:21:34,740 1 INFO lab_client odoo.modules.loading: loading auth_signup/views/res_users_views.xml 
2026-09-09 14:21:34,767 1 INFO lab_client odoo.modules.loading: loading auth_signup/views/auth_signup_login_templates.xml 
2026-09-09 14:21:34,788 1 INFO lab_client odoo.modules.loading: loading auth_signup/views/auth_signup_templates_email.xml 
2026-09-09 14:21:34,793 1 INFO lab_client odoo.modules.loading: loading auth_signup/views/webclient_templates.xml 
2026-09-09 14:21:34,814 1 INFO lab_client odoo.modules.loading: Module auth_signup loaded in 0.26s, 255 queries (+255 other) 
2026-09-09 14:21:34,814 1 INFO lab_client odoo.modules.loading: Loading module auth_totp_mail (26/47) 
2026-09-09 14:21:34,822 1 INFO lab_client odoo.registry: module auth_totp_mail: creating or updating database tables 
2026-09-09 14:21:34,856 1 INFO lab_client odoo.modules.loading: loading auth_totp_mail/data/ir_action_data.xml 
2026-09-09 14:21:34,877 1 INFO lab_client odoo.modules.loading: loading auth_totp_mail/data/mail_template_data.xml 
2026-09-09 14:21:34,916 1 INFO lab_client odoo.modules.loading: loading auth_totp_mail/data/security_notifications_template.xml 
2026-09-09 14:21:34,923 1 INFO lab_client odoo.modules.loading: loading auth_totp_mail/views/res_config_settings_views.xml 
2026-09-09 14:21:34,941 1 INFO lab_client odoo.modules.loading: loading auth_totp_mail/views/res_users_views.xml 
2026-09-09 14:21:34,959 1 INFO lab_client odoo.modules.loading: loading auth_totp_mail/views/templates.xml 
2026-09-09 14:21:34,981 1 INFO lab_client odoo.modules.loading: Module auth_totp_mail loaded in 0.17s, 189 queries (+189 other) 
2026-09-09 14:21:34,981 1 INFO lab_client odoo.modules.loading: Loading module base_install_request (27/47) 
2026-09-09 14:21:34,988 1 INFO lab_client odoo.registry: module base_install_request: creating or updating database tables 
2026-09-09 14:21:35,038 1 INFO lab_client odoo.modules.loading: loading base_install_request/security/ir.model.access.csv 
2026-09-09 14:21:35,046 1 INFO lab_client odoo.modules.loading: loading base_install_request/wizard/base_module_install_request_views.xml 
2026-09-09 14:21:35,066 1 INFO lab_client odoo.modules.loading: loading base_install_request/data/mail_template_data.xml 
2026-09-09 14:21:35,072 1 INFO lab_client odoo.modules.loading: loading base_install_request/data/mail_templates_module_install.xml 
2026-09-09 14:21:35,077 1 INFO lab_client odoo.modules.loading: loading base_install_request/views/ir_module_module_views.xml 
2026-09-09 14:21:35,100 1 INFO lab_client odoo.modules.loading: Module base_install_request loaded in 0.12s, 154 queries (+154 other) 
2026-09-09 14:21:35,100 1 INFO lab_client odoo.modules.loading: Loading module google_gmail (28/47) 
2026-09-09 14:21:35,113 1 INFO lab_client odoo.registry: module google_gmail: creating or updating database tables 
2026-09-09 14:21:35,158 1 INFO lab_client odoo.modules.loading: loading google_gmail/views/fetchmail_server_views.xml 
2026-09-09 14:21:35,173 1 INFO lab_client odoo.modules.loading: loading google_gmail/views/ir_mail_server_views.xml 
2026-09-09 14:21:35,184 1 INFO lab_client odoo.modules.loading: loading google_gmail/views/res_config_settings_views.xml 
2026-09-09 14:21:35,206 1 INFO lab_client odoo.modules.loading: loading google_gmail/views/templates.xml 
2026-09-09 14:21:35,216 1 INFO lab_client odoo.modules.loading: Module google_gmail loaded in 0.12s, 155 queries (+155 other) 
2026-09-09 14:21:35,216 1 INFO lab_client odoo.modules.loading: Loading module iap_mail (29/47) 
2026-09-09 14:21:35,220 1 INFO lab_client odoo.registry: module iap_mail: creating or updating database tables 
2026-09-09 14:21:35,250 1 INFO lab_client odoo.modules.loading: loading iap_mail/data/mail_templates.xml 
2026-09-09 14:21:35,264 1 INFO lab_client odoo.modules.loading: loading iap_mail/views/iap_views.xml 
2026-09-09 14:21:35,279 1 INFO lab_client odoo.modules.loading: Module iap_mail loaded in 0.06s, 70 queries (+70 other) 
2026-09-09 14:21:35,280 1 INFO lab_client odoo.modules.loading: Loading module mail_bot (30/47) 
2026-09-09 14:21:35,291 1 INFO lab_client odoo.registry: module mail_bot: creating or updating database tables 
2026-09-09 14:21:35,331 1 INFO lab_client odoo.modules.loading: loading mail_bot/views/res_users_views.xml 
2026-09-09 14:21:35,349 1 INFO lab_client odoo.modules.loading: loading mail_bot/data/mailbot_data.xml 
2026-09-09 14:21:35,357 1 INFO lab_client odoo.modules.loading: Module mail_bot loaded in 0.08s, 109 queries (+109 other) 
2026-09-09 14:21:35,357 1 INFO lab_client odoo.modules.loading: Loading module mail_enterprise (31/47) 
2026-09-09 14:21:35,361 1 INFO lab_client odoo.registry: module mail_enterprise: creating or updating database tables 
2026-09-09 14:21:35,379 1 INFO lab_client odoo.modules.loading: Module mail_enterprise loaded in 0.02s, 19 queries (+19 other) 
2026-09-09 14:21:35,379 1 INFO lab_client odoo.modules.loading: Loading module microsoft_outlook (32/47) 
2026-09-09 14:21:35,389 1 INFO lab_client odoo.registry: module microsoft_outlook: creating or updating database tables 
2026-09-09 14:21:35,436 1 INFO lab_client odoo.modules.loading: loading microsoft_outlook/views/fetchmail_server_views.xml 
2026-09-09 14:21:35,448 1 INFO lab_client odoo.modules.loading: loading microsoft_outlook/views/ir_mail_server_views.xml 
2026-09-09 14:21:35,454 1 INFO lab_client odoo.modules.loading: loading microsoft_outlook/views/res_config_settings_views.xml 
2026-09-09 14:21:35,466 1 INFO lab_client odoo.modules.loading: loading microsoft_outlook/views/templates.xml 
2026-09-09 14:21:35,475 1 INFO lab_client odoo.modules.loading: Module microsoft_outlook loaded in 0.10s, 158 queries (+158 other) 
2026-09-09 14:21:35,475 1 INFO lab_client odoo.modules.loading: Loading module phone_validation (33/47) 
2026-09-09 14:21:35,535 1 INFO lab_client odoo.registry: module phone_validation: creating or updating database tables 
2026-09-09 14:21:35,543 1 INFO lab_client odoo.models: Prepare computation of res.partner.phone_sanitized 
2026-09-09 14:21:36,095 1 INFO lab_client odoo.modules.loading: loading phone_validation/security/ir.model.access.csv 
2026-09-09 14:21:36,103 1 INFO lab_client odoo.modules.loading: loading phone_validation/views/phone_blacklist_views.xml 
2026-09-09 14:21:36,133 1 INFO lab_client odoo.modules.loading: loading phone_validation/views/res_partner_views.xml 
2026-09-09 14:21:36,145 1 INFO lab_client odoo.modules.loading: loading phone_validation/wizard/phone_blacklist_remove_view.xml 
2026-09-09 14:21:36,162 1 INFO lab_client odoo.modules.loading: Module phone_validation loaded in 0.69s, 1660 queries (+1660 other) 
2026-09-09 14:21:36,162 1 INFO lab_client odoo.modules.loading: Loading module privacy_lookup (34/47) 
2026-09-09 14:21:36,177 1 INFO lab_client odoo.registry: module privacy_lookup: creating or updating database tables 
2026-09-09 14:21:36,267 1 INFO lab_client odoo.modules.loading: loading privacy_lookup/wizard/privacy_lookup_wizard_views.xml 
2026-09-09 14:21:36,319 1 INFO lab_client odoo.modules.loading: loading privacy_lookup/views/privacy_log_views.xml 
2026-09-09 14:21:36,339 1 INFO lab_client odoo.modules.loading: loading privacy_lookup/security/ir.model.access.csv 
2026-09-09 14:21:36,355 1 INFO lab_client odoo.modules.loading: loading privacy_lookup/data/ir_actions_server_data.xml 
2026-09-09 14:21:36,394 1 INFO lab_client odoo.modules.loading: Module privacy_lookup loaded in 0.23s, 296 queries (+296 other) 
2026-09-09 14:21:36,394 1 INFO lab_client odoo.modules.loading: Loading module resource_mail (35/47) 
2026-09-09 14:21:36,401 1 INFO lab_client odoo.registry: module resource_mail: creating or updating database tables 
2026-09-09 14:21:36,436 1 INFO lab_client odoo.modules.loading: Module resource_mail loaded in 0.04s, 36 queries (+36 other) 
2026-09-09 14:21:36,436 1 INFO lab_client odoo.modules.loading: Loading module iap_extract (36/47) 
2026-09-09 14:21:36,446 1 INFO lab_client odoo.registry: module iap_extract: creating or updating database tables 
2026-09-09 14:21:36,474 1 INFO lab_client odoo.modules.loading: loading iap_extract/data/config_parameter_endpoint.xml 
2026-09-09 14:21:36,479 1 INFO lab_client odoo.modules.loading: loading iap_extract/data/iap_service_data.xml 
2026-09-09 14:21:36,482 1 INFO lab_client odoo.modules.loading: loading iap_extract/data/mail_template_data.xml 
2026-09-09 14:21:36,494 1 INFO lab_client odoo.modules.loading: Module iap_extract loaded in 0.06s, 52 queries (+52 other) 
2026-09-09 14:21:36,494 1 INFO lab_client odoo.modules.loading: Loading module mail_mobile (37/47) 
2026-09-09 14:21:36,523 1 INFO lab_client odoo.registry: module mail_mobile: creating or updating database tables 
2026-09-09 14:21:36,606 1 INFO lab_client odoo.modules.loading: loading mail_mobile/data/mail_mobile_data.xml 
2026-09-09 14:21:36,610 1 INFO lab_client odoo.modules.loading: loading mail_mobile/views/res_config_settings_views.xml 
2026-09-09 14:21:36,635 1 INFO lab_client odoo.modules.loading: Module mail_mobile loaded in 0.14s, 211 queries (+211 other) 
2026-09-09 14:21:36,635 1 INFO lab_client odoo.modules.loading: Loading module partner_autocomplete (38/47) 
2026-09-09 14:21:36,652 1 INFO lab_client odoo.registry: module partner_autocomplete: creating or updating database tables 
2026-09-09 14:21:36,702 1 INFO lab_client odoo.modules.loading: loading partner_autocomplete/views/res_company_views.xml 
2026-09-09 14:21:36,715 1 INFO lab_client odoo.modules.loading: loading partner_autocomplete/views/res_config_settings_views.xml 
2026-09-09 14:21:36,725 1 INFO lab_client odoo.modules.loading: loading partner_autocomplete/data/iap_service_data.xml 
2026-09-09 14:21:36,731 1 INFO lab_client odoo.modules.loading: Module partner_autocomplete loaded in 0.10s, 144 queries (+144 other) 
2026-09-09 14:21:36,731 1 INFO lab_client odoo.modules.loading: Loading module portal (39/47) 
2026-09-09 14:21:36,755 1 INFO lab_client odoo.registry: module portal: creating or updating database tables 
2026-09-09 14:21:36,915 1 INFO lab_client odoo.modules.loading: loading portal/security/ir.model.access.csv 
2026-09-09 14:21:36,923 1 INFO lab_client odoo.modules.loading: loading portal/data/mail_templates.xml 
2026-09-09 14:21:36,930 1 INFO lab_client odoo.modules.loading: loading portal/views/address_templates.xml 
2026-09-09 14:21:36,959 1 INFO lab_client odoo.modules.loading: loading portal/views/mail_templates_public.xml 
2026-09-09 14:21:36,965 1 INFO lab_client odoo.modules.loading: loading portal/views/portal_templates.xml 
2026-09-09 14:21:37,091 1 INFO lab_client odoo.modules.loading: loading portal/views/res_config_settings_views.xml 
2026-09-09 14:21:37,112 1 INFO lab_client odoo.modules.loading: loading portal/wizard/portal_share_views.xml 
2026-09-09 14:21:37,123 1 INFO lab_client odoo.modules.loading: loading portal/wizard/portal_wizard_views.xml 
2026-09-09 14:21:37,162 1 INFO lab_client odoo.modules.loading: Module portal loaded in 0.43s, 556 queries (+556 other) 
2026-09-09 14:21:37,162 1 INFO lab_client odoo.modules.loading: Loading module sms (40/47) 
2026-09-09 14:21:37,221 1 INFO lab_client odoo.registry: module sms: creating or updating database tables 
2026-09-09 14:21:37,227 1 INFO lab_client odoo.models: Prepare computation of ir.actions.server.sms_template_id 
2026-09-09 14:21:37,227 1 INFO lab_client odoo.models: Prepare computation of ir.actions.server.sms_method 
2026-09-09 14:21:37,896 1 INFO lab_client odoo.modules.loading: loading sms/data/iap_service_data.xml 
2026-09-09 14:21:37,899 1 INFO lab_client odoo.modules.loading: loading sms/data/ir_cron_data.xml 
2026-09-09 14:21:37,917 1 INFO lab_client odoo.modules.loading: loading sms/wizard/sms_account_code_views.xml 
2026-09-09 14:21:37,925 1 INFO lab_client odoo.modules.loading: loading sms/wizard/sms_account_phone_views.xml 
2026-09-09 14:21:37,931 1 INFO lab_client odoo.modules.loading: loading sms/wizard/sms_account_sender_views.xml 
2026-09-09 14:21:37,936 1 INFO lab_client odoo.modules.loading: loading sms/wizard/sms_composer_views.xml 
2026-09-09 14:21:37,945 1 INFO lab_client odoo.modules.loading: loading sms/wizard/sms_template_preview_views.xml 
2026-09-09 14:21:37,952 1 INFO lab_client odoo.modules.loading: loading sms/wizard/sms_template_reset_views.xml 
2026-09-09 14:21:37,961 1 INFO lab_client odoo.modules.loading: loading sms/views/ir_actions_server_views.xml 
2026-09-09 14:21:37,977 1 INFO lab_client odoo.modules.loading: loading sms/views/mail_notification_views.xml 
2026-09-09 14:21:37,996 1 INFO lab_client odoo.modules.loading: loading sms/views/res_config_settings_views.xml 
2026-09-09 14:21:38,014 1 INFO lab_client odoo.modules.loading: loading sms/views/res_partner_views.xml 
2026-09-09 14:21:38,035 1 INFO lab_client odoo.modules.loading: loading sms/views/iap_account_views.xml 
2026-09-09 14:21:38,049 1 INFO lab_client odoo.modules.loading: loading sms/views/sms_sms_views.xml 
2026-09-09 14:21:38,083 1 INFO lab_client odoo.modules.loading: loading sms/views/sms_template_views.xml 
2026-09-09 14:21:38,106 1 INFO lab_client odoo.modules.loading: loading sms/security/ir.model.access.csv 
2026-09-09 14:21:38,131 1 INFO lab_client odoo.modules.loading: loading sms/security/sms_security.xml 
2026-09-09 14:21:38,158 1 INFO lab_client odoo.modules.loading: Module sms loaded in 1.00s, 2097 queries (+2097 other) 
2026-09-09 14:21:38,158 1 INFO lab_client odoo.modules.loading: Loading module snailmail (41/47) 
2026-09-09 14:21:38,270 1 INFO lab_client odoo.registry: module snailmail: creating or updating database tables 
2026-09-09 14:21:38,487 1 INFO lab_client odoo.modules.loading: loading snailmail/data/iap_service_data.xml 
2026-09-09 14:21:38,491 1 INFO lab_client odoo.modules.loading: loading snailmail/data/snailmail_data.xml 
2026-09-09 14:21:38,520 1 INFO lab_client odoo.modules.loading: loading snailmail/views/report_assets.xml 
2026-09-09 14:21:38,533 1 INFO lab_client odoo.modules.loading: loading snailmail/views/snailmail_views.xml 
2026-09-09 14:21:38,550 1 INFO lab_client odoo.modules.loading: loading snailmail/security/ir.model.access.csv 
2026-09-09 14:21:38,579 1 INFO lab_client odoo.modules.loading: Module snailmail loaded in 0.42s, 422 queries (+422 other) 
2026-09-09 14:21:38,579 1 INFO lab_client odoo.modules.loading: Loading module auth_passkey_portal (42/47) 
2026-09-09 14:21:38,591 1 INFO lab_client odoo.modules.loading: loading auth_passkey_portal/views/templates.xml 
2026-09-09 14:21:38,618 1 INFO lab_client odoo.modules.loading: Module auth_passkey_portal loaded in 0.04s, 22 queries (+22 other) 
2026-09-09 14:21:38,618 1 INFO lab_client odoo.modules.loading: Loading module auth_totp_portal (43/47) 
2026-09-09 14:21:38,631 1 INFO lab_client odoo.registry: module auth_totp_portal: creating or updating database tables 
2026-09-09 14:21:38,659 1 INFO lab_client odoo.modules.loading: loading auth_totp_portal/security/security.xml 
2026-09-09 14:21:38,674 1 INFO lab_client odoo.modules.loading: loading auth_totp_portal/views/templates.xml 
2026-09-09 14:21:38,693 1 INFO lab_client odoo.modules.loading: Module auth_totp_portal loaded in 0.07s, 70 queries (+70 other) 
2026-09-09 14:21:38,693 1 INFO lab_client odoo.modules.loading: Loading module digest (44/47) 
2026-09-09 14:21:38,706 1 INFO lab_client odoo.registry: module digest: creating or updating database tables 
2026-09-09 14:21:38,784 1 INFO lab_client odoo.modules.loading: loading digest/security/ir.model.access.csv 
2026-09-09 14:21:38,792 1 INFO lab_client odoo.modules.loading: loading digest/data/digest_data.xml 
2026-09-09 14:21:38,808 1 INFO lab_client odoo.modules.loading: loading digest/data/digest_tips_data.xml 
2026-09-09 14:21:38,825 1 INFO lab_client odoo.modules.loading: loading digest/data/ir_cron_data.xml 
2026-09-09 14:21:38,849 1 INFO lab_client odoo.modules.loading: loading digest/data/res_config_settings_data.xml 
2026-09-09 14:21:38,855 1 INFO lab_client odoo.modules.loading: loading digest/views/digest_views.xml 
2026-09-09 14:21:38,902 1 INFO lab_client odoo.modules.loading: loading digest/views/digest_templates.xml 
2026-09-09 14:21:38,907 1 INFO lab_client odoo.modules.loading: loading digest/views/res_config_settings_views.xml 
2026-09-09 14:21:38,946 1 INFO lab_client odoo.modules.loading: Module digest loaded in 0.25s, 326 queries (+326 other) 
2026-09-09 14:21:38,946 1 INFO lab_client odoo.modules.loading: Loading module base_automation (45/47) 
2026-09-09 14:21:38,956 1 INFO lab_client odoo.registry: module base_automation: creating or updating database tables 
2026-09-09 14:21:39,041 1 INFO lab_client odoo.modules.loading: loading base_automation/security/ir.model.access.csv 
2026-09-09 14:21:39,048 1 INFO lab_client odoo.modules.loading: loading base_automation/data/base_automation_data.xml 
2026-09-09 14:21:39,075 1 INFO lab_client odoo.modules.loading: loading base_automation/data/digest_data.xml 
2026-09-09 14:21:39,079 1 INFO lab_client odoo.modules.loading: loading base_automation/views/base_automation_views.xml 
2026-09-09 14:21:39,116 1 INFO lab_client odoo.modules.loading: loading base_automation/views/ir_actions_server_views.xml 
2026-09-09 14:21:39,151 1 INFO lab_client odoo.modules.loading: Module base_automation loaded in 0.20s, 236 queries (+236 other) 
2026-09-09 14:21:39,151 1 INFO lab_client odoo.modules.loading: Loading module digest_enterprise (46/47) 
2026-09-09 14:21:39,160 1 INFO lab_client odoo.modules.loading: loading digest_enterprise/data/digest_data.xml 
2026-09-09 14:21:39,179 1 INFO lab_client odoo.modules.loading: Module digest_enterprise loaded in 0.03s, 20 queries (+20 other) 
2026-09-09 14:21:39,179 1 INFO lab_client odoo.modules.loading: Loading module web_studio (47/47) 
2026-09-09 14:21:39,297 1 INFO lab_client odoo.registry: module web_studio: creating or updating database tables 
2026-09-09 14:21:40,045 1 INFO lab_client odoo.modules.loading: loading web_studio/views/assets.xml 
2026-09-09 14:21:40,057 1 INFO lab_client odoo.modules.loading: loading web_studio/views/actions.xml 
2026-09-09 14:21:40,065 1 INFO lab_client odoo.modules.loading: loading web_studio/views/ir_actions_report_xml.xml 
2026-09-09 14:21:40,077 1 INFO lab_client odoo.modules.loading: loading web_studio/views/ir_model_data.xml 
2026-09-09 14:21:40,087 1 INFO lab_client odoo.modules.loading: loading web_studio/views/base_automation_views.xml 
2026-09-09 14:21:40,093 1 INFO lab_client odoo.modules.loading: loading web_studio/views/studio_approval_views.xml 
2026-09-09 14:21:40,158 1 INFO lab_client odoo.modules.loading: loading web_studio/views/reset_view_arch_wizard.xml 
2026-09-09 14:21:40,168 1 INFO lab_client odoo.modules.loading: loading web_studio/views/studio_export_wizard_views.xml 
2026-09-09 14:21:40,178 1 INFO lab_client odoo.modules.loading: loading web_studio/views/studio_export_model_views.xml 
2026-09-09 14:21:40,195 1 INFO lab_client odoo.modules.loading: loading web_studio/data/mail_templates.xml 
2026-09-09 14:21:40,201 1 INFO lab_client odoo.modules.loading: loading web_studio/data/web_tour_tour.xml 
2026-09-09 14:21:40,205 1 INFO lab_client odoo.modules.loading: loading web_studio/wizard/base_module_uninstall_view.xml 
2026-09-09 14:21:40,218 1 INFO lab_client odoo.modules.loading: loading web_studio/security/ir.model.access.csv 
2026-09-09 14:21:40,230 1 INFO lab_client odoo.modules.loading: loading web_studio/security/studio_security.xml 
2026-09-09 14:21:40,255 1 INFO lab_client odoo.modules.loading: Module web_studio loaded in 1.08s, 2222 queries (+2222 other) 
2026-09-09 14:21:40,255 1 INFO lab_client odoo.modules.loading: 47 modules loaded in 13.14s, 23931 queries (+23932 extra) 
2026-09-09 14:21:40,583 1 INFO lab_client odoo.modules.loading: Modules loaded. 
2026-09-09 14:21:40,591 1 INFO lab_client odoo.registry: Registry changed, signaling through the database 
2026-09-09 14:21:40,591 1 INFO lab_client odoo.registry: Registry loaded in 22.272s 
2026-09-09 14:21:40,591 1 INFO lab_client odoo.service.server: Initiating shutdown 
2026-09-09 14:21:40,591 1 INFO lab_client odoo.service.server: Hit CTRL-C again or send a second signal to force the shutdown. 
2026-09-09 14:21:40,591 1 INFO lab_client odoo.sql_db: ConnectionPool(read/write;used=0/count=0/max=64): Closed 1 connections  
