2026-09-09 14:04:26,113 1 WARNING ? odoo.tools.config: option addons_path, invalid addons directory '/mnt/extra-addons', skipped 
2026-09-09 14:04:26,113 1 WARNING ? odoo.tools.config: option --without-demo: since 19.0, invalid boolean value: 'all', assume True 
2026-09-09 14:04:26,113 1 WARNING ? odoo.tools.config: option addons_path, invalid addons directory '/mnt/extra-addons', skipped 
2026-09-09 14:04:26,113 1 INFO ? odoo: Odoo version 19.0-20260817 
2026-09-09 14:04:26,113 1 INFO ? odoo: Using configuration file at /etc/odoo/odoo.conf 
2026-09-09 14:04:26,113 1 INFO ? odoo: addons paths: _NamespacePath(['/usr/lib/python3/dist-packages/odoo/addons', '/tmp/odoo/addons/19.0', '/mnt/quality', '/usr/lib/python3/dist-packages/addons']) 
2026-09-09 14:04:26,113 1 INFO ? odoo: database: odoo@quality-rights-1175e27c07-db:default 
2026-09-09 14:04:26,380 1 INFO qualification_0 odoo.modules.loading: Initializing database qualification_0 
2026-09-09 14:04:27,107 1 INFO qualification_0 odoo.modules.loading: loading 1 modules... 
2026-09-09 14:04:27,107 1 INFO qualification_0 odoo.modules.loading: Loading module base (1/1) 
2026-09-09 14:04:27,123 1 INFO qualification_0 odoo.registry: module base: creating or updating database tables 
2026-09-09 14:04:27,873 1 INFO qualification_0 odoo.models: Prepare computation of ir.module.module.menus_by_module 
2026-09-09 14:04:27,873 1 INFO qualification_0 odoo.models: Prepare computation of ir.module.module.reports_by_module 
2026-09-09 14:04:27,873 1 INFO qualification_0 odoo.models: Prepare computation of ir.module.module.views_by_module 
2026-09-09 14:04:28,065 1 INFO qualification_0 odoo.models: Prepare computation of res.partner.user_id 
2026-09-09 14:04:28,065 1 INFO qualification_0 odoo.models: Prepare computation of res.partner.commercial_partner_id 
2026-09-09 14:04:28,065 1 INFO qualification_0 odoo.models: Prepare computation of res.partner.complete_name 
2026-09-09 14:04:28,065 1 INFO qualification_0 odoo.models: Prepare computation of res.partner.lang 
2026-09-09 14:04:28,065 1 INFO qualification_0 odoo.models: Prepare computation of res.partner.company_registry 
2026-09-09 14:04:28,066 1 INFO qualification_0 odoo.models: Prepare computation of res.partner.commercial_company_name 
2026-09-09 14:04:28,066 1 INFO qualification_0 odoo.models: Prepare computation of res.partner.properties 
2026-09-09 14:04:28,066 1 INFO qualification_0 odoo.models: Prepare computation of res.partner.partner_share 
2026-09-09 14:04:28,126 1 INFO qualification_0 odoo.models: Prepare computation of res.currency.decimal_places 
2026-09-09 14:04:28,158 1 INFO qualification_0 odoo.models: Prepare computation of res.company.uses_default_logo 
2026-09-09 14:04:28,158 1 INFO qualification_0 odoo.models: Prepare computation of res.company.logo_web 
2026-09-09 14:04:28,160 1 INFO qualification_0 odoo.models: Computing parent_path for table res_company... 
2026-09-09 14:04:28,207 1 INFO qualification_0 odoo.models: Prepare computation of res.users.signature 
2026-09-09 14:04:28,207 1 INFO qualification_0 odoo.models: Prepare computation of res.users.share 
2026-09-09 14:04:29,127 1 INFO qualification_0 odoo.modules.loading: loading base/data/res_bank.xml 
2026-09-09 14:04:29,130 1 INFO qualification_0 odoo.modules.loading: loading base/data/res.lang.csv 
2026-09-09 14:04:29,158 1 INFO qualification_0 odoo.modules.loading: loading base/data/res_lang_data.xml 
2026-09-09 14:04:29,181 1 INFO qualification_0 odoo.modules.loading: loading base/data/res_partner_data.xml 
2026-09-09 14:04:29,202 1 INFO qualification_0 odoo.modules.loading: loading base/data/res_currency_data.xml 
2026-09-09 14:04:29,500 1 INFO qualification_0 odoo.modules.loading: loading base/data/res_company_data.xml 
2026-09-09 14:04:29,505 1 INFO qualification_0 odoo.modules.loading: loading base/data/res_users_data.xml 
2026-09-09 14:04:30,066 1 INFO qualification_0 odoo.modules.loading: loading base/data/report_paperformat_data.xml 
2026-09-09 14:04:30,075 1 INFO qualification_0 odoo.modules.loading: loading base/data/res_country_data.xml 
2026-09-09 14:04:30,437 1 INFO qualification_0 odoo.modules.loading: loading base/data/ir_demo_data.xml 
2026-09-09 14:04:30,444 1 INFO qualification_0 odoo.modules.loading: loading base/security/base_groups.xml 
2026-09-09 14:04:30,568 1 INFO qualification_0 odoo.modules.loading: loading base/security/base_security.xml 
2026-09-09 14:04:30,692 1 INFO qualification_0 odoo.modules.loading: loading base/wizard/wizard_ir_model_menu_create_views.xml 
2026-09-09 14:04:30,704 1 INFO qualification_0 odoo.modules.loading: loading base/views/base_menus.xml 
2026-09-09 14:04:30,767 1 INFO qualification_0 odoo.modules.loading: loading base/views/decimal_precision_views.xml 
2026-09-09 14:04:30,783 1 INFO qualification_0 odoo.modules.loading: loading base/views/res_config_views.xml 
2026-09-09 14:04:30,790 1 INFO qualification_0 odoo.modules.loading: loading base/data/res.country.state.csv 
2026-09-09 14:04:31,032 1 INFO qualification_0 odoo.modules.loading: loading base/views/ir_actions_views.xml 
2026-09-09 14:04:31,175 1 INFO qualification_0 odoo.modules.loading: loading base/views/ir_asset_views.xml 
2026-09-09 14:04:31,187 1 INFO qualification_0 odoo.modules.loading: loading base/views/ir_config_parameter_views.xml 
2026-09-09 14:04:31,200 1 INFO qualification_0 odoo.modules.loading: loading base/views/ir_cron_views.xml 
2026-09-09 14:04:31,224 1 INFO qualification_0 odoo.modules.loading: loading base/views/ir_cron_trigger_views.xml 
2026-09-09 14:04:31,241 1 INFO qualification_0 odoo.modules.loading: loading base/views/ir_filters_views.xml 
2026-09-09 14:04:31,264 1 INFO qualification_0 odoo.modules.loading: loading base/views/ir_mail_server_views.xml 
2026-09-09 14:04:31,285 1 INFO qualification_0 odoo.modules.loading: loading base/views/ir_model_views.xml 
2026-09-09 14:04:31,398 1 INFO qualification_0 odoo.modules.loading: loading base/views/ir_attachment_views.xml 
2026-09-09 14:04:31,413 1 INFO qualification_0 odoo.modules.loading: loading base/views/ir_rule_views.xml 
2026-09-09 14:04:31,428 1 INFO qualification_0 odoo.modules.loading: loading base/views/ir_sequence_views.xml 
2026-09-09 14:04:31,442 1 INFO qualification_0 odoo.modules.loading: loading base/views/ir_ui_menu_views.xml 
2026-09-09 14:04:31,457 1 INFO qualification_0 odoo.modules.loading: loading base/views/ir_ui_view_views.xml 
2026-09-09 14:04:31,490 1 INFO qualification_0 odoo.modules.loading: loading base/views/ir_default_views.xml 
2026-09-09 14:04:31,503 1 INFO qualification_0 odoo.modules.loading: loading base/data/ir_config_parameter_data.xml 
2026-09-09 14:04:31,504 1 INFO qualification_0 odoo.modules.loading: loading base/data/ir_cron_data.xml 
2026-09-09 14:04:31,514 1 INFO qualification_0 odoo.modules.loading: loading base/report/ir_model_report.xml 
2026-09-09 14:04:31,520 1 INFO qualification_0 odoo.modules.loading: loading base/report/ir_model_templates.xml 
2026-09-09 14:04:31,530 1 INFO qualification_0 odoo.modules.loading: loading base/views/ir_logging_views.xml 
2026-09-09 14:04:31,554 1 INFO qualification_0 odoo.modules.loading: loading base/views/ir_qweb_widget_templates.xml 
2026-09-09 14:04:31,568 1 INFO qualification_0 odoo.modules.loading: loading base/views/ir_module_views.xml 
2026-09-09 14:04:31,612 1 INFO qualification_0 odoo.modules.loading: loading base/data/ir_module_category_data.xml 
2026-09-09 14:04:31,633 1 INFO qualification_0 odoo.modules.loading: loading base/data/ir_module_module.xml 
2026-09-09 14:04:31,679 1 INFO qualification_0 odoo.modules.loading: loading base/report/ir_module_reports.xml 
2026-09-09 14:04:31,682 1 INFO qualification_0 odoo.modules.loading: loading base/report/ir_module_report_templates.xml 
2026-09-09 14:04:31,687 1 INFO qualification_0 odoo.modules.loading: loading base/wizard/base_module_update_views.xml 
2026-09-09 14:04:31,693 1 INFO qualification_0 odoo.modules.loading: loading base/wizard/base_language_install_views.xml 
2026-09-09 14:04:31,707 1 INFO qualification_0 odoo.modules.loading: loading base/wizard/base_import_language_views.xml 
2026-09-09 14:04:31,714 1 INFO qualification_0 odoo.modules.loading: loading base/wizard/base_module_upgrade_views.xml 
2026-09-09 14:04:31,725 1 INFO qualification_0 odoo.modules.loading: loading base/wizard/base_module_uninstall_views.xml 
2026-09-09 14:04:31,733 1 INFO qualification_0 odoo.modules.loading: loading base/wizard/base_export_language_views.xml 
2026-09-09 14:04:31,740 1 INFO qualification_0 odoo.modules.loading: loading base/wizard/base_partner_merge_views.xml 
2026-09-09 14:04:31,748 1 INFO qualification_0 odoo.modules.loading: loading base/data/ir_demo_failure_data.xml 
2026-09-09 14:04:31,758 1 INFO qualification_0 odoo.modules.loading: loading base/views/ir_profile_views.xml 
2026-09-09 14:04:31,774 1 INFO qualification_0 odoo.modules.loading: loading base/views/res_company_views.xml 
2026-09-09 14:04:31,785 1 INFO qualification_0 odoo.modules.loading: loading base/views/res_lang_views.xml 
2026-09-09 14:04:31,797 1 INFO qualification_0 odoo.modules.loading: loading base/views/res_partner_views.xml 
2026-09-09 14:04:31,861 1 INFO qualification_0 odoo.modules.loading: loading base/views/res_bank_views.xml 
2026-09-09 14:04:31,905 1 INFO qualification_0 odoo.modules.loading: loading base/views/res_country_views.xml 
2026-09-09 14:04:31,956 1 INFO qualification_0 odoo.modules.loading: loading base/views/res_currency_views.xml 
2026-09-09 14:04:31,990 1 INFO qualification_0 odoo.modules.loading: loading base/views/res_groups_views.xml 
2026-09-09 14:04:32,023 1 INFO qualification_0 odoo.modules.loading: loading base/views/res_users_views.xml 
2026-09-09 14:04:32,079 1 INFO qualification_0 odoo.modules.loading: loading base/views/res_users_apikeys_views.xml 
2026-09-09 14:04:32,083 1 INFO qualification_0 odoo.modules.loading: loading base/views/res_device_views.xml 
2026-09-09 14:04:32,093 1 INFO qualification_0 odoo.modules.loading: loading base/views/res_users_identitycheck_views.xml 
2026-09-09 14:04:32,100 1 INFO qualification_0 odoo.modules.loading: loading base/views/res_config_settings_views.xml 
2026-09-09 14:04:32,105 1 INFO qualification_0 odoo.modules.loading: loading base/views/report_paperformat_views.xml 
2026-09-09 14:04:32,122 1 INFO qualification_0 odoo.modules.loading: loading base/security/ir.model.access.csv 
2026-09-09 14:04:32,204 1 INFO qualification_0 odoo.modules.loading: Module base loaded in 5.10s, 8454 queries (+8454 other) 
2026-09-09 14:04:32,205 1 INFO qualification_0 odoo.modules.loading: 1 modules loaded in 5.10s, 8454 queries (+8454 extra) 
2026-09-09 14:04:32,207 1 INFO qualification_0 odoo.modules.loading: updating modules list 
2026-09-09 14:04:32,208 1 INFO qualification_0 odoo.addons.base.models.ir_module: ALLOW access to module.update_list on [] to user __system__ #1 via n/a 
2026-09-09 14:04:32,694 1 INFO qualification_0 odoo.addons.base.models.ir_module: ALLOW access to module.button_install on ['Synthetic rights qualification'] to user __system__ #1 via n/a 
2026-09-09 14:04:32,731 1 INFO qualification_0 odoo.modules.loading: loading 15 modules... 
2026-09-09 14:04:32,731 1 INFO qualification_0 odoo.modules.loading: Loading module quality_rights (2/15) 
2026-09-09 14:04:32,734 1 INFO qualification_0 odoo.registry: module quality_rights: creating or updating database tables 
2026-09-09 14:04:32,767 1 INFO qualification_0 odoo.modules.loading: loading quality_rights/security/ir.model.access.csv 
2026-09-09 14:04:32,773 1 INFO qualification_0 odoo.modules.loading: loading quality_rights/security/rules.xml 
2026-09-09 14:04:32,789 1 INFO qualification_0 odoo.modules.loading: Module quality_rights loaded in 0.06s, 61 queries (+61 other) 
2026-09-09 14:04:32,789 1 INFO qualification_0 odoo.modules.loading: Loading module rpc (3/15) 
2026-09-09 14:04:32,813 1 INFO qualification_0 odoo.modules.loading: Module rpc loaded in 0.02s, 10 queries (+10 other) 
2026-09-09 14:04:32,813 1 INFO qualification_0 odoo.modules.loading: Loading module web (4/15) 
2026-09-09 14:04:32,846 1 INFO qualification_0 odoo.registry: module web: creating or updating database tables 
2026-09-09 14:04:33,235 1 INFO qualification_0 odoo.modules.loading: loading web/security/ir.model.access.csv 
2026-09-09 14:04:33,242 1 INFO qualification_0 odoo.modules.loading: loading web/security/web_security.xml 
2026-09-09 14:04:33,252 1 INFO qualification_0 odoo.modules.loading: loading web/views/webclient_templates.xml 
2026-09-09 14:04:33,291 1 INFO qualification_0 odoo.modules.loading: loading web/views/report_templates.xml 
2026-09-09 14:04:33,381 1 INFO qualification_0 odoo.modules.loading: loading web/views/base_document_layout_views.xml 
2026-09-09 14:04:33,393 1 INFO qualification_0 odoo.modules.loading: loading web/views/partner_view.xml 
2026-09-09 14:04:33,402 1 INFO qualification_0 odoo.modules.loading: loading web/views/speedscope_template.xml 
2026-09-09 14:04:33,407 1 INFO qualification_0 odoo.modules.loading: loading web/views/memory_template.xml 
2026-09-09 14:04:33,410 1 INFO qualification_0 odoo.modules.loading: loading web/views/speedscope_config_wizard.xml 
2026-09-09 14:04:33,414 1 INFO qualification_0 odoo.modules.loading: loading web/views/neutralize_views.xml 
2026-09-09 14:04:33,421 1 INFO qualification_0 odoo.modules.loading: loading web/views/ir_ui_view_views.xml 
2026-09-09 14:04:33,428 1 INFO qualification_0 odoo.modules.loading: loading web/data/ir_attachment.xml 
2026-09-09 14:04:33,431 1 INFO qualification_0 odoo.modules.loading: loading web/data/report_layout.xml 
2026-09-09 14:04:33,463 1 INFO qualification_0 odoo.modules.loading: Module web loaded in 0.65s, 1237 queries (+1237 other) 
2026-09-09 14:04:33,463 1 INFO qualification_0 odoo.modules.loading: Loading module api_doc (5/15) 
2026-09-09 14:04:33,469 1 INFO qualification_0 odoo.registry: module api_doc: creating or updating database tables 
2026-09-09 14:04:33,479 1 INFO qualification_0 odoo.modules.loading: loading api_doc/security/res_groups.xml 
2026-09-09 14:04:33,495 1 INFO qualification_0 odoo.modules.loading: loading api_doc/views/docclient.xml 
2026-09-09 14:04:33,509 1 INFO qualification_0 odoo.modules.loading: Module api_doc loaded in 0.05s, 63 queries (+63 other) 
2026-09-09 14:04:33,509 1 INFO qualification_0 odoo.modules.loading: Loading module auth_totp (6/15) 
2026-09-09 14:04:33,522 1 INFO qualification_0 odoo.registry: module auth_totp: creating or updating database tables 
2026-09-09 14:04:33,575 1 INFO qualification_0 odoo.modules.loading: loading auth_totp/security/security.xml 
2026-09-09 14:04:33,591 1 INFO qualification_0 odoo.modules.loading: loading auth_totp/security/ir.model.access.csv 
2026-09-09 14:04:33,595 1 INFO qualification_0 odoo.modules.loading: loading auth_totp/data/ir_action_data.xml 
2026-09-09 14:04:33,600 1 INFO qualification_0 odoo.modules.loading: loading auth_totp/views/res_users_views.xml 
2026-09-09 14:04:33,620 1 INFO qualification_0 odoo.modules.loading: loading auth_totp/views/templates.xml 
2026-09-09 14:04:33,626 1 INFO qualification_0 odoo.modules.loading: loading auth_totp/wizard/auth_totp_wizard_views.xml 
2026-09-09 14:04:33,642 1 INFO qualification_0 odoo.modules.loading: Module auth_totp loaded in 0.13s, 218 queries (+218 other) 
2026-09-09 14:04:33,642 1 INFO qualification_0 odoo.modules.loading: Loading module base_import (7/15) 
2026-09-09 14:04:33,660 1 INFO qualification_0 odoo.registry: module base_import: creating or updating database tables 
2026-09-09 14:04:33,941 1 INFO qualification_0 odoo.modules.loading: loading base_import/security/ir.model.access.csv 
2026-09-09 14:04:33,958 1 INFO qualification_0 odoo.modules.loading: Module base_import loaded in 0.32s, 961 queries (+961 other) 
2026-09-09 14:04:33,958 1 INFO qualification_0 odoo.modules.loading: Loading module base_import_module (8/15) 
2026-09-09 14:04:33,965 1 INFO qualification_0 odoo.registry: module base_import_module: creating or updating database tables 
2026-09-09 14:04:34,016 1 INFO qualification_0 odoo.modules.loading: loading base_import_module/security/ir.model.access.csv 
2026-09-09 14:04:34,021 1 INFO qualification_0 odoo.modules.loading: loading base_import_module/views/base_import_module_view.xml 
2026-09-09 14:04:34,034 1 INFO qualification_0 odoo.modules.loading: loading base_import_module/views/ir_module_views.xml 
2026-09-09 14:04:34,077 1 INFO qualification_0 odoo.modules.loading: Module base_import_module loaded in 0.12s, 172 queries (+172 other) 
2026-09-09 14:04:34,077 1 INFO qualification_0 odoo.modules.loading: Loading module base_setup (9/15) 
2026-09-09 14:04:34,084 1 INFO qualification_0 odoo.registry: module base_setup: creating or updating database tables 
2026-09-09 14:04:34,122 1 INFO qualification_0 odoo.modules.loading: loading base_setup/data/base_setup_data.xml 
2026-09-09 14:04:34,125 1 INFO qualification_0 odoo.modules.loading: loading base_setup/views/res_config_settings_views.xml 
2026-09-09 14:04:34,151 1 INFO qualification_0 odoo.modules.loading: loading base_setup/views/res_partner_views.xml 
2026-09-09 14:04:34,171 1 INFO qualification_0 odoo.modules.loading: Module base_setup loaded in 0.09s, 152 queries (+152 other) 
2026-09-09 14:04:34,171 1 INFO qualification_0 odoo.modules.loading: Loading module bus (10/15) 
2026-09-09 14:04:34,184 1 INFO qualification_0 odoo.registry: module bus: creating or updating database tables 
2026-09-09 14:04:34,233 1 INFO qualification_0 odoo.modules.loading: loading bus/security/ir.model.access.csv 
2026-09-09 14:04:34,239 1 INFO qualification_0 odoo.modules.loading: Module bus loaded in 0.07s, 159 queries (+159 other) 
2026-09-09 14:04:34,239 1 INFO qualification_0 odoo.modules.loading: Loading module web_tour (11/15) 
2026-09-09 14:04:34,243 1 INFO qualification_0 odoo.registry: module web_tour: creating or updating database tables 
2026-09-09 14:04:34,247 1 INFO qualification_0 odoo.models: Prepare computation of res.users.tour_enabled 
2026-09-09 14:04:34,318 1 INFO qualification_0 odoo.modules.loading: loading web_tour/security/ir.model.access.csv 
2026-09-09 14:04:34,324 1 INFO qualification_0 odoo.modules.loading: loading web_tour/views/tour_views.xml 
2026-09-09 14:04:34,363 1 INFO qualification_0 odoo.modules.loading: Module web_tour loaded in 0.12s, 180 queries (+180 other) 
2026-09-09 14:04:34,363 1 INFO qualification_0 odoo.modules.loading: Loading module auth_passkey (12/15) 
2026-09-09 14:04:34,390 1 INFO qualification_0 odoo.registry: module auth_passkey: creating or updating database tables 
2026-09-09 14:04:34,452 1 INFO qualification_0 odoo.modules.loading: loading auth_passkey/views/auth_passkey_key_views.xml 
2026-09-09 14:04:34,464 1 INFO qualification_0 odoo.modules.loading: loading auth_passkey/views/auth_passkey_login_templates.xml 
2026-09-09 14:04:34,473 1 INFO qualification_0 odoo.modules.loading: loading auth_passkey/views/res_users_identitycheck_views.xml 
2026-09-09 14:04:34,481 1 INFO qualification_0 odoo.modules.loading: loading auth_passkey/views/res_users_views.xml 
2026-09-09 14:04:34,497 1 INFO qualification_0 odoo.modules.loading: loading auth_passkey/security/ir.model.access.csv 
2026-09-09 14:04:34,505 1 INFO qualification_0 odoo.modules.loading: loading auth_passkey/security/security.xml 
2026-09-09 14:04:34,532 1 INFO qualification_0 odoo.modules.loading: Module auth_passkey loaded in 0.17s, 218 queries (+218 other) 
2026-09-09 14:04:34,533 1 INFO qualification_0 odoo.modules.loading: Loading module html_editor (13/15) 
2026-09-09 14:04:34,630 1 INFO qualification_0 odoo.registry: module html_editor: creating or updating database tables 
2026-09-09 14:04:34,926 1 INFO qualification_0 odoo.modules.loading: loading html_editor/security/ir.model.access.csv 
2026-09-09 14:04:34,935 1 INFO qualification_0 odoo.modules.loading: Module html_editor loaded in 0.40s, 1039 queries (+1039 other) 
2026-09-09 14:04:34,935 1 INFO qualification_0 odoo.modules.loading: Loading module iap (14/15) 
2026-09-09 14:04:34,937 1 INFO qualification_0 odoo.registry: module iap: creating or updating database tables 
2026-09-09 14:04:34,985 1 INFO qualification_0 odoo.modules.loading: loading iap/data/services.xml 
2026-09-09 14:04:34,992 1 INFO qualification_0 odoo.modules.loading: loading iap/security/ir.model.access.csv 
2026-09-09 14:04:34,998 1 INFO qualification_0 odoo.modules.loading: loading iap/security/ir_rule.xml 
2026-09-09 14:04:35,004 1 INFO qualification_0 odoo.modules.loading: loading iap/views/iap_views.xml 
2026-09-09 14:04:35,025 1 INFO qualification_0 odoo.modules.loading: loading iap/views/res_config_settings.xml 
2026-09-09 14:04:35,041 1 INFO qualification_0 odoo.modules.loading: Module iap loaded in 0.11s, 182 queries (+182 other) 
2026-09-09 14:04:35,041 1 INFO qualification_0 odoo.modules.loading: Loading module web_unsplash (15/15) 
2026-09-09 14:04:35,045 1 INFO qualification_0 odoo.registry: module web_unsplash: creating or updating database tables 
2026-09-09 14:04:35,070 1 INFO qualification_0 odoo.modules.loading: loading web_unsplash/views/res_config_settings_view.xml 
2026-09-09 14:04:35,097 1 INFO qualification_0 odoo.modules.loading: Module web_unsplash loaded in 0.06s, 93 queries (+93 other) 
2026-09-09 14:04:35,097 1 INFO qualification_0 odoo.modules.loading: 15 modules loaded in 2.37s, 4745 queries (+4745 extra) 
2026-09-09 14:04:35,253 1 INFO qualification_0 odoo.modules.loading: Modules loaded. 
2026-09-09 14:04:35,258 1 INFO qualification_0 odoo.registry: Registry changed, signaling through the database 
2026-09-09 14:04:35,258 1 INFO qualification_0 odoo.registry: Registry loaded in 8.928s 
2026-09-09 14:04:35,258 1 INFO qualification_0 odoo.service.server: Initiating shutdown 
2026-09-09 14:04:35,258 1 INFO qualification_0 odoo.service.server: Hit CTRL-C again or send a second signal to force the shutdown. 
2026-09-09 14:04:35,258 1 INFO qualification_0 odoo.sql_db: ConnectionPool(read/write;used=0/count=0/max=64): Closed 1 connections  
