2026-09-09 16:37:47,192 1 INFO ? odoo: Odoo version 19.0-20260817 
2026-09-09 16:37:47,192 1 INFO ? odoo: Using configuration file at /etc/odoo/odoo.conf 
2026-09-09 16:37:47,192 1 INFO ? odoo: addons paths: _NamespacePath(['/usr/lib/python3/dist-packages/odoo/addons', '/tmp/odoo-data/addons/19.0', '/mnt/extra-addons', '/usr/lib/python3/dist-packages/addons']) 
2026-09-09 16:37:47,192 1 INFO ? odoo: database: odoo@ordered-recovery-d015b7aa5705-pg:default 
2026-09-09 16:37:47,562 1 INFO ordered_seed odoo.modules.loading: Initializing database ordered_seed 
2026-09-09 16:37:48,887 1 INFO ordered_seed odoo.modules.loading: loading 1 modules... 
2026-09-09 16:37:48,887 1 INFO ordered_seed odoo.modules.loading: Loading module base (1/1) 
2026-09-09 16:37:48,911 1 INFO ordered_seed odoo.registry: module base: creating or updating database tables 
2026-09-09 16:37:49,095 1 INFO ordered_seed odoo.models: Prepare computation of ir.module.module.menus_by_module 
2026-09-09 16:37:49,095 1 INFO ordered_seed odoo.models: Prepare computation of ir.module.module.reports_by_module 
2026-09-09 16:37:49,095 1 INFO ordered_seed odoo.models: Prepare computation of ir.module.module.views_by_module 
2026-09-09 16:37:49,151 1 INFO ordered_seed odoo.models: Prepare computation of res.partner.user_id 
2026-09-09 16:37:49,151 1 INFO ordered_seed odoo.models: Prepare computation of res.partner.commercial_partner_id 
2026-09-09 16:37:49,151 1 INFO ordered_seed odoo.models: Prepare computation of res.partner.complete_name 
2026-09-09 16:37:49,151 1 INFO ordered_seed odoo.models: Prepare computation of res.partner.lang 
2026-09-09 16:37:49,151 1 INFO ordered_seed odoo.models: Prepare computation of res.partner.company_registry 
2026-09-09 16:37:49,151 1 INFO ordered_seed odoo.models: Prepare computation of res.partner.commercial_company_name 
2026-09-09 16:37:49,151 1 INFO ordered_seed odoo.models: Prepare computation of res.partner.properties 
2026-09-09 16:37:49,151 1 INFO ordered_seed odoo.models: Prepare computation of res.partner.partner_share 
2026-09-09 16:37:49,169 1 INFO ordered_seed odoo.models: Prepare computation of res.currency.decimal_places 
2026-09-09 16:37:49,181 1 INFO ordered_seed odoo.models: Prepare computation of res.company.uses_default_logo 
2026-09-09 16:37:49,181 1 INFO ordered_seed odoo.models: Prepare computation of res.company.logo_web 
2026-09-09 16:37:49,182 1 INFO ordered_seed odoo.models: Computing parent_path for table res_company... 
2026-09-09 16:37:49,196 1 INFO ordered_seed odoo.models: Prepare computation of res.users.signature 
2026-09-09 16:37:49,196 1 INFO ordered_seed odoo.models: Prepare computation of res.users.share 
2026-09-09 16:37:50,147 1 INFO ordered_seed odoo.modules.loading: loading base/data/res_bank.xml 
2026-09-09 16:37:50,154 1 INFO ordered_seed odoo.modules.loading: loading base/data/res.lang.csv 
2026-09-09 16:37:50,193 1 INFO ordered_seed odoo.modules.loading: loading base/data/res_lang_data.xml 
2026-09-09 16:37:50,235 1 INFO ordered_seed odoo.modules.loading: loading base/data/res_partner_data.xml 
2026-09-09 16:37:50,293 1 INFO ordered_seed odoo.modules.loading: loading base/data/res_currency_data.xml 
2026-09-09 16:37:50,617 1 INFO ordered_seed odoo.modules.loading: loading base/data/res_company_data.xml 
2026-09-09 16:37:50,624 1 INFO ordered_seed odoo.modules.loading: loading base/data/res_users_data.xml 
2026-09-09 16:37:51,368 1 INFO ordered_seed odoo.modules.loading: loading base/data/report_paperformat_data.xml 
2026-09-09 16:37:51,379 1 INFO ordered_seed odoo.modules.loading: loading base/data/res_country_data.xml 
2026-09-09 16:37:51,905 1 INFO ordered_seed odoo.modules.loading: loading base/data/ir_demo_data.xml 
2026-09-09 16:37:51,920 1 INFO ordered_seed odoo.modules.loading: loading base/security/base_groups.xml 
2026-09-09 16:37:52,140 1 INFO ordered_seed odoo.modules.loading: loading base/security/base_security.xml 
2026-09-09 16:37:52,364 1 INFO ordered_seed odoo.modules.loading: loading base/wizard/wizard_ir_model_menu_create_views.xml 
2026-09-09 16:37:52,382 1 INFO ordered_seed odoo.modules.loading: loading base/views/base_menus.xml 
2026-09-09 16:37:52,433 1 INFO ordered_seed odoo.modules.loading: loading base/views/decimal_precision_views.xml 
2026-09-09 16:37:52,450 1 INFO ordered_seed odoo.modules.loading: loading base/views/res_config_views.xml 
2026-09-09 16:37:52,456 1 INFO ordered_seed odoo.modules.loading: loading base/data/res.country.state.csv 
2026-09-09 16:37:52,788 1 INFO ordered_seed odoo.modules.loading: loading base/views/ir_actions_views.xml 
2026-09-09 16:37:52,948 1 INFO ordered_seed odoo.modules.loading: loading base/views/ir_asset_views.xml 
2026-09-09 16:37:52,973 1 INFO ordered_seed odoo.modules.loading: loading base/views/ir_config_parameter_views.xml 
2026-09-09 16:37:52,990 1 INFO ordered_seed odoo.modules.loading: loading base/views/ir_cron_views.xml 
2026-09-09 16:37:53,010 1 INFO ordered_seed odoo.modules.loading: loading base/views/ir_cron_trigger_views.xml 
2026-09-09 16:37:53,022 1 INFO ordered_seed odoo.modules.loading: loading base/views/ir_filters_views.xml 
2026-09-09 16:37:53,040 1 INFO ordered_seed odoo.modules.loading: loading base/views/ir_mail_server_views.xml 
2026-09-09 16:37:53,064 1 INFO ordered_seed odoo.modules.loading: loading base/views/ir_model_views.xml 
2026-09-09 16:37:53,165 1 INFO ordered_seed odoo.modules.loading: loading base/views/ir_attachment_views.xml 
2026-09-09 16:37:53,184 1 INFO ordered_seed odoo.modules.loading: loading base/views/ir_rule_views.xml 
2026-09-09 16:37:53,198 1 INFO ordered_seed odoo.modules.loading: loading base/views/ir_sequence_views.xml 
2026-09-09 16:37:53,215 1 INFO ordered_seed odoo.modules.loading: loading base/views/ir_ui_menu_views.xml 
2026-09-09 16:37:53,229 1 INFO ordered_seed odoo.modules.loading: loading base/views/ir_ui_view_views.xml 
2026-09-09 16:37:53,266 1 INFO ordered_seed odoo.modules.loading: loading base/views/ir_default_views.xml 
2026-09-09 16:37:53,284 1 INFO ordered_seed odoo.modules.loading: loading base/data/ir_config_parameter_data.xml 
2026-09-09 16:37:53,287 1 INFO ordered_seed odoo.modules.loading: loading base/data/ir_cron_data.xml 
2026-09-09 16:37:53,299 1 INFO ordered_seed odoo.modules.loading: loading base/report/ir_model_report.xml 
2026-09-09 16:37:53,302 1 INFO ordered_seed odoo.modules.loading: loading base/report/ir_model_templates.xml 
2026-09-09 16:37:53,309 1 INFO ordered_seed odoo.modules.loading: loading base/views/ir_logging_views.xml 
2026-09-09 16:37:53,327 1 INFO ordered_seed odoo.modules.loading: loading base/views/ir_qweb_widget_templates.xml 
2026-09-09 16:37:53,338 1 INFO ordered_seed odoo.modules.loading: loading base/views/ir_module_views.xml 
2026-09-09 16:37:53,381 1 INFO ordered_seed odoo.modules.loading: loading base/data/ir_module_category_data.xml 
2026-09-09 16:37:53,407 1 INFO ordered_seed odoo.modules.loading: loading base/data/ir_module_module.xml 
2026-09-09 16:37:53,463 1 INFO ordered_seed odoo.modules.loading: loading base/report/ir_module_reports.xml 
2026-09-09 16:37:53,468 1 INFO ordered_seed odoo.modules.loading: loading base/report/ir_module_report_templates.xml 
2026-09-09 16:37:53,473 1 INFO ordered_seed odoo.modules.loading: loading base/wizard/base_module_update_views.xml 
2026-09-09 16:37:53,491 1 INFO ordered_seed odoo.modules.loading: loading base/wizard/base_language_install_views.xml 
2026-09-09 16:37:53,511 1 INFO ordered_seed odoo.modules.loading: loading base/wizard/base_import_language_views.xml 
2026-09-09 16:37:53,521 1 INFO ordered_seed odoo.modules.loading: loading base/wizard/base_module_upgrade_views.xml 
2026-09-09 16:37:53,532 1 INFO ordered_seed odoo.modules.loading: loading base/wizard/base_module_uninstall_views.xml 
2026-09-09 16:37:53,540 1 INFO ordered_seed odoo.modules.loading: loading base/wizard/base_export_language_views.xml 
2026-09-09 16:37:53,549 1 INFO ordered_seed odoo.modules.loading: loading base/wizard/base_partner_merge_views.xml 
2026-09-09 16:37:53,560 1 INFO ordered_seed odoo.modules.loading: loading base/data/ir_demo_failure_data.xml 
2026-09-09 16:37:53,571 1 INFO ordered_seed odoo.modules.loading: loading base/views/ir_profile_views.xml 
2026-09-09 16:37:53,591 1 INFO ordered_seed odoo.modules.loading: loading base/views/res_company_views.xml 
2026-09-09 16:37:53,621 1 INFO ordered_seed odoo.modules.loading: loading base/views/res_lang_views.xml 
2026-09-09 16:37:53,645 1 INFO ordered_seed odoo.modules.loading: loading base/views/res_partner_views.xml 
2026-09-09 16:37:53,716 1 INFO ordered_seed odoo.modules.loading: loading base/views/res_bank_views.xml 
2026-09-09 16:37:53,745 1 INFO ordered_seed odoo.modules.loading: loading base/views/res_country_views.xml 
2026-09-09 16:37:53,788 1 INFO ordered_seed odoo.modules.loading: loading base/views/res_currency_views.xml 
2026-09-09 16:37:53,822 1 INFO ordered_seed odoo.modules.loading: loading base/views/res_groups_views.xml 
2026-09-09 16:37:53,861 1 INFO ordered_seed odoo.modules.loading: loading base/views/res_users_views.xml 
2026-09-09 16:37:53,933 1 INFO ordered_seed odoo.modules.loading: loading base/views/res_users_apikeys_views.xml 
2026-09-09 16:37:53,938 1 INFO ordered_seed odoo.modules.loading: loading base/views/res_device_views.xml 
2026-09-09 16:37:53,956 1 INFO ordered_seed odoo.modules.loading: loading base/views/res_users_identitycheck_views.xml 
2026-09-09 16:37:53,962 1 INFO ordered_seed odoo.modules.loading: loading base/views/res_config_settings_views.xml 
2026-09-09 16:37:53,968 1 INFO ordered_seed odoo.modules.loading: loading base/views/report_paperformat_views.xml 
2026-09-09 16:37:53,989 1 INFO ordered_seed odoo.modules.loading: loading base/security/ir.model.access.csv 
2026-09-09 16:37:54,081 1 INFO ordered_seed odoo.modules.loading: Module base loaded in 5.19s, 8454 queries (+8454 other) 
2026-09-09 16:37:54,081 1 INFO ordered_seed odoo.modules.loading: 1 modules loaded in 5.19s, 8454 queries (+8454 extra) 
2026-09-09 16:37:54,084 1 INFO ordered_seed odoo.modules.loading: updating modules list 
2026-09-09 16:37:54,084 1 INFO ordered_seed odoo.addons.base.models.ir_module: ALLOW access to module.update_list on [] to user __system__ #1 via n/a 
2026-09-09 16:37:54,683 1 INFO ordered_seed odoo.addons.base.models.ir_module: ALLOW access to module.button_install on ['Synthetic qualification'] to user __system__ #1 via n/a 
2026-09-09 16:37:54,730 1 INFO ordered_seed odoo.modules.loading: loading 15 modules... 
2026-09-09 16:37:54,730 1 INFO ordered_seed odoo.modules.loading: Loading module rpc (2/15) 
2026-09-09 16:37:54,741 1 INFO ordered_seed odoo.modules.loading: Module rpc loaded in 0.01s, 9 queries (+9 other) 
2026-09-09 16:37:54,741 1 INFO ordered_seed odoo.modules.loading: Loading module web (3/15) 
2026-09-09 16:37:54,761 1 INFO ordered_seed odoo.registry: module web: creating or updating database tables 
2026-09-09 16:37:55,073 1 INFO ordered_seed odoo.modules.loading: loading web/security/ir.model.access.csv 
2026-09-09 16:37:55,079 1 INFO ordered_seed odoo.modules.loading: loading web/security/web_security.xml 
2026-09-09 16:37:55,087 1 INFO ordered_seed odoo.modules.loading: loading web/views/webclient_templates.xml 
2026-09-09 16:37:55,126 1 INFO ordered_seed odoo.modules.loading: loading web/views/report_templates.xml 
2026-09-09 16:37:55,216 1 INFO ordered_seed odoo.modules.loading: loading web/views/base_document_layout_views.xml 
2026-09-09 16:37:55,234 1 INFO ordered_seed odoo.modules.loading: loading web/views/partner_view.xml 
2026-09-09 16:37:55,242 1 INFO ordered_seed odoo.modules.loading: loading web/views/speedscope_template.xml 
2026-09-09 16:37:55,246 1 INFO ordered_seed odoo.modules.loading: loading web/views/memory_template.xml 
2026-09-09 16:37:55,250 1 INFO ordered_seed odoo.modules.loading: loading web/views/speedscope_config_wizard.xml 
2026-09-09 16:37:55,255 1 INFO ordered_seed odoo.modules.loading: loading web/views/neutralize_views.xml 
2026-09-09 16:37:55,260 1 INFO ordered_seed odoo.modules.loading: loading web/views/ir_ui_view_views.xml 
2026-09-09 16:37:55,268 1 INFO ordered_seed odoo.modules.loading: loading web/data/ir_attachment.xml 
2026-09-09 16:37:55,272 1 INFO ordered_seed odoo.modules.loading: loading web/data/report_layout.xml 
2026-09-09 16:37:55,300 1 INFO ordered_seed odoo.modules.loading: Module web loaded in 0.56s, 1232 queries (+1232 other) 
2026-09-09 16:37:55,300 1 INFO ordered_seed odoo.modules.loading: Loading module api_doc (4/15) 
2026-09-09 16:37:55,304 1 INFO ordered_seed odoo.registry: module api_doc: creating or updating database tables 
2026-09-09 16:37:55,315 1 INFO ordered_seed odoo.modules.loading: loading api_doc/security/res_groups.xml 
2026-09-09 16:37:55,334 1 INFO ordered_seed odoo.modules.loading: loading api_doc/views/docclient.xml 
2026-09-09 16:37:55,352 1 INFO ordered_seed odoo.modules.loading: Module api_doc loaded in 0.05s, 63 queries (+63 other) 
2026-09-09 16:37:55,352 1 INFO ordered_seed odoo.modules.loading: Loading module auth_totp (5/15) 
2026-09-09 16:37:55,366 1 INFO ordered_seed odoo.registry: module auth_totp: creating or updating database tables 
2026-09-09 16:37:55,429 1 INFO ordered_seed odoo.modules.loading: loading auth_totp/security/security.xml 
2026-09-09 16:37:55,444 1 INFO ordered_seed odoo.modules.loading: loading auth_totp/security/ir.model.access.csv 
2026-09-09 16:37:55,448 1 INFO ordered_seed odoo.modules.loading: loading auth_totp/data/ir_action_data.xml 
2026-09-09 16:37:55,452 1 INFO ordered_seed odoo.modules.loading: loading auth_totp/views/res_users_views.xml 
2026-09-09 16:37:55,487 1 INFO ordered_seed odoo.modules.loading: loading auth_totp/views/templates.xml 
2026-09-09 16:37:55,496 1 INFO ordered_seed odoo.modules.loading: loading auth_totp/wizard/auth_totp_wizard_views.xml 
2026-09-09 16:37:55,514 1 INFO ordered_seed odoo.modules.loading: Module auth_totp loaded in 0.16s, 218 queries (+218 other) 
2026-09-09 16:37:55,514 1 INFO ordered_seed odoo.modules.loading: Loading module base_import (6/15) 
2026-09-09 16:37:55,537 1 INFO ordered_seed odoo.registry: module base_import: creating or updating database tables 
2026-09-09 16:37:55,849 1 INFO ordered_seed odoo.modules.loading: loading base_import/security/ir.model.access.csv 
2026-09-09 16:37:55,869 1 INFO ordered_seed odoo.modules.loading: Module base_import loaded in 0.35s, 956 queries (+956 other) 
2026-09-09 16:37:55,869 1 INFO ordered_seed odoo.modules.loading: Loading module base_import_module (7/15) 
2026-09-09 16:37:55,877 1 INFO ordered_seed odoo.registry: module base_import_module: creating or updating database tables 
2026-09-09 16:37:55,943 1 INFO ordered_seed odoo.modules.loading: loading base_import_module/security/ir.model.access.csv 
2026-09-09 16:37:55,952 1 INFO ordered_seed odoo.modules.loading: loading base_import_module/views/base_import_module_view.xml 
2026-09-09 16:37:55,979 1 INFO ordered_seed odoo.modules.loading: loading base_import_module/views/ir_module_views.xml 
2026-09-09 16:37:56,040 1 INFO ordered_seed odoo.modules.loading: Module base_import_module loaded in 0.17s, 172 queries (+172 other) 
2026-09-09 16:37:56,040 1 INFO ordered_seed odoo.modules.loading: Loading module base_setup (8/15) 
2026-09-09 16:37:56,051 1 INFO ordered_seed odoo.registry: module base_setup: creating or updating database tables 
2026-09-09 16:37:56,096 1 INFO ordered_seed odoo.modules.loading: loading base_setup/data/base_setup_data.xml 
2026-09-09 16:37:56,100 1 INFO ordered_seed odoo.modules.loading: loading base_setup/views/res_config_settings_views.xml 
2026-09-09 16:37:56,127 1 INFO ordered_seed odoo.modules.loading: loading base_setup/views/res_partner_views.xml 
2026-09-09 16:37:56,154 1 INFO ordered_seed odoo.modules.loading: Module base_setup loaded in 0.11s, 152 queries (+152 other) 
2026-09-09 16:37:56,154 1 INFO ordered_seed odoo.modules.loading: Loading module bus (9/15) 
2026-09-09 16:37:56,178 1 INFO ordered_seed odoo.registry: module bus: creating or updating database tables 
2026-09-09 16:37:56,252 1 INFO ordered_seed odoo.modules.loading: loading bus/security/ir.model.access.csv 
2026-09-09 16:37:56,265 1 INFO ordered_seed odoo.modules.loading: Module bus loaded in 0.11s, 159 queries (+159 other) 
2026-09-09 16:37:56,265 1 INFO ordered_seed odoo.modules.loading: Loading module lab_qualification (10/15) 
2026-09-09 16:37:56,269 1 INFO ordered_seed odoo.registry: module lab_qualification: creating or updating database tables 
2026-09-09 16:37:56,309 1 INFO ordered_seed odoo.modules.loading: loading lab_qualification/security/ir.model.access.csv 
2026-09-09 16:37:56,318 1 INFO ordered_seed odoo.modules.loading: loading lab_qualification/views/quantity.xml 
2026-09-09 16:37:56,342 1 INFO ordered_seed odoo.modules.loading: Module lab_qualification loaded in 0.08s, 81 queries (+81 other) 
2026-09-09 16:37:56,342 1 INFO ordered_seed odoo.modules.loading: Loading module web_tour (11/15) 
2026-09-09 16:37:56,348 1 INFO ordered_seed odoo.registry: module web_tour: creating or updating database tables 
2026-09-09 16:37:56,354 1 INFO ordered_seed odoo.models: Prepare computation of res.users.tour_enabled 
2026-09-09 16:37:56,408 1 INFO ordered_seed odoo.modules.loading: loading web_tour/security/ir.model.access.csv 
2026-09-09 16:37:56,415 1 INFO ordered_seed odoo.modules.loading: loading web_tour/views/tour_views.xml 
2026-09-09 16:37:56,444 1 INFO ordered_seed odoo.modules.loading: Module web_tour loaded in 0.10s, 180 queries (+180 other) 
2026-09-09 16:37:56,444 1 INFO ordered_seed odoo.modules.loading: Loading module auth_passkey (12/15) 
2026-09-09 16:37:56,491 1 INFO ordered_seed odoo.registry: module auth_passkey: creating or updating database tables 
2026-09-09 16:37:56,543 1 INFO ordered_seed odoo.modules.loading: loading auth_passkey/views/auth_passkey_key_views.xml 
2026-09-09 16:37:56,571 1 INFO ordered_seed odoo.modules.loading: loading auth_passkey/views/auth_passkey_login_templates.xml 
2026-09-09 16:37:56,586 1 INFO ordered_seed odoo.modules.loading: loading auth_passkey/views/res_users_identitycheck_views.xml 
2026-09-09 16:37:56,598 1 INFO ordered_seed odoo.modules.loading: loading auth_passkey/views/res_users_views.xml 
2026-09-09 16:37:56,620 1 INFO ordered_seed odoo.modules.loading: loading auth_passkey/security/ir.model.access.csv 
2026-09-09 16:37:56,628 1 INFO ordered_seed odoo.modules.loading: loading auth_passkey/security/security.xml 
2026-09-09 16:37:56,654 1 INFO ordered_seed odoo.modules.loading: Module auth_passkey loaded in 0.21s, 218 queries (+218 other) 
2026-09-09 16:37:56,654 1 INFO ordered_seed odoo.modules.loading: Loading module html_editor (13/15) 
2026-09-09 16:37:56,782 1 INFO ordered_seed odoo.registry: module html_editor: creating or updating database tables 
2026-09-09 16:37:57,135 1 INFO ordered_seed odoo.modules.loading: loading html_editor/security/ir.model.access.csv 
2026-09-09 16:37:57,145 1 INFO ordered_seed odoo.modules.loading: Module html_editor loaded in 0.49s, 1043 queries (+1043 other) 
2026-09-09 16:37:57,145 1 INFO ordered_seed odoo.modules.loading: Loading module iap (14/15) 
2026-09-09 16:37:57,147 1 INFO ordered_seed odoo.registry: module iap: creating or updating database tables 
2026-09-09 16:37:57,188 1 INFO ordered_seed odoo.modules.loading: loading iap/data/services.xml 
2026-09-09 16:37:57,192 1 INFO ordered_seed odoo.modules.loading: loading iap/security/ir.model.access.csv 
2026-09-09 16:37:57,197 1 INFO ordered_seed odoo.modules.loading: loading iap/security/ir_rule.xml 
2026-09-09 16:37:57,202 1 INFO ordered_seed odoo.modules.loading: loading iap/views/iap_views.xml 
2026-09-09 16:37:57,218 1 INFO ordered_seed odoo.modules.loading: loading iap/views/res_config_settings.xml 
2026-09-09 16:37:57,232 1 INFO ordered_seed odoo.modules.loading: Module iap loaded in 0.09s, 182 queries (+182 other) 
2026-09-09 16:37:57,232 1 INFO ordered_seed odoo.modules.loading: Loading module web_unsplash (15/15) 
2026-09-09 16:37:57,238 1 INFO ordered_seed odoo.registry: module web_unsplash: creating or updating database tables 
2026-09-09 16:37:57,265 1 INFO ordered_seed odoo.modules.loading: loading web_unsplash/views/res_config_settings_view.xml 
2026-09-09 16:37:57,283 1 INFO ordered_seed odoo.modules.loading: Module web_unsplash loaded in 0.05s, 93 queries (+93 other) 
2026-09-09 16:37:57,283 1 INFO ordered_seed odoo.modules.loading: 15 modules loaded in 2.55s, 4758 queries (+4758 extra) 
2026-09-09 16:37:57,466 1 INFO ordered_seed odoo.modules.loading: Modules loaded. 
2026-09-09 16:37:57,469 1 INFO ordered_seed odoo.registry: Registry changed, signaling through the database 
2026-09-09 16:37:57,470 1 INFO ordered_seed odoo.registry: Registry loaded in 9.920s 
2026-09-09 16:37:57,470 1 INFO ordered_seed odoo.service.server: Initiating shutdown 
2026-09-09 16:37:57,470 1 INFO ordered_seed odoo.service.server: Hit CTRL-C again or send a second signal to force the shutdown. 
2026-09-09 16:37:57,470 1 INFO ordered_seed odoo.sql_db: ConnectionPool(read/write;used=0/count=0/max=64): Closed 1 connections  
