2026-09-08 20:47:47,531 1 WARNING ? odoo.tools.config: option addons_path, invalid addons directory '/mnt/extra-addons', skipped 
2026-09-08 20:47:47,531 1 WARNING ? odoo.tools.config: option --without-demo: since 19.0, invalid boolean value: 'all', assume True 
2026-09-08 20:47:47,531 1 WARNING ? odoo.tools.config: option addons_path, invalid addons directory '/mnt/extra-addons', skipped 
2026-09-08 20:47:47,531 1 INFO ? odoo: Odoo version 19.0-20260817 
2026-09-08 20:47:47,531 1 INFO ? odoo: Using configuration file at /etc/odoo/odoo.conf 
2026-09-08 20:47:47,531 1 INFO ? odoo: addons paths: _NamespacePath(['/usr/lib/python3/dist-packages/odoo/addons', '/tmp/odoo/addons/19.0', '/mnt/quality', '/usr/lib/python3/dist-packages/addons']) 
2026-09-08 20:47:47,531 1 INFO ? odoo: database: odoo@quality-lab-730ba1ab6f-db:default 
2026-09-08 20:47:47,702 1 INFO ? odoo.service.server: HTTP service (werkzeug) running on 3ff5adcd2f7e:8069 
2026-09-08 20:47:47,713 1 INFO lab_trial_6 odoo.tests.common: Importing test framework 
2026-09-08 20:47:47,734 1 INFO lab_trial_6 odoo.modules.loading: loading 1 modules... 
2026-09-08 20:47:47,737 1 INFO lab_trial_6 odoo.modules.loading: 1 modules loaded in 0.00s, 0 queries (+0 extra) 
2026-09-08 20:47:47,753 1 INFO lab_trial_6 odoo.modules.loading: updating modules list 
2026-09-08 20:47:47,754 1 INFO lab_trial_6 odoo.addons.base.models.ir_module: ALLOW access to module.update_list on [] to user __system__ #1 via n/a 
2026-09-08 20:47:48,180 1 WARNING lab_trial_6 odoo.modules.module: Missing `author` key in manifest for 'quality_case', defaulting to '' 
2026-09-08 20:47:48,181 1 WARNING lab_trial_6 odoo.modules.module: Missing `author` key in manifest for 'quality_case', defaulting to '' 
2026-09-08 20:47:48,181 1 WARNING lab_trial_6 odoo.modules.module: Missing `author` key in manifest for 'quality_oracle', defaulting to '' 
2026-09-08 20:47:48,181 1 WARNING lab_trial_6 odoo.modules.module: Missing `author` key in manifest for 'quality_oracle', defaulting to '' 
2026-09-08 20:47:48,317 1 INFO lab_trial_6 odoo.addons.base.models.ir_module: ALLOW access to module.button_install on ['Quality Lab Independent Business Oracle'] to user __system__ #1 via n/a 
2026-09-08 20:47:48,340 1 INFO lab_trial_6 odoo.modules.loading: loading 16 modules... 
2026-09-08 20:47:48,435 1 INFO lab_trial_6 odoo.modules.loading: Loading module quality_case (15/16) 
2026-09-08 20:47:48,456 1 INFO lab_trial_6 odoo.registry: module quality_case: creating or updating database tables 
2026-09-08 20:47:48,496 1 INFO lab_trial_6 odoo.modules.loading: loading quality_case/security/groups.xml 
2026-09-08 20:47:48,504 1 INFO lab_trial_6 odoo.modules.loading: loading quality_case/security/ir.model.access.csv 
2026-09-08 20:47:48,519 1 INFO lab_trial_6 odoo.modules.loading: Module quality_case loaded in 0.08s, 69 queries (+69 other) 
2026-09-08 20:47:48,519 1 INFO lab_trial_6 odoo.modules.loading: Loading module quality_oracle (16/16) 
2026-09-08 20:47:48,537 1 INFO lab_trial_6 odoo.modules.loading: Module quality_oracle loaded in 0.02s, 10 queries (+10 other) 
2026-09-08 20:47:48,537 1 INFO lab_trial_6 odoo.modules.loading: 16 modules loaded in 0.20s, 79 queries (+79 extra) 
2026-09-08 20:47:48,649 1 INFO lab_trial_6 odoo.modules.loading: Modules loaded. 
2026-09-08 20:47:48,661 1 INFO lab_trial_6 odoo.registry: Registry changed, signaling through the database 
2026-09-08 20:47:48,663 1 INFO lab_trial_6 odoo.registry: Registry loaded in 0.961s 
2026-09-08 20:47:48,663 1 INFO lab_trial_6 odoo.service.server: Starting post tests 
2026-09-08 20:47:48,757 1 INFO lab_trial_6 odoo.addons.quality_oracle.tests.test_delivery: Starting TestDeliveryContract.test_approval_revalidation_and_increase ... 
2026-09-08 20:47:48,787 1 INFO lab_trial_6 odoo.addons.quality_oracle.tests.test_delivery: Starting TestDeliveryContract.test_caller_context_does_not_authorize_workflow_writes ... 
2026-09-08 20:47:48,796 1 INFO lab_trial_6 odoo.addons.quality_oracle.tests.test_delivery: Starting TestDeliveryContract.test_changed_customer_policy_invalidates_approval ... 
2026-09-08 20:47:48,808 1 INFO lab_trial_6 odoo.addons.quality_oracle.tests.test_delivery: Starting TestDeliveryContract.test_context_defaults_cannot_forge_approval_or_state ... 
2026-09-08 20:47:48,815 1 INFO lab_trial_6 odoo.addons.quality_oracle.tests.test_delivery: ====================================================================== 
2026-09-08 20:47:48,815 1 ERROR lab_trial_6 odoo.addons.quality_oracle.tests.test_delivery: FAIL: Subtest TestDeliveryContract.test_context_defaults_cannot_forge_approval_or_state (context={'default_approved': True})
Traceback (most recent call last):
  File "/mnt/quality/quality_oracle/tests/test_delivery.py", line 109, in test_context_defaults_cannot_forge_approval_or_state
    self.assertFalse(record.approved)
AssertionError: True is not false
 
2026-09-08 20:47:48,817 1 INFO lab_trial_6 odoo.addons.quality_oracle.tests.test_delivery: ====================================================================== 
2026-09-08 20:47:48,817 1 ERROR lab_trial_6 odoo.addons.quality_oracle.tests.test_delivery: FAIL: Subtest TestDeliveryContract.test_context_defaults_cannot_forge_approval_or_state (context={'default_state': 'done'})
Traceback (most recent call last):
  File "/mnt/quality/quality_oracle/tests/test_delivery.py", line 110, in test_context_defaults_cannot_forge_approval_or_state
    self.assertEqual(record.state, 'draft')
AssertionError: 'done' != 'draft'
- done
+ draft

 
2026-09-08 20:47:48,818 1 INFO lab_trial_6 odoo.addons.quality_oracle.tests.test_delivery: Starting TestDeliveryContract.test_no_forged_approval_or_state ... 
2026-09-08 20:47:48,826 1 INFO lab_trial_6 odoo.addons.quality_oracle.tests.test_delivery: Starting TestDeliveryContract.test_no_self_approval_even_as_manager ... 
2026-09-08 20:47:48,839 1 INFO lab_trial_6 odoo.addons.quality_oracle.tests.test_delivery: Starting TestDeliveryContract.test_other_company_denied_on_direct_access ... 
2026-09-08 20:47:48,850 1 INFO lab_trial_6 odoo.addons.base.models.ir_rule: Access Denied by record rules for operation: read on record ids: [9], uid: 7, model: quality_case.delivery 
2026-09-08 20:47:48,859 1 INFO lab_trial_6 odoo.addons.base.models.ir_rule: Access Denied by record rules for operation: write on record ids: [9], uid: 7, model: quality_case.delivery 
2026-09-08 20:47:48,864 1 INFO lab_trial_6 odoo.addons.base.models.ir_rule: Access Denied by record rules for operation: write on record ids: [9], uid: 7, model: quality_case.delivery 
2026-09-08 20:47:48,871 1 INFO lab_trial_6 odoo.addons.quality_oracle.tests.test_delivery: Starting TestDeliveryContract.test_threshold_and_full_delivery ... 
2026-09-08 20:47:48,878 1 INFO lab_trial_6 odoo.addons.quality_oracle.tests.test_delivery: Starting TestDeliveryContract.test_unchanged_policy_keeps_approval ... 
2026-09-08 20:47:48,886 1 INFO lab_trial_6 odoo.addons.base.models.ir_attachment: filestore gc 6 checked, 3 removed 
2026-09-08 20:47:48,886 1 INFO lab_trial_6 odoo.addons.quality_oracle.tests.test_pack: Starting TestPackContract.test_failed_import_does_not_leave_xmlid_or_row ... 
2026-09-08 20:47:48,895 1 INFO lab_trial_6 odoo.addons.quality_oracle.tests.test_pack: Starting TestPackContract.test_import_has_identity_and_second_apply_is_unchanged ... 
2026-09-08 20:47:48,907 1 INFO lab_trial_6 odoo.addons.quality_oracle.tests.test_pack: Starting TestPackContract.test_new_model_field_and_record_dependency_order ... 
2026-09-08 20:47:48,922 1 INFO lab_trial_6 odoo.registry: module studio_customization: creating or updating database tables 
2026-09-08 20:47:48,949 1 INFO lab_trial_6 odoo.registry: module studio_customization: creating or updating database tables 
2026-09-08 20:47:48,972 1 INFO lab_trial_6 odoo.registry: module studio_customization: creating or updating database tables 
2026-09-08 20:47:48,994 1 INFO lab_trial_6 odoo.addons.quality_oracle.tests.test_pack: Starting TestPackContract.test_unknown_field_rejected_before_any_creation ... 
2026-09-08 20:47:49,015 1 INFO lab_trial_6 odoo.addons.base.models.ir_attachment: filestore gc 0 checked, 0 removed 
2026-09-08 20:47:49,015 1 INFO lab_trial_6 odoo.service.server: 13 post-tests in 0.35s, 615 queries 
2026-09-08 20:47:49,015 1 INFO lab_trial_6 odoo.tests.stats: quality_oracle: 17 tests 0.35s 615 queries 
2026-09-08 20:47:49,015 1 ERROR lab_trial_6 odoo.tests.result: 2 failed, 0 error(s) of 13 tests when loading database 'lab_trial_6' 
2026-09-08 20:47:49,015 1 INFO lab_trial_6 odoo.service.server: Initiating shutdown 
2026-09-08 20:47:49,015 1 INFO lab_trial_6 odoo.service.server: Hit CTRL-C again or send a second signal to force the shutdown. 
2026-09-08 20:47:49,210 1 INFO lab_trial_6 odoo.sql_db: ConnectionPool(read/write;used=0/count=0/max=64): Closed 1 connections  
  + res.partner studio_customization.quality_contact
1 / 0 / 0 créés / modifiés / inchangés sur synthetic ORM oracle
0 / 0 / 1 créés / modifiés / inchangés sur synthetic ORM oracle
  + ir.model studio_customization.dynamic_model
  + ir.model.fields studio_customization.dynamic_field
  + ir.model.fields studio_customization.dynamic_name
  + x_quality_dynamic studio_customization.dynamic_row
4 / 0 / 0 à créer / à modifier / inchangés sur synthetic ORM oracle
  + ir.model studio_customization.dynamic_model
  + ir.model.fields studio_customization.dynamic_field
  + ir.model.fields studio_customization.dynamic_name
  + x_quality_dynamic studio_customization.dynamic_row
4 / 0 / 0 créés / modifiés / inchangés sur synthetic ORM oracle
0 / 0 / 4 créés / modifiés / inchangés sur synthetic ORM oracle
