test_binding_cannot_replace_contract_or_cross_owners (test_odoo_coverage.CoverageTests) ... ok
test_changed_source_or_evidence_and_empty_proof_rejected (test_odoo_coverage.CoverageTests) ... ok
test_complete_contract_preserves_multiline_and_excludes_outside (test_odoo_coverage.CoverageTests) ... ok
test_each_bound_gate_rejects_missing_partial_without_releasing_claim (test_odoo_coverage.CoverageTests) ... ok
test_execution_freshness_does_not_depend_on_filename (test_odoo_coverage.CoverageTests) ... test_legacy_flow_and_bound_blocked_remain_available (test_odoo_coverage.CoverageTests) ... ok
test_nested_execution_proof_keeps_code_freshness_check (test_odoo_coverage.CoverageTests) ... ok
test_partial_omitted_rewritten_added_or_reordered_never_pass (test_odoo_coverage.CoverageTests) ... ok
test_same_binding_is_repeatable_but_cannot_be_added_after_pass (test_odoo_coverage.CoverageTests) ... ok
test_two_completions_of_bound_gate_record_one_pass (test_odoo_coverage.CoverageTests) ... ok
test_uninterpretable_or_duplicate_criteria_fail_closed (test_odoo_coverage.CoverageTests) ... ok

======================================================================
FAIL: test_execution_freshness_does_not_depend_on_filename (test_odoo_coverage.CoverageTests) (name='receipt.log')
----------------------------------------------------------------------
Traceback (most recent call last):
  File "/home/blegoff/.odoo19-agents/tests/test_odoo_coverage.py", line 128, in test_execution_freshness_does_not_depend_on_filename
    with self.subTest(name=name), self.assertRaisesRegex(ValueError, 'code changé'):
AssertionError: ValueError not raised

======================================================================
FAIL: test_execution_freshness_does_not_depend_on_filename (test_odoo_coverage.CoverageTests) (name='receipt.JSON')
----------------------------------------------------------------------
Traceback (most recent call last):
  File "/home/blegoff/.odoo19-agents/tests/test_odoo_coverage.py", line 128, in test_execution_freshness_does_not_depend_on_filename
    with self.subTest(name=name), self.assertRaisesRegex(ValueError, 'code changé'):
AssertionError: ValueError not raised

----------------------------------------------------------------------
Ran 11 tests in 0.133s

FAILED (failures=2)
