2026-09-08 20:54:09,473 1 WARNING ? odoo.tools.config: option addons_path, invalid addons directory '/mnt/extra-addons', skipped 
2026-09-08 20:54:09,473 1 WARNING ? odoo.tools.config: option --without-demo: since 19.0, invalid boolean value: 'all', assume True 
2026-09-08 20:54:09,473 1 WARNING ? odoo.tools.config: option addons_path, invalid addons directory '/mnt/extra-addons', skipped 
2026-09-08 20:54:09,473 1 INFO ? odoo: Odoo version 19.0-20260817 
2026-09-08 20:54:09,473 1 INFO ? odoo: Using configuration file at /etc/odoo/odoo.conf 
2026-09-08 20:54:09,473 1 INFO ? odoo: addons paths: _NamespacePath(['/usr/lib/python3/dist-packages/odoo/addons', '/tmp/odoo/addons/19.0', '/mnt/quality', '/usr/lib/python3/dist-packages/addons']) 
2026-09-08 20:54:09,473 1 INFO ? odoo: database: odoo@quality-lab-1d193c4640-db:default 
2026-09-08 20:54:09,836 1 INFO lab_template odoo.modules.loading: Initializing database lab_template 
2026-09-08 20:54:10,338 1 WARNING lab_template odoo.modules.module: Missing `author` key in manifest for 'quality_case', defaulting to '' 
2026-09-08 20:54:10,338 1 WARNING lab_template odoo.modules.module: Missing `author` key in manifest for 'quality_case', defaulting to '' 
2026-09-08 20:54:10,339 1 WARNING lab_template odoo.modules.module: Missing `author` key in manifest for 'quality_oracle', defaulting to '' 
2026-09-08 20:54:10,339 1 WARNING lab_template odoo.modules.module: Missing `author` key in manifest for 'quality_oracle', defaulting to '' 
2026-09-08 20:54:10,523 1 INFO lab_template odoo.modules.loading: loading 1 modules... 
2026-09-08 20:54:10,523 1 INFO lab_template odoo.modules.loading: Loading module base (1/1) 
2026-09-08 20:54:10,538 1 INFO lab_template odoo.registry: module base: creating or updating database tables 
2026-09-08 20:54:11,268 1 INFO lab_template odoo.models: Prepare computation of ir.module.module.menus_by_module 
2026-09-08 20:54:11,268 1 INFO lab_template odoo.models: Prepare computation of ir.module.module.reports_by_module 
2026-09-08 20:54:11,268 1 INFO lab_template odoo.models: Prepare computation of ir.module.module.views_by_module 
2026-09-08 20:54:11,362 1 INFO lab_template odoo.models: Prepare computation of res.partner.user_id 
2026-09-08 20:54:11,362 1 INFO lab_template odoo.models: Prepare computation of res.partner.commercial_partner_id 
2026-09-08 20:54:11,362 1 INFO lab_template odoo.models: Prepare computation of res.partner.complete_name 
2026-09-08 20:54:11,362 1 INFO lab_template odoo.models: Prepare computation of res.partner.lang 
2026-09-08 20:54:11,362 1 INFO lab_template odoo.models: Prepare computation of res.partner.company_registry 
2026-09-08 20:54:11,362 1 INFO lab_template odoo.models: Prepare computation of res.partner.commercial_company_name 
2026-09-08 20:54:11,362 1 INFO lab_template odoo.models: Prepare computation of res.partner.properties 
2026-09-08 20:54:11,362 1 INFO lab_template odoo.models: Prepare computation of res.partner.partner_share 
2026-09-08 20:54:11,386 1 INFO lab_template odoo.models: Prepare computation of res.currency.decimal_places 
2026-09-08 20:54:11,401 1 INFO lab_template odoo.models: Prepare computation of res.company.uses_default_logo 
2026-09-08 20:54:11,401 1 INFO lab_template odoo.models: Prepare computation of res.company.logo_web 
2026-09-08 20:54:11,403 1 INFO lab_template odoo.models: Computing parent_path for table res_company... 
2026-09-08 20:54:11,420 1 INFO lab_template odoo.models: Prepare computation of res.users.signature 
2026-09-08 20:54:11,420 1 INFO lab_template odoo.models: Prepare computation of res.users.share 
2026-09-08 20:54:12,270 1 INFO lab_template odoo.modules.loading: loading base/data/res_bank.xml 
2026-09-08 20:54:12,273 1 INFO lab_template odoo.modules.loading: loading base/data/res.lang.csv 
2026-09-08 20:54:12,304 1 INFO lab_template odoo.modules.loading: loading base/data/res_lang_data.xml 
2026-09-08 20:54:12,327 1 INFO lab_template odoo.modules.loading: loading base/data/res_partner_data.xml 
2026-09-08 20:54:12,355 1 INFO lab_template odoo.modules.loading: loading base/data/res_currency_data.xml 
2026-09-08 20:54:12,614 1 INFO lab_template odoo.modules.loading: loading base/data/res_company_data.xml 
2026-09-08 20:54:12,621 1 INFO lab_template odoo.modules.loading: loading base/data/res_users_data.xml 
2026-09-08 20:54:13,220 1 INFO lab_template odoo.modules.loading: loading base/data/report_paperformat_data.xml 
2026-09-08 20:54:13,225 1 INFO lab_template odoo.modules.loading: loading base/data/res_country_data.xml 
2026-09-08 20:54:13,530 1 INFO lab_template odoo.modules.loading: loading base/data/ir_demo_data.xml 
2026-09-08 20:54:13,539 1 INFO lab_template odoo.modules.loading: loading base/security/base_groups.xml 
2026-09-08 20:54:13,645 1 INFO lab_template odoo.modules.loading: loading base/security/base_security.xml 
2026-09-08 20:54:13,754 1 INFO lab_template odoo.modules.loading: loading base/wizard/wizard_ir_model_menu_create_views.xml 
2026-09-08 20:54:13,761 1 INFO lab_template odoo.modules.loading: loading base/views/base_menus.xml 
2026-09-08 20:54:13,789 1 INFO lab_template odoo.modules.loading: loading base/views/decimal_precision_views.xml 
2026-09-08 20:54:13,797 1 INFO lab_template odoo.modules.loading: loading base/views/res_config_views.xml 
2026-09-08 20:54:13,800 1 INFO lab_template odoo.modules.loading: loading base/data/res.country.state.csv 
2026-09-08 20:54:13,976 1 INFO lab_template odoo.modules.loading: loading base/views/ir_actions_views.xml 
2026-09-08 20:54:14,085 1 INFO lab_template odoo.modules.loading: loading base/views/ir_asset_views.xml 
2026-09-08 20:54:14,101 1 INFO lab_template odoo.modules.loading: loading base/views/ir_config_parameter_views.xml 
2026-09-08 20:54:14,116 1 INFO lab_template odoo.modules.loading: loading base/views/ir_cron_views.xml 
2026-09-08 20:54:14,141 1 INFO lab_template odoo.modules.loading: loading base/views/ir_cron_trigger_views.xml 
2026-09-08 20:54:14,153 1 INFO lab_template odoo.modules.loading: loading base/views/ir_filters_views.xml 
2026-09-08 20:54:14,171 1 INFO lab_template odoo.modules.loading: loading base/views/ir_mail_server_views.xml 
2026-09-08 20:54:14,189 1 INFO lab_template odoo.modules.loading: loading base/views/ir_model_views.xml 
2026-09-08 20:54:14,305 1 INFO lab_template odoo.modules.loading: loading base/views/ir_attachment_views.xml 
2026-09-08 20:54:14,323 1 INFO lab_template odoo.modules.loading: loading base/views/ir_rule_views.xml 
2026-09-08 20:54:14,340 1 INFO lab_template odoo.modules.loading: loading base/views/ir_sequence_views.xml 
2026-09-08 20:54:14,359 1 INFO lab_template odoo.modules.loading: loading base/views/ir_ui_menu_views.xml 
2026-09-08 20:54:14,377 1 INFO lab_template odoo.modules.loading: loading base/views/ir_ui_view_views.xml 
2026-09-08 20:54:14,416 1 INFO lab_template odoo.modules.loading: loading base/views/ir_default_views.xml 
2026-09-08 20:54:14,427 1 INFO lab_template odoo.modules.loading: loading base/data/ir_config_parameter_data.xml 
2026-09-08 20:54:14,429 1 INFO lab_template odoo.modules.loading: loading base/data/ir_cron_data.xml 
2026-09-08 20:54:14,438 1 INFO lab_template odoo.modules.loading: loading base/report/ir_model_report.xml 
2026-09-08 20:54:14,440 1 INFO lab_template odoo.modules.loading: loading base/report/ir_model_templates.xml 
2026-09-08 20:54:14,445 1 INFO lab_template odoo.modules.loading: loading base/views/ir_logging_views.xml 
2026-09-08 20:54:14,463 1 INFO lab_template odoo.modules.loading: loading base/views/ir_qweb_widget_templates.xml 
2026-09-08 20:54:14,474 1 INFO lab_template odoo.modules.loading: loading base/views/ir_module_views.xml 
2026-09-08 20:54:14,519 1 INFO lab_template odoo.modules.loading: loading base/data/ir_module_category_data.xml 
2026-09-08 20:54:14,547 1 INFO lab_template odoo.modules.loading: loading base/data/ir_module_module.xml 
2026-09-08 20:54:14,603 1 INFO lab_template odoo.modules.loading: loading base/report/ir_module_reports.xml 
2026-09-08 20:54:14,606 1 INFO lab_template odoo.modules.loading: loading base/report/ir_module_report_templates.xml 
2026-09-08 20:54:14,611 1 INFO lab_template odoo.modules.loading: loading base/wizard/base_module_update_views.xml 
2026-09-08 20:54:14,624 1 INFO lab_template odoo.modules.loading: loading base/wizard/base_language_install_views.xml 
2026-09-08 20:54:14,637 1 INFO lab_template odoo.modules.loading: loading base/wizard/base_import_language_views.xml 
2026-09-08 20:54:14,646 1 INFO lab_template odoo.modules.loading: loading base/wizard/base_module_upgrade_views.xml 
2026-09-08 20:54:14,662 1 INFO lab_template odoo.modules.loading: loading base/wizard/base_module_uninstall_views.xml 
2026-09-08 20:54:14,670 1 INFO lab_template odoo.modules.loading: loading base/wizard/base_export_language_views.xml 
2026-09-08 20:54:14,683 1 INFO lab_template odoo.modules.loading: loading base/wizard/base_partner_merge_views.xml 
2026-09-08 20:54:14,697 1 INFO lab_template odoo.modules.loading: loading base/data/ir_demo_failure_data.xml 
2026-09-08 20:54:14,707 1 INFO lab_template odoo.modules.loading: loading base/views/ir_profile_views.xml 
2026-09-08 20:54:14,725 1 INFO lab_template odoo.modules.loading: loading base/views/res_company_views.xml 
2026-09-08 20:54:14,745 1 INFO lab_template odoo.modules.loading: loading base/views/res_lang_views.xml 
2026-09-08 20:54:14,761 1 INFO lab_template odoo.modules.loading: loading base/views/res_partner_views.xml 
2026-09-08 20:54:14,844 1 INFO lab_template odoo.modules.loading: loading base/views/res_bank_views.xml 
2026-09-08 20:54:14,874 1 INFO lab_template odoo.modules.loading: loading base/views/res_country_views.xml 
2026-09-08 20:54:14,909 1 INFO lab_template odoo.modules.loading: loading base/views/res_currency_views.xml 
2026-09-08 20:54:14,931 1 INFO lab_template odoo.modules.loading: loading base/views/res_groups_views.xml 
2026-09-08 20:54:14,969 1 INFO lab_template odoo.modules.loading: loading base/views/res_users_views.xml 
2026-09-08 20:54:15,042 1 INFO lab_template odoo.modules.loading: loading base/views/res_users_apikeys_views.xml 
2026-09-08 20:54:15,045 1 INFO lab_template odoo.modules.loading: loading base/views/res_device_views.xml 
2026-09-08 20:54:15,064 1 INFO lab_template odoo.modules.loading: loading base/views/res_users_identitycheck_views.xml 
2026-09-08 20:54:15,070 1 INFO lab_template odoo.modules.loading: loading base/views/res_config_settings_views.xml 
2026-09-08 20:54:15,077 1 INFO lab_template odoo.modules.loading: loading base/views/report_paperformat_views.xml 
2026-09-08 20:54:15,090 1 INFO lab_template odoo.modules.loading: loading base/security/ir.model.access.csv 
2026-09-08 20:54:15,181 1 INFO lab_template odoo.modules.loading: Module base loaded in 4.66s, 8454 queries (+8454 other) 
2026-09-08 20:54:15,181 1 INFO lab_template odoo.modules.loading: 1 modules loaded in 4.66s, 8454 queries (+8454 extra) 
2026-09-08 20:54:15,184 1 INFO lab_template odoo.modules.loading: updating modules list 
2026-09-08 20:54:15,185 1 INFO lab_template odoo.addons.base.models.ir_module: ALLOW access to module.update_list on [] to user __system__ #1 via n/a 
2026-09-08 20:54:15,626 1 WARNING lab_template odoo.modules.module: Missing `author` key in manifest for 'quality_case', defaulting to '' 
2026-09-08 20:54:15,627 1 WARNING lab_template odoo.modules.module: Missing `author` key in manifest for 'quality_oracle', defaulting to '' 
2026-09-08 20:54:15,736 1 INFO lab_template odoo.modules.loading: loading 14 modules... 
2026-09-08 20:54:15,736 1 INFO lab_template odoo.modules.loading: Loading module rpc (2/14) 
2026-09-08 20:54:15,757 1 INFO lab_template odoo.modules.loading: Module rpc loaded in 0.02s, 9 queries (+9 other) 
2026-09-08 20:54:15,757 1 INFO lab_template odoo.modules.loading: Loading module web (3/14) 
2026-09-08 20:54:15,778 1 INFO lab_template odoo.registry: module web: creating or updating database tables 
2026-09-08 20:54:16,101 1 INFO lab_template odoo.modules.loading: loading web/security/ir.model.access.csv 
2026-09-08 20:54:16,108 1 INFO lab_template odoo.modules.loading: loading web/security/web_security.xml 
2026-09-08 20:54:16,116 1 INFO lab_template odoo.modules.loading: loading web/views/webclient_templates.xml 
2026-09-08 20:54:16,165 1 INFO lab_template odoo.modules.loading: loading web/views/report_templates.xml 
2026-09-08 20:54:16,251 1 INFO lab_template odoo.modules.loading: loading web/views/base_document_layout_views.xml 
2026-09-08 20:54:16,263 1 INFO lab_template odoo.modules.loading: loading web/views/partner_view.xml 
2026-09-08 20:54:16,269 1 INFO lab_template odoo.modules.loading: loading web/views/speedscope_template.xml 
2026-09-08 20:54:16,273 1 INFO lab_template odoo.modules.loading: loading web/views/memory_template.xml 
2026-09-08 20:54:16,279 1 INFO lab_template odoo.modules.loading: loading web/views/speedscope_config_wizard.xml 
2026-09-08 20:54:16,285 1 INFO lab_template odoo.modules.loading: loading web/views/neutralize_views.xml 
2026-09-08 20:54:16,292 1 INFO lab_template odoo.modules.loading: loading web/views/ir_ui_view_views.xml 
2026-09-08 20:54:16,301 1 INFO lab_template odoo.modules.loading: loading web/data/ir_attachment.xml 
2026-09-08 20:54:16,306 1 INFO lab_template odoo.modules.loading: loading web/data/report_layout.xml 
2026-09-08 20:54:16,355 1 INFO lab_template odoo.modules.loading: Module web loaded in 0.60s, 1232 queries (+1232 other) 
2026-09-08 20:54:16,355 1 INFO lab_template odoo.modules.loading: Loading module api_doc (4/14) 
2026-09-08 20:54:16,360 1 INFO lab_template odoo.registry: module api_doc: creating or updating database tables 
2026-09-08 20:54:16,374 1 INFO lab_template odoo.modules.loading: loading api_doc/security/res_groups.xml 
2026-09-08 20:54:16,387 1 INFO lab_template odoo.modules.loading: loading api_doc/views/docclient.xml 
2026-09-08 20:54:16,398 1 INFO lab_template odoo.modules.loading: Module api_doc loaded in 0.04s, 63 queries (+63 other) 
2026-09-08 20:54:16,399 1 INFO lab_template odoo.modules.loading: Loading module auth_totp (5/14) 
2026-09-08 20:54:16,409 1 INFO lab_template odoo.registry: module auth_totp: creating or updating database tables 
2026-09-08 20:54:16,480 1 INFO lab_template odoo.modules.loading: loading auth_totp/security/security.xml 
2026-09-08 20:54:16,498 1 INFO lab_template odoo.modules.loading: loading auth_totp/security/ir.model.access.csv 
2026-09-08 20:54:16,504 1 INFO lab_template odoo.modules.loading: loading auth_totp/data/ir_action_data.xml 
2026-09-08 20:54:16,510 1 INFO lab_template odoo.modules.loading: loading auth_totp/views/res_users_views.xml 
2026-09-08 20:54:16,536 1 INFO lab_template odoo.modules.loading: loading auth_totp/views/templates.xml 
2026-09-08 20:54:16,544 1 INFO lab_template odoo.modules.loading: loading auth_totp/wizard/auth_totp_wizard_views.xml 
2026-09-08 20:54:16,570 1 INFO lab_template odoo.modules.loading: Module auth_totp loaded in 0.17s, 218 queries (+218 other) 
2026-09-08 20:54:16,570 1 INFO lab_template odoo.modules.loading: Loading module base_import (6/14) 
2026-09-08 20:54:16,595 1 INFO lab_template odoo.registry: module base_import: creating or updating database tables 
2026-09-08 20:54:16,890 1 INFO lab_template odoo.modules.loading: loading base_import/security/ir.model.access.csv 
2026-09-08 20:54:16,909 1 INFO lab_template odoo.modules.loading: Module base_import loaded in 0.34s, 956 queries (+956 other) 
2026-09-08 20:54:16,909 1 INFO lab_template odoo.modules.loading: Loading module base_import_module (7/14) 
2026-09-08 20:54:16,914 1 INFO lab_template odoo.registry: module base_import_module: creating or updating database tables 
2026-09-08 20:54:16,955 1 INFO lab_template odoo.modules.loading: loading base_import_module/security/ir.model.access.csv 
2026-09-08 20:54:16,958 1 INFO lab_template odoo.modules.loading: loading base_import_module/views/base_import_module_view.xml 
2026-09-08 20:54:16,968 1 INFO lab_template odoo.modules.loading: loading base_import_module/views/ir_module_views.xml 
2026-09-08 20:54:17,000 1 INFO lab_template odoo.modules.loading: Module base_import_module loaded in 0.09s, 172 queries (+172 other) 
2026-09-08 20:54:17,000 1 INFO lab_template odoo.modules.loading: Loading module base_setup (8/14) 
2026-09-08 20:54:17,007 1 INFO lab_template odoo.registry: module base_setup: creating or updating database tables 
2026-09-08 20:54:17,034 1 INFO lab_template odoo.modules.loading: loading base_setup/data/base_setup_data.xml 
2026-09-08 20:54:17,036 1 INFO lab_template odoo.modules.loading: loading base_setup/views/res_config_settings_views.xml 
2026-09-08 20:54:17,061 1 INFO lab_template odoo.modules.loading: loading base_setup/views/res_partner_views.xml 
2026-09-08 20:54:17,075 1 INFO lab_template odoo.modules.loading: Module base_setup loaded in 0.08s, 152 queries (+152 other) 
2026-09-08 20:54:17,075 1 INFO lab_template odoo.modules.loading: Loading module bus (9/14) 
2026-09-08 20:54:17,086 1 INFO lab_template odoo.registry: module bus: creating or updating database tables 
2026-09-08 20:54:17,166 1 INFO lab_template odoo.modules.loading: loading bus/security/ir.model.access.csv 
2026-09-08 20:54:17,187 1 INFO lab_template odoo.modules.loading: Module bus loaded in 0.11s, 159 queries (+159 other) 
2026-09-08 20:54:17,187 1 INFO lab_template odoo.modules.loading: Loading module web_tour (10/14) 
2026-09-08 20:54:17,195 1 INFO lab_template odoo.registry: module web_tour: creating or updating database tables 
2026-09-08 20:54:17,200 1 INFO lab_template odoo.models: Prepare computation of res.users.tour_enabled 
2026-09-08 20:54:17,283 1 INFO lab_template odoo.modules.loading: loading web_tour/security/ir.model.access.csv 
2026-09-08 20:54:17,286 1 INFO lab_template odoo.modules.loading: loading web_tour/views/tour_views.xml 
2026-09-08 20:54:17,308 1 INFO lab_template odoo.modules.loading: Module web_tour loaded in 0.12s, 180 queries (+180 other) 
2026-09-08 20:54:17,308 1 INFO lab_template odoo.modules.loading: Loading module auth_passkey (11/14) 
2026-09-08 20:54:17,331 1 INFO lab_template odoo.registry: module auth_passkey: creating or updating database tables 
2026-09-08 20:54:17,394 1 INFO lab_template odoo.modules.loading: loading auth_passkey/views/auth_passkey_key_views.xml 
2026-09-08 20:54:17,408 1 INFO lab_template odoo.modules.loading: loading auth_passkey/views/auth_passkey_login_templates.xml 
2026-09-08 20:54:17,418 1 INFO lab_template odoo.modules.loading: loading auth_passkey/views/res_users_identitycheck_views.xml 
2026-09-08 20:54:17,425 1 INFO lab_template odoo.modules.loading: loading auth_passkey/views/res_users_views.xml 
2026-09-08 20:54:17,435 1 INFO lab_template odoo.modules.loading: loading auth_passkey/security/ir.model.access.csv 
2026-09-08 20:54:17,440 1 INFO lab_template odoo.modules.loading: loading auth_passkey/security/security.xml 
2026-09-08 20:54:17,457 1 INFO lab_template odoo.modules.loading: Module auth_passkey loaded in 0.15s, 218 queries (+218 other) 
2026-09-08 20:54:17,457 1 INFO lab_template odoo.modules.loading: Loading module html_editor (12/14) 
2026-09-08 20:54:17,539 1 INFO lab_template odoo.registry: module html_editor: creating or updating database tables 
2026-09-08 20:54:17,873 1 INFO lab_template odoo.modules.loading: loading html_editor/security/ir.model.access.csv 
2026-09-08 20:54:17,884 1 INFO lab_template odoo.modules.loading: Module html_editor loaded in 0.43s, 1034 queries (+1034 other) 
2026-09-08 20:54:17,884 1 INFO lab_template odoo.modules.loading: Loading module iap (13/14) 
2026-09-08 20:54:17,887 1 INFO lab_template odoo.registry: module iap: creating or updating database tables 
2026-09-08 20:54:17,967 1 INFO lab_template odoo.modules.loading: loading iap/data/services.xml 
2026-09-08 20:54:17,969 1 INFO lab_template odoo.modules.loading: loading iap/security/ir.model.access.csv 
2026-09-08 20:54:17,973 1 INFO lab_template odoo.modules.loading: loading iap/security/ir_rule.xml 
2026-09-08 20:54:17,977 1 INFO lab_template odoo.modules.loading: loading iap/views/iap_views.xml 
2026-09-08 20:54:17,993 1 INFO lab_template odoo.modules.loading: loading iap/views/res_config_settings.xml 
2026-09-08 20:54:18,022 1 INFO lab_template odoo.modules.loading: Module iap loaded in 0.14s, 182 queries (+182 other) 
2026-09-08 20:54:18,022 1 INFO lab_template odoo.modules.loading: Loading module web_unsplash (14/14) 
2026-09-08 20:54:18,029 1 INFO lab_template odoo.registry: module web_unsplash: creating or updating database tables 
2026-09-08 20:54:18,058 1 INFO lab_template odoo.modules.loading: loading web_unsplash/views/res_config_settings_view.xml 
2026-09-08 20:54:18,080 1 INFO lab_template odoo.modules.loading: Module web_unsplash loaded in 0.06s, 93 queries (+93 other) 
2026-09-08 20:54:18,080 1 INFO lab_template odoo.modules.loading: 14 modules loaded in 2.34s, 4668 queries (+4668 extra) 
2026-09-08 20:54:18,184 1 INFO lab_template odoo.modules.loading: Modules loaded. 
2026-09-08 20:54:18,187 1 INFO lab_template odoo.registry: Registry changed, signaling through the database 
2026-09-08 20:54:18,189 1 INFO lab_template odoo.registry: Registry loaded in 8.397s 
2026-09-08 20:54:18,189 1 INFO lab_template odoo.service.server: Initiating shutdown 
2026-09-08 20:54:18,189 1 INFO lab_template odoo.service.server: Hit CTRL-C again or send a second signal to force the shutdown. 
2026-09-08 20:54:18,189 1 INFO lab_template odoo.sql_db: ConnectionPool(read/write;used=0/count=0/max=64): Closed 1 connections  
