2026-09-09 14:19:55,795 1 WARNING ? odoo.tools.config: option addons_path, invalid addons directory '/mnt/extra-addons', skipped 
2026-09-09 14:19:55,795 1 WARNING ? odoo.tools.config: option --without-demo: since 19.0, invalid boolean value: 'all', assume True 
2026-09-09 14:19:55,795 1 WARNING ? odoo.tools.config: option addons_path, invalid addons directory '/mnt/extra-addons', skipped 
2026-09-09 14:19:55,795 1 INFO ? odoo: Odoo version 19.0-20260817 
2026-09-09 14:19:55,795 1 INFO ? odoo: Using configuration file at /etc/odoo/odoo.conf 
2026-09-09 14:19:55,796 1 INFO ? odoo: addons paths: _NamespacePath(['/usr/lib/python3/dist-packages/odoo/addons', '/var/lib/odoo/addons/19.0', '/mnt/enterprise-addons', '/usr/lib/python3/dist-packages/addons']) 
2026-09-09 14:19:55,796 1 INFO ? odoo: database: odoo@db:5432 
2026-09-09 14:19:56,178 1 INFO lab_client odoo.modules.loading: Initializing database lab_client 
2026-09-09 14:19:58,665 1 INFO lab_client odoo.modules.loading: loading 1 modules... 
2026-09-09 14:19:58,665 1 INFO lab_client odoo.modules.loading: Loading module base (1/1) 
2026-09-09 14:19:58,694 1 INFO lab_client odoo.registry: module base: creating or updating database tables 
2026-09-09 14:19:58,934 1 INFO lab_client odoo.models: Prepare computation of ir.module.module.menus_by_module 
2026-09-09 14:19:58,934 1 INFO lab_client odoo.models: Prepare computation of ir.module.module.reports_by_module 
2026-09-09 14:19:58,934 1 INFO lab_client odoo.models: Prepare computation of ir.module.module.views_by_module 
2026-09-09 14:19:59,019 1 INFO lab_client odoo.models: Prepare computation of res.partner.user_id 
2026-09-09 14:19:59,019 1 INFO lab_client odoo.models: Prepare computation of res.partner.commercial_partner_id 
2026-09-09 14:19:59,020 1 INFO lab_client odoo.models: Prepare computation of res.partner.complete_name 
2026-09-09 14:19:59,020 1 INFO lab_client odoo.models: Prepare computation of res.partner.lang 
2026-09-09 14:19:59,020 1 INFO lab_client odoo.models: Prepare computation of res.partner.company_registry 
2026-09-09 14:19:59,020 1 INFO lab_client odoo.models: Prepare computation of res.partner.commercial_company_name 
2026-09-09 14:19:59,020 1 INFO lab_client odoo.models: Prepare computation of res.partner.properties 
2026-09-09 14:19:59,020 1 INFO lab_client odoo.models: Prepare computation of res.partner.partner_share 
2026-09-09 14:19:59,042 1 INFO lab_client odoo.models: Prepare computation of res.currency.decimal_places 
2026-09-09 14:19:59,062 1 INFO lab_client odoo.models: Prepare computation of res.company.uses_default_logo 
2026-09-09 14:19:59,062 1 INFO lab_client odoo.models: Prepare computation of res.company.logo_web 
2026-09-09 14:19:59,063 1 INFO lab_client odoo.models: Computing parent_path for table res_company... 
2026-09-09 14:19:59,088 1 INFO lab_client odoo.models: Prepare computation of res.users.signature 
2026-09-09 14:19:59,088 1 INFO lab_client odoo.models: Prepare computation of res.users.share 
2026-09-09 14:20:00,250 1 INFO lab_client odoo.modules.loading: loading base/data/res_bank.xml 
2026-09-09 14:20:00,255 1 INFO lab_client odoo.modules.loading: loading base/data/res.lang.csv 
2026-09-09 14:20:00,329 1 INFO lab_client odoo.modules.loading: loading base/data/res_lang_data.xml 
2026-09-09 14:20:00,384 1 INFO lab_client odoo.modules.loading: loading base/data/res_partner_data.xml 
2026-09-09 14:20:00,469 1 INFO lab_client odoo.modules.loading: loading base/data/res_currency_data.xml 
2026-09-09 14:20:00,805 1 INFO lab_client odoo.modules.loading: loading base/data/res_company_data.xml 
2026-09-09 14:20:00,810 1 INFO lab_client odoo.modules.loading: loading base/data/res_users_data.xml 
2026-09-09 14:20:01,422 1 INFO lab_client odoo.modules.loading: loading base/data/report_paperformat_data.xml 
2026-09-09 14:20:01,427 1 INFO lab_client odoo.modules.loading: loading base/data/res_country_data.xml 
2026-09-09 14:20:01,942 1 INFO lab_client odoo.modules.loading: loading base/data/ir_demo_data.xml 
2026-09-09 14:20:01,955 1 INFO lab_client odoo.modules.loading: loading base/security/base_groups.xml 
2026-09-09 14:20:02,129 1 INFO lab_client odoo.modules.loading: loading base/security/base_security.xml 
2026-09-09 14:20:02,296 1 INFO lab_client odoo.modules.loading: loading base/wizard/wizard_ir_model_menu_create_views.xml 
2026-09-09 14:20:02,307 1 INFO lab_client odoo.modules.loading: loading base/views/base_menus.xml 
2026-09-09 14:20:02,357 1 INFO lab_client odoo.modules.loading: loading base/views/decimal_precision_views.xml 
2026-09-09 14:20:02,367 1 INFO lab_client odoo.modules.loading: loading base/views/res_config_views.xml 
2026-09-09 14:20:02,371 1 INFO lab_client odoo.modules.loading: loading base/data/res.country.state.csv 
2026-09-09 14:20:02,537 1 INFO lab_client odoo.modules.loading: loading base/views/ir_actions_views.xml 
2026-09-09 14:20:02,678 1 INFO lab_client odoo.modules.loading: loading base/views/ir_asset_views.xml 
2026-09-09 14:20:02,693 1 INFO lab_client odoo.modules.loading: loading base/views/ir_config_parameter_views.xml 
2026-09-09 14:20:02,706 1 INFO lab_client odoo.modules.loading: loading base/views/ir_cron_views.xml 
2026-09-09 14:20:02,725 1 INFO lab_client odoo.modules.loading: loading base/views/ir_cron_trigger_views.xml 
2026-09-09 14:20:02,740 1 INFO lab_client odoo.modules.loading: loading base/views/ir_filters_views.xml 
2026-09-09 14:20:02,757 1 INFO lab_client odoo.modules.loading: loading base/views/ir_mail_server_views.xml 
2026-09-09 14:20:02,772 1 INFO lab_client odoo.modules.loading: loading base/views/ir_model_views.xml 
2026-09-09 14:20:02,879 1 INFO lab_client odoo.modules.loading: loading base/views/ir_attachment_views.xml 
2026-09-09 14:20:02,895 1 INFO lab_client odoo.modules.loading: loading base/views/ir_rule_views.xml 
2026-09-09 14:20:02,909 1 INFO lab_client odoo.modules.loading: loading base/views/ir_sequence_views.xml 
2026-09-09 14:20:02,929 1 INFO lab_client odoo.modules.loading: loading base/views/ir_ui_menu_views.xml 
2026-09-09 14:20:02,944 1 INFO lab_client odoo.modules.loading: loading base/views/ir_ui_view_views.xml 
2026-09-09 14:20:02,990 1 INFO lab_client odoo.modules.loading: loading base/views/ir_default_views.xml 
2026-09-09 14:20:03,011 1 INFO lab_client odoo.modules.loading: loading base/data/ir_config_parameter_data.xml 
2026-09-09 14:20:03,014 1 INFO lab_client odoo.modules.loading: loading base/data/ir_cron_data.xml 
2026-09-09 14:20:03,028 1 INFO lab_client odoo.modules.loading: loading base/report/ir_model_report.xml 
2026-09-09 14:20:03,033 1 INFO lab_client odoo.modules.loading: loading base/report/ir_model_templates.xml 
2026-09-09 14:20:03,042 1 INFO lab_client odoo.modules.loading: loading base/views/ir_logging_views.xml 
2026-09-09 14:20:03,063 1 INFO lab_client odoo.modules.loading: loading base/views/ir_qweb_widget_templates.xml 
2026-09-09 14:20:03,082 1 INFO lab_client odoo.modules.loading: loading base/views/ir_module_views.xml 
2026-09-09 14:20:03,135 1 INFO lab_client odoo.modules.loading: loading base/data/ir_module_category_data.xml 
2026-09-09 14:20:03,169 1 INFO lab_client odoo.modules.loading: loading base/data/ir_module_module.xml 
2026-09-09 14:20:03,196 1 INFO lab_client odoo.modules.loading: loading base/report/ir_module_reports.xml 
2026-09-09 14:20:03,200 1 INFO lab_client odoo.modules.loading: loading base/report/ir_module_report_templates.xml 
2026-09-09 14:20:03,207 1 INFO lab_client odoo.modules.loading: loading base/wizard/base_module_update_views.xml 
2026-09-09 14:20:03,220 1 INFO lab_client odoo.modules.loading: loading base/wizard/base_language_install_views.xml 
2026-09-09 14:20:03,233 1 INFO lab_client odoo.modules.loading: loading base/wizard/base_import_language_views.xml 
2026-09-09 14:20:03,245 1 INFO lab_client odoo.modules.loading: loading base/wizard/base_module_upgrade_views.xml 
2026-09-09 14:20:03,268 1 INFO lab_client odoo.modules.loading: loading base/wizard/base_module_uninstall_views.xml 
2026-09-09 14:20:03,279 1 INFO lab_client odoo.modules.loading: loading base/wizard/base_export_language_views.xml 
2026-09-09 14:20:03,293 1 INFO lab_client odoo.modules.loading: loading base/wizard/base_partner_merge_views.xml 
2026-09-09 14:20:03,311 1 INFO lab_client odoo.modules.loading: loading base/data/ir_demo_failure_data.xml 
2026-09-09 14:20:03,327 1 INFO lab_client odoo.modules.loading: loading base/views/ir_profile_views.xml 
2026-09-09 14:20:03,352 1 INFO lab_client odoo.modules.loading: loading base/views/res_company_views.xml 
2026-09-09 14:20:03,374 1 INFO lab_client odoo.modules.loading: loading base/views/res_lang_views.xml 
2026-09-09 14:20:03,393 1 INFO lab_client odoo.modules.loading: loading base/views/res_partner_views.xml 
2026-09-09 14:20:03,481 1 INFO lab_client odoo.modules.loading: loading base/views/res_bank_views.xml 
2026-09-09 14:20:03,513 1 INFO lab_client odoo.modules.loading: loading base/views/res_country_views.xml 
2026-09-09 14:20:03,558 1 INFO lab_client odoo.modules.loading: loading base/views/res_currency_views.xml 
2026-09-09 14:20:03,605 1 INFO lab_client odoo.modules.loading: loading base/views/res_groups_views.xml 
2026-09-09 14:20:03,650 1 INFO lab_client odoo.modules.loading: loading base/views/res_users_views.xml 
2026-09-09 14:20:03,748 1 INFO lab_client odoo.modules.loading: loading base/views/res_users_apikeys_views.xml 
2026-09-09 14:20:03,754 1 INFO lab_client odoo.modules.loading: loading base/views/res_device_views.xml 
2026-09-09 14:20:03,778 1 INFO lab_client odoo.modules.loading: loading base/views/res_users_identitycheck_views.xml 
2026-09-09 14:20:03,786 1 INFO lab_client odoo.modules.loading: loading base/views/res_config_settings_views.xml 
2026-09-09 14:20:03,799 1 INFO lab_client odoo.modules.loading: loading base/views/report_paperformat_views.xml 
2026-09-09 14:20:03,833 1 INFO lab_client odoo.modules.loading: loading base/security/ir.model.access.csv 
2026-09-09 14:20:03,946 1 INFO lab_client odoo.modules.loading: Module base loaded in 5.28s, 8374 queries (+8374 other) 
2026-09-09 14:20:03,946 1 INFO lab_client odoo.modules.loading: 1 modules loaded in 5.28s, 8374 queries (+8374 extra) 
2026-09-09 14:20:03,949 1 INFO lab_client odoo.modules.loading: updating modules list 
2026-09-09 14:20:03,951 1 INFO lab_client odoo.addons.base.models.ir_module: ALLOW access to module.update_list on [] to user __system__ #1 via n/a 
2026-09-09 14:20:05,562 1 INFO lab_client odoo.addons.base.models.ir_module: ALLOW access to module.button_install on ['Studio'] to user __system__ #1 via n/a 
2026-09-09 14:20:05,632 1 INFO lab_client odoo.modules.loading: loading 47 modules... 
2026-09-09 14:20:05,632 1 INFO lab_client odoo.modules.loading: Loading module rpc (2/47) 
2026-09-09 14:20:05,650 1 INFO lab_client odoo.modules.loading: Module rpc loaded in 0.02s, 9 queries (+9 other) 
2026-09-09 14:20:05,650 1 INFO lab_client odoo.modules.loading: Loading module web (3/47) 
2026-09-09 14:20:05,669 1 INFO lab_client odoo.registry: module web: creating or updating database tables 
2026-09-09 14:20:06,015 1 INFO lab_client odoo.modules.loading: loading web/security/ir.model.access.csv 
2026-09-09 14:20:06,023 1 INFO lab_client odoo.modules.loading: loading web/security/web_security.xml 
2026-09-09 14:20:06,036 1 INFO lab_client odoo.modules.loading: loading web/views/webclient_templates.xml 
2026-09-09 14:20:06,098 1 INFO lab_client odoo.modules.loading: loading web/views/report_templates.xml 
2026-09-09 14:20:06,199 1 INFO lab_client odoo.modules.loading: loading web/views/base_document_layout_views.xml 
2026-09-09 14:20:06,215 1 INFO lab_client odoo.modules.loading: loading web/views/partner_view.xml 
2026-09-09 14:20:06,222 1 INFO lab_client odoo.modules.loading: loading web/views/speedscope_template.xml 
2026-09-09 14:20:06,227 1 INFO lab_client odoo.modules.loading: loading web/views/memory_template.xml 
2026-09-09 14:20:06,232 1 INFO lab_client odoo.modules.loading: loading web/views/speedscope_config_wizard.xml 
2026-09-09 14:20:06,238 1 INFO lab_client odoo.modules.loading: loading web/views/neutralize_views.xml 
2026-09-09 14:20:06,250 1 INFO lab_client odoo.modules.loading: loading web/views/ir_ui_view_views.xml 
2026-09-09 14:20:06,261 1 INFO lab_client odoo.modules.loading: loading web/data/ir_attachment.xml 
2026-09-09 14:20:06,266 1 INFO lab_client odoo.modules.loading: loading web/data/report_layout.xml 
2026-09-09 14:20:06,312 1 INFO lab_client odoo.modules.loading: Module web loaded in 0.66s, 1232 queries (+1232 other) 
2026-09-09 14:20:06,312 1 INFO lab_client odoo.modules.loading: Loading module api_doc (4/47) 
2026-09-09 14:20:06,319 1 INFO lab_client odoo.registry: module api_doc: creating or updating database tables 
2026-09-09 14:20:06,335 1 INFO lab_client odoo.modules.loading: loading api_doc/security/res_groups.xml 
2026-09-09 14:20:06,356 1 INFO lab_client odoo.modules.loading: loading api_doc/views/docclient.xml 
2026-09-09 14:20:06,374 1 INFO lab_client odoo.modules.loading: Module api_doc loaded in 0.06s, 63 queries (+63 other) 
2026-09-09 14:20:06,374 1 INFO lab_client odoo.modules.loading: Loading module auth_totp (5/47) 
2026-09-09 14:20:06,383 1 INFO lab_client odoo.registry: module auth_totp: creating or updating database tables 
2026-09-09 14:20:06,435 1 INFO lab_client odoo.modules.loading: loading auth_totp/security/security.xml 
2026-09-09 14:20:06,458 1 INFO lab_client odoo.modules.loading: loading auth_totp/security/ir.model.access.csv 
2026-09-09 14:20:06,465 1 INFO lab_client odoo.modules.loading: loading auth_totp/data/ir_action_data.xml 
2026-09-09 14:20:06,471 1 INFO lab_client odoo.modules.loading: loading auth_totp/views/res_users_views.xml 
2026-09-09 14:20:06,503 1 INFO lab_client odoo.modules.loading: loading auth_totp/views/templates.xml 
2026-09-09 14:20:06,513 1 INFO lab_client odoo.modules.loading: loading auth_totp/wizard/auth_totp_wizard_views.xml 
2026-09-09 14:20:06,538 1 INFO lab_client odoo.modules.loading: Module auth_totp loaded in 0.16s, 218 queries (+218 other) 
2026-09-09 14:20:06,538 1 INFO lab_client odoo.modules.loading: Loading module base_import (6/47) 
2026-09-09 14:20:06,567 1 INFO lab_client odoo.registry: module base_import: creating or updating database tables 
2026-09-09 14:20:06,959 1 INFO lab_client odoo.modules.loading: loading base_import/security/ir.model.access.csv 
2026-09-09 14:20:06,973 1 INFO lab_client odoo.modules.loading: Module base_import loaded in 0.44s, 956 queries (+956 other) 
2026-09-09 14:20:06,973 1 INFO lab_client odoo.modules.loading: Loading module base_import_module (7/47) 
2026-09-09 14:20:06,980 1 INFO lab_client odoo.registry: module base_import_module: creating or updating database tables 
2026-09-09 14:20:07,042 1 INFO lab_client odoo.modules.loading: loading base_import_module/security/ir.model.access.csv 
2026-09-09 14:20:07,049 1 INFO lab_client odoo.modules.loading: loading base_import_module/views/base_import_module_view.xml 
2026-09-09 14:20:07,069 1 INFO lab_client odoo.modules.loading: loading base_import_module/views/ir_module_views.xml 
2026-09-09 14:20:07,114 1 INFO lab_client odoo.modules.loading: Module base_import_module loaded in 0.14s, 172 queries (+172 other) 
2026-09-09 14:20:07,114 1 INFO lab_client odoo.modules.loading: Loading module base_setup (8/47) 
2026-09-09 14:20:07,122 1 INFO lab_client odoo.registry: module base_setup: creating or updating database tables 
2026-09-09 14:20:07,162 1 INFO lab_client odoo.modules.loading: loading base_setup/data/base_setup_data.xml 
2026-09-09 14:20:07,167 1 INFO lab_client odoo.modules.loading: loading base_setup/views/res_config_settings_views.xml 
2026-09-09 14:20:07,196 1 INFO lab_client odoo.modules.loading: loading base_setup/views/res_partner_views.xml 
2026-09-09 14:20:07,217 1 INFO lab_client odoo.modules.loading: Module base_setup loaded in 0.10s, 152 queries (+152 other) 
2026-09-09 14:20:07,217 1 INFO lab_client odoo.modules.loading: Loading module bus (9/47) 
2026-09-09 14:20:07,232 1 INFO lab_client odoo.registry: module bus: creating or updating database tables 
2026-09-09 14:20:07,309 1 INFO lab_client odoo.modules.loading: loading bus/security/ir.model.access.csv 
2026-09-09 14:20:07,322 1 INFO lab_client odoo.modules.loading: Module bus loaded in 0.10s, 159 queries (+159 other) 
2026-09-09 14:20:07,322 1 INFO lab_client odoo.modules.loading: Loading module http_routing (10/47) 
2026-09-09 14:20:07,327 1 INFO lab_client odoo.registry: module http_routing: creating or updating database tables 
2026-09-09 14:20:07,348 1 INFO lab_client odoo.modules.loading: loading http_routing/views/http_routing_template.xml 
2026-09-09 14:20:07,394 1 INFO lab_client odoo.modules.loading: loading http_routing/views/res_lang_views.xml 
2026-09-09 14:20:07,423 1 INFO lab_client odoo.modules.loading: Module http_routing loaded in 0.10s, 114 queries (+114 other) 
2026-09-09 14:20:07,423 1 INFO lab_client odoo.modules.loading: Loading module resource (11/47) 
2026-09-09 14:20:07,437 1 INFO lab_client odoo.registry: module resource: creating or updating database tables 
2026-09-09 14:20:07,545 1 INFO lab_client odoo.modules.loading: loading resource/data/resource_data.xml 
2026-09-09 14:20:07,565 1 INFO lab_client odoo.modules.loading: loading resource/security/ir.model.access.csv 
2026-09-09 14:20:07,576 1 INFO lab_client odoo.modules.loading: loading resource/security/resource_security.xml 
2026-09-09 14:20:07,597 1 INFO lab_client odoo.modules.loading: loading resource/views/resource_resource_views.xml 
2026-09-09 14:20:07,621 1 INFO lab_client odoo.modules.loading: loading resource/views/resource_calendar_leaves_views.xml 
2026-09-09 14:20:07,655 1 INFO lab_client odoo.modules.loading: loading resource/views/resource_calendar_attendance_views.xml 
2026-09-09 14:20:07,669 1 INFO lab_client odoo.modules.loading: loading resource/views/resource_calendar_views.xml 
2026-09-09 14:20:07,698 1 INFO lab_client odoo.modules.loading: loading resource/views/menuitems.xml 
2026-09-09 14:20:07,720 1 INFO lab_client odoo.modules.loading: Module resource loaded in 0.30s, 414 queries (+414 other) 
2026-09-09 14:20:07,720 1 INFO lab_client odoo.modules.loading: Loading module web_cohort (12/47) 
2026-09-09 14:20:07,749 1 INFO lab_client odoo.registry: module web_cohort: creating or updating database tables 
2026-09-09 14:20:08,144 1 INFO lab_client odoo.modules.loading: Module web_cohort loaded in 0.42s, 969 queries (+969 other) 
2026-09-09 14:20:08,144 1 INFO lab_client odoo.modules.loading: Loading module web_gantt (13/47) 
2026-09-09 14:20:08,178 1 INFO lab_client odoo.registry: module web_gantt: creating or updating database tables 
2026-09-09 14:20:08,575 1 INFO lab_client odoo.modules.loading: Module web_gantt loaded in 0.43s, 965 queries (+965 other) 
2026-09-09 14:20:08,575 1 INFO lab_client odoo.modules.loading: Loading module web_grid (14/47) 
2026-09-09 14:20:08,606 1 INFO lab_client odoo.registry: module web_grid: creating or updating database tables 
2026-09-09 14:20:09,003 1 INFO lab_client odoo.modules.loading: Module web_grid loaded in 0.43s, 965 queries (+965 other) 
2026-09-09 14:20:09,003 1 INFO lab_client odoo.modules.loading: Loading module web_tour (15/47) 
2026-09-09 14:20:09,011 1 INFO lab_client odoo.registry: module web_tour: creating or updating database tables 
2026-09-09 14:20:09,015 1 INFO lab_client odoo.models: Prepare computation of res.users.tour_enabled 
2026-09-09 14:20:09,081 1 INFO lab_client odoo.modules.loading: loading web_tour/security/ir.model.access.csv 
2026-09-09 14:20:09,087 1 INFO lab_client odoo.modules.loading: loading web_tour/views/tour_views.xml 
2026-09-09 14:20:09,130 1 INFO lab_client odoo.modules.loading: Module web_tour loaded in 0.13s, 180 queries (+180 other) 
2026-09-09 14:20:09,130 1 INFO lab_client odoo.modules.loading: Loading module auth_passkey (16/47) 
2026-09-09 14:20:09,161 1 INFO lab_client odoo.registry: module auth_passkey: creating or updating database tables 
2026-09-09 14:20:09,214 1 INFO lab_client odoo.modules.loading: loading auth_passkey/views/auth_passkey_key_views.xml 
2026-09-09 14:20:09,239 1 INFO lab_client odoo.modules.loading: loading auth_passkey/views/auth_passkey_login_templates.xml 
2026-09-09 14:20:09,253 1 INFO lab_client odoo.modules.loading: loading auth_passkey/views/res_users_identitycheck_views.xml 
2026-09-09 14:20:09,264 1 INFO lab_client odoo.modules.loading: loading auth_passkey/views/res_users_views.xml 
2026-09-09 14:20:09,291 1 INFO lab_client odoo.modules.loading: loading auth_passkey/security/ir.model.access.csv 
2026-09-09 14:20:09,299 1 INFO lab_client odoo.modules.loading: loading auth_passkey/security/security.xml 
2026-09-09 14:20:09,327 1 INFO lab_client odoo.modules.loading: Module auth_passkey loaded in 0.20s, 218 queries (+218 other) 
2026-09-09 14:20:09,327 1 INFO lab_client odoo.modules.loading: Loading module html_editor (17/47) 
2026-09-09 14:20:09,428 1 INFO lab_client odoo.registry: module html_editor: creating or updating database tables 
2026-09-09 14:20:09,813 1 INFO lab_client odoo.modules.loading: loading html_editor/security/ir.model.access.csv 
2026-09-09 14:20:09,828 1 INFO lab_client odoo.modules.loading: Module html_editor loaded in 0.50s, 1057 queries (+1057 other) 
2026-09-09 14:20:09,829 1 INFO lab_client odoo.modules.loading: Loading module iap (18/47) 
2026-09-09 14:20:09,832 1 INFO lab_client odoo.registry: module iap: creating or updating database tables 
2026-09-09 14:20:09,892 1 INFO lab_client odoo.modules.loading: loading iap/data/services.xml 
2026-09-09 14:20:09,898 1 INFO lab_client odoo.modules.loading: loading iap/security/ir.model.access.csv 
2026-09-09 14:20:09,906 1 INFO lab_client odoo.modules.loading: loading iap/security/ir_rule.xml 
2026-09-09 14:20:09,914 1 INFO lab_client odoo.modules.loading: loading iap/views/iap_views.xml 
2026-09-09 14:20:09,942 1 INFO lab_client odoo.modules.loading: loading iap/views/res_config_settings.xml 
2026-09-09 14:20:09,962 1 INFO lab_client odoo.modules.loading: Module iap loaded in 0.13s, 182 queries (+182 other) 
2026-09-09 14:20:09,962 1 INFO lab_client odoo.modules.loading: Loading module web_enterprise (19/47) 
2026-09-09 14:20:09,969 1 INFO lab_client odoo.registry: module web_enterprise: creating or updating database tables 
2026-09-09 14:20:09,998 1 INFO lab_client odoo.modules.loading: loading web_enterprise/views/webclient_templates.xml 
2026-09-09 14:20:10,011 1 INFO lab_client odoo.modules.loading: loading web_enterprise/views/res_users_views.xml 
2026-09-09 14:20:10,038 1 INFO lab_client odoo.modules.loading: Module web_enterprise loaded in 0.08s, 113 queries (+113 other) 
2026-09-09 14:20:10,038 1 INFO lab_client odoo.modules.loading: Loading module web_map (20/47) 
2026-09-09 14:20:10,071 1 INFO lab_client odoo.registry: module web_map: creating or updating database tables 
2026-09-09 14:20:10,081 1 INFO lab_client odoo.models: Prepare computation of res.partner.contact_address_complete 
2026-09-09 14:20:10,493 1 INFO lab_client odoo.modules.loading: loading web_map/views/res_config_settings.xml 
2026-09-09 14:20:10,511 1 INFO lab_client odoo.modules.loading: loading web_map/views/res_partner_views.xml 
2026-09-09 14:20:10,536 1 INFO lab_client odoo.modules.loading: Module web_map loaded in 0.50s, 1086 queries (+1086 other) 
2026-09-09 14:20:10,536 1 INFO lab_client odoo.modules.loading: Loading module mail (21/47) 
2026-09-09 14:20:10,598 1 INFO lab_client odoo.registry: module mail: creating or updating database tables 
2026-09-09 14:20:10,755 1 INFO lab_client odoo.models: Prepare computation of ir.actions.server.partner_ids 
2026-09-09 14:20:10,755 1 INFO lab_client odoo.models: Prepare computation of ir.actions.server.activity_user_id 
2026-09-09 14:20:10,755 1 INFO lab_client odoo.models: Prepare computation of ir.actions.server.activity_type_id 
2026-09-09 14:20:10,755 1 INFO lab_client odoo.models: Prepare computation of ir.actions.server.template_id 
2026-09-09 14:20:10,755 1 INFO lab_client odoo.models: Prepare computation of ir.actions.server.activity_date_deadline_range 
2026-09-09 14:20:10,755 1 INFO lab_client odoo.models: Prepare computation of ir.actions.server.activity_summary 
2026-09-09 14:20:10,755 1 INFO lab_client odoo.models: Prepare computation of ir.actions.server.followers_type 
2026-09-09 14:20:10,755 1 INFO lab_client odoo.models: Prepare computation of ir.actions.server.followers_partner_field_name 
2026-09-09 14:20:10,755 1 INFO lab_client odoo.models: Prepare computation of ir.actions.server.mail_post_method 
2026-09-09 14:20:10,755 1 INFO lab_client odoo.models: Prepare computation of ir.actions.server.activity_date_deadline_range_type 
2026-09-09 14:20:10,755 1 INFO lab_client odoo.models: Prepare computation of ir.actions.server.activity_user_type 
2026-09-09 14:20:10,755 1 INFO lab_client odoo.models: Prepare computation of ir.actions.server.activity_user_field_name 
2026-09-09 14:20:10,755 1 INFO lab_client odoo.models: Prepare computation of ir.actions.server.activity_note 
2026-09-09 14:20:10,755 1 INFO lab_client odoo.models: Prepare computation of ir.actions.server.mail_post_autofollow 
2026-09-09 14:20:10,809 1 INFO lab_client odoo.models: Prepare computation of res.users.notification_type 
2026-09-09 14:20:10,872 1 INFO lab_client odoo.models: Prepare computation of res.partner.email_normalized 
<string>:38: (ERROR/3) Unexpected indentation.
<string>:43: (WARNING/2) Block quote ends without a blank line; unexpected unindent.
2026-09-09 14:20:12,013 1 INFO lab_client odoo.modules.loading: loading mail/data/mail_groups.xml 
2026-09-09 14:20:12,037 1 INFO lab_client odoo.modules.loading: loading mail/wizard/mail_activity_schedule_views.xml 
2026-09-09 14:20:12,052 1 INFO lab_client odoo.modules.loading: loading mail/wizard/mail_blacklist_remove_views.xml 
2026-09-09 14:20:12,060 1 INFO lab_client odoo.modules.loading: loading mail/wizard/mail_compose_message_views.xml 
2026-09-09 14:20:12,082 1 INFO lab_client odoo.modules.loading: loading mail/wizard/mail_template_preview_views.xml 
2026-09-09 14:20:12,094 1 INFO lab_client odoo.modules.loading: loading mail/wizard/mail_followers_edit_views.xml 
2026-09-09 14:20:12,109 1 INFO lab_client odoo.modules.loading: loading mail/wizard/mail_template_reset_views.xml 
2026-09-09 14:20:12,118 1 INFO lab_client odoo.modules.loading: loading mail/views/fetchmail_views.xml 
2026-09-09 14:20:12,141 1 INFO lab_client odoo.modules.loading: loading mail/views/ir_cron_views.xml 
2026-09-09 14:20:12,155 1 INFO lab_client odoo.modules.loading: loading mail/views/ir_filters_views.xml 
2026-09-09 14:20:12,175 1 INFO lab_client odoo.modules.loading: loading mail/views/ir_mail_server_views.xml 
2026-09-09 14:20:12,186 1 INFO lab_client odoo.modules.loading: loading mail/views/mail_message_subtype_views.xml 
2026-09-09 14:20:12,203 1 INFO lab_client odoo.modules.loading: loading mail/views/mail_tracking_value_views.xml 
2026-09-09 14:20:12,218 1 INFO lab_client odoo.modules.loading: loading mail/views/mail_notification_views.xml 
2026-09-09 14:20:12,234 1 INFO lab_client odoo.modules.loading: loading mail/views/mail_message_views.xml 
2026-09-09 14:20:12,268 1 INFO lab_client odoo.modules.loading: loading mail/views/mail_message_schedule_views.xml 
2026-09-09 14:20:12,285 1 INFO lab_client odoo.modules.loading: loading mail/views/mail_mail_views.xml 
2026-09-09 14:20:12,312 1 INFO lab_client odoo.modules.loading: loading mail/views/mail_followers_views.xml 
2026-09-09 14:20:12,326 1 INFO lab_client odoo.modules.loading: loading mail/views/mail_ice_server_views.xml 
2026-09-09 14:20:12,347 1 INFO lab_client odoo.modules.loading: loading mail/views/discuss_channel_member_views.xml 
2026-09-09 14:20:12,362 1 INFO lab_client odoo.modules.loading: loading mail/views/discuss_channel_rtc_session_views.xml 
2026-09-09 14:20:12,381 1 INFO lab_client odoo.modules.loading: loading mail/views/mail_link_preview_views.xml 
2026-09-09 14:20:12,403 1 INFO lab_client odoo.modules.loading: loading mail/views/discuss/discuss_gif_favorite_views.xml 
2026-09-09 14:20:12,418 1 INFO lab_client odoo.modules.loading: loading mail/views/discuss_channel_views.xml 
2026-09-09 14:20:12,458 1 INFO lab_client odoo.modules.loading: loading mail/views/mail_canned_response_views.xml 
2026-09-09 14:20:12,486 1 INFO lab_client odoo.modules.loading: loading mail/views/res_role_views.xml 
2026-09-09 14:20:12,506 1 INFO lab_client odoo.modules.loading: loading mail/views/mail_activity_views.xml 
2026-09-09 14:20:12,618 1 INFO lab_client odoo.modules.loading: loading mail/views/mail_activity_plan_views.xml 
2026-09-09 14:20:12,668 1 INFO lab_client odoo.modules.loading: loading mail/views/mail_activity_plan_template_views.xml 
2026-09-09 14:20:12,680 1 INFO lab_client odoo.modules.loading: loading mail/views/res_config_settings_views.xml 
2026-09-09 14:20:12,706 1 INFO lab_client odoo.modules.loading: loading mail/data/ir_config_parameter_data.xml 
2026-09-09 14:20:12,712 1 INFO lab_client odoo.modules.loading: loading mail/data/res_partner_data.xml 
2026-09-09 14:20:12,778 1 INFO lab_client odoo.modules.loading: loading mail/data/mail_message_subtype_data.xml 
2026-09-09 14:20:12,788 1 INFO lab_client odoo.modules.loading: loading mail/data/mail_templates_chatter.xml 
2026-09-09 14:20:12,808 1 INFO lab_client odoo.modules.loading: loading mail/data/mail_templates_email_layouts.xml 
2026-09-09 14:20:12,830 1 INFO lab_client odoo.modules.loading: loading mail/data/mail_templates_mailgateway.xml 
2026-09-09 14:20:12,852 1 INFO lab_client odoo.modules.loading: loading mail/data/discuss_channel_data.xml 
2026-09-09 14:20:12,888 1 INFO lab_client odoo.modules.loading: loading mail/data/mail_activity_type_data.xml 
2026-09-09 14:20:12,902 1 INFO lab_client odoo.modules.loading: loading mail/data/security_notifications_templates.xml 
2026-09-09 14:20:12,908 1 INFO lab_client odoo.modules.loading: loading mail/data/ir_cron_data.xml 
2026-09-09 14:20:13,024 1 INFO lab_client odoo.modules.loading: loading mail/data/ir_actions_client.xml 
2026-09-09 14:20:13,033 1 INFO lab_client odoo.modules.loading: loading mail/security/mail_security.xml 
2026-09-09 14:20:13,186 1 INFO lab_client odoo.modules.loading: loading mail/security/ir.model.access.csv 
2026-09-09 14:20:13,232 1 INFO lab_client odoo.modules.loading: loading mail/views/discuss_public_templates.xml 
2026-09-09 14:20:13,240 1 INFO lab_client odoo.modules.loading: loading mail/views/mail_alias_domain_views.xml 
2026-09-09 14:20:13,260 1 INFO lab_client odoo.modules.loading: loading mail/views/mail_alias_views.xml 
2026-09-09 14:20:13,281 1 INFO lab_client odoo.modules.loading: loading mail/views/mail_gateway_allowed_views.xml 
2026-09-09 14:20:13,295 1 INFO lab_client odoo.modules.loading: loading mail/views/mail_guest_views.xml 
2026-09-09 14:20:13,309 1 INFO lab_client odoo.modules.loading: loading mail/views/mail_message_reaction_views.xml 
2026-09-09 14:20:13,323 1 INFO lab_client odoo.modules.loading: loading mail/views/mail_templates_public.xml 
2026-09-09 14:20:13,332 1 INFO lab_client odoo.modules.loading: loading mail/views/res_users_views.xml 
2026-09-09 14:20:13,355 1 INFO lab_client odoo.modules.loading: loading mail/views/res_users_settings_views.xml 
2026-09-09 14:20:13,369 1 INFO lab_client odoo.modules.loading: loading mail/views/mail_template_views.xml 
2026-09-09 14:20:13,397 1 INFO lab_client odoo.modules.loading: loading mail/views/ir_actions_server_views.xml 
2026-09-09 14:20:13,418 1 INFO lab_client odoo.modules.loading: loading mail/views/ir_model_views.xml 
2026-09-09 14:20:13,459 1 INFO lab_client odoo.modules.loading: loading mail/views/res_partner_views.xml 
2026-09-09 14:20:13,516 1 INFO lab_client odoo.modules.loading: loading mail/views/mail_blacklist_views.xml 
2026-09-09 14:20:13,533 1 INFO lab_client odoo.modules.loading: loading mail/views/mail_menus.xml 
2026-09-09 14:20:13,645 1 INFO lab_client odoo.modules.loading: loading mail/views/discuss/discuss_menus.xml 
2026-09-09 14:20:13,651 1 INFO lab_client odoo.modules.loading: loading mail/views/discuss/discuss_call_history_views.xml 
2026-09-09 14:20:13,670 1 INFO lab_client odoo.modules.loading: loading mail/views/res_company_views.xml 
2026-09-09 14:20:13,683 1 INFO lab_client odoo.modules.loading: loading mail/views/mail_scheduled_message_views.xml 
2026-09-09 14:20:13,692 1 INFO lab_client odoo.modules.loading: loading mail/data/mail_canned_response_data.xml 
2026-09-09 14:20:13,701 1 INFO lab_client odoo.modules.loading: loading mail/data/mail_templates_invite.xml 
2026-09-09 14:20:13,716 1 INFO lab_client odoo.modules.loading: loading mail/data/web_tour_tour.xml 
2026-09-09 14:20:13,776 1 INFO lab_client odoo.modules.loading: Module mail loaded in 3.24s, 5016 queries (+5017 other) 
2026-09-09 14:20:13,776 1 INFO lab_client odoo.modules.loading: Loading module web_mobile (22/47) 
2026-09-09 14:20:13,787 1 INFO lab_client odoo.registry: module web_mobile: creating or updating database tables 
2026-09-09 14:20:13,851 1 INFO lab_client odoo.modules.loading: loading web_mobile/views/views.xml 
2026-09-09 14:20:13,881 1 INFO lab_client odoo.modules.loading: Module web_mobile loaded in 0.11s, 94 queries (+94 other) 
2026-09-09 14:20:13,881 1 INFO lab_client odoo.modules.loading: Loading module web_unsplash (23/47) 
2026-09-09 14:20:13,893 1 INFO lab_client odoo.registry: module web_unsplash: creating or updating database tables 
2026-09-09 14:20:13,936 1 INFO lab_client odoo.modules.loading: loading web_unsplash/views/res_config_settings_view.xml 
2026-09-09 14:20:13,971 1 INFO lab_client odoo.modules.loading: Module web_unsplash loaded in 0.09s, 103 queries (+103 other) 
2026-09-09 14:20:13,972 1 INFO lab_client odoo.modules.loading: Loading module ai_auto_install (24/47) 
2026-09-09 14:20:14,055 1 INFO lab_client odoo.modules.loading: Module ai_auto_install loaded in 0.08s, 15 queries (+15 other) 
2026-09-09 14:20:14,055 1 INFO lab_client odoo.modules.loading: Loading module auth_signup (25/47) 
2026-09-09 14:20:14,070 1 INFO lab_client odoo.registry: module auth_signup: creating or updating database tables 
2026-09-09 14:20:14,142 1 INFO lab_client odoo.modules.loading: loading auth_signup/data/ir_config_parameter_data.xml 
2026-09-09 14:20:14,148 1 INFO lab_client odoo.modules.loading: loading auth_signup/data/ir_cron_data.xml 
2026-09-09 14:20:14,172 1 INFO lab_client odoo.modules.loading: loading auth_signup/data/mail_template_data.xml 
2026-09-09 14:20:14,250 1 INFO lab_client odoo.modules.loading: loading auth_signup/views/res_config_settings_views.xml 
2026-09-09 14:20:14,269 1 INFO lab_client odoo.modules.loading: loading auth_signup/views/res_users_views.xml 
2026-09-09 14:20:14,299 1 INFO lab_client odoo.modules.loading: loading auth_signup/views/auth_signup_login_templates.xml 
2026-09-09 14:20:14,325 1 INFO lab_client odoo.modules.loading: loading auth_signup/views/auth_signup_templates_email.xml 
2026-09-09 14:20:14,334 1 INFO lab_client odoo.modules.loading: loading auth_signup/views/webclient_templates.xml 
2026-09-09 14:20:14,365 1 INFO lab_client odoo.modules.loading: Module auth_signup loaded in 0.31s, 255 queries (+255 other) 
2026-09-09 14:20:14,365 1 INFO lab_client odoo.modules.loading: Loading module auth_totp_mail (26/47) 
2026-09-09 14:20:14,378 1 INFO lab_client odoo.registry: module auth_totp_mail: creating or updating database tables 
2026-09-09 14:20:14,407 1 INFO lab_client odoo.modules.loading: loading auth_totp_mail/data/ir_action_data.xml 
2026-09-09 14:20:14,430 1 INFO lab_client odoo.modules.loading: loading auth_totp_mail/data/mail_template_data.xml 
2026-09-09 14:20:14,464 1 INFO lab_client odoo.modules.loading: loading auth_totp_mail/data/security_notifications_template.xml 
2026-09-09 14:20:14,470 1 INFO lab_client odoo.modules.loading: loading auth_totp_mail/views/res_config_settings_views.xml 
2026-09-09 14:20:14,484 1 INFO lab_client odoo.modules.loading: loading auth_totp_mail/views/res_users_views.xml 
2026-09-09 14:20:14,501 1 INFO lab_client odoo.modules.loading: loading auth_totp_mail/views/templates.xml 
2026-09-09 14:20:14,520 1 INFO lab_client odoo.modules.loading: Module auth_totp_mail loaded in 0.15s, 189 queries (+189 other) 
2026-09-09 14:20:14,520 1 INFO lab_client odoo.modules.loading: Loading module base_install_request (27/47) 
2026-09-09 14:20:14,528 1 INFO lab_client odoo.registry: module base_install_request: creating or updating database tables 
2026-09-09 14:20:14,585 1 INFO lab_client odoo.modules.loading: loading base_install_request/security/ir.model.access.csv 
2026-09-09 14:20:14,596 1 INFO lab_client odoo.modules.loading: loading base_install_request/wizard/base_module_install_request_views.xml 
2026-09-09 14:20:14,620 1 INFO lab_client odoo.modules.loading: loading base_install_request/data/mail_template_data.xml 
2026-09-09 14:20:14,628 1 INFO lab_client odoo.modules.loading: loading base_install_request/data/mail_templates_module_install.xml 
2026-09-09 14:20:14,634 1 INFO lab_client odoo.modules.loading: loading base_install_request/views/ir_module_module_views.xml 
2026-09-09 14:20:14,661 1 INFO lab_client odoo.modules.loading: Module base_install_request loaded in 0.14s, 154 queries (+154 other) 
2026-09-09 14:20:14,661 1 INFO lab_client odoo.modules.loading: Loading module google_gmail (28/47) 
2026-09-09 14:20:14,677 1 INFO lab_client odoo.registry: module google_gmail: creating or updating database tables 
2026-09-09 14:20:14,736 1 INFO lab_client odoo.modules.loading: loading google_gmail/views/fetchmail_server_views.xml 
2026-09-09 14:20:14,755 1 INFO lab_client odoo.modules.loading: loading google_gmail/views/ir_mail_server_views.xml 
2026-09-09 14:20:14,769 1 INFO lab_client odoo.modules.loading: loading google_gmail/views/res_config_settings_views.xml 
2026-09-09 14:20:14,794 1 INFO lab_client odoo.modules.loading: loading google_gmail/views/templates.xml 
2026-09-09 14:20:14,808 1 INFO lab_client odoo.modules.loading: Module google_gmail loaded in 0.15s, 155 queries (+155 other) 
2026-09-09 14:20:14,808 1 INFO lab_client odoo.modules.loading: Loading module iap_mail (29/47) 
2026-09-09 14:20:14,815 1 INFO lab_client odoo.registry: module iap_mail: creating or updating database tables 
2026-09-09 14:20:14,853 1 INFO lab_client odoo.modules.loading: loading iap_mail/data/mail_templates.xml 
2026-09-09 14:20:14,872 1 INFO lab_client odoo.modules.loading: loading iap_mail/views/iap_views.xml 
2026-09-09 14:20:14,896 1 INFO lab_client odoo.modules.loading: Module iap_mail loaded in 0.09s, 70 queries (+70 other) 
2026-09-09 14:20:14,896 1 INFO lab_client odoo.modules.loading: Loading module mail_bot (30/47) 
2026-09-09 14:20:14,910 1 INFO lab_client odoo.registry: module mail_bot: creating or updating database tables 
2026-09-09 14:20:14,964 1 INFO lab_client odoo.modules.loading: loading mail_bot/views/res_users_views.xml 
2026-09-09 14:20:14,991 1 INFO lab_client odoo.modules.loading: loading mail_bot/data/mailbot_data.xml 
2026-09-09 14:20:15,006 1 INFO lab_client odoo.modules.loading: Module mail_bot loaded in 0.11s, 109 queries (+109 other) 
2026-09-09 14:20:15,006 1 INFO lab_client odoo.modules.loading: Loading module mail_enterprise (31/47) 
2026-09-09 14:20:15,014 1 INFO lab_client odoo.registry: module mail_enterprise: creating or updating database tables 
2026-09-09 14:20:15,039 1 INFO lab_client odoo.modules.loading: Module mail_enterprise loaded in 0.03s, 19 queries (+19 other) 
2026-09-09 14:20:15,039 1 INFO lab_client odoo.modules.loading: Loading module microsoft_outlook (32/47) 
2026-09-09 14:20:15,055 1 INFO lab_client odoo.registry: module microsoft_outlook: creating or updating database tables 
2026-09-09 14:20:15,127 1 INFO lab_client odoo.modules.loading: loading microsoft_outlook/views/fetchmail_server_views.xml 
2026-09-09 14:20:15,147 1 INFO lab_client odoo.modules.loading: loading microsoft_outlook/views/ir_mail_server_views.xml 
2026-09-09 14:20:15,162 1 INFO lab_client odoo.modules.loading: loading microsoft_outlook/views/res_config_settings_views.xml 
2026-09-09 14:20:15,189 1 INFO lab_client odoo.modules.loading: loading microsoft_outlook/views/templates.xml 
2026-09-09 14:20:15,203 1 INFO lab_client odoo.modules.loading: Module microsoft_outlook loaded in 0.16s, 158 queries (+158 other) 
2026-09-09 14:20:15,203 1 INFO lab_client odoo.modules.loading: Loading module phone_validation (33/47) 
2026-09-09 14:20:15,286 1 INFO lab_client odoo.registry: module phone_validation: creating or updating database tables 
2026-09-09 14:20:15,298 1 INFO lab_client odoo.models: Prepare computation of res.partner.phone_sanitized 
2026-09-09 14:20:15,980 1 INFO lab_client odoo.modules.loading: loading phone_validation/security/ir.model.access.csv 
2026-09-09 14:20:15,993 1 INFO lab_client odoo.modules.loading: loading phone_validation/views/phone_blacklist_views.xml 
2026-09-09 14:20:16,028 1 INFO lab_client odoo.modules.loading: loading phone_validation/views/res_partner_views.xml 
2026-09-09 14:20:16,041 1 INFO lab_client odoo.modules.loading: loading phone_validation/wizard/phone_blacklist_remove_view.xml 
2026-09-09 14:20:16,062 1 INFO lab_client odoo.modules.loading: Module phone_validation loaded in 0.86s, 1660 queries (+1660 other) 
2026-09-09 14:20:16,062 1 INFO lab_client odoo.modules.loading: Loading module privacy_lookup (34/47) 
2026-09-09 14:20:16,080 1 INFO lab_client odoo.registry: module privacy_lookup: creating or updating database tables 
2026-09-09 14:20:16,192 1 INFO lab_client odoo.modules.loading: loading privacy_lookup/wizard/privacy_lookup_wizard_views.xml 
2026-09-09 14:20:16,259 1 INFO lab_client odoo.modules.loading: loading privacy_lookup/views/privacy_log_views.xml 
2026-09-09 14:20:16,287 1 INFO lab_client odoo.modules.loading: loading privacy_lookup/security/ir.model.access.csv 
2026-09-09 14:20:16,306 1 INFO lab_client odoo.modules.loading: loading privacy_lookup/data/ir_actions_server_data.xml 
2026-09-09 14:20:16,354 1 INFO lab_client odoo.modules.loading: Module privacy_lookup loaded in 0.29s, 296 queries (+296 other) 
2026-09-09 14:20:16,354 1 INFO lab_client odoo.modules.loading: Loading module resource_mail (35/47) 
2026-09-09 14:20:16,364 1 INFO lab_client odoo.registry: module resource_mail: creating or updating database tables 
2026-09-09 14:20:16,402 1 INFO lab_client odoo.modules.loading: Module resource_mail loaded in 0.05s, 36 queries (+36 other) 
2026-09-09 14:20:16,403 1 INFO lab_client odoo.modules.loading: Loading module iap_extract (36/47) 
2026-09-09 14:20:16,415 1 INFO lab_client odoo.registry: module iap_extract: creating or updating database tables 
2026-09-09 14:20:16,447 1 INFO lab_client odoo.modules.loading: loading iap_extract/data/config_parameter_endpoint.xml 
2026-09-09 14:20:16,453 1 INFO lab_client odoo.modules.loading: loading iap_extract/data/iap_service_data.xml 
2026-09-09 14:20:16,457 1 INFO lab_client odoo.modules.loading: loading iap_extract/data/mail_template_data.xml 
2026-09-09 14:20:16,475 1 INFO lab_client odoo.modules.loading: Module iap_extract loaded in 0.07s, 52 queries (+52 other) 
2026-09-09 14:20:16,475 1 INFO lab_client odoo.modules.loading: Loading module mail_mobile (37/47) 
2026-09-09 14:20:16,509 1 INFO lab_client odoo.registry: module mail_mobile: creating or updating database tables 
2026-09-09 14:20:16,629 1 INFO lab_client odoo.modules.loading: loading mail_mobile/data/mail_mobile_data.xml 
2026-09-09 14:20:16,635 1 INFO lab_client odoo.modules.loading: loading mail_mobile/views/res_config_settings_views.xml 
2026-09-09 14:20:16,668 1 INFO lab_client odoo.modules.loading: Module mail_mobile loaded in 0.19s, 211 queries (+211 other) 
2026-09-09 14:20:16,668 1 INFO lab_client odoo.modules.loading: Loading module partner_autocomplete (38/47) 
2026-09-09 14:20:16,693 1 INFO lab_client odoo.registry: module partner_autocomplete: creating or updating database tables 
2026-09-09 14:20:16,780 1 INFO lab_client odoo.modules.loading: loading partner_autocomplete/views/res_company_views.xml 
2026-09-09 14:20:16,800 1 INFO lab_client odoo.modules.loading: loading partner_autocomplete/views/res_config_settings_views.xml 
2026-09-09 14:20:16,819 1 INFO lab_client odoo.modules.loading: loading partner_autocomplete/data/iap_service_data.xml 
2026-09-09 14:20:16,831 1 INFO lab_client odoo.modules.loading: Module partner_autocomplete loaded in 0.16s, 144 queries (+144 other) 
2026-09-09 14:20:16,831 1 INFO lab_client odoo.modules.loading: Loading module portal (39/47) 
2026-09-09 14:20:16,869 1 INFO lab_client odoo.registry: module portal: creating or updating database tables 
2026-09-09 14:20:17,062 1 INFO lab_client odoo.modules.loading: loading portal/security/ir.model.access.csv 
2026-09-09 14:20:17,074 1 INFO lab_client odoo.modules.loading: loading portal/data/mail_templates.xml 
2026-09-09 14:20:17,082 1 INFO lab_client odoo.modules.loading: loading portal/views/address_templates.xml 
2026-09-09 14:20:17,119 1 INFO lab_client odoo.modules.loading: loading portal/views/mail_templates_public.xml 
2026-09-09 14:20:17,131 1 INFO lab_client odoo.modules.loading: loading portal/views/portal_templates.xml 
2026-09-09 14:20:17,266 1 INFO lab_client odoo.modules.loading: loading portal/views/res_config_settings_views.xml 
2026-09-09 14:20:17,285 1 INFO lab_client odoo.modules.loading: loading portal/wizard/portal_share_views.xml 
2026-09-09 14:20:17,293 1 INFO lab_client odoo.modules.loading: loading portal/wizard/portal_wizard_views.xml 
2026-09-09 14:20:17,338 1 INFO lab_client odoo.modules.loading: Module portal loaded in 0.51s, 556 queries (+556 other) 
2026-09-09 14:20:17,338 1 INFO lab_client odoo.modules.loading: Loading module sms (40/47) 
2026-09-09 14:20:17,420 1 INFO lab_client odoo.registry: module sms: creating or updating database tables 
2026-09-09 14:20:17,428 1 INFO lab_client odoo.models: Prepare computation of ir.actions.server.sms_template_id 
2026-09-09 14:20:17,428 1 INFO lab_client odoo.models: Prepare computation of ir.actions.server.sms_method 
2026-09-09 14:20:18,144 1 INFO lab_client odoo.modules.loading: loading sms/data/iap_service_data.xml 
2026-09-09 14:20:18,150 1 INFO lab_client odoo.modules.loading: loading sms/data/ir_cron_data.xml 
2026-09-09 14:20:18,172 1 INFO lab_client odoo.modules.loading: loading sms/wizard/sms_account_code_views.xml 
2026-09-09 14:20:18,182 1 INFO lab_client odoo.modules.loading: loading sms/wizard/sms_account_phone_views.xml 
2026-09-09 14:20:18,190 1 INFO lab_client odoo.modules.loading: loading sms/wizard/sms_account_sender_views.xml 
2026-09-09 14:20:18,198 1 INFO lab_client odoo.modules.loading: loading sms/wizard/sms_composer_views.xml 
2026-09-09 14:20:18,215 1 INFO lab_client odoo.modules.loading: loading sms/wizard/sms_template_preview_views.xml 
2026-09-09 14:20:18,227 1 INFO lab_client odoo.modules.loading: loading sms/wizard/sms_template_reset_views.xml 
2026-09-09 14:20:18,239 1 INFO lab_client odoo.modules.loading: loading sms/views/ir_actions_server_views.xml 
2026-09-09 14:20:18,259 1 INFO lab_client odoo.modules.loading: loading sms/views/mail_notification_views.xml 
2026-09-09 14:20:18,281 1 INFO lab_client odoo.modules.loading: loading sms/views/res_config_settings_views.xml 
2026-09-09 14:20:18,299 1 INFO lab_client odoo.modules.loading: loading sms/views/res_partner_views.xml 
2026-09-09 14:20:18,323 1 INFO lab_client odoo.modules.loading: loading sms/views/iap_account_views.xml 
2026-09-09 14:20:18,338 1 INFO lab_client odoo.modules.loading: loading sms/views/sms_sms_views.xml 
2026-09-09 14:20:18,375 1 INFO lab_client odoo.modules.loading: loading sms/views/sms_template_views.xml 
2026-09-09 14:20:18,401 1 INFO lab_client odoo.modules.loading: loading sms/security/ir.model.access.csv 
2026-09-09 14:20:18,429 1 INFO lab_client odoo.modules.loading: loading sms/security/sms_security.xml 
2026-09-09 14:20:18,459 1 INFO lab_client odoo.modules.loading: Module sms loaded in 1.12s, 2097 queries (+2097 other) 
2026-09-09 14:20:18,459 1 INFO lab_client odoo.modules.loading: Loading module snailmail (41/47) 
2026-09-09 14:20:18,564 1 INFO lab_client odoo.registry: module snailmail: creating or updating database tables 
2026-09-09 14:20:18,775 1 INFO lab_client odoo.modules.loading: loading snailmail/data/iap_service_data.xml 
2026-09-09 14:20:18,782 1 INFO lab_client odoo.modules.loading: loading snailmail/data/snailmail_data.xml 
2026-09-09 14:20:18,811 1 INFO lab_client odoo.modules.loading: loading snailmail/views/report_assets.xml 
2026-09-09 14:20:18,827 1 INFO lab_client odoo.modules.loading: loading snailmail/views/snailmail_views.xml 
2026-09-09 14:20:18,852 1 INFO lab_client odoo.modules.loading: loading snailmail/security/ir.model.access.csv 
2026-09-09 14:20:18,883 1 INFO lab_client odoo.modules.loading: Module snailmail loaded in 0.42s, 422 queries (+422 other) 
2026-09-09 14:20:18,883 1 INFO lab_client odoo.modules.loading: Loading module auth_passkey_portal (42/47) 
2026-09-09 14:20:18,895 1 INFO lab_client odoo.modules.loading: loading auth_passkey_portal/views/templates.xml 
2026-09-09 14:20:18,924 1 INFO lab_client odoo.modules.loading: Module auth_passkey_portal loaded in 0.04s, 22 queries (+22 other) 
2026-09-09 14:20:18,924 1 INFO lab_client odoo.modules.loading: Loading module auth_totp_portal (43/47) 
2026-09-09 14:20:18,937 1 INFO lab_client odoo.registry: module auth_totp_portal: creating or updating database tables 
2026-09-09 14:20:18,970 1 INFO lab_client odoo.modules.loading: loading auth_totp_portal/security/security.xml 
2026-09-09 14:20:18,988 1 INFO lab_client odoo.modules.loading: loading auth_totp_portal/views/templates.xml 
2026-09-09 14:20:19,011 1 INFO lab_client odoo.modules.loading: Module auth_totp_portal loaded in 0.09s, 70 queries (+70 other) 
2026-09-09 14:20:19,011 1 INFO lab_client odoo.modules.loading: Loading module digest (44/47) 
2026-09-09 14:20:19,030 1 INFO lab_client odoo.registry: module digest: creating or updating database tables 
2026-09-09 14:20:19,143 1 INFO lab_client odoo.modules.loading: loading digest/security/ir.model.access.csv 
2026-09-09 14:20:19,158 1 INFO lab_client odoo.modules.loading: loading digest/data/digest_data.xml 
2026-09-09 14:20:19,187 1 INFO lab_client odoo.modules.loading: loading digest/data/digest_tips_data.xml 
2026-09-09 14:20:19,213 1 INFO lab_client odoo.modules.loading: loading digest/data/ir_cron_data.xml 
2026-09-09 14:20:19,246 1 INFO lab_client odoo.modules.loading: loading digest/data/res_config_settings_data.xml 
2026-09-09 14:20:19,255 1 INFO lab_client odoo.modules.loading: loading digest/views/digest_views.xml 
2026-09-09 14:20:19,329 1 INFO lab_client odoo.modules.loading: loading digest/views/digest_templates.xml 
2026-09-09 14:20:19,339 1 INFO lab_client odoo.modules.loading: loading digest/views/res_config_settings_views.xml 
2026-09-09 14:20:19,407 1 INFO lab_client odoo.modules.loading: Module digest loaded in 0.40s, 326 queries (+326 other) 
2026-09-09 14:20:19,407 1 INFO lab_client odoo.modules.loading: Loading module base_automation (45/47) 
2026-09-09 14:20:19,428 1 INFO lab_client odoo.registry: module base_automation: creating or updating database tables 
2026-09-09 14:20:19,543 1 INFO lab_client odoo.modules.loading: loading base_automation/security/ir.model.access.csv 
2026-09-09 14:20:19,556 1 INFO lab_client odoo.modules.loading: loading base_automation/data/base_automation_data.xml 
2026-09-09 14:20:19,591 1 INFO lab_client odoo.modules.loading: loading base_automation/data/digest_data.xml 
2026-09-09 14:20:19,596 1 INFO lab_client odoo.modules.loading: loading base_automation/views/base_automation_views.xml 
2026-09-09 14:20:19,645 1 INFO lab_client odoo.modules.loading: loading base_automation/views/ir_actions_server_views.xml 
2026-09-09 14:20:19,693 1 INFO lab_client odoo.modules.loading: Module base_automation loaded in 0.29s, 236 queries (+236 other) 
2026-09-09 14:20:19,693 1 INFO lab_client odoo.modules.loading: Loading module digest_enterprise (46/47) 
2026-09-09 14:20:19,706 1 INFO lab_client odoo.modules.loading: loading digest_enterprise/data/digest_data.xml 
2026-09-09 14:20:19,731 1 INFO lab_client odoo.modules.loading: Module digest_enterprise loaded in 0.04s, 20 queries (+20 other) 
2026-09-09 14:20:19,731 1 INFO lab_client odoo.modules.loading: Loading module web_studio (47/47) 
2026-09-09 14:20:19,959 1 INFO lab_client odoo.registry: module web_studio: creating or updating database tables 
2026-09-09 14:20:21,147 1 INFO lab_client odoo.modules.loading: loading web_studio/views/assets.xml 
2026-09-09 14:20:21,164 1 INFO lab_client odoo.modules.loading: loading web_studio/views/actions.xml 
2026-09-09 14:20:21,175 1 INFO lab_client odoo.modules.loading: loading web_studio/views/ir_actions_report_xml.xml 
2026-09-09 14:20:21,191 1 INFO lab_client odoo.modules.loading: loading web_studio/views/ir_model_data.xml 
2026-09-09 14:20:21,206 1 INFO lab_client odoo.modules.loading: loading web_studio/views/base_automation_views.xml 
2026-09-09 14:20:21,215 1 INFO lab_client odoo.modules.loading: loading web_studio/views/studio_approval_views.xml 
2026-09-09 14:20:21,303 1 INFO lab_client odoo.modules.loading: loading web_studio/views/reset_view_arch_wizard.xml 
2026-09-09 14:20:21,318 1 INFO lab_client odoo.modules.loading: loading web_studio/views/studio_export_wizard_views.xml 
2026-09-09 14:20:21,336 1 INFO lab_client odoo.modules.loading: loading web_studio/views/studio_export_model_views.xml 
2026-09-09 14:20:21,366 1 INFO lab_client odoo.modules.loading: loading web_studio/data/mail_templates.xml 
2026-09-09 14:20:21,376 1 INFO lab_client odoo.modules.loading: loading web_studio/data/web_tour_tour.xml 
2026-09-09 14:20:21,382 1 INFO lab_client odoo.modules.loading: loading web_studio/wizard/base_module_uninstall_view.xml 
2026-09-09 14:20:21,403 1 INFO lab_client odoo.modules.loading: loading web_studio/security/ir.model.access.csv 
2026-09-09 14:20:21,418 1 INFO lab_client odoo.modules.loading: loading web_studio/security/studio_security.xml 
2026-09-09 14:20:21,455 1 INFO lab_client odoo.modules.loading: Module web_studio loaded in 1.72s, 2222 queries (+2222 other) 
2026-09-09 14:20:21,455 1 INFO lab_client odoo.modules.loading: 47 modules loaded in 15.82s, 23931 queries (+23932 extra) 
2026-09-09 14:20:21,922 1 INFO lab_client odoo.modules.loading: Modules loaded. 
2026-09-09 14:20:21,933 1 INFO lab_client odoo.registry: Registry changed, signaling through the database 
2026-09-09 14:20:21,934 1 INFO lab_client odoo.registry: Registry loaded in 25.770s 
2026-09-09 14:20:21,934 1 INFO lab_client odoo.service.server: Initiating shutdown 
2026-09-09 14:20:21,934 1 INFO lab_client odoo.service.server: Hit CTRL-C again or send a second signal to force the shutdown. 
2026-09-09 14:20:21,934 1 INFO lab_client odoo.sql_db: ConnectionPool(read/write;used=0/count=0/max=64): Closed 1 connections  
