{"command": ["docker", "container", "inspect", "ordered-recovery-d015b7aa5705-odoo-39e4b92433"], "returncode": 1, "seconds": 0.01, "log": "/tmp/odoo-ordered-recovery-20260909/integration/evidence/inspect-cleanup-20260909-192220-9c5cded9.log"}
{"command": ["docker", "container", "inspect", "ordered-recovery-d015b7aa5705-odoo-79191d32cc"], "returncode": 1, "seconds": 0.013, "log": "/tmp/odoo-ordered-recovery-20260909/integration/evidence/inspect-cleanup-20260909-192220-0fcff8e5.log"}
{"command": ["docker", "container", "inspect", "ordered-recovery-d015b7aa5705-odoo-552546c6a9"], "returncode": 1, "seconds": 0.01, "log": "/tmp/odoo-ordered-recovery-20260909/integration/evidence/inspect-cleanup-20260909-192220-ad6d9af6.log"}
{"command": ["docker", "container", "inspect", "ordered-recovery-d015b7aa5705-odoo-1682a73387"], "returncode": 1, "seconds": 0.013, "log": "/tmp/odoo-ordered-recovery-20260909/integration/evidence/inspect-cleanup-20260909-192220-6b48b40a.log"}
{"command": ["docker", "container", "inspect", "ordered-recovery-d015b7aa5705-odoo-11482cbdde"], "returncode": 1, "seconds": 0.01, "log": "/tmp/odoo-ordered-recovery-20260909/integration/evidence/inspect-cleanup-20260909-192220-b5e061cb.log"}
{"command": ["docker", "container", "inspect", "ordered-recovery-d015b7aa5705-odoo-6f76a81570"], "returncode": 1, "seconds": 0.01, "log": "/tmp/odoo-ordered-recovery-20260909/integration/evidence/inspect-cleanup-20260909-192220-20928f33.log"}
{"command": ["docker", "container", "inspect", "ordered-recovery-d015b7aa5705-odoo-a32401ce63"], "returncode": 1, "seconds": 0.011, "log": "/tmp/odoo-ordered-recovery-20260909/integration/evidence/inspect-cleanup-20260909-192220-973b5a19.log"}
{"command": ["docker", "container", "inspect", "ordered-recovery-d015b7aa5705-odoo-ce726ee032"], "returncode": 1, "seconds": 0.009, "log": "/tmp/odoo-ordered-recovery-20260909/integration/evidence/inspect-cleanup-20260909-192220-8332f5ba.log"}
{"command": ["docker", "container", "inspect", "ordered-recovery-d015b7aa5705-odoo-b278924841"], "returncode": 1, "seconds": 0.012, "log": "/tmp/odoo-ordered-recovery-20260909/integration/evidence/inspect-cleanup-20260909-192220-bd961ba8.log"}
{"command": ["docker", "container", "inspect", "ordered-recovery-d015b7aa5705-odoo-d1873c985a"], "returncode": 1, "seconds": 0.011, "log": "/tmp/odoo-ordered-recovery-20260909/integration/evidence/inspect-cleanup-20260909-192220-f5834c66.log"}
{"command": ["docker", "container", "inspect", "ordered-recovery-d015b7aa5705-odoo-d69df81048"], "returncode": 1, "seconds": 0.013, "log": "/tmp/odoo-ordered-recovery-20260909/integration/evidence/inspect-cleanup-20260909-192220-89ca9df6.log"}
{"command": ["docker", "container", "inspect", "ordered-recovery-d015b7aa5705-pg"], "returncode": 0, "seconds": 0.013, "log": "/tmp/odoo-ordered-recovery-20260909/integration/evidence/inspect-cleanup-20260909-192220-2ef8787d.log"}
{"command": ["docker", "rm", "-f", "ordered-recovery-d015b7aa5705-pg"], "returncode": 0, "seconds": 0.089, "log": "/tmp/odoo-ordered-recovery-20260909/integration/evidence/cleanup-container-20260909-192220-4c808938.log"}
{"command": ["docker", "network", "inspect", "ordered-recovery-d015b7aa5705"], "returncode": 0, "seconds": 0.011, "log": "/tmp/odoo-ordered-recovery-20260909/integration/evidence/inspect-cleanup-20260909-192221-deac2e90.log"}
{"command": ["docker", "network", "rm", "ordered-recovery-d015b7aa5705"], "returncode": 0, "seconds": 0.097, "log": "/tmp/odoo-ordered-recovery-20260909/integration/evidence/cleanup-network-20260909-192221-071708a7.log"}
{"command": ["docker", "container", "inspect", "ordered-recovery-d015b7aa5705-pg"], "returncode": 1, "seconds": 0.013, "log": "/tmp/odoo-ordered-recovery-20260909/integration/evidence/verify-cleanup-20260909-192221-e253d8ec.log"}
{"command": ["docker", "container", "inspect", "ordered-recovery-d015b7aa5705-odoo-d69df81048"], "returncode": 1, "seconds": 0.014, "log": "/tmp/odoo-ordered-recovery-20260909/integration/evidence/verify-cleanup-20260909-192221-abe165be.log"}
{"command": ["docker", "container", "inspect", "ordered-recovery-d015b7aa5705-odoo-d1873c985a"], "returncode": 1, "seconds": 0.014, "log": "/tmp/odoo-ordered-recovery-20260909/integration/evidence/verify-cleanup-20260909-192221-3d4e8554.log"}
{"command": ["docker", "container", "inspect", "ordered-recovery-d015b7aa5705-odoo-b278924841"], "returncode": 1, "seconds": 0.012, "log": "/tmp/odoo-ordered-recovery-20260909/integration/evidence/verify-cleanup-20260909-192221-dbf1b4ac.log"}
{"command": ["docker", "container", "inspect", "ordered-recovery-d015b7aa5705-odoo-ce726ee032"], "returncode": 1, "seconds": 0.012, "log": "/tmp/odoo-ordered-recovery-20260909/integration/evidence/verify-cleanup-20260909-192221-65049ef2.log"}
{"command": ["docker", "container", "inspect", "ordered-recovery-d015b7aa5705-odoo-a32401ce63"], "returncode": 1, "seconds": 0.012, "log": "/tmp/odoo-ordered-recovery-20260909/integration/evidence/verify-cleanup-20260909-192221-07ab1dba.log"}
{"command": ["docker", "container", "inspect", "ordered-recovery-d015b7aa5705-odoo-6f76a81570"], "returncode": 1, "seconds": 0.012, "log": "/tmp/odoo-ordered-recovery-20260909/integration/evidence/verify-cleanup-20260909-192221-a5a416cf.log"}
{"command": ["docker", "container", "inspect", "ordered-recovery-d015b7aa5705-odoo-11482cbdde"], "returncode": 1, "seconds": 0.011, "log": "/tmp/odoo-ordered-recovery-20260909/integration/evidence/verify-cleanup-20260909-192221-fff73147.log"}
{"command": ["docker", "container", "inspect", "ordered-recovery-d015b7aa5705-odoo-1682a73387"], "returncode": 1, "seconds": 0.012, "log": "/tmp/odoo-ordered-recovery-20260909/integration/evidence/verify-cleanup-20260909-192221-454a77af.log"}
{"command": ["docker", "container", "inspect", "ordered-recovery-d015b7aa5705-odoo-552546c6a9"], "returncode": 1, "seconds": 0.012, "log": "/tmp/odoo-ordered-recovery-20260909/integration/evidence/verify-cleanup-20260909-192221-71067eb2.log"}
{"command": ["docker", "container", "inspect", "ordered-recovery-d015b7aa5705-odoo-79191d32cc"], "returncode": 1, "seconds": 0.012, "log": "/tmp/odoo-ordered-recovery-20260909/integration/evidence/verify-cleanup-20260909-192221-d924af24.log"}
{"command": ["docker", "container", "inspect", "ordered-recovery-d015b7aa5705-odoo-39e4b92433"], "returncode": 1, "seconds": 0.012, "log": "/tmp/odoo-ordered-recovery-20260909/integration/evidence/verify-cleanup-20260909-192221-20f383a4.log"}
{"command": ["docker", "network", "inspect", "ordered-recovery-d015b7aa5705"], "returncode": 1, "seconds": 0.012, "log": "/tmp/odoo-ordered-recovery-20260909/integration/evidence/verify-cleanup-20260909-192221-1ea2e2e2.log"}
