2026-09-09 14:26:15,786 11 WARNING ? odoo.tools.config: option addons_path, no such directory '/mnt/enterprise-addons', skipped 
2026-09-09 14:26:15,786 11 WARNING ? odoo.tools.config: option addons_path, invalid addons directory '/mnt/extra-addons', skipped 
2026-09-09 14:26:15,787 11 WARNING ? odoo.tools.config: option --without-demo: since 19.0, invalid boolean value: 'all', assume True 
2026-09-09 14:26:15,787 11 WARNING ? odoo.tools.config: option addons_path, no such directory '/mnt/enterprise-addons', skipped 
2026-09-09 14:26:15,787 11 WARNING ? odoo.tools.config: option addons_path, invalid addons directory '/mnt/extra-addons', skipped 
2026-09-09 14:26:15,787 11 INFO ? odoo: Odoo version 19.0-20260817 
2026-09-09 14:26:15,787 11 INFO ? odoo: Using configuration file at /etc/odoo/odoo.conf 
2026-09-09 14:26:15,787 11 INFO ? odoo: addons paths: _NamespacePath(['/usr/lib/python3/dist-packages/odoo/addons', '/var/lib/odoo/addons/19.0', '/usr/lib/python3/dist-packages/addons']) 
2026-09-09 14:26:15,787 11 INFO ? odoo: database: odoo@db:5432 
2026-09-09 14:26:16,143 11 INFO qualification_source odoo.modules.loading: Initializing database qualification_source 
2026-09-09 14:26:16,902 11 INFO qualification_source odoo.modules.loading: loading 1 modules... 
2026-09-09 14:26:16,903 11 INFO qualification_source odoo.modules.loading: Loading module base (1/1) 
2026-09-09 14:26:16,919 11 INFO qualification_source odoo.registry: module base: creating or updating database tables 
2026-09-09 14:26:17,205 11 INFO qualification_source odoo.models: Prepare computation of ir.module.module.menus_by_module 
2026-09-09 14:26:17,205 11 INFO qualification_source odoo.models: Prepare computation of ir.module.module.reports_by_module 
2026-09-09 14:26:17,205 11 INFO qualification_source odoo.models: Prepare computation of ir.module.module.views_by_module 
2026-09-09 14:26:17,300 11 INFO qualification_source odoo.models: Prepare computation of res.partner.user_id 
2026-09-09 14:26:17,300 11 INFO qualification_source odoo.models: Prepare computation of res.partner.commercial_partner_id 
2026-09-09 14:26:17,300 11 INFO qualification_source odoo.models: Prepare computation of res.partner.complete_name 
2026-09-09 14:26:17,300 11 INFO qualification_source odoo.models: Prepare computation of res.partner.lang 
2026-09-09 14:26:17,300 11 INFO qualification_source odoo.models: Prepare computation of res.partner.company_registry 
2026-09-09 14:26:17,300 11 INFO qualification_source odoo.models: Prepare computation of res.partner.commercial_company_name 
2026-09-09 14:26:17,300 11 INFO qualification_source odoo.models: Prepare computation of res.partner.properties 
2026-09-09 14:26:17,300 11 INFO qualification_source odoo.models: Prepare computation of res.partner.partner_share 
2026-09-09 14:26:17,327 11 INFO qualification_source odoo.models: Prepare computation of res.currency.decimal_places 
2026-09-09 14:26:17,346 11 INFO qualification_source odoo.models: Prepare computation of res.company.uses_default_logo 
2026-09-09 14:26:17,346 11 INFO qualification_source odoo.models: Prepare computation of res.company.logo_web 
2026-09-09 14:26:17,349 11 INFO qualification_source odoo.models: Computing parent_path for table res_company... 
2026-09-09 14:26:17,388 11 INFO qualification_source odoo.models: Prepare computation of res.users.signature 
2026-09-09 14:26:17,389 11 INFO qualification_source odoo.models: Prepare computation of res.users.share 
2026-09-09 14:26:18,434 11 INFO qualification_source odoo.modules.loading: loading base/data/res_bank.xml 
2026-09-09 14:26:18,439 11 INFO qualification_source odoo.modules.loading: loading base/data/res.lang.csv 
2026-09-09 14:26:18,469 11 INFO qualification_source odoo.modules.loading: loading base/data/res_lang_data.xml 
2026-09-09 14:26:18,523 11 INFO qualification_source odoo.modules.loading: loading base/data/res_partner_data.xml 
2026-09-09 14:26:18,575 11 INFO qualification_source odoo.modules.loading: loading base/data/res_currency_data.xml 
2026-09-09 14:26:18,931 11 INFO qualification_source odoo.modules.loading: loading base/data/res_company_data.xml 
2026-09-09 14:26:18,939 11 INFO qualification_source odoo.modules.loading: loading base/data/res_users_data.xml 
2026-09-09 14:26:19,599 11 INFO qualification_source odoo.modules.loading: loading base/data/report_paperformat_data.xml 
2026-09-09 14:26:19,607 11 INFO qualification_source odoo.modules.loading: loading base/data/res_country_data.xml 
2026-09-09 14:26:20,063 11 INFO qualification_source odoo.modules.loading: loading base/data/ir_demo_data.xml 
2026-09-09 14:26:20,083 11 INFO qualification_source odoo.modules.loading: loading base/security/base_groups.xml 
2026-09-09 14:26:20,220 11 INFO qualification_source odoo.modules.loading: loading base/security/base_security.xml 
2026-09-09 14:26:20,432 11 INFO qualification_source odoo.modules.loading: loading base/wizard/wizard_ir_model_menu_create_views.xml 
2026-09-09 14:26:20,479 11 INFO qualification_source odoo.modules.loading: loading base/views/base_menus.xml 
2026-09-09 14:26:20,530 11 INFO qualification_source odoo.modules.loading: loading base/views/decimal_precision_views.xml 
2026-09-09 14:26:20,546 11 INFO qualification_source odoo.modules.loading: loading base/views/res_config_views.xml 
2026-09-09 14:26:20,553 11 INFO qualification_source odoo.modules.loading: loading base/data/res.country.state.csv 
2026-09-09 14:26:20,838 11 INFO qualification_source odoo.modules.loading: loading base/views/ir_actions_views.xml 
2026-09-09 14:26:20,947 11 INFO qualification_source odoo.modules.loading: loading base/views/ir_asset_views.xml 
2026-09-09 14:26:20,963 11 INFO qualification_source odoo.modules.loading: loading base/views/ir_config_parameter_views.xml 
2026-09-09 14:26:20,987 11 INFO qualification_source odoo.modules.loading: loading base/views/ir_cron_views.xml 
2026-09-09 14:26:21,018 11 INFO qualification_source odoo.modules.loading: loading base/views/ir_cron_trigger_views.xml 
2026-09-09 14:26:21,031 11 INFO qualification_source odoo.modules.loading: loading base/views/ir_filters_views.xml 
2026-09-09 14:26:21,048 11 INFO qualification_source odoo.modules.loading: loading base/views/ir_mail_server_views.xml 
2026-09-09 14:26:21,071 11 INFO qualification_source odoo.modules.loading: loading base/views/ir_model_views.xml 
2026-09-09 14:26:21,222 11 INFO qualification_source odoo.modules.loading: loading base/views/ir_attachment_views.xml 
2026-09-09 14:26:21,248 11 INFO qualification_source odoo.modules.loading: loading base/views/ir_rule_views.xml 
2026-09-09 14:26:21,272 11 INFO qualification_source odoo.modules.loading: loading base/views/ir_sequence_views.xml 
2026-09-09 14:26:21,295 11 INFO qualification_source odoo.modules.loading: loading base/views/ir_ui_menu_views.xml 
2026-09-09 14:26:21,309 11 INFO qualification_source odoo.modules.loading: loading base/views/ir_ui_view_views.xml 
2026-09-09 14:26:21,351 11 INFO qualification_source odoo.modules.loading: loading base/views/ir_default_views.xml 
2026-09-09 14:26:21,373 11 INFO qualification_source odoo.modules.loading: loading base/data/ir_config_parameter_data.xml 
2026-09-09 14:26:21,376 11 INFO qualification_source odoo.modules.loading: loading base/data/ir_cron_data.xml 
2026-09-09 14:26:21,389 11 INFO qualification_source odoo.modules.loading: loading base/report/ir_model_report.xml 
2026-09-09 14:26:21,394 11 INFO qualification_source odoo.modules.loading: loading base/report/ir_model_templates.xml 
2026-09-09 14:26:21,404 11 INFO qualification_source odoo.modules.loading: loading base/views/ir_logging_views.xml 
2026-09-09 14:26:21,426 11 INFO qualification_source odoo.modules.loading: loading base/views/ir_qweb_widget_templates.xml 
2026-09-09 14:26:21,442 11 INFO qualification_source odoo.modules.loading: loading base/views/ir_module_views.xml 
2026-09-09 14:26:21,494 11 INFO qualification_source odoo.modules.loading: loading base/data/ir_module_category_data.xml 
2026-09-09 14:26:21,527 11 INFO qualification_source odoo.modules.loading: loading base/data/ir_module_module.xml 
2026-09-09 14:26:21,579 11 INFO qualification_source odoo.modules.loading: loading base/report/ir_module_reports.xml 
2026-09-09 14:26:21,584 11 INFO qualification_source odoo.modules.loading: loading base/report/ir_module_report_templates.xml 
2026-09-09 14:26:21,593 11 INFO qualification_source odoo.modules.loading: loading base/wizard/base_module_update_views.xml 
2026-09-09 14:26:21,609 11 INFO qualification_source odoo.modules.loading: loading base/wizard/base_language_install_views.xml 
2026-09-09 14:26:21,626 11 INFO qualification_source odoo.modules.loading: loading base/wizard/base_import_language_views.xml 
2026-09-09 14:26:21,638 11 INFO qualification_source odoo.modules.loading: loading base/wizard/base_module_upgrade_views.xml 
2026-09-09 14:26:21,657 11 INFO qualification_source odoo.modules.loading: loading base/wizard/base_module_uninstall_views.xml 
2026-09-09 14:26:21,669 11 INFO qualification_source odoo.modules.loading: loading base/wizard/base_export_language_views.xml 
2026-09-09 14:26:21,685 11 INFO qualification_source odoo.modules.loading: loading base/wizard/base_partner_merge_views.xml 
2026-09-09 14:26:21,699 11 INFO qualification_source odoo.modules.loading: loading base/data/ir_demo_failure_data.xml 
2026-09-09 14:26:21,713 11 INFO qualification_source odoo.modules.loading: loading base/views/ir_profile_views.xml 
2026-09-09 14:26:21,741 11 INFO qualification_source odoo.modules.loading: loading base/views/res_company_views.xml 
2026-09-09 14:26:21,767 11 INFO qualification_source odoo.modules.loading: loading base/views/res_lang_views.xml 
2026-09-09 14:26:21,790 11 INFO qualification_source odoo.modules.loading: loading base/views/res_partner_views.xml 
2026-09-09 14:26:21,879 11 INFO qualification_source odoo.modules.loading: loading base/views/res_bank_views.xml 
2026-09-09 14:26:21,911 11 INFO qualification_source odoo.modules.loading: loading base/views/res_country_views.xml 
2026-09-09 14:26:21,954 11 INFO qualification_source odoo.modules.loading: loading base/views/res_currency_views.xml 
2026-09-09 14:26:21,989 11 INFO qualification_source odoo.modules.loading: loading base/views/res_groups_views.xml 
2026-09-09 14:26:22,034 11 INFO qualification_source odoo.modules.loading: loading base/views/res_users_views.xml 
2026-09-09 14:26:22,121 11 INFO qualification_source odoo.modules.loading: loading base/views/res_users_apikeys_views.xml 
2026-09-09 14:26:22,129 11 INFO qualification_source odoo.modules.loading: loading base/views/res_device_views.xml 
2026-09-09 14:26:22,151 11 INFO qualification_source odoo.modules.loading: loading base/views/res_users_identitycheck_views.xml 
2026-09-09 14:26:22,159 11 INFO qualification_source odoo.modules.loading: loading base/views/res_config_settings_views.xml 
2026-09-09 14:26:22,167 11 INFO qualification_source odoo.modules.loading: loading base/views/report_paperformat_views.xml 
2026-09-09 14:26:22,189 11 INFO qualification_source odoo.modules.loading: loading base/security/ir.model.access.csv 
2026-09-09 14:26:22,291 11 INFO qualification_source odoo.modules.loading: Module base loaded in 5.39s, 8454 queries (+8454 other) 
2026-09-09 14:26:22,291 11 INFO qualification_source odoo.modules.loading: 1 modules loaded in 5.39s, 8454 queries (+8454 extra) 
2026-09-09 14:26:22,293 11 INFO qualification_source odoo.modules.loading: updating modules list 
2026-09-09 14:26:22,294 11 INFO qualification_source odoo.addons.base.models.ir_module: ALLOW access to module.update_list on [] to user __system__ #1 via n/a 
2026-09-09 14:26:22,891 11 INFO qualification_source odoo.modules.loading: loading 14 modules... 
2026-09-09 14:26:22,891 11 INFO qualification_source odoo.modules.loading: Loading module rpc (2/14) 
2026-09-09 14:26:22,943 11 INFO qualification_source odoo.modules.loading: Module rpc loaded in 0.05s, 9 queries (+9 other) 
2026-09-09 14:26:22,943 11 INFO qualification_source odoo.modules.loading: Loading module web (3/14) 
2026-09-09 14:26:22,962 11 INFO qualification_source odoo.registry: module web: creating or updating database tables 
2026-09-09 14:26:23,324 11 INFO qualification_source odoo.modules.loading: loading web/security/ir.model.access.csv 
2026-09-09 14:26:23,332 11 INFO qualification_source odoo.modules.loading: loading web/security/web_security.xml 
2026-09-09 14:26:23,348 11 INFO qualification_source odoo.modules.loading: loading web/views/webclient_templates.xml 
2026-09-09 14:26:23,418 11 INFO qualification_source odoo.modules.loading: loading web/views/report_templates.xml 
2026-09-09 14:26:23,535 11 INFO qualification_source odoo.modules.loading: loading web/views/base_document_layout_views.xml 
2026-09-09 14:26:23,552 11 INFO qualification_source odoo.modules.loading: loading web/views/partner_view.xml 
2026-09-09 14:26:23,560 11 INFO qualification_source odoo.modules.loading: loading web/views/speedscope_template.xml 
2026-09-09 14:26:23,565 11 INFO qualification_source odoo.modules.loading: loading web/views/memory_template.xml 
2026-09-09 14:26:23,572 11 INFO qualification_source odoo.modules.loading: loading web/views/speedscope_config_wizard.xml 
2026-09-09 14:26:23,577 11 INFO qualification_source odoo.modules.loading: loading web/views/neutralize_views.xml 
2026-09-09 14:26:23,587 11 INFO qualification_source odoo.modules.loading: loading web/views/ir_ui_view_views.xml 
2026-09-09 14:26:23,598 11 INFO qualification_source odoo.modules.loading: loading web/data/ir_attachment.xml 
2026-09-09 14:26:23,605 11 INFO qualification_source odoo.modules.loading: loading web/data/report_layout.xml 
2026-09-09 14:26:23,656 11 INFO qualification_source odoo.modules.loading: Module web loaded in 0.71s, 1232 queries (+1232 other) 
2026-09-09 14:26:23,657 11 INFO qualification_source odoo.modules.loading: Loading module api_doc (4/14) 
2026-09-09 14:26:23,663 11 INFO qualification_source odoo.registry: module api_doc: creating or updating database tables 
2026-09-09 14:26:23,680 11 INFO qualification_source odoo.modules.loading: loading api_doc/security/res_groups.xml 
2026-09-09 14:26:23,704 11 INFO qualification_source odoo.modules.loading: loading api_doc/views/docclient.xml 
2026-09-09 14:26:23,725 11 INFO qualification_source odoo.modules.loading: Module api_doc loaded in 0.07s, 63 queries (+63 other) 
2026-09-09 14:26:23,725 11 INFO qualification_source odoo.modules.loading: Loading module auth_totp (5/14) 
2026-09-09 14:26:23,745 11 INFO qualification_source odoo.registry: module auth_totp: creating or updating database tables 
2026-09-09 14:26:23,810 11 INFO qualification_source odoo.modules.loading: loading auth_totp/security/security.xml 
2026-09-09 14:26:23,837 11 INFO qualification_source odoo.modules.loading: loading auth_totp/security/ir.model.access.csv 
2026-09-09 14:26:23,845 11 INFO qualification_source odoo.modules.loading: loading auth_totp/data/ir_action_data.xml 
2026-09-09 14:26:23,854 11 INFO qualification_source odoo.modules.loading: loading auth_totp/views/res_users_views.xml 
2026-09-09 14:26:23,889 11 INFO qualification_source odoo.modules.loading: loading auth_totp/views/templates.xml 
2026-09-09 14:26:23,901 11 INFO qualification_source odoo.modules.loading: loading auth_totp/wizard/auth_totp_wizard_views.xml 
2026-09-09 14:26:23,922 11 INFO qualification_source odoo.modules.loading: Module auth_totp loaded in 0.20s, 218 queries (+218 other) 
2026-09-09 14:26:23,922 11 INFO qualification_source odoo.modules.loading: Loading module base_import (6/14) 
2026-09-09 14:26:23,953 11 INFO qualification_source odoo.registry: module base_import: creating or updating database tables 
2026-09-09 14:26:24,496 11 INFO qualification_source odoo.modules.loading: loading base_import/security/ir.model.access.csv 
2026-09-09 14:26:24,520 11 INFO qualification_source odoo.modules.loading: Module base_import loaded in 0.60s, 956 queries (+956 other) 
2026-09-09 14:26:24,520 11 INFO qualification_source odoo.modules.loading: Loading module base_import_module (7/14) 
2026-09-09 14:26:24,532 11 INFO qualification_source odoo.registry: module base_import_module: creating or updating database tables 
2026-09-09 14:26:24,640 11 INFO qualification_source odoo.modules.loading: loading base_import_module/security/ir.model.access.csv 
2026-09-09 14:26:24,649 11 INFO qualification_source odoo.modules.loading: loading base_import_module/views/base_import_module_view.xml 
2026-09-09 14:26:24,674 11 INFO qualification_source odoo.modules.loading: loading base_import_module/views/ir_module_views.xml 
2026-09-09 14:26:24,752 11 INFO qualification_source odoo.modules.loading: Module base_import_module loaded in 0.23s, 172 queries (+172 other) 
2026-09-09 14:26:24,752 11 INFO qualification_source odoo.modules.loading: Loading module base_setup (8/14) 
2026-09-09 14:26:24,763 11 INFO qualification_source odoo.registry: module base_setup: creating or updating database tables 
2026-09-09 14:26:24,826 11 INFO qualification_source odoo.modules.loading: loading base_setup/data/base_setup_data.xml 
2026-09-09 14:26:24,833 11 INFO qualification_source odoo.modules.loading: loading base_setup/views/res_config_settings_views.xml 
2026-09-09 14:26:24,878 11 INFO qualification_source odoo.modules.loading: loading base_setup/views/res_partner_views.xml 
2026-09-09 14:26:24,908 11 INFO qualification_source odoo.modules.loading: Module base_setup loaded in 0.16s, 152 queries (+152 other) 
2026-09-09 14:26:24,908 11 INFO qualification_source odoo.modules.loading: Loading module bus (9/14) 
2026-09-09 14:26:24,923 11 INFO qualification_source odoo.registry: module bus: creating or updating database tables 
2026-09-09 14:26:25,024 11 INFO qualification_source odoo.modules.loading: loading bus/security/ir.model.access.csv 
2026-09-09 14:26:25,036 11 INFO qualification_source odoo.modules.loading: Module bus loaded in 0.13s, 159 queries (+159 other) 
2026-09-09 14:26:25,036 11 INFO qualification_source odoo.modules.loading: Loading module web_tour (10/14) 
2026-09-09 14:26:25,044 11 INFO qualification_source odoo.registry: module web_tour: creating or updating database tables 
2026-09-09 14:26:25,049 11 INFO qualification_source odoo.models: Prepare computation of res.users.tour_enabled 
2026-09-09 14:26:25,125 11 INFO qualification_source odoo.modules.loading: loading web_tour/security/ir.model.access.csv 
2026-09-09 14:26:25,134 11 INFO qualification_source odoo.modules.loading: loading web_tour/views/tour_views.xml 
2026-09-09 14:26:25,185 11 INFO qualification_source odoo.modules.loading: Module web_tour loaded in 0.15s, 180 queries (+180 other) 
2026-09-09 14:26:25,185 11 INFO qualification_source odoo.modules.loading: Loading module auth_passkey (11/14) 
2026-09-09 14:26:25,228 11 INFO qualification_source odoo.registry: module auth_passkey: creating or updating database tables 
2026-09-09 14:26:25,308 11 INFO qualification_source odoo.modules.loading: loading auth_passkey/views/auth_passkey_key_views.xml 
2026-09-09 14:26:25,335 11 INFO qualification_source odoo.modules.loading: loading auth_passkey/views/auth_passkey_login_templates.xml 
2026-09-09 14:26:25,351 11 INFO qualification_source odoo.modules.loading: loading auth_passkey/views/res_users_identitycheck_views.xml 
2026-09-09 14:26:25,363 11 INFO qualification_source odoo.modules.loading: loading auth_passkey/views/res_users_views.xml 
2026-09-09 14:26:25,386 11 INFO qualification_source odoo.modules.loading: loading auth_passkey/security/ir.model.access.csv 
2026-09-09 14:26:25,396 11 INFO qualification_source odoo.modules.loading: loading auth_passkey/security/security.xml 
2026-09-09 14:26:25,428 11 INFO qualification_source odoo.modules.loading: Module auth_passkey loaded in 0.24s, 218 queries (+218 other) 
2026-09-09 14:26:25,428 11 INFO qualification_source odoo.modules.loading: Loading module html_editor (12/14) 
2026-09-09 14:26:25,569 11 INFO qualification_source odoo.registry: module html_editor: creating or updating database tables 
2026-09-09 14:26:26,046 11 INFO qualification_source odoo.modules.loading: loading html_editor/security/ir.model.access.csv 
2026-09-09 14:26:26,062 11 INFO qualification_source odoo.modules.loading: Module html_editor loaded in 0.63s, 1034 queries (+1034 other) 
2026-09-09 14:26:26,062 11 INFO qualification_source odoo.modules.loading: Loading module iap (13/14) 
2026-09-09 14:26:26,065 11 INFO qualification_source odoo.registry: module iap: creating or updating database tables 
2026-09-09 14:26:26,119 11 INFO qualification_source odoo.modules.loading: loading iap/data/services.xml 
2026-09-09 14:26:26,124 11 INFO qualification_source odoo.modules.loading: loading iap/security/ir.model.access.csv 
2026-09-09 14:26:26,130 11 INFO qualification_source odoo.modules.loading: loading iap/security/ir_rule.xml 
2026-09-09 14:26:26,138 11 INFO qualification_source odoo.modules.loading: loading iap/views/iap_views.xml 
2026-09-09 14:26:26,162 11 INFO qualification_source odoo.modules.loading: loading iap/views/res_config_settings.xml 
2026-09-09 14:26:26,184 11 INFO qualification_source odoo.modules.loading: Module iap loaded in 0.12s, 182 queries (+182 other) 
2026-09-09 14:26:26,184 11 INFO qualification_source odoo.modules.loading: Loading module web_unsplash (14/14) 
2026-09-09 14:26:26,193 11 INFO qualification_source odoo.registry: module web_unsplash: creating or updating database tables 
2026-09-09 14:26:26,233 11 INFO qualification_source odoo.modules.loading: loading web_unsplash/views/res_config_settings_view.xml 
2026-09-09 14:26:26,263 11 INFO qualification_source odoo.modules.loading: Module web_unsplash loaded in 0.08s, 93 queries (+93 other) 
2026-09-09 14:26:26,264 11 INFO qualification_source odoo.modules.loading: 14 modules loaded in 3.37s, 4668 queries (+4668 extra) 
2026-09-09 14:26:26,449 11 INFO qualification_source odoo.modules.loading: Modules loaded. 
2026-09-09 14:26:26,480 11 INFO qualification_source odoo.registry: Registry changed, signaling through the database 
2026-09-09 14:26:26,481 11 INFO qualification_source odoo.registry: Registry loaded in 10.369s 
2026-09-09 14:26:26,481 11 INFO qualification_source odoo.service.server: Initiating shutdown 
2026-09-09 14:26:26,482 11 INFO qualification_source odoo.service.server: Hit CTRL-C again or send a second signal to force the shutdown. 
2026-09-09 14:26:26,482 11 INFO qualification_source odoo.sql_db: ConnectionPool(read/write;used=0/count=0/max=64): Closed 1 connections  
