2026-09-09 14:07:52,068 1 INFO ? odoo: Odoo version 18.0-20260817 
2026-09-09 14:07:52,068 1 INFO ? odoo: Using configuration file at /etc/odoo/odoo.conf 
2026-09-09 14:07:52,068 1 INFO ? odoo: addons paths: ['/usr/lib/python3/dist-packages/odoo/addons', '/tmp/odoo-data/addons/18.0', '/mnt/extra-addons'] 
2026-09-09 14:07:52,068 1 INFO ? odoo: database: odoo@qualification-versions-ea190848e3-pg:default 
Warn: Can't find .pfb for face 'Courier'
2026-09-09 14:07:52,237 1 INFO ? odoo.addons.base.models.ir_actions_report: Will use the Wkhtmltopdf binary at /usr/local/bin/wkhtmltopdf 
2026-09-09 14:07:52,261 1 INFO ? odoo.addons.base.models.ir_actions_report: Will use the Wkhtmltoimage binary at /usr/local/bin/wkhtmltoimage 
2026-09-09 14:07:52,415 1 INFO ? odoo.service.server: HTTP service (werkzeug) running on f2a9600ad0e5:8069 
2026-09-09 14:07:52,452 1 INFO qualification_18_0_positive odoo.tests.common: Importing test framework 
2026-09-09 14:07:52,460 1 INFO qualification_18_0_positive odoo.modules.loading: init db 
2026-09-09 14:07:53,312 1 INFO qualification_18_0_positive odoo.modules.loading: loading 1 modules... 
2026-09-09 14:07:53,312 1 INFO qualification_18_0_positive odoo.modules.loading: Loading module base (1/1) 
2026-09-09 14:07:53,325 1 INFO qualification_18_0_positive odoo.modules.registry: module base: creating or updating database tables 
2026-09-09 14:07:53,480 1 INFO qualification_18_0_positive odoo.models: Prepare computation of ir.module.module.menus_by_module 
2026-09-09 14:07:53,480 1 INFO qualification_18_0_positive odoo.models: Prepare computation of ir.module.module.reports_by_module 
2026-09-09 14:07:53,481 1 INFO qualification_18_0_positive odoo.models: Prepare computation of ir.module.module.views_by_module 
2026-09-09 14:07:53,545 1 INFO qualification_18_0_positive odoo.models: Prepare computation of res.partner.user_id 
2026-09-09 14:07:53,545 1 INFO qualification_18_0_positive odoo.models: Prepare computation of res.partner.commercial_partner_id 
2026-09-09 14:07:53,545 1 INFO qualification_18_0_positive odoo.models: Prepare computation of res.partner.complete_name 
2026-09-09 14:07:53,545 1 INFO qualification_18_0_positive odoo.models: Prepare computation of res.partner.company_registry 
2026-09-09 14:07:53,545 1 INFO qualification_18_0_positive odoo.models: Prepare computation of res.partner.commercial_company_name 
2026-09-09 14:07:53,545 1 INFO qualification_18_0_positive odoo.models: Prepare computation of res.partner.partner_share 
2026-09-09 14:07:53,572 1 INFO qualification_18_0_positive odoo.models: Prepare computation of res.currency.decimal_places 
2026-09-09 14:07:53,587 1 INFO qualification_18_0_positive odoo.models: Prepare computation of res.company.uses_default_logo 
2026-09-09 14:07:53,587 1 INFO qualification_18_0_positive odoo.models: Prepare computation of res.company.logo_web 
2026-09-09 14:07:53,589 1 INFO qualification_18_0_positive odoo.models: Computing parent_path for table res_company... 
2026-09-09 14:07:53,603 1 INFO qualification_18_0_positive odoo.models: Prepare computation of res.users.signature 
2026-09-09 14:07:53,603 1 INFO qualification_18_0_positive odoo.models: Prepare computation of res.users.share 
2026-09-09 14:07:54,335 1 INFO qualification_18_0_positive odoo.modules.loading: loading base/data/res_bank.xml 
2026-09-09 14:07:54,340 1 INFO qualification_18_0_positive odoo.modules.loading: loading base/data/res.lang.csv 
2026-09-09 14:07:54,367 1 INFO qualification_18_0_positive odoo.modules.loading: loading base/data/res_lang_data.xml 
2026-09-09 14:07:54,395 1 INFO qualification_18_0_positive odoo.modules.loading: loading base/data/res_partner_data.xml 
2026-09-09 14:07:54,431 1 INFO qualification_18_0_positive odoo.modules.loading: loading base/data/res_currency_data.xml 
2026-09-09 14:07:54,686 1 INFO qualification_18_0_positive odoo.modules.loading: loading base/data/res_company_data.xml 
2026-09-09 14:07:54,692 1 INFO qualification_18_0_positive odoo.modules.loading: loading base/data/res_users_data.xml 
2026-09-09 14:07:55,250 1 INFO qualification_18_0_positive odoo.modules.loading: loading base/data/report_paperformat_data.xml 
2026-09-09 14:07:55,259 1 INFO qualification_18_0_positive odoo.modules.loading: loading base/data/res_country_data.xml 
2026-09-09 14:07:55,508 1 INFO qualification_18_0_positive odoo.modules.loading: loading base/data/ir_demo_data.xml 
2026-09-09 14:07:55,515 1 INFO qualification_18_0_positive odoo.modules.loading: loading base/security/base_groups.xml 
2026-09-09 14:07:55,754 1 INFO qualification_18_0_positive odoo.modules.loading: loading base/security/base_security.xml 
2026-09-09 14:07:55,849 1 INFO qualification_18_0_positive odoo.modules.loading: loading base/views/base_menus.xml 
2026-09-09 14:07:55,876 1 INFO qualification_18_0_positive odoo.modules.loading: loading base/views/decimal_precision_views.xml 
2026-09-09 14:07:55,888 1 INFO qualification_18_0_positive odoo.modules.loading: loading base/views/res_config_views.xml 
2026-09-09 14:07:55,892 1 INFO qualification_18_0_positive odoo.modules.loading: loading base/data/res.country.state.csv 
2026-09-09 14:07:56,208 1 INFO qualification_18_0_positive odoo.modules.loading: loading base/views/ir_actions_views.xml 
2026-09-09 14:07:56,270 1 INFO qualification_18_0_positive odoo.modules.loading: loading base/views/ir_asset_views.xml 
2026-09-09 14:07:56,279 1 INFO qualification_18_0_positive odoo.modules.loading: loading base/views/ir_config_parameter_views.xml 
2026-09-09 14:07:56,287 1 INFO qualification_18_0_positive odoo.modules.loading: loading base/views/ir_cron_views.xml 
2026-09-09 14:07:56,301 1 INFO qualification_18_0_positive odoo.modules.loading: loading base/views/ir_cron_trigger_views.xml 
2026-09-09 14:07:56,309 1 INFO qualification_18_0_positive odoo.modules.loading: loading base/views/ir_filters_views.xml 
2026-09-09 14:07:56,317 1 INFO qualification_18_0_positive odoo.modules.loading: loading base/views/ir_mail_server_views.xml 
2026-09-09 14:07:56,325 1 INFO qualification_18_0_positive odoo.modules.loading: loading base/views/ir_model_views.xml 
2026-09-09 14:07:56,389 1 INFO qualification_18_0_positive odoo.modules.loading: loading base/views/ir_attachment_views.xml 
2026-09-09 14:07:56,400 1 INFO qualification_18_0_positive odoo.modules.loading: loading base/views/ir_rule_views.xml 
2026-09-09 14:07:56,409 1 INFO qualification_18_0_positive odoo.modules.loading: loading base/views/ir_sequence_views.xml 
2026-09-09 14:07:56,418 1 INFO qualification_18_0_positive odoo.modules.loading: loading base/views/ir_ui_menu_views.xml 
2026-09-09 14:07:56,426 1 INFO qualification_18_0_positive odoo.modules.loading: loading base/views/ir_ui_view_views.xml 
2026-09-09 14:07:56,445 1 INFO qualification_18_0_positive odoo.modules.loading: loading base/views/ir_default_views.xml 
2026-09-09 14:07:56,455 1 INFO qualification_18_0_positive odoo.modules.loading: loading base/data/ir_config_parameter_data.xml 
2026-09-09 14:07:56,457 1 INFO qualification_18_0_positive odoo.modules.loading: loading base/data/ir_cron_data.xml 
2026-09-09 14:07:56,463 1 INFO qualification_18_0_positive odoo.modules.loading: loading base/report/ir_model_report.xml 
2026-09-09 14:07:56,465 1 INFO qualification_18_0_positive odoo.modules.loading: loading base/report/ir_model_templates.xml 
2026-09-09 14:07:56,469 1 INFO qualification_18_0_positive odoo.modules.loading: loading base/views/ir_logging_views.xml 
2026-09-09 14:07:56,477 1 INFO qualification_18_0_positive odoo.modules.loading: loading base/views/ir_qweb_widget_templates.xml 
2026-09-09 14:07:56,482 1 INFO qualification_18_0_positive odoo.modules.loading: loading base/views/ir_module_views.xml 
2026-09-09 14:07:56,503 1 INFO qualification_18_0_positive odoo.modules.loading: loading base/data/ir_module_category_data.xml 
2026-09-09 14:07:56,528 1 INFO qualification_18_0_positive odoo.modules.loading: loading base/data/ir_module_module.xml 
2026-09-09 14:07:56,558 1 INFO qualification_18_0_positive odoo.modules.loading: loading base/report/ir_module_reports.xml 
2026-09-09 14:07:56,560 1 INFO qualification_18_0_positive odoo.modules.loading: loading base/report/ir_module_report_templates.xml 
2026-09-09 14:07:56,563 1 INFO qualification_18_0_positive odoo.modules.loading: loading base/wizard/base_module_update_views.xml 
2026-09-09 14:07:56,570 1 INFO qualification_18_0_positive odoo.modules.loading: loading base/wizard/base_language_install_views.xml 
2026-09-09 14:07:56,575 1 INFO qualification_18_0_positive odoo.modules.loading: loading base/wizard/base_import_language_views.xml 
2026-09-09 14:07:56,584 1 INFO qualification_18_0_positive odoo.modules.loading: loading base/wizard/base_module_upgrade_views.xml 
2026-09-09 14:07:56,597 1 INFO qualification_18_0_positive odoo.modules.loading: loading base/wizard/base_module_uninstall_views.xml 
2026-09-09 14:07:56,601 1 INFO qualification_18_0_positive odoo.modules.loading: loading base/wizard/base_export_language_views.xml 
2026-09-09 14:07:56,607 1 INFO qualification_18_0_positive odoo.modules.loading: loading base/wizard/base_partner_merge_views.xml 
2026-09-09 14:07:56,614 1 INFO qualification_18_0_positive odoo.modules.loading: loading base/data/ir_demo_failure_data.xml 
2026-09-09 14:07:56,621 1 INFO qualification_18_0_positive odoo.modules.loading: loading base/views/ir_profile_views.xml 
2026-09-09 14:07:56,630 1 INFO qualification_18_0_positive odoo.modules.loading: loading base/views/res_company_views.xml 
2026-09-09 14:07:56,641 1 INFO qualification_18_0_positive odoo.modules.loading: loading base/views/res_lang_views.xml 
2026-09-09 14:07:56,651 1 INFO qualification_18_0_positive odoo.modules.loading: loading base/views/res_partner_views.xml 
2026-09-09 14:07:56,696 1 INFO qualification_18_0_positive odoo.modules.loading: loading base/views/res_bank_views.xml 
2026-09-09 14:07:56,710 1 INFO qualification_18_0_positive odoo.modules.loading: loading base/views/res_country_views.xml 
2026-09-09 14:07:56,729 1 INFO qualification_18_0_positive odoo.modules.loading: loading base/views/res_currency_views.xml 
2026-09-09 14:07:56,745 1 INFO qualification_18_0_positive odoo.modules.loading: loading base/views/res_users_views.xml 
2026-09-09 14:07:56,801 1 INFO qualification_18_0_positive odoo.modules.loading: loading base/views/res_device_views.xml 
2026-09-09 14:07:56,811 1 INFO qualification_18_0_positive odoo.modules.loading: loading base/views/res_users_identitycheck_views.xml 
2026-09-09 14:07:56,815 1 INFO qualification_18_0_positive odoo.modules.loading: loading base/views/res_config_settings_views.xml 
2026-09-09 14:07:56,820 1 INFO qualification_18_0_positive odoo.modules.loading: loading base/views/report_paperformat_views.xml 
2026-09-09 14:07:56,830 1 INFO qualification_18_0_positive odoo.modules.loading: loading base/security/ir.model.access.csv 
2026-09-09 14:07:56,956 1 INFO qualification_18_0_positive odoo.modules.loading: Module base loaded in 3.64s, 8244 queries (+8244 other) 
2026-09-09 14:07:56,956 1 INFO qualification_18_0_positive odoo.modules.loading: 1 modules loaded in 3.64s, 8244 queries (+8244 extra) 
2026-09-09 14:07:56,966 1 INFO qualification_18_0_positive odoo.modules.loading: updating modules list 
2026-09-09 14:07:56,967 1 INFO qualification_18_0_positive odoo.addons.base.models.ir_module: ALLOW access to module.update_list on [] to user __system__ #1 via n/a 
2026-09-09 14:07:57,269 1 INFO qualification_18_0_positive odoo.addons.base.models.ir_module: ALLOW access to module.button_install on ['Synthetic qualification'] to user __system__ #1 via n/a 
2026-09-09 14:07:57,301 1 INFO qualification_18_0_positive odoo.modules.loading: loading 13 modules... 
2026-09-09 14:07:57,301 1 INFO qualification_18_0_positive odoo.modules.loading: Loading module web (2/13) 
2026-09-09 14:07:57,315 1 INFO qualification_18_0_positive odoo.modules.registry: module web: creating or updating database tables 
2026-09-09 14:07:57,665 1 INFO qualification_18_0_positive odoo.modules.loading: loading web/security/ir.model.access.csv 
2026-09-09 14:07:57,672 1 INFO qualification_18_0_positive odoo.modules.loading: loading web/views/webclient_templates.xml 
2026-09-09 14:07:57,696 1 INFO qualification_18_0_positive odoo.modules.loading: loading web/views/report_templates.xml 
2026-09-09 14:07:57,748 1 INFO qualification_18_0_positive odoo.modules.loading: loading web/views/base_document_layout_views.xml 
2026-09-09 14:07:57,757 1 INFO qualification_18_0_positive odoo.modules.loading: loading web/views/partner_view.xml 
2026-09-09 14:07:57,762 1 INFO qualification_18_0_positive odoo.modules.loading: loading web/views/speedscope_template.xml 
2026-09-09 14:07:57,766 1 INFO qualification_18_0_positive odoo.modules.loading: loading web/views/neutralize_views.xml 
2026-09-09 14:07:57,769 1 INFO qualification_18_0_positive odoo.modules.loading: loading web/data/ir_attachment.xml 
2026-09-09 14:07:57,773 1 INFO qualification_18_0_positive odoo.modules.loading: loading web/data/report_layout.xml 
2026-09-09 14:07:57,926 1 INFO qualification_18_0_positive odoo.modules.loading: Module web loaded in 0.63s, 1104 queries (+1104 other) 
2026-09-09 14:07:57,926 1 INFO qualification_18_0_positive odoo.modules.loading: Loading module auth_totp (3/13) 
2026-09-09 14:07:57,948 1 INFO qualification_18_0_positive odoo.modules.registry: module auth_totp: creating or updating database tables 
2026-09-09 14:07:57,977 1 INFO qualification_18_0_positive odoo.modules.loading: loading auth_totp/security/security.xml 
2026-09-09 14:07:57,989 1 INFO qualification_18_0_positive odoo.modules.loading: loading auth_totp/security/ir.model.access.csv 
2026-09-09 14:07:57,996 1 INFO qualification_18_0_positive odoo.modules.loading: loading auth_totp/data/ir_action_data.xml 
2026-09-09 14:07:58,001 1 INFO qualification_18_0_positive odoo.modules.loading: loading auth_totp/views/res_users_views.xml 
2026-09-09 14:07:58,018 1 INFO qualification_18_0_positive odoo.modules.loading: loading auth_totp/views/templates.xml 
2026-09-09 14:07:58,023 1 INFO qualification_18_0_positive odoo.modules.loading: loading auth_totp/wizard/auth_totp_wizard_views.xml 
2026-09-09 14:07:58,041 1 INFO qualification_18_0_positive odoo.modules.loading: Module auth_totp loaded in 0.11s, 188 queries (+188 other) 
2026-09-09 14:07:58,041 1 INFO qualification_18_0_positive odoo.modules.loading: Loading module base_import (4/13) 
2026-09-09 14:07:58,147 1 INFO qualification_18_0_positive odoo.modules.registry: module base_import: creating or updating database tables 
2026-09-09 14:07:58,444 1 INFO qualification_18_0_positive odoo.modules.loading: loading base_import/security/ir.model.access.csv 
2026-09-09 14:07:58,454 1 INFO qualification_18_0_positive odoo.modules.loading: Module base_import loaded in 0.41s, 881 queries (+881 other) 
2026-09-09 14:07:58,454 1 INFO qualification_18_0_positive odoo.modules.loading: Loading module base_import_module (5/13) 
2026-09-09 14:07:58,468 1 INFO qualification_18_0_positive odoo.modules.registry: module base_import_module: creating or updating database tables 
2026-09-09 14:07:58,499 1 INFO qualification_18_0_positive odoo.modules.loading: loading base_import_module/security/ir.model.access.csv 
2026-09-09 14:07:58,504 1 INFO qualification_18_0_positive odoo.modules.loading: loading base_import_module/views/base_import_module_view.xml 
2026-09-09 14:07:58,513 1 INFO qualification_18_0_positive odoo.modules.loading: loading base_import_module/views/ir_module_views.xml 
2026-09-09 14:07:58,532 1 INFO qualification_18_0_positive odoo.modules.loading: Module base_import_module loaded in 0.08s, 164 queries (+164 other) 
2026-09-09 14:07:58,532 1 INFO qualification_18_0_positive odoo.modules.loading: Loading module base_setup (6/13) 
2026-09-09 14:07:58,547 1 INFO qualification_18_0_positive odoo.modules.registry: module base_setup: creating or updating database tables 
2026-09-09 14:07:58,571 1 INFO qualification_18_0_positive odoo.modules.loading: loading base_setup/data/base_setup_data.xml 
2026-09-09 14:07:58,575 1 INFO qualification_18_0_positive odoo.modules.loading: loading base_setup/views/res_config_settings_views.xml 
2026-09-09 14:07:58,590 1 INFO qualification_18_0_positive odoo.modules.loading: loading base_setup/views/res_partner_views.xml 
2026-09-09 14:07:58,600 1 INFO qualification_18_0_positive odoo.modules.loading: Module base_setup loaded in 0.07s, 154 queries (+154 other) 
2026-09-09 14:07:58,600 1 INFO qualification_18_0_positive odoo.modules.loading: Loading module bus (7/13) 
2026-09-09 14:07:58,611 1 INFO qualification_18_0_positive odoo.modules.registry: module bus: creating or updating database tables 
2026-09-09 14:07:58,666 1 INFO qualification_18_0_positive odoo.modules.loading: loading bus/security/ir.model.access.csv 
2026-09-09 14:07:58,679 1 INFO qualification_18_0_positive odoo.modules.loading: Module bus loaded in 0.08s, 168 queries (+168 other) 
2026-09-09 14:07:58,679 1 INFO qualification_18_0_positive odoo.modules.loading: Loading module lab_qualification (8/13) 
2026-09-09 14:07:58,690 1 INFO qualification_18_0_positive odoo.modules.registry: module lab_qualification: creating or updating database tables 
2026-09-09 14:07:58,707 1 INFO qualification_18_0_positive odoo.modules.loading: loading lab_qualification/security/ir.model.access.csv 
2026-09-09 14:07:58,710 1 INFO qualification_18_0_positive odoo.modules.loading: loading lab_qualification/views/quantity.xml 
2026-09-09 14:07:58,720 1 INFO qualification_18_0_positive odoo.modules.loading: Module lab_qualification loaded in 0.04s, 84 queries (+84 other) 
2026-09-09 14:07:58,720 1 INFO qualification_18_0_positive odoo.modules.loading: Loading module web_tour (9/13) 
2026-09-09 14:07:58,734 1 INFO qualification_18_0_positive odoo.modules.registry: module web_tour: creating or updating database tables 
2026-09-09 14:07:58,737 1 INFO qualification_18_0_positive odoo.models: Prepare computation of res.users.tour_enabled 
2026-09-09 14:07:58,772 1 INFO qualification_18_0_positive odoo.modules.loading: loading web_tour/security/ir.model.access.csv 
2026-09-09 14:07:58,777 1 INFO qualification_18_0_positive odoo.modules.loading: loading web_tour/views/tour_views.xml 
2026-09-09 14:07:58,789 1 INFO qualification_18_0_positive odoo.modules.loading: loading web_tour/views/res_users_views.xml 
2026-09-09 14:07:58,804 1 INFO qualification_18_0_positive odoo.modules.loading: Module web_tour loaded in 0.08s, 188 queries (+188 other) 
2026-09-09 14:07:58,804 1 INFO qualification_18_0_positive odoo.modules.loading: Loading module html_editor (10/13) 
2026-09-09 14:07:58,818 1 INFO qualification_18_0_positive odoo.modules.registry: module html_editor: creating or updating database tables 
2026-09-09 14:07:58,841 1 INFO qualification_18_0_positive odoo.modules.loading: Module html_editor loaded in 0.04s, 46 queries (+46 other) 
2026-09-09 14:07:58,841 1 INFO qualification_18_0_positive odoo.modules.loading: Loading module iap (11/13) 
2026-09-09 14:07:58,853 1 INFO qualification_18_0_positive odoo.modules.registry: module iap: creating or updating database tables 
2026-09-09 14:07:58,886 1 INFO qualification_18_0_positive odoo.modules.loading: loading iap/data/services.xml 
2026-09-09 14:07:58,889 1 INFO qualification_18_0_positive odoo.modules.loading: loading iap/security/ir.model.access.csv 
2026-09-09 14:07:58,895 1 INFO qualification_18_0_positive odoo.modules.loading: loading iap/security/ir_rule.xml 
2026-09-09 14:07:58,898 1 INFO qualification_18_0_positive odoo.modules.loading: loading iap/views/iap_views.xml 
2026-09-09 14:07:58,910 1 INFO qualification_18_0_positive odoo.modules.loading: loading iap/views/res_config_settings.xml 
2026-09-09 14:07:58,924 1 INFO qualification_18_0_positive odoo.modules.loading: Module iap loaded in 0.08s, 183 queries (+183 other) 
2026-09-09 14:07:58,924 1 INFO qualification_18_0_positive odoo.modules.loading: Loading module web_editor (12/13) 
2026-09-09 14:07:58,956 1 INFO qualification_18_0_positive odoo.modules.registry: module web_editor: creating or updating database tables 
2026-09-09 14:07:59,486 1 INFO qualification_18_0_positive odoo.modules.loading: loading web_editor/security/ir.model.access.csv 
2026-09-09 14:07:59,496 1 INFO qualification_18_0_positive odoo.modules.loading: loading web_editor/data/editor_assets.xml 
2026-09-09 14:07:59,501 1 INFO qualification_18_0_positive odoo.modules.loading: loading web_editor/views/editor.xml 
2026-09-09 14:07:59,512 1 INFO qualification_18_0_positive odoo.modules.loading: loading web_editor/views/snippets.xml 
2026-09-09 14:07:59,559 1 INFO qualification_18_0_positive odoo.modules.loading: Module web_editor loaded in 0.63s, 1024 queries (+1024 other) 
2026-09-09 14:07:59,559 1 INFO qualification_18_0_positive odoo.modules.loading: Loading module web_unsplash (13/13) 
2026-09-09 14:07:59,578 1 INFO qualification_18_0_positive odoo.modules.registry: module web_unsplash: creating or updating database tables 
2026-09-09 14:07:59,614 1 INFO qualification_18_0_positive odoo.modules.loading: loading web_unsplash/views/res_config_settings_view.xml 
2026-09-09 14:07:59,638 1 INFO qualification_18_0_positive odoo.modules.loading: Module web_unsplash loaded in 0.08s, 89 queries (+89 other) 
2026-09-09 14:07:59,638 1 INFO qualification_18_0_positive odoo.modules.loading: 13 modules loaded in 2.34s, 4273 queries (+4273 extra) 
2026-09-09 14:07:59,791 1 INFO qualification_18_0_positive odoo.modules.loading: Modules loaded. 
2026-09-09 14:07:59,793 1 INFO qualification_18_0_positive odoo.modules.registry: Registry changed, signaling through the database 
2026-09-09 14:07:59,793 1 INFO qualification_18_0_positive odoo.modules.registry: Registry loaded in 7.378s 
2026-09-09 14:07:59,793 1 INFO qualification_18_0_positive odoo.service.server: Starting post tests 
2026-09-09 14:07:59,812 1 INFO qualification_18_0_positive odoo.addons.lab_qualification.tests.test_quantity: Starting TestQuantity.test_confirmation ... 
2026-09-09 14:07:59,815 1 INFO qualification_18_0_positive odoo.addons.lab_qualification.tests.test_quantity: QUALIFICATION_PASS confirmation 
2026-09-09 14:07:59,816 1 INFO qualification_18_0_positive odoo.addons.lab_qualification.tests.test_quantity: Starting TestQuantity.test_negative_create ... 
2026-09-09 14:07:59,818 1 ERROR qualification_18_0_positive odoo.sql_db: bad query: b'INSERT INTO "lab_qualification" ("create_date", "create_uid", "name", "quantity", "state", "unit_price", "write_date", "write_uid") VALUES (\'2026-09-09 14:07:59.812644\', 1, \'Negative\',  -1, \'draft\', 10.0, \'2026-09-09 14:07:59.812644\', 1) RETURNING "id"'
ERROR: new row for relation "lab_qualification" violates check constraint "lab_qualification_quantity_nonnegative"
DETAIL:  Failing row contains (2, -1, 1, 1, Negative, draft, 2026-09-09 14:07:59.812644, 2026-09-09 14:07:59.812644, 10, null).
 
2026-09-09 14:07:59,818 1 INFO qualification_18_0_positive odoo.addons.lab_qualification.tests.test_quantity: QUALIFICATION_PASS negative_create 
2026-09-09 14:07:59,819 1 INFO qualification_18_0_positive odoo.addons.lab_qualification.tests.test_quantity: Starting TestQuantity.test_negative_write ... 
2026-09-09 14:07:59,822 1 ERROR qualification_18_0_positive odoo.sql_db: bad query: b' UPDATE "lab_qualification"\n                    SET "amount" = "__tmp"."amount"::double precision, "quantity" = "__tmp"."quantity"::int4, "write_date" = "__tmp"."write_date"::timestamp, "write_uid" = "__tmp"."write_uid"::int4\n                    FROM (VALUES (3,  -10.0,  -1, \'2026-09-09T14:07:59.812644\'::timestamp, 1)) AS "__tmp"("id", "amount", "quantity", "write_date", "write_uid")\n                    WHERE "lab_qualification"."id" = "__tmp"."id"\n                '
ERROR: new row for relation "lab_qualification" violates check constraint "lab_qualification_quantity_nonnegative"
DETAIL:  Failing row contains (3, -1, 1, 1, Preserve, draft, 2026-09-09 14:07:59.812644, 2026-09-09 14:07:59.812644, 10, -10).
 
2026-09-09 14:07:59,822 1 INFO qualification_18_0_positive odoo.addons.lab_qualification.tests.test_quantity: QUALIFICATION_PASS negative_write 
2026-09-09 14:07:59,823 1 INFO qualification_18_0_positive odoo.addons.lab_qualification.tests.test_quantity: Starting TestQuantity.test_zero ... 
2026-09-09 14:07:59,825 1 INFO qualification_18_0_positive odoo.addons.lab_qualification.tests.test_quantity: QUALIFICATION_PASS zero 
2026-09-09 14:07:59,828 1 INFO qualification_18_0_positive odoo.addons.base.models.ir_attachment: filestore gc 10 checked, 0 removed 
2026-09-09 14:07:59,828 1 INFO qualification_18_0_positive odoo.service.server: 4 post-tests in 0.03s, 38 queries 
2026-09-09 14:07:59,828 1 INFO qualification_18_0_positive odoo.tests.stats: lab_qualification: 6 tests 0.02s 38 queries 
2026-09-09 14:07:59,828 1 INFO qualification_18_0_positive odoo.tests.result: 0 failed, 0 error(s) of 4 tests when loading database 'qualification_18_0_positive' 
2026-09-09 14:07:59,828 1 INFO qualification_18_0_positive odoo.service.server: Initiating shutdown 
2026-09-09 14:07:59,828 1 INFO qualification_18_0_positive odoo.service.server: Hit CTRL-C again or send a second signal to force the shutdown. 
2026-09-09 14:07:59,951 1 INFO qualification_18_0_positive odoo.sql_db: ConnectionPool(read/write;used=0/count=0/max=64): Closed 1 connections  
