2026-09-09 07:36:15,322 1 WARNING ? odoo.tools.config: option --without-demo: since 19.0, invalid boolean value: 'all', assume True 
2026-09-09 07:36:15,322 1 INFO ? odoo: Odoo version 19.0-20260817 
2026-09-09 07:36:15,323 1 INFO ? odoo: Using configuration file at /etc/odoo/odoo.conf 
2026-09-09 07:36:15,323 1 INFO ? odoo: addons paths: _NamespacePath(['/usr/lib/python3/dist-packages/odoo/addons', '/var/lib/odoo/addons/19.0', '/mnt/enterprise-addons', '/mnt/extra-addons', '/usr/lib/python3/dist-packages/addons']) 
2026-09-09 07:36:15,323 1 INFO ? odoo: database: odoo@db:5432 
2026-09-09 07:36:15,482 1 INFO ? odoo.service.server: Initiating shutdown 
2026-09-09 07:36:15,482 1 INFO ? odoo.service.server: Hit CTRL-C again or send a second signal to force the shutdown. 
2026-09-09 07:36:15,498 1 INFO lab_client odoo.modules.loading: loading 1 modules... 
2026-09-09 07:36:15,500 1 INFO lab_client odoo.modules.loading: 1 modules loaded in 0.00s, 0 queries (+0 extra) 
2026-09-09 07:36:15,501 1 WARNING lab_client odoo.modules.module: Missing `author` key in manifest for 'lab_rental', defaulting to '' 
2026-09-09 07:36:15,504 1 INFO lab_client odoo.modules.loading: loading 21 modules... 
2026-09-09 07:36:15,607 1 INFO lab_client odoo.modules.loading: 21 modules loaded in 0.10s, 0 queries (+0 extra) 
2026-09-09 07:36:15,626 1 INFO lab_client odoo.modules.loading: Modules loaded. 
2026-09-09 07:36:15,633 1 INFO lab_client odoo.registry: Registry loaded in 0.150s 
PREUVE lab_client / lab.rental
total          = 0
days < 0       = 0
days = 0       = 0
SQL direct days<0 = 0
contraintes existantes: [('lab_rental_pkey', 'PRIMARY KEY (id)'), ('lab_rental_create_uid_fkey', 'FOREIGN KEY (create_uid) REFERENCES res_users(id) ON DELETE SET NULL'), ('lab_rental_write_uid_fkey', 'FOREIGN KEY (write_uid) REFERENCES res_users(id) ON DELETE SET NULL')]
