2026-09-09 07:36:27,000 1 WARNING ? odoo.tools.config: option --without-demo: since 19.0, invalid boolean value: 'all', assume True 
2026-09-09 07:36:27,000 1 INFO ? odoo: Odoo version 19.0-20260817 
2026-09-09 07:36:27,000 1 INFO ? odoo: Using configuration file at /etc/odoo/odoo.conf 
2026-09-09 07:36:27,000 1 INFO ? odoo: addons paths: _NamespacePath(['/usr/lib/python3/dist-packages/odoo/addons', '/var/lib/odoo/addons/19.0', '/mnt/enterprise-addons', '/mnt/extra-addons', '/usr/lib/python3/dist-packages/addons']) 
2026-09-09 07:36:27,000 1 INFO ? odoo: database: odoo@db:5432 
2026-09-09 07:36:27,163 1 INFO ? odoo.service.server: Initiating shutdown 
2026-09-09 07:36:27,163 1 INFO ? odoo.service.server: Hit CTRL-C again or send a second signal to force the shutdown. 
2026-09-09 07:36:27,179 1 INFO lab_client odoo.modules.loading: loading 1 modules... 
2026-09-09 07:36:27,181 1 INFO lab_client odoo.modules.loading: 1 modules loaded in 0.00s, 0 queries (+0 extra) 
2026-09-09 07:36:27,182 1 WARNING lab_client odoo.modules.module: Missing `author` key in manifest for 'lab_rental', defaulting to '' 
2026-09-09 07:36:27,184 1 INFO lab_client odoo.modules.loading: loading 21 modules... 
2026-09-09 07:36:27,285 1 INFO lab_client odoo.modules.loading: 21 modules loaded in 0.10s, 0 queries (+0 extra) 
2026-09-09 07:36:27,305 1 INFO lab_client odoo.modules.loading: Modules loaded. 
2026-09-09 07:36:27,312 1 INFO lab_client odoo.registry: Registry loaded in 0.149s 
module state: installed latest_version: 19.0.1.0.0
rows: 0
   ('amount_total', 'double precision', 'YES')
   ('create_date', 'timestamp without time zone', 'YES')
   ('create_uid', 'integer', 'YES')
   ('daily_rate', 'double precision', 'YES')
   ('days', 'integer', 'YES')
   ('id', 'integer', 'NO')
   ('kind', 'character varying', 'NO')
   ('name', 'character varying', 'NO')
   ('write_date', 'timestamp without time zone', 'YES')
   ('write_uid', 'integer', 'YES')
ir.model.constraint: [{'id': 361, 'name': 'lab_rental_create_uid_fkey', 'message': False, 'type': 'f'}, {'id': 362, 'name': 'lab_rental_write_uid_fkey', 'message': False, 'type': 'f'}]
