2026-09-09 01:31:12,010 1 WARNING ? odoo.tools.config: option addons_path, invalid addons directory '/mnt/extra-addons', skipped 
2026-09-09 01:31:12,010 1 WARNING ? odoo.tools.config: option --without-demo: since 19.0, invalid boolean value: 'all', assume True 
2026-09-09 01:31:12,010 1 WARNING ? odoo.tools.config: option addons_path, invalid addons directory '/mnt/extra-addons', skipped 
2026-09-09 01:31:12,010 1 INFO ? odoo: Odoo version 19.0-20260817 
2026-09-09 01:31:12,010 1 INFO ? odoo: Using configuration file at /etc/odoo/odoo.conf 
2026-09-09 01:31:12,010 1 INFO ? odoo: addons paths: _NamespacePath(['/usr/lib/python3/dist-packages/odoo/addons', '/var/lib/odoo/addons/19.0', '/mnt/enterprise-addons', '/usr/lib/python3/dist-packages/addons']) 
2026-09-09 01:31:12,010 1 INFO ? odoo: database: odoo@db:5432 
2026-09-09 01:31:12,238 1 INFO lab_client odoo.modules.loading: Initializing database lab_client 
2026-09-09 01:31:14,018 1 INFO lab_client odoo.modules.loading: loading 1 modules... 
2026-09-09 01:31:14,018 1 INFO lab_client odoo.modules.loading: Loading module base (1/1) 
2026-09-09 01:31:14,034 1 INFO lab_client odoo.registry: module base: creating or updating database tables 
2026-09-09 01:31:14,170 1 INFO lab_client odoo.models: Prepare computation of ir.module.module.menus_by_module 
2026-09-09 01:31:14,171 1 INFO lab_client odoo.models: Prepare computation of ir.module.module.reports_by_module 
2026-09-09 01:31:14,171 1 INFO lab_client odoo.models: Prepare computation of ir.module.module.views_by_module 
2026-09-09 01:31:14,215 1 INFO lab_client odoo.models: Prepare computation of res.partner.user_id 
2026-09-09 01:31:14,215 1 INFO lab_client odoo.models: Prepare computation of res.partner.commercial_partner_id 
2026-09-09 01:31:14,215 1 INFO lab_client odoo.models: Prepare computation of res.partner.complete_name 
2026-09-09 01:31:14,215 1 INFO lab_client odoo.models: Prepare computation of res.partner.lang 
2026-09-09 01:31:14,215 1 INFO lab_client odoo.models: Prepare computation of res.partner.company_registry 
2026-09-09 01:31:14,215 1 INFO lab_client odoo.models: Prepare computation of res.partner.commercial_company_name 
2026-09-09 01:31:14,215 1 INFO lab_client odoo.models: Prepare computation of res.partner.properties 
2026-09-09 01:31:14,215 1 INFO lab_client odoo.models: Prepare computation of res.partner.partner_share 
2026-09-09 01:31:14,230 1 INFO lab_client odoo.models: Prepare computation of res.currency.decimal_places 
2026-09-09 01:31:14,240 1 INFO lab_client odoo.models: Prepare computation of res.company.uses_default_logo 
2026-09-09 01:31:14,240 1 INFO lab_client odoo.models: Prepare computation of res.company.logo_web 
2026-09-09 01:31:14,240 1 INFO lab_client odoo.models: Computing parent_path for table res_company... 
2026-09-09 01:31:14,252 1 INFO lab_client odoo.models: Prepare computation of res.users.signature 
2026-09-09 01:31:14,252 1 INFO lab_client odoo.models: Prepare computation of res.users.share 
2026-09-09 01:31:15,111 1 INFO lab_client odoo.modules.loading: loading base/data/res_bank.xml 
2026-09-09 01:31:15,114 1 INFO lab_client odoo.modules.loading: loading base/data/res.lang.csv 
2026-09-09 01:31:15,143 1 INFO lab_client odoo.modules.loading: loading base/data/res_lang_data.xml 
2026-09-09 01:31:15,175 1 INFO lab_client odoo.modules.loading: loading base/data/res_partner_data.xml 
2026-09-09 01:31:15,208 1 INFO lab_client odoo.modules.loading: loading base/data/res_currency_data.xml 
2026-09-09 01:31:15,532 1 INFO lab_client odoo.modules.loading: loading base/data/res_company_data.xml 
2026-09-09 01:31:15,538 1 INFO lab_client odoo.modules.loading: loading base/data/res_users_data.xml 
2026-09-09 01:31:16,125 1 INFO lab_client odoo.modules.loading: loading base/data/report_paperformat_data.xml 
2026-09-09 01:31:16,133 1 INFO lab_client odoo.modules.loading: loading base/data/res_country_data.xml 
2026-09-09 01:31:16,632 1 INFO lab_client odoo.modules.loading: loading base/data/ir_demo_data.xml 
2026-09-09 01:31:16,641 1 INFO lab_client odoo.modules.loading: loading base/security/base_groups.xml 
2026-09-09 01:31:16,803 1 INFO lab_client odoo.modules.loading: loading base/security/base_security.xml 
2026-09-09 01:31:16,965 1 INFO lab_client odoo.modules.loading: loading base/wizard/wizard_ir_model_menu_create_views.xml 
2026-09-09 01:31:16,978 1 INFO lab_client odoo.modules.loading: loading base/views/base_menus.xml 
2026-09-09 01:31:17,041 1 INFO lab_client odoo.modules.loading: loading base/views/decimal_precision_views.xml 
2026-09-09 01:31:17,060 1 INFO lab_client odoo.modules.loading: loading base/views/res_config_views.xml 
2026-09-09 01:31:17,067 1 INFO lab_client odoo.modules.loading: loading base/data/res.country.state.csv 
2026-09-09 01:31:17,354 1 INFO lab_client odoo.modules.loading: loading base/views/ir_actions_views.xml 
2026-09-09 01:31:17,504 1 INFO lab_client odoo.modules.loading: loading base/views/ir_asset_views.xml 
2026-09-09 01:31:17,522 1 INFO lab_client odoo.modules.loading: loading base/views/ir_config_parameter_views.xml 
2026-09-09 01:31:17,534 1 INFO lab_client odoo.modules.loading: loading base/views/ir_cron_views.xml 
2026-09-09 01:31:17,556 1 INFO lab_client odoo.modules.loading: loading base/views/ir_cron_trigger_views.xml 
2026-09-09 01:31:17,573 1 INFO lab_client odoo.modules.loading: loading base/views/ir_filters_views.xml 
2026-09-09 01:31:17,599 1 INFO lab_client odoo.modules.loading: loading base/views/ir_mail_server_views.xml 
2026-09-09 01:31:17,622 1 INFO lab_client odoo.modules.loading: loading base/views/ir_model_views.xml 
2026-09-09 01:31:17,760 1 INFO lab_client odoo.modules.loading: loading base/views/ir_attachment_views.xml 
2026-09-09 01:31:17,785 1 INFO lab_client odoo.modules.loading: loading base/views/ir_rule_views.xml 
2026-09-09 01:31:17,807 1 INFO lab_client odoo.modules.loading: loading base/views/ir_sequence_views.xml 
2026-09-09 01:31:17,831 1 INFO lab_client odoo.modules.loading: loading base/views/ir_ui_menu_views.xml 
2026-09-09 01:31:17,853 1 INFO lab_client odoo.modules.loading: loading base/views/ir_ui_view_views.xml 
2026-09-09 01:31:17,906 1 INFO lab_client odoo.modules.loading: loading base/views/ir_default_views.xml 
2026-09-09 01:31:17,927 1 INFO lab_client odoo.modules.loading: loading base/data/ir_config_parameter_data.xml 
2026-09-09 01:31:17,931 1 INFO lab_client odoo.modules.loading: loading base/data/ir_cron_data.xml 
2026-09-09 01:31:17,945 1 INFO lab_client odoo.modules.loading: loading base/report/ir_model_report.xml 
2026-09-09 01:31:17,950 1 INFO lab_client odoo.modules.loading: loading base/report/ir_model_templates.xml 
2026-09-09 01:31:17,957 1 INFO lab_client odoo.modules.loading: loading base/views/ir_logging_views.xml 
2026-09-09 01:31:17,971 1 INFO lab_client odoo.modules.loading: loading base/views/ir_qweb_widget_templates.xml 
2026-09-09 01:31:17,986 1 INFO lab_client odoo.modules.loading: loading base/views/ir_module_views.xml 
2026-09-09 01:31:18,045 1 INFO lab_client odoo.modules.loading: loading base/data/ir_module_category_data.xml 
2026-09-09 01:31:18,079 1 INFO lab_client odoo.modules.loading: loading base/data/ir_module_module.xml 
2026-09-09 01:31:18,109 1 INFO lab_client odoo.modules.loading: loading base/report/ir_module_reports.xml 
2026-09-09 01:31:18,113 1 INFO lab_client odoo.modules.loading: loading base/report/ir_module_report_templates.xml 
2026-09-09 01:31:18,118 1 INFO lab_client odoo.modules.loading: loading base/wizard/base_module_update_views.xml 
2026-09-09 01:31:18,130 1 INFO lab_client odoo.modules.loading: loading base/wizard/base_language_install_views.xml 
2026-09-09 01:31:18,141 1 INFO lab_client odoo.modules.loading: loading base/wizard/base_import_language_views.xml 
2026-09-09 01:31:18,152 1 INFO lab_client odoo.modules.loading: loading base/wizard/base_module_upgrade_views.xml 
2026-09-09 01:31:18,170 1 INFO lab_client odoo.modules.loading: loading base/wizard/base_module_uninstall_views.xml 
2026-09-09 01:31:18,178 1 INFO lab_client odoo.modules.loading: loading base/wizard/base_export_language_views.xml 
2026-09-09 01:31:18,188 1 INFO lab_client odoo.modules.loading: loading base/wizard/base_partner_merge_views.xml 
2026-09-09 01:31:18,203 1 INFO lab_client odoo.modules.loading: loading base/data/ir_demo_failure_data.xml 
2026-09-09 01:31:18,215 1 INFO lab_client odoo.modules.loading: loading base/views/ir_profile_views.xml 
2026-09-09 01:31:18,232 1 INFO lab_client odoo.modules.loading: loading base/views/res_company_views.xml 
2026-09-09 01:31:18,247 1 INFO lab_client odoo.modules.loading: loading base/views/res_lang_views.xml 
2026-09-09 01:31:18,263 1 INFO lab_client odoo.modules.loading: loading base/views/res_partner_views.xml 
2026-09-09 01:31:18,346 1 INFO lab_client odoo.modules.loading: loading base/views/res_bank_views.xml 
2026-09-09 01:31:18,384 1 INFO lab_client odoo.modules.loading: loading base/views/res_country_views.xml 
2026-09-09 01:31:18,424 1 INFO lab_client odoo.modules.loading: loading base/views/res_currency_views.xml 
2026-09-09 01:31:18,462 1 INFO lab_client odoo.modules.loading: loading base/views/res_groups_views.xml 
2026-09-09 01:31:18,508 1 INFO lab_client odoo.modules.loading: loading base/views/res_users_views.xml 
2026-09-09 01:31:18,603 1 INFO lab_client odoo.modules.loading: loading base/views/res_users_apikeys_views.xml 
2026-09-09 01:31:18,608 1 INFO lab_client odoo.modules.loading: loading base/views/res_device_views.xml 
2026-09-09 01:31:18,624 1 INFO lab_client odoo.modules.loading: loading base/views/res_users_identitycheck_views.xml 
2026-09-09 01:31:18,634 1 INFO lab_client odoo.modules.loading: loading base/views/res_config_settings_views.xml 
2026-09-09 01:31:18,642 1 INFO lab_client odoo.modules.loading: loading base/views/report_paperformat_views.xml 
2026-09-09 01:31:18,669 1 INFO lab_client odoo.modules.loading: loading base/security/ir.model.access.csv 
2026-09-09 01:31:18,769 1 INFO lab_client odoo.modules.loading: Module base loaded in 4.75s, 8374 queries (+8374 other) 
2026-09-09 01:31:18,769 1 INFO lab_client odoo.modules.loading: 1 modules loaded in 4.75s, 8374 queries (+8374 extra) 
2026-09-09 01:31:18,772 1 INFO lab_client odoo.modules.loading: updating modules list 
2026-09-09 01:31:18,774 1 INFO lab_client odoo.addons.base.models.ir_module: ALLOW access to module.update_list on [] to user __system__ #1 via n/a 
2026-09-09 01:31:21,037 1 INFO lab_client odoo.addons.base.models.ir_module: ALLOW access to module.button_install on ['Studio'] to user __system__ #1 via n/a 
2026-09-09 01:31:21,157 1 INFO lab_client odoo.modules.loading: loading 47 modules... 
2026-09-09 01:31:21,157 1 INFO lab_client odoo.modules.loading: Loading module rpc (2/47) 
2026-09-09 01:31:21,175 1 INFO lab_client odoo.modules.loading: Module rpc loaded in 0.02s, 9 queries (+9 other) 
2026-09-09 01:31:21,175 1 INFO lab_client odoo.modules.loading: Loading module web (3/47) 
2026-09-09 01:31:21,204 1 INFO lab_client odoo.registry: module web: creating or updating database tables 
2026-09-09 01:31:21,501 1 INFO lab_client odoo.modules.loading: loading web/security/ir.model.access.csv 
2026-09-09 01:31:21,506 1 INFO lab_client odoo.modules.loading: loading web/security/web_security.xml 
2026-09-09 01:31:21,514 1 INFO lab_client odoo.modules.loading: loading web/views/webclient_templates.xml 
2026-09-09 01:31:21,556 1 INFO lab_client odoo.modules.loading: loading web/views/report_templates.xml 
2026-09-09 01:31:21,652 1 INFO lab_client odoo.modules.loading: loading web/views/base_document_layout_views.xml 
2026-09-09 01:31:21,668 1 INFO lab_client odoo.modules.loading: loading web/views/partner_view.xml 
2026-09-09 01:31:21,674 1 INFO lab_client odoo.modules.loading: loading web/views/speedscope_template.xml 
2026-09-09 01:31:21,678 1 INFO lab_client odoo.modules.loading: loading web/views/memory_template.xml 
2026-09-09 01:31:21,681 1 INFO lab_client odoo.modules.loading: loading web/views/speedscope_config_wizard.xml 
2026-09-09 01:31:21,686 1 INFO lab_client odoo.modules.loading: loading web/views/neutralize_views.xml 
2026-09-09 01:31:21,691 1 INFO lab_client odoo.modules.loading: loading web/views/ir_ui_view_views.xml 
2026-09-09 01:31:21,700 1 INFO lab_client odoo.modules.loading: loading web/data/ir_attachment.xml 
2026-09-09 01:31:21,705 1 INFO lab_client odoo.modules.loading: loading web/data/report_layout.xml 
2026-09-09 01:31:21,750 1 INFO lab_client odoo.modules.loading: Module web loaded in 0.57s, 1232 queries (+1232 other) 
2026-09-09 01:31:21,750 1 INFO lab_client odoo.modules.loading: Loading module api_doc (4/47) 
2026-09-09 01:31:21,756 1 INFO lab_client odoo.registry: module api_doc: creating or updating database tables 
2026-09-09 01:31:21,775 1 INFO lab_client odoo.modules.loading: loading api_doc/security/res_groups.xml 
2026-09-09 01:31:21,797 1 INFO lab_client odoo.modules.loading: loading api_doc/views/docclient.xml 
2026-09-09 01:31:21,816 1 INFO lab_client odoo.modules.loading: Module api_doc loaded in 0.07s, 63 queries (+63 other) 
2026-09-09 01:31:21,816 1 INFO lab_client odoo.modules.loading: Loading module auth_totp (5/47) 
2026-09-09 01:31:21,833 1 INFO lab_client odoo.registry: module auth_totp: creating or updating database tables 
2026-09-09 01:31:21,896 1 INFO lab_client odoo.modules.loading: loading auth_totp/security/security.xml 
2026-09-09 01:31:21,921 1 INFO lab_client odoo.modules.loading: loading auth_totp/security/ir.model.access.csv 
2026-09-09 01:31:21,928 1 INFO lab_client odoo.modules.loading: loading auth_totp/data/ir_action_data.xml 
2026-09-09 01:31:21,939 1 INFO lab_client odoo.modules.loading: loading auth_totp/views/res_users_views.xml 
2026-09-09 01:31:21,974 1 INFO lab_client odoo.modules.loading: loading auth_totp/views/templates.xml 
2026-09-09 01:31:21,983 1 INFO lab_client odoo.modules.loading: loading auth_totp/wizard/auth_totp_wizard_views.xml 
2026-09-09 01:31:22,005 1 INFO lab_client odoo.modules.loading: Module auth_totp loaded in 0.19s, 218 queries (+218 other) 
2026-09-09 01:31:22,005 1 INFO lab_client odoo.modules.loading: Loading module base_import (6/47) 
2026-09-09 01:31:22,037 1 INFO lab_client odoo.registry: module base_import: creating or updating database tables 
2026-09-09 01:31:22,392 1 INFO lab_client odoo.modules.loading: loading base_import/security/ir.model.access.csv 
2026-09-09 01:31:22,406 1 INFO lab_client odoo.modules.loading: Module base_import loaded in 0.40s, 956 queries (+956 other) 
2026-09-09 01:31:22,407 1 INFO lab_client odoo.modules.loading: Loading module base_import_module (7/47) 
2026-09-09 01:31:22,414 1 INFO lab_client odoo.registry: module base_import_module: creating or updating database tables 
2026-09-09 01:31:22,474 1 INFO lab_client odoo.modules.loading: loading base_import_module/security/ir.model.access.csv 
2026-09-09 01:31:22,480 1 INFO lab_client odoo.modules.loading: loading base_import_module/views/base_import_module_view.xml 
2026-09-09 01:31:22,498 1 INFO lab_client odoo.modules.loading: loading base_import_module/views/ir_module_views.xml 
2026-09-09 01:31:22,539 1 INFO lab_client odoo.modules.loading: Module base_import_module loaded in 0.13s, 172 queries (+172 other) 
2026-09-09 01:31:22,539 1 INFO lab_client odoo.modules.loading: Loading module base_setup (8/47) 
2026-09-09 01:31:22,545 1 INFO lab_client odoo.registry: module base_setup: creating or updating database tables 
2026-09-09 01:31:22,581 1 INFO lab_client odoo.modules.loading: loading base_setup/data/base_setup_data.xml 
2026-09-09 01:31:22,584 1 INFO lab_client odoo.modules.loading: loading base_setup/views/res_config_settings_views.xml 
2026-09-09 01:31:22,609 1 INFO lab_client odoo.modules.loading: loading base_setup/views/res_partner_views.xml 
2026-09-09 01:31:22,629 1 INFO lab_client odoo.modules.loading: Module base_setup loaded in 0.09s, 152 queries (+152 other) 
2026-09-09 01:31:22,629 1 INFO lab_client odoo.modules.loading: Loading module bus (9/47) 
2026-09-09 01:31:22,639 1 INFO lab_client odoo.registry: module bus: creating or updating database tables 
2026-09-09 01:31:22,702 1 INFO lab_client odoo.modules.loading: loading bus/security/ir.model.access.csv 
2026-09-09 01:31:22,714 1 INFO lab_client odoo.modules.loading: Module bus loaded in 0.09s, 159 queries (+159 other) 
2026-09-09 01:31:22,714 1 INFO lab_client odoo.modules.loading: Loading module http_routing (10/47) 
2026-09-09 01:31:22,720 1 INFO lab_client odoo.registry: module http_routing: creating or updating database tables 
2026-09-09 01:31:22,736 1 INFO lab_client odoo.modules.loading: loading http_routing/views/http_routing_template.xml 
2026-09-09 01:31:22,780 1 INFO lab_client odoo.modules.loading: loading http_routing/views/res_lang_views.xml 
2026-09-09 01:31:22,804 1 INFO lab_client odoo.modules.loading: Module http_routing loaded in 0.09s, 114 queries (+114 other) 
2026-09-09 01:31:22,804 1 INFO lab_client odoo.modules.loading: Loading module resource (11/47) 
2026-09-09 01:31:22,817 1 INFO lab_client odoo.registry: module resource: creating or updating database tables 
2026-09-09 01:31:22,904 1 INFO lab_client odoo.modules.loading: loading resource/data/resource_data.xml 
2026-09-09 01:31:22,915 1 INFO lab_client odoo.modules.loading: loading resource/security/ir.model.access.csv 
2026-09-09 01:31:22,924 1 INFO lab_client odoo.modules.loading: loading resource/security/resource_security.xml 
2026-09-09 01:31:22,946 1 INFO lab_client odoo.modules.loading: loading resource/views/resource_resource_views.xml 
2026-09-09 01:31:22,971 1 INFO lab_client odoo.modules.loading: loading resource/views/resource_calendar_leaves_views.xml 
2026-09-09 01:31:22,999 1 INFO lab_client odoo.modules.loading: loading resource/views/resource_calendar_attendance_views.xml 
2026-09-09 01:31:23,008 1 INFO lab_client odoo.modules.loading: loading resource/views/resource_calendar_views.xml 
2026-09-09 01:31:23,028 1 INFO lab_client odoo.modules.loading: loading resource/views/menuitems.xml 
2026-09-09 01:31:23,044 1 INFO lab_client odoo.modules.loading: Module resource loaded in 0.24s, 414 queries (+414 other) 
2026-09-09 01:31:23,044 1 INFO lab_client odoo.modules.loading: Loading module web_cohort (12/47) 
2026-09-09 01:31:23,083 1 INFO lab_client odoo.registry: module web_cohort: creating or updating database tables 
2026-09-09 01:31:23,375 1 INFO lab_client odoo.modules.loading: Module web_cohort loaded in 0.33s, 969 queries (+969 other) 
2026-09-09 01:31:23,375 1 INFO lab_client odoo.modules.loading: Loading module web_gantt (13/47) 
2026-09-09 01:31:23,403 1 INFO lab_client odoo.registry: module web_gantt: creating or updating database tables 
2026-09-09 01:31:23,836 1 INFO lab_client odoo.modules.loading: Module web_gantt loaded in 0.46s, 965 queries (+965 other) 
2026-09-09 01:31:23,836 1 INFO lab_client odoo.modules.loading: Loading module web_grid (14/47) 
2026-09-09 01:31:23,877 1 INFO lab_client odoo.registry: module web_grid: creating or updating database tables 
2026-09-09 01:31:24,239 1 INFO lab_client odoo.modules.loading: Module web_grid loaded in 0.40s, 965 queries (+965 other) 
2026-09-09 01:31:24,239 1 INFO lab_client odoo.modules.loading: Loading module web_tour (15/47) 
2026-09-09 01:31:24,246 1 INFO lab_client odoo.registry: module web_tour: creating or updating database tables 
2026-09-09 01:31:24,250 1 INFO lab_client odoo.models: Prepare computation of res.users.tour_enabled 
2026-09-09 01:31:24,308 1 INFO lab_client odoo.modules.loading: loading web_tour/security/ir.model.access.csv 
2026-09-09 01:31:24,315 1 INFO lab_client odoo.modules.loading: loading web_tour/views/tour_views.xml 
2026-09-09 01:31:24,353 1 INFO lab_client odoo.modules.loading: Module web_tour loaded in 0.11s, 180 queries (+180 other) 
2026-09-09 01:31:24,353 1 INFO lab_client odoo.modules.loading: Loading module auth_passkey (16/47) 
2026-09-09 01:31:24,380 1 INFO lab_client odoo.registry: module auth_passkey: creating or updating database tables 
2026-09-09 01:31:24,421 1 INFO lab_client odoo.modules.loading: loading auth_passkey/views/auth_passkey_key_views.xml 
2026-09-09 01:31:24,432 1 INFO lab_client odoo.modules.loading: loading auth_passkey/views/auth_passkey_login_templates.xml 
2026-09-09 01:31:24,443 1 INFO lab_client odoo.modules.loading: loading auth_passkey/views/res_users_identitycheck_views.xml 
2026-09-09 01:31:24,450 1 INFO lab_client odoo.modules.loading: loading auth_passkey/views/res_users_views.xml 
2026-09-09 01:31:24,469 1 INFO lab_client odoo.modules.loading: loading auth_passkey/security/ir.model.access.csv 
2026-09-09 01:31:24,477 1 INFO lab_client odoo.modules.loading: loading auth_passkey/security/security.xml 
2026-09-09 01:31:24,496 1 INFO lab_client odoo.modules.loading: Module auth_passkey loaded in 0.14s, 218 queries (+218 other) 
2026-09-09 01:31:24,496 1 INFO lab_client odoo.modules.loading: Loading module html_editor (17/47) 
2026-09-09 01:31:24,580 1 INFO lab_client odoo.registry: module html_editor: creating or updating database tables 
2026-09-09 01:31:24,875 1 INFO lab_client odoo.modules.loading: loading html_editor/security/ir.model.access.csv 
2026-09-09 01:31:24,884 1 INFO lab_client odoo.modules.loading: Module html_editor loaded in 0.39s, 1057 queries (+1057 other) 
2026-09-09 01:31:24,884 1 INFO lab_client odoo.modules.loading: Loading module iap (18/47) 
2026-09-09 01:31:24,887 1 INFO lab_client odoo.registry: module iap: creating or updating database tables 
2026-09-09 01:31:24,921 1 INFO lab_client odoo.modules.loading: loading iap/data/services.xml 
2026-09-09 01:31:24,924 1 INFO lab_client odoo.modules.loading: loading iap/security/ir.model.access.csv 
2026-09-09 01:31:24,927 1 INFO lab_client odoo.modules.loading: loading iap/security/ir_rule.xml 
2026-09-09 01:31:24,931 1 INFO lab_client odoo.modules.loading: loading iap/views/iap_views.xml 
2026-09-09 01:31:24,947 1 INFO lab_client odoo.modules.loading: loading iap/views/res_config_settings.xml 
2026-09-09 01:31:24,960 1 INFO lab_client odoo.modules.loading: Module iap loaded in 0.08s, 182 queries (+182 other) 
2026-09-09 01:31:24,960 1 INFO lab_client odoo.modules.loading: Loading module web_enterprise (19/47) 
2026-09-09 01:31:24,965 1 INFO lab_client odoo.registry: module web_enterprise: creating or updating database tables 
2026-09-09 01:31:24,985 1 INFO lab_client odoo.modules.loading: loading web_enterprise/views/webclient_templates.xml 
2026-09-09 01:31:24,993 1 INFO lab_client odoo.modules.loading: loading web_enterprise/views/res_users_views.xml 
2026-09-09 01:31:25,009 1 INFO lab_client odoo.modules.loading: Module web_enterprise loaded in 0.05s, 113 queries (+113 other) 
2026-09-09 01:31:25,010 1 INFO lab_client odoo.modules.loading: Loading module web_map (20/47) 
2026-09-09 01:31:25,036 1 INFO lab_client odoo.registry: module web_map: creating or updating database tables 
2026-09-09 01:31:25,043 1 INFO lab_client odoo.models: Prepare computation of res.partner.contact_address_complete 
2026-09-09 01:31:25,302 1 INFO lab_client odoo.modules.loading: loading web_map/views/res_config_settings.xml 
2026-09-09 01:31:25,314 1 INFO lab_client odoo.modules.loading: loading web_map/views/res_partner_views.xml 
2026-09-09 01:31:25,328 1 INFO lab_client odoo.modules.loading: Module web_map loaded in 0.32s, 1086 queries (+1086 other) 
2026-09-09 01:31:25,328 1 INFO lab_client odoo.modules.loading: Loading module mail (21/47) 
2026-09-09 01:31:25,366 1 INFO lab_client odoo.registry: module mail: creating or updating database tables 
2026-09-09 01:31:25,457 1 INFO lab_client odoo.models: Prepare computation of ir.actions.server.partner_ids 
2026-09-09 01:31:25,457 1 INFO lab_client odoo.models: Prepare computation of ir.actions.server.activity_user_id 
2026-09-09 01:31:25,457 1 INFO lab_client odoo.models: Prepare computation of ir.actions.server.activity_type_id 
2026-09-09 01:31:25,457 1 INFO lab_client odoo.models: Prepare computation of ir.actions.server.template_id 
2026-09-09 01:31:25,457 1 INFO lab_client odoo.models: Prepare computation of ir.actions.server.activity_date_deadline_range 
2026-09-09 01:31:25,457 1 INFO lab_client odoo.models: Prepare computation of ir.actions.server.activity_summary 
2026-09-09 01:31:25,457 1 INFO lab_client odoo.models: Prepare computation of ir.actions.server.followers_type 
2026-09-09 01:31:25,457 1 INFO lab_client odoo.models: Prepare computation of ir.actions.server.followers_partner_field_name 
2026-09-09 01:31:25,457 1 INFO lab_client odoo.models: Prepare computation of ir.actions.server.mail_post_method 
2026-09-09 01:31:25,457 1 INFO lab_client odoo.models: Prepare computation of ir.actions.server.activity_date_deadline_range_type 
2026-09-09 01:31:25,457 1 INFO lab_client odoo.models: Prepare computation of ir.actions.server.activity_user_type 
2026-09-09 01:31:25,457 1 INFO lab_client odoo.models: Prepare computation of ir.actions.server.activity_user_field_name 
2026-09-09 01:31:25,457 1 INFO lab_client odoo.models: Prepare computation of ir.actions.server.activity_note 
2026-09-09 01:31:25,457 1 INFO lab_client odoo.models: Prepare computation of ir.actions.server.mail_post_autofollow 
2026-09-09 01:31:25,492 1 INFO lab_client odoo.models: Prepare computation of res.users.notification_type 
2026-09-09 01:31:25,521 1 INFO lab_client odoo.models: Prepare computation of res.partner.email_normalized 
<string>:38: (ERROR/3) Unexpected indentation.
<string>:43: (WARNING/2) Block quote ends without a blank line; unexpected unindent.
2026-09-09 01:31:26,277 1 INFO lab_client odoo.modules.loading: loading mail/data/mail_groups.xml 
2026-09-09 01:31:26,290 1 INFO lab_client odoo.modules.loading: loading mail/wizard/mail_activity_schedule_views.xml 
2026-09-09 01:31:26,297 1 INFO lab_client odoo.modules.loading: loading mail/wizard/mail_blacklist_remove_views.xml 
2026-09-09 01:31:26,301 1 INFO lab_client odoo.modules.loading: loading mail/wizard/mail_compose_message_views.xml 
2026-09-09 01:31:26,312 1 INFO lab_client odoo.modules.loading: loading mail/wizard/mail_template_preview_views.xml 
2026-09-09 01:31:26,317 1 INFO lab_client odoo.modules.loading: loading mail/wizard/mail_followers_edit_views.xml 
2026-09-09 01:31:26,323 1 INFO lab_client odoo.modules.loading: loading mail/wizard/mail_template_reset_views.xml 
2026-09-09 01:31:26,329 1 INFO lab_client odoo.modules.loading: loading mail/views/fetchmail_views.xml 
2026-09-09 01:31:26,339 1 INFO lab_client odoo.modules.loading: loading mail/views/ir_cron_views.xml 
2026-09-09 01:31:26,345 1 INFO lab_client odoo.modules.loading: loading mail/views/ir_filters_views.xml 
2026-09-09 01:31:26,354 1 INFO lab_client odoo.modules.loading: loading mail/views/ir_mail_server_views.xml 
2026-09-09 01:31:26,360 1 INFO lab_client odoo.modules.loading: loading mail/views/mail_message_subtype_views.xml 
2026-09-09 01:31:26,369 1 INFO lab_client odoo.modules.loading: loading mail/views/mail_tracking_value_views.xml 
2026-09-09 01:31:26,376 1 INFO lab_client odoo.modules.loading: loading mail/views/mail_notification_views.xml 
2026-09-09 01:31:26,382 1 INFO lab_client odoo.modules.loading: loading mail/views/mail_message_views.xml 
2026-09-09 01:31:26,399 1 INFO lab_client odoo.modules.loading: loading mail/views/mail_message_schedule_views.xml 
2026-09-09 01:31:26,407 1 INFO lab_client odoo.modules.loading: loading mail/views/mail_mail_views.xml 
2026-09-09 01:31:26,420 1 INFO lab_client odoo.modules.loading: loading mail/views/mail_followers_views.xml 
2026-09-09 01:31:26,428 1 INFO lab_client odoo.modules.loading: loading mail/views/mail_ice_server_views.xml 
2026-09-09 01:31:26,439 1 INFO lab_client odoo.modules.loading: loading mail/views/discuss_channel_member_views.xml 
2026-09-09 01:31:26,446 1 INFO lab_client odoo.modules.loading: loading mail/views/discuss_channel_rtc_session_views.xml 
2026-09-09 01:31:26,457 1 INFO lab_client odoo.modules.loading: loading mail/views/mail_link_preview_views.xml 
2026-09-09 01:31:26,468 1 INFO lab_client odoo.modules.loading: loading mail/views/discuss/discuss_gif_favorite_views.xml 
2026-09-09 01:31:26,474 1 INFO lab_client odoo.modules.loading: loading mail/views/discuss_channel_views.xml 
2026-09-09 01:31:26,494 1 INFO lab_client odoo.modules.loading: loading mail/views/mail_canned_response_views.xml 
2026-09-09 01:31:26,508 1 INFO lab_client odoo.modules.loading: loading mail/views/res_role_views.xml 
2026-09-09 01:31:26,520 1 INFO lab_client odoo.modules.loading: loading mail/views/mail_activity_views.xml 
2026-09-09 01:31:26,577 1 INFO lab_client odoo.modules.loading: loading mail/views/mail_activity_plan_views.xml 
2026-09-09 01:31:26,600 1 INFO lab_client odoo.modules.loading: loading mail/views/mail_activity_plan_template_views.xml 
2026-09-09 01:31:26,606 1 INFO lab_client odoo.modules.loading: loading mail/views/res_config_settings_views.xml 
2026-09-09 01:31:26,619 1 INFO lab_client odoo.modules.loading: loading mail/data/ir_config_parameter_data.xml 
2026-09-09 01:31:26,622 1 INFO lab_client odoo.modules.loading: loading mail/data/res_partner_data.xml 
2026-09-09 01:31:26,672 1 INFO lab_client odoo.modules.loading: loading mail/data/mail_message_subtype_data.xml 
2026-09-09 01:31:26,677 1 INFO lab_client odoo.modules.loading: loading mail/data/mail_templates_chatter.xml 
2026-09-09 01:31:26,687 1 INFO lab_client odoo.modules.loading: loading mail/data/mail_templates_email_layouts.xml 
2026-09-09 01:31:26,697 1 INFO lab_client odoo.modules.loading: loading mail/data/mail_templates_mailgateway.xml 
2026-09-09 01:31:26,706 1 INFO lab_client odoo.modules.loading: loading mail/data/discuss_channel_data.xml 
2026-09-09 01:31:26,732 1 INFO lab_client odoo.modules.loading: loading mail/data/mail_activity_type_data.xml 
2026-09-09 01:31:26,743 1 INFO lab_client odoo.modules.loading: loading mail/data/security_notifications_templates.xml 
2026-09-09 01:31:26,748 1 INFO lab_client odoo.modules.loading: loading mail/data/ir_cron_data.xml 
2026-09-09 01:31:26,818 1 INFO lab_client odoo.modules.loading: loading mail/data/ir_actions_client.xml 
2026-09-09 01:31:26,822 1 INFO lab_client odoo.modules.loading: loading mail/security/mail_security.xml 
2026-09-09 01:31:26,928 1 INFO lab_client odoo.modules.loading: loading mail/security/ir.model.access.csv 
2026-09-09 01:31:26,966 1 INFO lab_client odoo.modules.loading: loading mail/views/discuss_public_templates.xml 
2026-09-09 01:31:26,971 1 INFO lab_client odoo.modules.loading: loading mail/views/mail_alias_domain_views.xml 
2026-09-09 01:31:26,989 1 INFO lab_client odoo.modules.loading: loading mail/views/mail_alias_views.xml 
2026-09-09 01:31:27,009 1 INFO lab_client odoo.modules.loading: loading mail/views/mail_gateway_allowed_views.xml 
2026-09-09 01:31:27,021 1 INFO lab_client odoo.modules.loading: loading mail/views/mail_guest_views.xml 
2026-09-09 01:31:27,032 1 INFO lab_client odoo.modules.loading: loading mail/views/mail_message_reaction_views.xml 
2026-09-09 01:31:27,043 1 INFO lab_client odoo.modules.loading: loading mail/views/mail_templates_public.xml 
2026-09-09 01:31:27,050 1 INFO lab_client odoo.modules.loading: loading mail/views/res_users_views.xml 
2026-09-09 01:31:27,065 1 INFO lab_client odoo.modules.loading: loading mail/views/res_users_settings_views.xml 
2026-09-09 01:31:27,076 1 INFO lab_client odoo.modules.loading: loading mail/views/mail_template_views.xml 
2026-09-09 01:31:27,091 1 INFO lab_client odoo.modules.loading: loading mail/views/ir_actions_server_views.xml 
2026-09-09 01:31:27,104 1 INFO lab_client odoo.modules.loading: loading mail/views/ir_model_views.xml 
2026-09-09 01:31:27,140 1 INFO lab_client odoo.modules.loading: loading mail/views/res_partner_views.xml 
2026-09-09 01:31:27,189 1 INFO lab_client odoo.modules.loading: loading mail/views/mail_blacklist_views.xml 
2026-09-09 01:31:27,205 1 INFO lab_client odoo.modules.loading: loading mail/views/mail_menus.xml 
2026-09-09 01:31:27,312 1 INFO lab_client odoo.modules.loading: loading mail/views/discuss/discuss_menus.xml 
2026-09-09 01:31:27,316 1 INFO lab_client odoo.modules.loading: loading mail/views/discuss/discuss_call_history_views.xml 
2026-09-09 01:31:27,324 1 INFO lab_client odoo.modules.loading: loading mail/views/res_company_views.xml 
2026-09-09 01:31:27,333 1 INFO lab_client odoo.modules.loading: loading mail/views/mail_scheduled_message_views.xml 
2026-09-09 01:31:27,340 1 INFO lab_client odoo.modules.loading: loading mail/data/mail_canned_response_data.xml 
2026-09-09 01:31:27,349 1 INFO lab_client odoo.modules.loading: loading mail/data/mail_templates_invite.xml 
2026-09-09 01:31:27,360 1 INFO lab_client odoo.modules.loading: loading mail/data/web_tour_tour.xml 
2026-09-09 01:31:27,398 1 INFO lab_client odoo.modules.loading: Module mail loaded in 2.07s, 5016 queries (+5017 other) 
2026-09-09 01:31:27,398 1 INFO lab_client odoo.modules.loading: Loading module web_mobile (22/47) 
2026-09-09 01:31:27,413 1 INFO lab_client odoo.registry: module web_mobile: creating or updating database tables 
2026-09-09 01:31:27,456 1 INFO lab_client odoo.modules.loading: loading web_mobile/views/views.xml 
2026-09-09 01:31:27,481 1 INFO lab_client odoo.modules.loading: Module web_mobile loaded in 0.08s, 94 queries (+94 other) 
2026-09-09 01:31:27,481 1 INFO lab_client odoo.modules.loading: Loading module web_unsplash (23/47) 
2026-09-09 01:31:27,492 1 INFO lab_client odoo.registry: module web_unsplash: creating or updating database tables 
2026-09-09 01:31:27,526 1 INFO lab_client odoo.modules.loading: loading web_unsplash/views/res_config_settings_view.xml 
2026-09-09 01:31:27,544 1 INFO lab_client odoo.modules.loading: Module web_unsplash loaded in 0.06s, 103 queries (+103 other) 
2026-09-09 01:31:27,544 1 INFO lab_client odoo.modules.loading: Loading module ai_auto_install (24/47) 
2026-09-09 01:31:27,595 1 INFO lab_client odoo.modules.loading: Module ai_auto_install loaded in 0.05s, 15 queries (+15 other) 
2026-09-09 01:31:27,595 1 INFO lab_client odoo.modules.loading: Loading module auth_signup (25/47) 
2026-09-09 01:31:27,607 1 INFO lab_client odoo.registry: module auth_signup: creating or updating database tables 
2026-09-09 01:31:27,651 1 INFO lab_client odoo.modules.loading: loading auth_signup/data/ir_config_parameter_data.xml 
2026-09-09 01:31:27,655 1 INFO lab_client odoo.modules.loading: loading auth_signup/data/ir_cron_data.xml 
2026-09-09 01:31:27,677 1 INFO lab_client odoo.modules.loading: loading auth_signup/data/mail_template_data.xml 
2026-09-09 01:31:27,740 1 INFO lab_client odoo.modules.loading: loading auth_signup/views/res_config_settings_views.xml 
2026-09-09 01:31:27,752 1 INFO lab_client odoo.modules.loading: loading auth_signup/views/res_users_views.xml 
2026-09-09 01:31:27,772 1 INFO lab_client odoo.modules.loading: loading auth_signup/views/auth_signup_login_templates.xml 
2026-09-09 01:31:27,786 1 INFO lab_client odoo.modules.loading: loading auth_signup/views/auth_signup_templates_email.xml 
2026-09-09 01:31:27,789 1 INFO lab_client odoo.modules.loading: loading auth_signup/views/webclient_templates.xml 
2026-09-09 01:31:27,806 1 INFO lab_client odoo.modules.loading: Module auth_signup loaded in 0.21s, 255 queries (+255 other) 
2026-09-09 01:31:27,806 1 INFO lab_client odoo.modules.loading: Loading module auth_totp_mail (26/47) 
2026-09-09 01:31:27,814 1 INFO lab_client odoo.registry: module auth_totp_mail: creating or updating database tables 
2026-09-09 01:31:27,838 1 INFO lab_client odoo.modules.loading: loading auth_totp_mail/data/ir_action_data.xml 
2026-09-09 01:31:27,853 1 INFO lab_client odoo.modules.loading: loading auth_totp_mail/data/mail_template_data.xml 
2026-09-09 01:31:27,884 1 INFO lab_client odoo.modules.loading: loading auth_totp_mail/data/security_notifications_template.xml 
2026-09-09 01:31:27,891 1 INFO lab_client odoo.modules.loading: loading auth_totp_mail/views/res_config_settings_views.xml 
2026-09-09 01:31:27,910 1 INFO lab_client odoo.modules.loading: loading auth_totp_mail/views/res_users_views.xml 
2026-09-09 01:31:27,928 1 INFO lab_client odoo.modules.loading: loading auth_totp_mail/views/templates.xml 
2026-09-09 01:31:27,951 1 INFO lab_client odoo.modules.loading: Module auth_totp_mail loaded in 0.14s, 189 queries (+189 other) 
2026-09-09 01:31:27,951 1 INFO lab_client odoo.modules.loading: Loading module base_install_request (27/47) 
2026-09-09 01:31:27,955 1 INFO lab_client odoo.registry: module base_install_request: creating or updating database tables 
2026-09-09 01:31:28,000 1 INFO lab_client odoo.modules.loading: loading base_install_request/security/ir.model.access.csv 
2026-09-09 01:31:28,007 1 INFO lab_client odoo.modules.loading: loading base_install_request/wizard/base_module_install_request_views.xml 
2026-09-09 01:31:28,019 1 INFO lab_client odoo.modules.loading: loading base_install_request/data/mail_template_data.xml 
2026-09-09 01:31:28,022 1 INFO lab_client odoo.modules.loading: loading base_install_request/data/mail_templates_module_install.xml 
2026-09-09 01:31:28,025 1 INFO lab_client odoo.modules.loading: loading base_install_request/views/ir_module_module_views.xml 
2026-09-09 01:31:28,039 1 INFO lab_client odoo.modules.loading: Module base_install_request loaded in 0.09s, 154 queries (+154 other) 
2026-09-09 01:31:28,039 1 INFO lab_client odoo.modules.loading: Loading module google_gmail (28/47) 
2026-09-09 01:31:28,048 1 INFO lab_client odoo.registry: module google_gmail: creating or updating database tables 
2026-09-09 01:31:28,081 1 INFO lab_client odoo.modules.loading: loading google_gmail/views/fetchmail_server_views.xml 
2026-09-09 01:31:28,091 1 INFO lab_client odoo.modules.loading: loading google_gmail/views/ir_mail_server_views.xml 
2026-09-09 01:31:28,097 1 INFO lab_client odoo.modules.loading: loading google_gmail/views/res_config_settings_views.xml 
2026-09-09 01:31:28,108 1 INFO lab_client odoo.modules.loading: loading google_gmail/views/templates.xml 
2026-09-09 01:31:28,116 1 INFO lab_client odoo.modules.loading: Module google_gmail loaded in 0.08s, 155 queries (+155 other) 
2026-09-09 01:31:28,117 1 INFO lab_client odoo.modules.loading: Loading module iap_mail (29/47) 
2026-09-09 01:31:28,120 1 INFO lab_client odoo.registry: module iap_mail: creating or updating database tables 
2026-09-09 01:31:28,140 1 INFO lab_client odoo.modules.loading: loading iap_mail/data/mail_templates.xml 
2026-09-09 01:31:28,149 1 INFO lab_client odoo.modules.loading: loading iap_mail/views/iap_views.xml 
2026-09-09 01:31:28,161 1 INFO lab_client odoo.modules.loading: Module iap_mail loaded in 0.04s, 70 queries (+70 other) 
2026-09-09 01:31:28,161 1 INFO lab_client odoo.modules.loading: Loading module mail_bot (30/47) 
2026-09-09 01:31:28,168 1 INFO lab_client odoo.registry: module mail_bot: creating or updating database tables 
2026-09-09 01:31:28,196 1 INFO lab_client odoo.modules.loading: loading mail_bot/views/res_users_views.xml 
2026-09-09 01:31:28,207 1 INFO lab_client odoo.modules.loading: loading mail_bot/data/mailbot_data.xml 
2026-09-09 01:31:28,215 1 INFO lab_client odoo.modules.loading: Module mail_bot loaded in 0.05s, 109 queries (+109 other) 
2026-09-09 01:31:28,215 1 INFO lab_client odoo.modules.loading: Loading module mail_enterprise (31/47) 
2026-09-09 01:31:28,219 1 INFO lab_client odoo.registry: module mail_enterprise: creating or updating database tables 
2026-09-09 01:31:28,231 1 INFO lab_client odoo.modules.loading: Module mail_enterprise loaded in 0.02s, 19 queries (+19 other) 
2026-09-09 01:31:28,231 1 INFO lab_client odoo.modules.loading: Loading module microsoft_outlook (32/47) 
2026-09-09 01:31:28,239 1 INFO lab_client odoo.registry: module microsoft_outlook: creating or updating database tables 
2026-09-09 01:31:28,274 1 INFO lab_client odoo.modules.loading: loading microsoft_outlook/views/fetchmail_server_views.xml 
2026-09-09 01:31:28,288 1 INFO lab_client odoo.modules.loading: loading microsoft_outlook/views/ir_mail_server_views.xml 
2026-09-09 01:31:28,296 1 INFO lab_client odoo.modules.loading: loading microsoft_outlook/views/res_config_settings_views.xml 
2026-09-09 01:31:28,313 1 INFO lab_client odoo.modules.loading: loading microsoft_outlook/views/templates.xml 
2026-09-09 01:31:28,319 1 INFO lab_client odoo.modules.loading: Module microsoft_outlook loaded in 0.09s, 158 queries (+158 other) 
2026-09-09 01:31:28,319 1 INFO lab_client odoo.modules.loading: Loading module phone_validation (33/47) 
2026-09-09 01:31:28,372 1 INFO lab_client odoo.registry: module phone_validation: creating or updating database tables 
2026-09-09 01:31:28,379 1 INFO lab_client odoo.models: Prepare computation of res.partner.phone_sanitized 
2026-09-09 01:31:28,746 1 INFO lab_client odoo.modules.loading: loading phone_validation/security/ir.model.access.csv 
2026-09-09 01:31:28,750 1 INFO lab_client odoo.modules.loading: loading phone_validation/views/phone_blacklist_views.xml 
2026-09-09 01:31:28,765 1 INFO lab_client odoo.modules.loading: loading phone_validation/views/res_partner_views.xml 
2026-09-09 01:31:28,778 1 INFO lab_client odoo.modules.loading: loading phone_validation/wizard/phone_blacklist_remove_view.xml 
2026-09-09 01:31:28,789 1 INFO lab_client odoo.modules.loading: Module phone_validation loaded in 0.47s, 1660 queries (+1660 other) 
2026-09-09 01:31:28,789 1 INFO lab_client odoo.modules.loading: Loading module privacy_lookup (34/47) 
2026-09-09 01:31:28,799 1 INFO lab_client odoo.registry: module privacy_lookup: creating or updating database tables 
2026-09-09 01:31:28,868 1 INFO lab_client odoo.modules.loading: loading privacy_lookup/wizard/privacy_lookup_wizard_views.xml 
2026-09-09 01:31:28,920 1 INFO lab_client odoo.modules.loading: loading privacy_lookup/views/privacy_log_views.xml 
2026-09-09 01:31:28,932 1 INFO lab_client odoo.modules.loading: loading privacy_lookup/security/ir.model.access.csv 
2026-09-09 01:31:28,941 1 INFO lab_client odoo.modules.loading: loading privacy_lookup/data/ir_actions_server_data.xml 
2026-09-09 01:31:28,962 1 INFO lab_client odoo.modules.loading: Module privacy_lookup loaded in 0.17s, 296 queries (+296 other) 
2026-09-09 01:31:28,962 1 INFO lab_client odoo.modules.loading: Loading module resource_mail (35/47) 
2026-09-09 01:31:28,966 1 INFO lab_client odoo.registry: module resource_mail: creating or updating database tables 
2026-09-09 01:31:28,999 1 INFO lab_client odoo.modules.loading: Module resource_mail loaded in 0.04s, 36 queries (+36 other) 
2026-09-09 01:31:28,999 1 INFO lab_client odoo.modules.loading: Loading module iap_extract (36/47) 
2026-09-09 01:31:29,007 1 INFO lab_client odoo.registry: module iap_extract: creating or updating database tables 
2026-09-09 01:31:29,033 1 INFO lab_client odoo.modules.loading: loading iap_extract/data/config_parameter_endpoint.xml 
2026-09-09 01:31:29,038 1 INFO lab_client odoo.modules.loading: loading iap_extract/data/iap_service_data.xml 
2026-09-09 01:31:29,042 1 INFO lab_client odoo.modules.loading: loading iap_extract/data/mail_template_data.xml 
2026-09-09 01:31:29,054 1 INFO lab_client odoo.modules.loading: Module iap_extract loaded in 0.06s, 52 queries (+52 other) 
2026-09-09 01:31:29,054 1 INFO lab_client odoo.modules.loading: Loading module mail_mobile (37/47) 
2026-09-09 01:31:29,081 1 INFO lab_client odoo.registry: module mail_mobile: creating or updating database tables 
2026-09-09 01:31:29,167 1 INFO lab_client odoo.modules.loading: loading mail_mobile/data/mail_mobile_data.xml 
2026-09-09 01:31:29,170 1 INFO lab_client odoo.modules.loading: loading mail_mobile/views/res_config_settings_views.xml 
2026-09-09 01:31:29,184 1 INFO lab_client odoo.modules.loading: Module mail_mobile loaded in 0.13s, 211 queries (+211 other) 
2026-09-09 01:31:29,184 1 INFO lab_client odoo.modules.loading: Loading module partner_autocomplete (38/47) 
2026-09-09 01:31:29,197 1 INFO lab_client odoo.registry: module partner_autocomplete: creating or updating database tables 
2026-09-09 01:31:29,242 1 INFO lab_client odoo.modules.loading: loading partner_autocomplete/views/res_company_views.xml 
2026-09-09 01:31:29,251 1 INFO lab_client odoo.modules.loading: loading partner_autocomplete/views/res_config_settings_views.xml 
2026-09-09 01:31:29,261 1 INFO lab_client odoo.modules.loading: loading partner_autocomplete/data/iap_service_data.xml 
2026-09-09 01:31:29,267 1 INFO lab_client odoo.modules.loading: Module partner_autocomplete loaded in 0.08s, 144 queries (+144 other) 
2026-09-09 01:31:29,267 1 INFO lab_client odoo.modules.loading: Loading module portal (39/47) 
2026-09-09 01:31:29,289 1 INFO lab_client odoo.registry: module portal: creating or updating database tables 
2026-09-09 01:31:29,402 1 INFO lab_client odoo.modules.loading: loading portal/security/ir.model.access.csv 
2026-09-09 01:31:29,405 1 INFO lab_client odoo.modules.loading: loading portal/data/mail_templates.xml 
2026-09-09 01:31:29,409 1 INFO lab_client odoo.modules.loading: loading portal/views/address_templates.xml 
2026-09-09 01:31:29,424 1 INFO lab_client odoo.modules.loading: loading portal/views/mail_templates_public.xml 
2026-09-09 01:31:29,428 1 INFO lab_client odoo.modules.loading: loading portal/views/portal_templates.xml 
2026-09-09 01:31:29,520 1 INFO lab_client odoo.modules.loading: loading portal/views/res_config_settings_views.xml 
2026-09-09 01:31:29,539 1 INFO lab_client odoo.modules.loading: loading portal/wizard/portal_share_views.xml 
2026-09-09 01:31:29,548 1 INFO lab_client odoo.modules.loading: loading portal/wizard/portal_wizard_views.xml 
2026-09-09 01:31:29,590 1 INFO lab_client odoo.modules.loading: Module portal loaded in 0.32s, 556 queries (+556 other) 
2026-09-09 01:31:29,591 1 INFO lab_client odoo.modules.loading: Loading module sms (40/47) 
2026-09-09 01:31:29,653 1 INFO lab_client odoo.registry: module sms: creating or updating database tables 
2026-09-09 01:31:29,662 1 INFO lab_client odoo.models: Prepare computation of ir.actions.server.sms_template_id 
2026-09-09 01:31:29,662 1 INFO lab_client odoo.models: Prepare computation of ir.actions.server.sms_method 
2026-09-09 01:31:30,161 1 INFO lab_client odoo.modules.loading: loading sms/data/iap_service_data.xml 
2026-09-09 01:31:30,166 1 INFO lab_client odoo.modules.loading: loading sms/data/ir_cron_data.xml 
2026-09-09 01:31:30,190 1 INFO lab_client odoo.modules.loading: loading sms/wizard/sms_account_code_views.xml 
2026-09-09 01:31:30,200 1 INFO lab_client odoo.modules.loading: loading sms/wizard/sms_account_phone_views.xml 
2026-09-09 01:31:30,206 1 INFO lab_client odoo.modules.loading: loading sms/wizard/sms_account_sender_views.xml 
2026-09-09 01:31:30,212 1 INFO lab_client odoo.modules.loading: loading sms/wizard/sms_composer_views.xml 
2026-09-09 01:31:30,223 1 INFO lab_client odoo.modules.loading: loading sms/wizard/sms_template_preview_views.xml 
2026-09-09 01:31:30,233 1 INFO lab_client odoo.modules.loading: loading sms/wizard/sms_template_reset_views.xml 
2026-09-09 01:31:30,242 1 INFO lab_client odoo.modules.loading: loading sms/views/ir_actions_server_views.xml 
2026-09-09 01:31:30,259 1 INFO lab_client odoo.modules.loading: loading sms/views/mail_notification_views.xml 
2026-09-09 01:31:30,270 1 INFO lab_client odoo.modules.loading: loading sms/views/res_config_settings_views.xml 
2026-09-09 01:31:30,279 1 INFO lab_client odoo.modules.loading: loading sms/views/res_partner_views.xml 
2026-09-09 01:31:30,289 1 INFO lab_client odoo.modules.loading: loading sms/views/iap_account_views.xml 
2026-09-09 01:31:30,295 1 INFO lab_client odoo.modules.loading: loading sms/views/sms_sms_views.xml 
2026-09-09 01:31:30,317 1 INFO lab_client odoo.modules.loading: loading sms/views/sms_template_views.xml 
2026-09-09 01:31:30,336 1 INFO lab_client odoo.modules.loading: loading sms/security/ir.model.access.csv 
2026-09-09 01:31:30,351 1 INFO lab_client odoo.modules.loading: loading sms/security/sms_security.xml 
2026-09-09 01:31:30,371 1 INFO lab_client odoo.modules.loading: Module sms loaded in 0.78s, 2097 queries (+2097 other) 
2026-09-09 01:31:30,371 1 INFO lab_client odoo.modules.loading: Loading module snailmail (41/47) 
2026-09-09 01:31:30,434 1 INFO lab_client odoo.registry: module snailmail: creating or updating database tables 
2026-09-09 01:31:30,543 1 INFO lab_client odoo.modules.loading: loading snailmail/data/iap_service_data.xml 
2026-09-09 01:31:30,545 1 INFO lab_client odoo.modules.loading: loading snailmail/data/snailmail_data.xml 
2026-09-09 01:31:30,560 1 INFO lab_client odoo.modules.loading: loading snailmail/views/report_assets.xml 
2026-09-09 01:31:30,567 1 INFO lab_client odoo.modules.loading: loading snailmail/views/snailmail_views.xml 
2026-09-09 01:31:30,577 1 INFO lab_client odoo.modules.loading: loading snailmail/security/ir.model.access.csv 
2026-09-09 01:31:30,591 1 INFO lab_client odoo.modules.loading: Module snailmail loaded in 0.22s, 422 queries (+422 other) 
2026-09-09 01:31:30,591 1 INFO lab_client odoo.modules.loading: Loading module auth_passkey_portal (42/47) 
2026-09-09 01:31:30,596 1 INFO lab_client odoo.modules.loading: loading auth_passkey_portal/views/templates.xml 
2026-09-09 01:31:30,609 1 INFO lab_client odoo.modules.loading: Module auth_passkey_portal loaded in 0.02s, 22 queries (+22 other) 
2026-09-09 01:31:30,609 1 INFO lab_client odoo.modules.loading: Loading module auth_totp_portal (43/47) 
2026-09-09 01:31:30,616 1 INFO lab_client odoo.registry: module auth_totp_portal: creating or updating database tables 
2026-09-09 01:31:30,629 1 INFO lab_client odoo.modules.loading: loading auth_totp_portal/security/security.xml 
2026-09-09 01:31:30,638 1 INFO lab_client odoo.modules.loading: loading auth_totp_portal/views/templates.xml 
2026-09-09 01:31:30,650 1 INFO lab_client odoo.modules.loading: Module auth_totp_portal loaded in 0.04s, 70 queries (+70 other) 
2026-09-09 01:31:30,650 1 INFO lab_client odoo.modules.loading: Loading module digest (44/47) 
2026-09-09 01:31:30,658 1 INFO lab_client odoo.registry: module digest: creating or updating database tables 
2026-09-09 01:31:30,731 1 INFO lab_client odoo.modules.loading: loading digest/security/ir.model.access.csv 
2026-09-09 01:31:30,738 1 INFO lab_client odoo.modules.loading: loading digest/data/digest_data.xml 
2026-09-09 01:31:30,754 1 INFO lab_client odoo.modules.loading: loading digest/data/digest_tips_data.xml 
2026-09-09 01:31:30,770 1 INFO lab_client odoo.modules.loading: loading digest/data/ir_cron_data.xml 
2026-09-09 01:31:30,784 1 INFO lab_client odoo.modules.loading: loading digest/data/res_config_settings_data.xml 
2026-09-09 01:31:30,788 1 INFO lab_client odoo.modules.loading: loading digest/views/digest_views.xml 
2026-09-09 01:31:30,821 1 INFO lab_client odoo.modules.loading: loading digest/views/digest_templates.xml 
2026-09-09 01:31:30,825 1 INFO lab_client odoo.modules.loading: loading digest/views/res_config_settings_views.xml 
2026-09-09 01:31:30,846 1 INFO lab_client odoo.modules.loading: Module digest loaded in 0.20s, 326 queries (+326 other) 
2026-09-09 01:31:30,847 1 INFO lab_client odoo.modules.loading: Loading module base_automation (45/47) 
2026-09-09 01:31:30,854 1 INFO lab_client odoo.registry: module base_automation: creating or updating database tables 
2026-09-09 01:31:30,907 1 INFO lab_client odoo.modules.loading: loading base_automation/security/ir.model.access.csv 
2026-09-09 01:31:30,911 1 INFO lab_client odoo.modules.loading: loading base_automation/data/base_automation_data.xml 
2026-09-09 01:31:30,926 1 INFO lab_client odoo.modules.loading: loading base_automation/data/digest_data.xml 
2026-09-09 01:31:30,928 1 INFO lab_client odoo.modules.loading: loading base_automation/views/base_automation_views.xml 
2026-09-09 01:31:30,948 1 INFO lab_client odoo.modules.loading: loading base_automation/views/ir_actions_server_views.xml 
2026-09-09 01:31:30,970 1 INFO lab_client odoo.modules.loading: Module base_automation loaded in 0.12s, 236 queries (+236 other) 
2026-09-09 01:31:30,970 1 INFO lab_client odoo.modules.loading: Loading module digest_enterprise (46/47) 
2026-09-09 01:31:30,977 1 INFO lab_client odoo.modules.loading: loading digest_enterprise/data/digest_data.xml 
2026-09-09 01:31:30,995 1 INFO lab_client odoo.modules.loading: Module digest_enterprise loaded in 0.03s, 20 queries (+20 other) 
2026-09-09 01:31:30,995 1 INFO lab_client odoo.modules.loading: Loading module web_studio (47/47) 
2026-09-09 01:31:31,101 1 INFO lab_client odoo.registry: module web_studio: creating or updating database tables 
2026-09-09 01:31:31,738 1 INFO lab_client odoo.modules.loading: loading web_studio/views/assets.xml 
2026-09-09 01:31:31,744 1 INFO lab_client odoo.modules.loading: loading web_studio/views/actions.xml 
2026-09-09 01:31:31,752 1 INFO lab_client odoo.modules.loading: loading web_studio/views/ir_actions_report_xml.xml 
2026-09-09 01:31:31,761 1 INFO lab_client odoo.modules.loading: loading web_studio/views/ir_model_data.xml 
2026-09-09 01:31:31,770 1 INFO lab_client odoo.modules.loading: loading web_studio/views/base_automation_views.xml 
2026-09-09 01:31:31,775 1 INFO lab_client odoo.modules.loading: loading web_studio/views/studio_approval_views.xml 
2026-09-09 01:31:31,825 1 INFO lab_client odoo.modules.loading: loading web_studio/views/reset_view_arch_wizard.xml 
2026-09-09 01:31:31,832 1 INFO lab_client odoo.modules.loading: loading web_studio/views/studio_export_wizard_views.xml 
2026-09-09 01:31:31,839 1 INFO lab_client odoo.modules.loading: loading web_studio/views/studio_export_model_views.xml 
2026-09-09 01:31:31,852 1 INFO lab_client odoo.modules.loading: loading web_studio/data/mail_templates.xml 
2026-09-09 01:31:31,856 1 INFO lab_client odoo.modules.loading: loading web_studio/data/web_tour_tour.xml 
2026-09-09 01:31:31,859 1 INFO lab_client odoo.modules.loading: loading web_studio/wizard/base_module_uninstall_view.xml 
2026-09-09 01:31:31,868 1 INFO lab_client odoo.modules.loading: loading web_studio/security/ir.model.access.csv 
2026-09-09 01:31:31,875 1 INFO lab_client odoo.modules.loading: loading web_studio/security/studio_security.xml 
2026-09-09 01:31:31,892 1 INFO lab_client odoo.modules.loading: Module web_studio loaded in 0.90s, 2222 queries (+2222 other) 
2026-09-09 01:31:31,892 1 INFO lab_client odoo.modules.loading: 47 modules loaded in 10.74s, 23931 queries (+23932 extra) 
2026-09-09 01:31:32,140 1 INFO lab_client odoo.modules.loading: Modules loaded. 
2026-09-09 01:31:32,147 1 INFO lab_client odoo.registry: Registry changed, signaling through the database 
2026-09-09 01:31:32,148 1 INFO lab_client odoo.registry: Registry loaded in 19.918s 
2026-09-09 01:31:32,148 1 INFO lab_client odoo.service.server: Initiating shutdown 
2026-09-09 01:31:32,148 1 INFO lab_client odoo.service.server: Hit CTRL-C again or send a second signal to force the shutdown. 
2026-09-09 01:31:32,148 1 INFO lab_client odoo.sql_db: ConnectionPool(read/write;used=0/count=0/max=64): Closed 1 connections  
