2026-09-09 14:04:14,586 94 WARNING ? odoo.tools.config: option addons_path, no such directory '/mnt/enterprise-addons', skipped 
2026-09-09 14:04:14,586 94 WARNING ? odoo.tools.config: option addons_path, invalid addons directory '/mnt/extra-addons', skipped 
2026-09-09 14:04:14,586 94 WARNING ? odoo.tools.config: option addons_path, no such directory '/mnt/enterprise-addons', skipped 
2026-09-09 14:04:14,586 94 WARNING ? odoo.tools.config: option addons_path, invalid addons directory '/mnt/extra-addons', skipped 
2026-09-09 14:04:14,586 94 INFO ? odoo: Odoo version 19.0-20260817 
2026-09-09 14:04:14,586 94 INFO ? odoo: Using configuration file at /etc/odoo/odoo.conf 
2026-09-09 14:04:14,586 94 INFO ? odoo: addons paths: _NamespacePath(['/usr/lib/python3/dist-packages/odoo/addons', '/var/lib/odoo/addons/19.0', '/usr/lib/python3/dist-packages/addons']) 
2026-09-09 14:04:14,586 94 INFO ? odoo: database: odoo@db:5432 
2026-09-09 14:04:14,773 94 INFO qualification_invalid_update odoo.modules.loading: loading 1 modules... 
2026-09-09 14:04:14,776 94 INFO qualification_invalid_update odoo.modules.loading: 1 modules loaded in 0.00s, 0 queries (+0 extra) 
2026-09-09 14:04:14,790 94 INFO qualification_invalid_update odoo.modules.loading: updating modules list 
2026-09-09 14:04:14,790 94 INFO qualification_invalid_update odoo.addons.base.models.ir_module: ALLOW access to module.update_list on [] to user __system__ #1 via n/a 
2026-09-09 14:04:15,352 94 WARNING qualification_invalid_update odoo.modules.loading: invalid module names, ignored: qualification_nonexistent_module 
2026-09-09 14:04:15,359 94 INFO qualification_invalid_update odoo.modules.loading: loading 14 modules... 
2026-09-09 14:04:15,451 94 INFO qualification_invalid_update odoo.modules.loading: 14 modules loaded in 0.09s, 0 queries (+0 extra) 
2026-09-09 14:04:15,547 94 INFO qualification_invalid_update odoo.modules.loading: Modules loaded. 
2026-09-09 14:04:15,552 94 INFO qualification_invalid_update odoo.registry: Registry changed, signaling through the database 
2026-09-09 14:04:15,553 94 INFO qualification_invalid_update odoo.registry: Registry loaded in 0.798s 
2026-09-09 14:04:15,553 94 INFO qualification_invalid_update odoo.service.server: Initiating shutdown 
2026-09-09 14:04:15,553 94 INFO qualification_invalid_update odoo.service.server: Hit CTRL-C again or send a second signal to force the shutdown. 
2026-09-09 14:04:15,553 94 INFO qualification_invalid_update odoo.sql_db: ConnectionPool(read/write;used=0/count=0/max=64): Closed 1 connections  
