[
    {
        "Id": "sha256:e1150f156f781cec4a5f2e19e7685964d5ff764c74c577bdace06b3ef8b8e11d",
        "RepoTags": [
            "odoo-qa:19.0"
        ],
        "RepoDigests": [],
        "Parent": "",
        "Comment": "buildkit.dockerfile.v0",
        "Created": "2026-09-03T14:01:51.534932846+02:00",
        "DockerVersion": "",
        "Author": "",
        "Config": {
            "User": "odoo",
            "ExposedPorts": {
                "8069/tcp": {},
                "8071/tcp": {},
                "8072/tcp": {}
            },
            "Env": [
                "PATH=/usr/local/sbin:/usr/local/bin:/usr/sbin:/usr/bin:/sbin:/bin",
                "LANG=en_US.UTF-8",
                "ODOO_VERSION=19.0",
                "ODOO_RC=/etc/odoo/odoo.conf"
            ],
            "Entrypoint": [
                "/entrypoint.sh"
            ],
            "Cmd": [
                "odoo"
            ],
            "Volumes": {
                "/mnt/extra-addons": {},
                "/var/lib/odoo": {}
            },
            "Labels": {
                "com.docker.compose.project": "odoo-qa-19_0",
                "com.docker.compose.service": "odoo",
                "com.docker.compose.version": "2.29.7",
                "maintainer": "Odoo S.A. <info@odoo.com>",
                "org.opencontainers.image.version": "24.04"
            },
            "Shell": [
                "/bin/bash",
                "-xo",
                "pipefail",
                "-c"
            ]
        },
        "Architecture": "amd64",
        "Os": "linux",
        "Size": 2991062309,
        "GraphDriver": {
            "Data": {
                "LowerDir": "/home/blegoff/nobackup/docker/overlay2/utkf3qyztznlfzry4xa029zir/diff:/home/blegoff/nobackup/docker/overlay2/95c64192b8964de98e07dabf6c763820286e317c83547b81a160fde8054b08d5/diff:/home/blegoff/nobackup/docker/overlay2/8cf44b6227b1bcd60da6c2ff088a9a7c715cd53af1a9f8fc2d7f35d54b325fbf/diff:/home/blegoff/nobackup/docker/overlay2/ab197f863694d9d340aeb71c664ae7f0f80a6387403f3c4696f610203f631e03/diff:/home/blegoff/nobackup/docker/overlay2/324e8568c3a396fdedca9b05961c9c2864f933421c4f3f916ed2b2b0f91ac4c7/diff:/home/blegoff/nobackup/docker/overlay2/38d27559ef40612ea5b42d0e01d44d11c96d9dd8778db49e159f892f32f3293f/diff:/home/blegoff/nobackup/docker/overlay2/72b5292b106916b395ed5221e1e04b9024b3422d1a5bf0153fd590ce3c2709ee/diff:/home/blegoff/nobackup/docker/overlay2/b4772e9f3067b90ee49f4a8f3d1ee54b79a18dc6501c103f768ddf3050910e4d/diff:/home/blegoff/nobackup/docker/overlay2/0f08efb87688a88c9c1ed79363e3fc993d7cb8ff026b6cdca3a7ce34a17788d8/diff:/home/blegoff/nobackup/docker/overlay2/af4dc5adc84c500451a7e9fd8b75dd17d092fc4620fd35bf322ade052f6d1a6c/diff",
                "MergedDir": "/home/blegoff/nobackup/docker/overlay2/myu2vbh7qvp8j0sniha6opci9/merged",
                "UpperDir": "/home/blegoff/nobackup/docker/overlay2/myu2vbh7qvp8j0sniha6opci9/diff",
                "WorkDir": "/home/blegoff/nobackup/docker/overlay2/myu2vbh7qvp8j0sniha6opci9/work"
            },
            "Name": "overlay2"
        },
        "RootFS": {
            "Type": "layers",
            "Layers": [
                "sha256:b9a65b3c65ab22d490085bd0bf5490e2409da8748b406870f2463bdc41cd6795",
                "sha256:8e377c19ad6bf4d929c7bff640817fc5b74365ab46ca5fd7c1dfdbe05580a4d6",
                "sha256:1dbddbca34b1db742d7840017f25acec878669d7adb322b792aa82fcb71f0365",
                "sha256:023b17d8e3bd0c4d32cf62bd1f2bc096436730fd9089854c9202a647424e6a7f",
                "sha256:ee3094e67aee06faeee99908f31b474134b43591953a9027c5acb3230e14f150",
                "sha256:c068a4fb21df348be0186ff6cde79ef02e21972271b8f971feb4e5566fe42400",
                "sha256:4221250079218f5f50c956a06e7ea0ff214e7abc6da9daf07c5ec067b8fa13fe",
                "sha256:5a1462a44d81abf957c08b8f6225501247da46ec02ab3625c510c35664b9cd82",
                "sha256:638cb512f7a17e02ffe272eba8244b20d5392e947ccb480cfe798c1d66e25202",
                "sha256:4c9b19f683312b5b855454f9c9a7a63e02c361b050c2dbff83e5114e17a1e66d",
                "sha256:26e6635b75693351c43d1aa72e3c98c0f3ec18de97e489a0e6fe579a4f9d17a1"
            ]
        },
        "Metadata": {
            "LastTagTime": "2026-09-03T14:01:53.817839705+02:00"
        }
    },
    {
        "Id": "sha256:fcc9ab623261c9076c2d6016b28d602ceb45ddb641845836efb5d945eaede554",
        "RepoTags": [
            "pgvector/pgvector:pg16"
        ],
        "RepoDigests": [
            "pgvector/pgvector@sha256:131dcf7ff6a900545df8e7e092c270aa8c6db2f2c818e408cb45ec21316b74e6"
        ],
        "Parent": "",
        "Comment": "buildkit.dockerfile.v0",
        "Created": "2026-06-18T04:38:21.94806426Z",
        "DockerVersion": "",
        "Author": "",
        "Config": {
            "ExposedPorts": {
                "5432/tcp": {}
            },
            "Env": [
                "PATH=/usr/local/sbin:/usr/local/bin:/usr/sbin:/usr/bin:/sbin:/bin:/usr/lib/postgresql/16/bin",
                "GOSU_VERSION=1.19",
                "LANG=en_US.utf8",
                "PG_MAJOR=16",
                "PG_VERSION=16.14-1.pgdg12+1",
                "PGDATA=/var/lib/postgresql/data"
            ],
            "Entrypoint": [
                "docker-entrypoint.sh"
            ],
            "Cmd": [
                "postgres"
            ],
            "Volumes": {
                "/var/lib/postgresql/data": {}
            },
            "StopSignal": "SIGINT"
        },
        "Architecture": "amd64",
        "Os": "linux",
        "Size": 438260620,
        "GraphDriver": {
            "Data": {
                "LowerDir": "/home/blegoff/nobackup/docker/overlay2/7550eff0e79118a9d024362cc3b6de4ad463e112727f0911c04666a8d27f3b4b/diff:/home/blegoff/nobackup/docker/overlay2/16b8e6253e5fa3a3528101264eea2799c777568e8c50900db53de91e69e5b285/diff:/home/blegoff/nobackup/docker/overlay2/6c2dd8deb67df472df247750c334381478e87badb1a2e12068be361a4ee6dc7b/diff:/home/blegoff/nobackup/docker/overlay2/abae89c2474fa49432fbb7344ffcf14ef2433a210062c6bbfbab36e63c20825e/diff:/home/blegoff/nobackup/docker/overlay2/5d7ecd970879692e687086dcb685f114633730d72ee45de0b2cedd99b4ca64b6/diff:/home/blegoff/nobackup/docker/overlay2/b7d9a62273a8af2073be644027b31798ec1daaebee7adb4a4e5a4db67f3ad804/diff:/home/blegoff/nobackup/docker/overlay2/4d4e532d6e1c4e321c89eb04366502eae5a05bb4ca5a3b78ec91aa7ed4d53dba/diff:/home/blegoff/nobackup/docker/overlay2/44326050b336a53d2c7a9cf1687ad85d7cbfbb7a9e4fce0f3a7be82dd9edda35/diff:/home/blegoff/nobackup/docker/overlay2/986eee3d18352406c5ec13890113495f9f4a487c3762746438a6125a4fadbaa2/diff:/home/blegoff/nobackup/docker/overlay2/710451fce920bf33f532e103ed31c65eaf24d31bf83c78169da1b05cbcc7def5/diff:/home/blegoff/nobackup/docker/overlay2/291c67b54ad5fece1f5fdd04f9424131e63ad18c5563d724d88b5cd1994b9162/diff:/home/blegoff/nobackup/docker/overlay2/0c1a5d0c2320c5c3814cec1562d4cbe8ce90ace9b17989cbb5d65b2d2bc4af13/diff:/home/blegoff/nobackup/docker/overlay2/8488f7b3e12ea0a892f9fea00433c94bc4c2b1460c15c16e64e8b3334e311c8d/diff:/home/blegoff/nobackup/docker/overlay2/3f8647d30a155e641bf3372eef66d8e8ecfe980cb0648aae7223cc15d24c5248/diff:/home/blegoff/nobackup/docker/overlay2/6e8baf2a56a2c54a00f02e8c667f87a62aa63a08786e74c28a552786c8b274cf/diff",
                "MergedDir": "/home/blegoff/nobackup/docker/overlay2/373e30e267703009dd1c48e9928fb2bd7c95e0a54b2fc550b58a1158e627c9ee/merged",
                "UpperDir": "/home/blegoff/nobackup/docker/overlay2/373e30e267703009dd1c48e9928fb2bd7c95e0a54b2fc550b58a1158e627c9ee/diff",
                "WorkDir": "/home/blegoff/nobackup/docker/overlay2/373e30e267703009dd1c48e9928fb2bd7c95e0a54b2fc550b58a1158e627c9ee/work"
            },
            "Name": "overlay2"
        },
        "RootFS": {
            "Type": "layers",
            "Layers": [
                "sha256:8db1b4d0e54f2fbc2baf1563e57d88a8e72d3c79a72a38b9e4dee36e84f1d8ce",
                "sha256:ee92a138750da76001bbba07c285a4ada4ad163e99c738b655ce01477f8521d3",
                "sha256:0b872f95d0a439d5e5635396e9cb1ffa52241d26cdd52590acaee84400764308",
                "sha256:c3bb00901e6063243b1fbaefa14e481f8b1316c9c815ae4065992b449a60d61f",
                "sha256:9fd809dae4e52f6568643904015712c3e4ea7d52a58d58ad69ceb0caa63a6f30",
                "sha256:07343459e1c9f0ccb5e24eabac4fc281189938ffb81ca814d23740ccd30ad4b3",
                "sha256:817428fc35817a8e588993a4548a222fc0dd9ce5455c24838cc8f9aea3234c3a",
                "sha256:9c33867e1e560035c7e30c9f7cadfd0f67e7acd3373cfbef0096c472bdc30706",
                "sha256:719b1cbcfcdef285b6a4619fc43e271eb0f53757c08abba5f47367bf5d0e1d7f",
                "sha256:beda1086b5ecefe3fab2380f44f132ec0ae515619b4f107290b5a67d354945d7",
                "sha256:eeb6e3c1ce85840128c30bd95d38932442331f59757d7b2d08f9dd3f5de2dd0a",
                "sha256:83a498e66d5f886330937dee70e60fc5f6054ed2d41c33bb810e3450981b0b3a",
                "sha256:2a1e4a2daabf13ceb5ace02eef25981e76215f8b8b85aaee3c00d808c7536b98",
                "sha256:d1347d7bb58160f42713ead83cffebce6fc4cd61e3461ed83f700c217680de72",
                "sha256:90f2fdd6efbcf97036040b11504644dd75b7b8f2d3ba8f23987c949db772a11e",
                "sha256:4a63bfa8dc750c5ba64388a47c88dfb902d54a550558d59f24c892d5f902520b"
            ]
        },
        "Metadata": {
            "LastTagTime": "0001-01-01T00:00:00Z"
        }
    }
]
