2026-09-09 14:03:57,950 11 WARNING ? odoo.tools.config: option addons_path, no such directory '/mnt/enterprise-addons', skipped 
2026-09-09 14:03:57,950 11 WARNING ? odoo.tools.config: option addons_path, invalid addons directory '/mnt/extra-addons', skipped 
2026-09-09 14:03:57,950 11 WARNING ? odoo.tools.config: option --without-demo: since 19.0, invalid boolean value: 'all', assume True 
2026-09-09 14:03:57,950 11 WARNING ? odoo.tools.config: option addons_path, no such directory '/mnt/enterprise-addons', skipped 
2026-09-09 14:03:57,950 11 WARNING ? odoo.tools.config: option addons_path, invalid addons directory '/mnt/extra-addons', skipped 
2026-09-09 14:03:57,951 11 INFO ? odoo: Odoo version 19.0-20260817 
2026-09-09 14:03:57,951 11 INFO ? odoo: Using configuration file at /etc/odoo/odoo.conf 
2026-09-09 14:03:57,951 11 INFO ? odoo: addons paths: _NamespacePath(['/usr/lib/python3/dist-packages/odoo/addons', '/var/lib/odoo/addons/19.0', '/usr/lib/python3/dist-packages/addons']) 
2026-09-09 14:03:57,951 11 INFO ? odoo: database: odoo@db:5432 
2026-09-09 14:03:58,339 11 INFO qualification_source odoo.modules.loading: Initializing database qualification_source 
2026-09-09 14:03:58,927 11 INFO qualification_source odoo.modules.loading: loading 1 modules... 
2026-09-09 14:03:58,927 11 INFO qualification_source odoo.modules.loading: Loading module base (1/1) 
2026-09-09 14:03:58,945 11 INFO qualification_source odoo.registry: module base: creating or updating database tables 
2026-09-09 14:03:59,443 11 INFO qualification_source odoo.models: Prepare computation of ir.module.module.menus_by_module 
2026-09-09 14:03:59,443 11 INFO qualification_source odoo.models: Prepare computation of ir.module.module.reports_by_module 
2026-09-09 14:03:59,443 11 INFO qualification_source odoo.models: Prepare computation of ir.module.module.views_by_module 
2026-09-09 14:03:59,515 11 INFO qualification_source odoo.models: Prepare computation of res.partner.user_id 
2026-09-09 14:03:59,515 11 INFO qualification_source odoo.models: Prepare computation of res.partner.commercial_partner_id 
2026-09-09 14:03:59,515 11 INFO qualification_source odoo.models: Prepare computation of res.partner.complete_name 
2026-09-09 14:03:59,515 11 INFO qualification_source odoo.models: Prepare computation of res.partner.lang 
2026-09-09 14:03:59,515 11 INFO qualification_source odoo.models: Prepare computation of res.partner.company_registry 
2026-09-09 14:03:59,515 11 INFO qualification_source odoo.models: Prepare computation of res.partner.commercial_company_name 
2026-09-09 14:03:59,515 11 INFO qualification_source odoo.models: Prepare computation of res.partner.properties 
2026-09-09 14:03:59,515 11 INFO qualification_source odoo.models: Prepare computation of res.partner.partner_share 
2026-09-09 14:03:59,535 11 INFO qualification_source odoo.models: Prepare computation of res.currency.decimal_places 
2026-09-09 14:03:59,548 11 INFO qualification_source odoo.models: Prepare computation of res.company.uses_default_logo 
2026-09-09 14:03:59,548 11 INFO qualification_source odoo.models: Prepare computation of res.company.logo_web 
2026-09-09 14:03:59,550 11 INFO qualification_source odoo.models: Computing parent_path for table res_company... 
2026-09-09 14:03:59,566 11 INFO qualification_source odoo.models: Prepare computation of res.users.signature 
2026-09-09 14:03:59,566 11 INFO qualification_source odoo.models: Prepare computation of res.users.share 
2026-09-09 14:04:00,381 11 INFO qualification_source odoo.modules.loading: loading base/data/res_bank.xml 
2026-09-09 14:04:00,388 11 INFO qualification_source odoo.modules.loading: loading base/data/res.lang.csv 
2026-09-09 14:04:00,409 11 INFO qualification_source odoo.modules.loading: loading base/data/res_lang_data.xml 
2026-09-09 14:04:00,429 11 INFO qualification_source odoo.modules.loading: loading base/data/res_partner_data.xml 
2026-09-09 14:04:00,455 11 INFO qualification_source odoo.modules.loading: loading base/data/res_currency_data.xml 
2026-09-09 14:04:00,720 11 INFO qualification_source odoo.modules.loading: loading base/data/res_company_data.xml 
2026-09-09 14:04:00,726 11 INFO qualification_source odoo.modules.loading: loading base/data/res_users_data.xml 
2026-09-09 14:04:01,274 11 INFO qualification_source odoo.modules.loading: loading base/data/report_paperformat_data.xml 
2026-09-09 14:04:01,284 11 INFO qualification_source odoo.modules.loading: loading base/data/res_country_data.xml 
2026-09-09 14:04:01,662 11 INFO qualification_source odoo.modules.loading: loading base/data/ir_demo_data.xml 
2026-09-09 14:04:01,674 11 INFO qualification_source odoo.modules.loading: loading base/security/base_groups.xml 
2026-09-09 14:04:01,801 11 INFO qualification_source odoo.modules.loading: loading base/security/base_security.xml 
2026-09-09 14:04:01,900 11 INFO qualification_source odoo.modules.loading: loading base/wizard/wizard_ir_model_menu_create_views.xml 
2026-09-09 14:04:01,908 11 INFO qualification_source odoo.modules.loading: loading base/views/base_menus.xml 
2026-09-09 14:04:01,941 11 INFO qualification_source odoo.modules.loading: loading base/views/decimal_precision_views.xml 
2026-09-09 14:04:01,951 11 INFO qualification_source odoo.modules.loading: loading base/views/res_config_views.xml 
2026-09-09 14:04:01,955 11 INFO qualification_source odoo.modules.loading: loading base/data/res.country.state.csv 
2026-09-09 14:04:02,139 11 INFO qualification_source odoo.modules.loading: loading base/views/ir_actions_views.xml 
2026-09-09 14:04:02,223 11 INFO qualification_source odoo.modules.loading: loading base/views/ir_asset_views.xml 
2026-09-09 14:04:02,238 11 INFO qualification_source odoo.modules.loading: loading base/views/ir_config_parameter_views.xml 
2026-09-09 14:04:02,247 11 INFO qualification_source odoo.modules.loading: loading base/views/ir_cron_views.xml 
2026-09-09 14:04:02,270 11 INFO qualification_source odoo.modules.loading: loading base/views/ir_cron_trigger_views.xml 
2026-09-09 14:04:02,286 11 INFO qualification_source odoo.modules.loading: loading base/views/ir_filters_views.xml 
2026-09-09 14:04:02,309 11 INFO qualification_source odoo.modules.loading: loading base/views/ir_mail_server_views.xml 
2026-09-09 14:04:02,328 11 INFO qualification_source odoo.modules.loading: loading base/views/ir_model_views.xml 
2026-09-09 14:04:02,433 11 INFO qualification_source odoo.modules.loading: loading base/views/ir_attachment_views.xml 
2026-09-09 14:04:02,453 11 INFO qualification_source odoo.modules.loading: loading base/views/ir_rule_views.xml 
2026-09-09 14:04:02,464 11 INFO qualification_source odoo.modules.loading: loading base/views/ir_sequence_views.xml 
2026-09-09 14:04:02,476 11 INFO qualification_source odoo.modules.loading: loading base/views/ir_ui_menu_views.xml 
2026-09-09 14:04:02,489 11 INFO qualification_source odoo.modules.loading: loading base/views/ir_ui_view_views.xml 
2026-09-09 14:04:02,518 11 INFO qualification_source odoo.modules.loading: loading base/views/ir_default_views.xml 
2026-09-09 14:04:02,532 11 INFO qualification_source odoo.modules.loading: loading base/data/ir_config_parameter_data.xml 
2026-09-09 14:04:02,534 11 INFO qualification_source odoo.modules.loading: loading base/data/ir_cron_data.xml 
2026-09-09 14:04:02,545 11 INFO qualification_source odoo.modules.loading: loading base/report/ir_model_report.xml 
2026-09-09 14:04:02,549 11 INFO qualification_source odoo.modules.loading: loading base/report/ir_model_templates.xml 
2026-09-09 14:04:02,555 11 INFO qualification_source odoo.modules.loading: loading base/views/ir_logging_views.xml 
2026-09-09 14:04:02,572 11 INFO qualification_source odoo.modules.loading: loading base/views/ir_qweb_widget_templates.xml 
2026-09-09 14:04:02,584 11 INFO qualification_source odoo.modules.loading: loading base/views/ir_module_views.xml 
2026-09-09 14:04:02,631 11 INFO qualification_source odoo.modules.loading: loading base/data/ir_module_category_data.xml 
2026-09-09 14:04:02,661 11 INFO qualification_source odoo.modules.loading: loading base/data/ir_module_module.xml 
2026-09-09 14:04:02,709 11 INFO qualification_source odoo.modules.loading: loading base/report/ir_module_reports.xml 
2026-09-09 14:04:02,712 11 INFO qualification_source odoo.modules.loading: loading base/report/ir_module_report_templates.xml 
2026-09-09 14:04:02,716 11 INFO qualification_source odoo.modules.loading: loading base/wizard/base_module_update_views.xml 
2026-09-09 14:04:02,727 11 INFO qualification_source odoo.modules.loading: loading base/wizard/base_language_install_views.xml 
2026-09-09 14:04:02,741 11 INFO qualification_source odoo.modules.loading: loading base/wizard/base_import_language_views.xml 
2026-09-09 14:04:02,750 11 INFO qualification_source odoo.modules.loading: loading base/wizard/base_module_upgrade_views.xml 
2026-09-09 14:04:02,764 11 INFO qualification_source odoo.modules.loading: loading base/wizard/base_module_uninstall_views.xml 
2026-09-09 14:04:02,771 11 INFO qualification_source odoo.modules.loading: loading base/wizard/base_export_language_views.xml 
2026-09-09 14:04:02,780 11 INFO qualification_source odoo.modules.loading: loading base/wizard/base_partner_merge_views.xml 
2026-09-09 14:04:02,793 11 INFO qualification_source odoo.modules.loading: loading base/data/ir_demo_failure_data.xml 
2026-09-09 14:04:02,807 11 INFO qualification_source odoo.modules.loading: loading base/views/ir_profile_views.xml 
2026-09-09 14:04:02,827 11 INFO qualification_source odoo.modules.loading: loading base/views/res_company_views.xml 
2026-09-09 14:04:02,846 11 INFO qualification_source odoo.modules.loading: loading base/views/res_lang_views.xml 
2026-09-09 14:04:02,864 11 INFO qualification_source odoo.modules.loading: loading base/views/res_partner_views.xml 
2026-09-09 14:04:02,945 11 INFO qualification_source odoo.modules.loading: loading base/views/res_bank_views.xml 
2026-09-09 14:04:02,976 11 INFO qualification_source odoo.modules.loading: loading base/views/res_country_views.xml 
2026-09-09 14:04:03,014 11 INFO qualification_source odoo.modules.loading: loading base/views/res_currency_views.xml 
2026-09-09 14:04:03,038 11 INFO qualification_source odoo.modules.loading: loading base/views/res_groups_views.xml 
2026-09-09 14:04:03,063 11 INFO qualification_source odoo.modules.loading: loading base/views/res_users_views.xml 
2026-09-09 14:04:03,116 11 INFO qualification_source odoo.modules.loading: loading base/views/res_users_apikeys_views.xml 
2026-09-09 14:04:03,121 11 INFO qualification_source odoo.modules.loading: loading base/views/res_device_views.xml 
2026-09-09 14:04:03,134 11 INFO qualification_source odoo.modules.loading: loading base/views/res_users_identitycheck_views.xml 
2026-09-09 14:04:03,139 11 INFO qualification_source odoo.modules.loading: loading base/views/res_config_settings_views.xml 
2026-09-09 14:04:03,143 11 INFO qualification_source odoo.modules.loading: loading base/views/report_paperformat_views.xml 
2026-09-09 14:04:03,154 11 INFO qualification_source odoo.modules.loading: loading base/security/ir.model.access.csv 
2026-09-09 14:04:03,219 11 INFO qualification_source odoo.modules.loading: Module base loaded in 4.29s, 8454 queries (+8454 other) 
2026-09-09 14:04:03,219 11 INFO qualification_source odoo.modules.loading: 1 modules loaded in 4.29s, 8454 queries (+8454 extra) 
2026-09-09 14:04:03,221 11 INFO qualification_source odoo.modules.loading: updating modules list 
2026-09-09 14:04:03,222 11 INFO qualification_source odoo.addons.base.models.ir_module: ALLOW access to module.update_list on [] to user __system__ #1 via n/a 
2026-09-09 14:04:03,624 11 INFO qualification_source odoo.modules.loading: loading 14 modules... 
2026-09-09 14:04:03,624 11 INFO qualification_source odoo.modules.loading: Loading module rpc (2/14) 
2026-09-09 14:04:03,636 11 INFO qualification_source odoo.modules.loading: Module rpc loaded in 0.01s, 9 queries (+9 other) 
2026-09-09 14:04:03,636 11 INFO qualification_source odoo.modules.loading: Loading module web (3/14) 
2026-09-09 14:04:03,654 11 INFO qualification_source odoo.registry: module web: creating or updating database tables 
2026-09-09 14:04:03,914 11 INFO qualification_source odoo.modules.loading: loading web/security/ir.model.access.csv 
2026-09-09 14:04:03,920 11 INFO qualification_source odoo.modules.loading: loading web/security/web_security.xml 
2026-09-09 14:04:03,928 11 INFO qualification_source odoo.modules.loading: loading web/views/webclient_templates.xml 
2026-09-09 14:04:03,958 11 INFO qualification_source odoo.modules.loading: loading web/views/report_templates.xml 
2026-09-09 14:04:04,005 11 INFO qualification_source odoo.modules.loading: loading web/views/base_document_layout_views.xml 
2026-09-09 14:04:04,015 11 INFO qualification_source odoo.modules.loading: loading web/views/partner_view.xml 
2026-09-09 14:04:04,019 11 INFO qualification_source odoo.modules.loading: loading web/views/speedscope_template.xml 
2026-09-09 14:04:04,023 11 INFO qualification_source odoo.modules.loading: loading web/views/memory_template.xml 
2026-09-09 14:04:04,028 11 INFO qualification_source odoo.modules.loading: loading web/views/speedscope_config_wizard.xml 
2026-09-09 14:04:04,034 11 INFO qualification_source odoo.modules.loading: loading web/views/neutralize_views.xml 
2026-09-09 14:04:04,043 11 INFO qualification_source odoo.modules.loading: loading web/views/ir_ui_view_views.xml 
2026-09-09 14:04:04,052 11 INFO qualification_source odoo.modules.loading: loading web/data/ir_attachment.xml 
2026-09-09 14:04:04,056 11 INFO qualification_source odoo.modules.loading: loading web/data/report_layout.xml 
2026-09-09 14:04:04,094 11 INFO qualification_source odoo.modules.loading: Module web loaded in 0.46s, 1232 queries (+1232 other) 
2026-09-09 14:04:04,094 11 INFO qualification_source odoo.modules.loading: Loading module api_doc (4/14) 
2026-09-09 14:04:04,101 11 INFO qualification_source odoo.registry: module api_doc: creating or updating database tables 
2026-09-09 14:04:04,113 11 INFO qualification_source odoo.modules.loading: loading api_doc/security/res_groups.xml 
2026-09-09 14:04:04,124 11 INFO qualification_source odoo.modules.loading: loading api_doc/views/docclient.xml 
2026-09-09 14:04:04,135 11 INFO qualification_source odoo.modules.loading: Module api_doc loaded in 0.04s, 63 queries (+63 other) 
2026-09-09 14:04:04,136 11 INFO qualification_source odoo.modules.loading: Loading module auth_totp (5/14) 
2026-09-09 14:04:04,144 11 INFO qualification_source odoo.registry: module auth_totp: creating or updating database tables 
2026-09-09 14:04:04,183 11 INFO qualification_source odoo.modules.loading: loading auth_totp/security/security.xml 
2026-09-09 14:04:04,196 11 INFO qualification_source odoo.modules.loading: loading auth_totp/security/ir.model.access.csv 
2026-09-09 14:04:04,200 11 INFO qualification_source odoo.modules.loading: loading auth_totp/data/ir_action_data.xml 
2026-09-09 14:04:04,204 11 INFO qualification_source odoo.modules.loading: loading auth_totp/views/res_users_views.xml 
2026-09-09 14:04:04,221 11 INFO qualification_source odoo.modules.loading: loading auth_totp/views/templates.xml 
2026-09-09 14:04:04,226 11 INFO qualification_source odoo.modules.loading: loading auth_totp/wizard/auth_totp_wizard_views.xml 
2026-09-09 14:04:04,237 11 INFO qualification_source odoo.modules.loading: Module auth_totp loaded in 0.10s, 218 queries (+218 other) 
2026-09-09 14:04:04,237 11 INFO qualification_source odoo.modules.loading: Loading module base_import (6/14) 
2026-09-09 14:04:04,254 11 INFO qualification_source odoo.registry: module base_import: creating or updating database tables 
2026-09-09 14:04:04,486 11 INFO qualification_source odoo.modules.loading: loading base_import/security/ir.model.access.csv 
2026-09-09 14:04:04,498 11 INFO qualification_source odoo.modules.loading: Module base_import loaded in 0.26s, 956 queries (+956 other) 
2026-09-09 14:04:04,498 11 INFO qualification_source odoo.modules.loading: Loading module base_import_module (7/14) 
2026-09-09 14:04:04,504 11 INFO qualification_source odoo.registry: module base_import_module: creating or updating database tables 
2026-09-09 14:04:04,536 11 INFO qualification_source odoo.modules.loading: loading base_import_module/security/ir.model.access.csv 
2026-09-09 14:04:04,540 11 INFO qualification_source odoo.modules.loading: loading base_import_module/views/base_import_module_view.xml 
2026-09-09 14:04:04,552 11 INFO qualification_source odoo.modules.loading: loading base_import_module/views/ir_module_views.xml 
2026-09-09 14:04:04,579 11 INFO qualification_source odoo.modules.loading: Module base_import_module loaded in 0.08s, 172 queries (+172 other) 
2026-09-09 14:04:04,579 11 INFO qualification_source odoo.modules.loading: Loading module base_setup (8/14) 
2026-09-09 14:04:04,583 11 INFO qualification_source odoo.registry: module base_setup: creating or updating database tables 
2026-09-09 14:04:04,603 11 INFO qualification_source odoo.modules.loading: loading base_setup/data/base_setup_data.xml 
2026-09-09 14:04:04,606 11 INFO qualification_source odoo.modules.loading: loading base_setup/views/res_config_settings_views.xml 
2026-09-09 14:04:04,620 11 INFO qualification_source odoo.modules.loading: loading base_setup/views/res_partner_views.xml 
2026-09-09 14:04:04,637 11 INFO qualification_source odoo.modules.loading: Module base_setup loaded in 0.06s, 152 queries (+152 other) 
2026-09-09 14:04:04,637 11 INFO qualification_source odoo.modules.loading: Loading module bus (9/14) 
2026-09-09 14:04:04,651 11 INFO qualification_source odoo.registry: module bus: creating or updating database tables 
2026-09-09 14:04:04,710 11 INFO qualification_source odoo.modules.loading: loading bus/security/ir.model.access.csv 
2026-09-09 14:04:04,720 11 INFO qualification_source odoo.modules.loading: Module bus loaded in 0.08s, 159 queries (+159 other) 
2026-09-09 14:04:04,720 11 INFO qualification_source odoo.modules.loading: Loading module web_tour (10/14) 
2026-09-09 14:04:04,727 11 INFO qualification_source odoo.registry: module web_tour: creating or updating database tables 
2026-09-09 14:04:04,729 11 INFO qualification_source odoo.models: Prepare computation of res.users.tour_enabled 
2026-09-09 14:04:04,772 11 INFO qualification_source odoo.modules.loading: loading web_tour/security/ir.model.access.csv 
2026-09-09 14:04:04,776 11 INFO qualification_source odoo.modules.loading: loading web_tour/views/tour_views.xml 
2026-09-09 14:04:04,795 11 INFO qualification_source odoo.modules.loading: Module web_tour loaded in 0.08s, 180 queries (+180 other) 
2026-09-09 14:04:04,795 11 INFO qualification_source odoo.modules.loading: Loading module auth_passkey (11/14) 
2026-09-09 14:04:04,819 11 INFO qualification_source odoo.registry: module auth_passkey: creating or updating database tables 
2026-09-09 14:04:04,857 11 INFO qualification_source odoo.modules.loading: loading auth_passkey/views/auth_passkey_key_views.xml 
2026-09-09 14:04:04,868 11 INFO qualification_source odoo.modules.loading: loading auth_passkey/views/auth_passkey_login_templates.xml 
2026-09-09 14:04:04,874 11 INFO qualification_source odoo.modules.loading: loading auth_passkey/views/res_users_identitycheck_views.xml 
2026-09-09 14:04:04,879 11 INFO qualification_source odoo.modules.loading: loading auth_passkey/views/res_users_views.xml 
2026-09-09 14:04:04,889 11 INFO qualification_source odoo.modules.loading: loading auth_passkey/security/ir.model.access.csv 
2026-09-09 14:04:04,892 11 INFO qualification_source odoo.modules.loading: loading auth_passkey/security/security.xml 
2026-09-09 14:04:04,904 11 INFO qualification_source odoo.modules.loading: Module auth_passkey loaded in 0.11s, 218 queries (+218 other) 
2026-09-09 14:04:04,904 11 INFO qualification_source odoo.modules.loading: Loading module html_editor (12/14) 
2026-09-09 14:04:04,988 11 INFO qualification_source odoo.registry: module html_editor: creating or updating database tables 
2026-09-09 14:04:05,265 11 INFO qualification_source odoo.modules.loading: loading html_editor/security/ir.model.access.csv 
2026-09-09 14:04:05,272 11 INFO qualification_source odoo.modules.loading: Module html_editor loaded in 0.37s, 1034 queries (+1034 other) 
2026-09-09 14:04:05,272 11 INFO qualification_source odoo.modules.loading: Loading module iap (13/14) 
2026-09-09 14:04:05,274 11 INFO qualification_source odoo.registry: module iap: creating or updating database tables 
2026-09-09 14:04:05,311 11 INFO qualification_source odoo.modules.loading: loading iap/data/services.xml 
2026-09-09 14:04:05,314 11 INFO qualification_source odoo.modules.loading: loading iap/security/ir.model.access.csv 
2026-09-09 14:04:05,317 11 INFO qualification_source odoo.modules.loading: loading iap/security/ir_rule.xml 
2026-09-09 14:04:05,321 11 INFO qualification_source odoo.modules.loading: loading iap/views/iap_views.xml 
2026-09-09 14:04:05,333 11 INFO qualification_source odoo.modules.loading: loading iap/views/res_config_settings.xml 
2026-09-09 14:04:05,345 11 INFO qualification_source odoo.modules.loading: Module iap loaded in 0.07s, 182 queries (+182 other) 
2026-09-09 14:04:05,345 11 INFO qualification_source odoo.modules.loading: Loading module web_unsplash (14/14) 
2026-09-09 14:04:05,349 11 INFO qualification_source odoo.registry: module web_unsplash: creating or updating database tables 
2026-09-09 14:04:05,365 11 INFO qualification_source odoo.modules.loading: loading web_unsplash/views/res_config_settings_view.xml 
2026-09-09 14:04:05,377 11 INFO qualification_source odoo.modules.loading: Module web_unsplash loaded in 0.03s, 93 queries (+93 other) 
2026-09-09 14:04:05,377 11 INFO qualification_source odoo.modules.loading: 14 modules loaded in 1.75s, 4668 queries (+4668 extra) 
2026-09-09 14:04:05,463 11 INFO qualification_source odoo.modules.loading: Modules loaded. 
2026-09-09 14:04:05,467 11 INFO qualification_source odoo.registry: Registry changed, signaling through the database 
2026-09-09 14:04:05,468 11 INFO qualification_source odoo.registry: Registry loaded in 7.178s 
2026-09-09 14:04:05,468 11 INFO qualification_source odoo.service.server: Initiating shutdown 
2026-09-09 14:04:05,468 11 INFO qualification_source odoo.service.server: Hit CTRL-C again or send a second signal to force the shutdown. 
2026-09-09 14:04:05,468 11 INFO qualification_source odoo.sql_db: ConnectionPool(read/write;used=0/count=0/max=64): Closed 1 connections  
