2026-09-09 14:27:37,409 1 WARNING ? odoo.tools.config: option --without-demo: since 19.0, invalid boolean value: 'all', assume True 
2026-09-09 14:27:37,409 1 INFO ? odoo: Odoo version 19.0-20260817 
2026-09-09 14:27:37,409 1 INFO ? odoo: Using configuration file at /etc/odoo/odoo.conf 
2026-09-09 14:27:37,409 1 INFO ? odoo: addons paths: _NamespacePath(['/usr/lib/python3/dist-packages/odoo/addons', '/var/lib/odoo/addons/19.0', '/mnt/enterprise-addons', '/mnt/extra-addons', '/usr/lib/python3/dist-packages/addons']) 
2026-09-09 14:27:37,409 1 INFO ? odoo: database: odoo@db:5432 
2026-09-09 14:27:37,689 1 INFO ? odoo.service.server: Initiating shutdown 
2026-09-09 14:27:37,689 1 INFO ? odoo.service.server: Hit CTRL-C again or send a second signal to force the shutdown. 
2026-09-09 14:27:37,708 1 INFO lab_client odoo.modules.loading: loading 1 modules... 
2026-09-09 14:27:37,713 1 INFO lab_client odoo.modules.loading: 1 modules loaded in 0.00s, 0 queries (+0 extra) 
2026-09-09 14:27:37,721 1 INFO lab_client odoo.modules.loading: loading 21 modules... 
2026-09-09 14:27:37,870 1 INFO lab_client odoo.modules.loading: 21 modules loaded in 0.15s, 0 queries (+0 extra) 
2026-09-09 14:27:37,915 1 INFO lab_client odoo.modules.loading: Modules loaded. 
2026-09-09 14:27:37,929 1 INFO lab_client odoo.registry: Registry loaded in 0.240s 
VERSION_INSTALLEE 19.0.1.2.0 installed
id  libelle                        j   tarif     type     D-02     D-03   ecart
1   Location 3 jours               3    10.0   rental     30.0     30.0     0.0
2   Location 4 jours               4    10.0   rental     52.0     40.0   -12.0
3   Location 7 jours               7    20.0   rental    152.0    155.0     3.0
4   Location 5 jours tarif nul     5     0.0   rental     12.0     15.0     3.0
5   Location vide                  0     0.0   rental      0.0      0.0     0.0
6   Pret 4 jours                   4    10.0     loan     40.0     40.0     0.0
7   Pret 10 jours                 10    10.0     loan    100.0    100.0     0.0
