2026-09-09 14:18:55,065 1 WARNING ? odoo.tools.config: option --without-demo: since 19.0, invalid boolean value: 'all', assume True 
2026-09-09 14:18:55,065 1 INFO ? odoo: Odoo version 19.0-20260817 
2026-09-09 14:18:55,065 1 INFO ? odoo: Using configuration file at /etc/odoo/odoo.conf 
2026-09-09 14:18:55,065 1 INFO ? odoo: addons paths: _NamespacePath(['/usr/lib/python3/dist-packages/odoo/addons', '/var/lib/odoo/addons/19.0', '/mnt/enterprise-addons', '/mnt/extra-addons', '/usr/lib/python3/dist-packages/addons']) 
2026-09-09 14:18:55,065 1 INFO ? odoo: database: odoo@db:5432 
2026-09-09 14:18:55,285 1 INFO lab_client odoo.modules.loading: loading 1 modules... 
2026-09-09 14:18:55,288 1 INFO lab_client odoo.modules.loading: 1 modules loaded in 0.00s, 0 queries (+0 extra) 
2026-09-09 14:18:55,304 1 INFO lab_client odoo.modules.loading: updating modules list 
2026-09-09 14:18:55,305 1 INFO lab_client odoo.addons.base.models.ir_module: ALLOW access to module.update_list on [] to user __system__ #1 via n/a 
2026-09-09 14:18:56,697 1 INFO lab_client odoo.addons.base.models.ir_module: ALLOW access to module.button_upgrade on ['Atelier Boréal — frais de préparation des locations'] to user __system__ #1 via n/a 
2026-09-09 14:18:56,697 1 INFO lab_client odoo.addons.base.models.ir_module: ALLOW access to module.update_list on ['Atelier Boréal — frais de préparation des locations'] to user __system__ #1 via n/a 
2026-09-09 14:18:57,639 1 INFO lab_client odoo.addons.base.models.ir_module: ALLOW access to module.button_install on [] to user __system__ #1 via n/a 
2026-09-09 14:18:57,657 1 INFO lab_client odoo.modules.loading: loading 21 modules... 
2026-09-09 14:18:57,657 1 INFO lab_client odoo.modules.loading: Loading module lab_rental (2/21) 
2026-09-09 14:18:57,660 1 INFO lab_client odoo.registry: module lab_rental: creating or updating database tables 
2026-09-09 14:18:57,676 1 INFO lab_client odoo.modules.loading: loading lab_rental/security/ir.model.access.csv 
2026-09-09 14:18:57,680 1 INFO lab_client odoo.modules.migration: module lab_rental: Running upgrade [19.0.1.1.0>] post-migrate 
2026-09-09 14:18:57,685 1 INFO lab_client odoo.modules.loading: Module lab_rental loaded in 0.03s, 44 queries (+44 other) 
2026-09-09 14:18:57,800 1 INFO lab_client odoo.modules.loading: 21 modules loaded in 0.14s, 44 queries (+44 extra) 
2026-09-09 14:18:57,858 1 INFO lab_client odoo.registry: verifying fields for every extended model 
2026-09-09 14:18:57,933 1 INFO lab_client odoo.modules.loading: Modules loaded. 
2026-09-09 14:18:57,938 1 INFO lab_client odoo.registry: Registry changed, signaling through the database 
2026-09-09 14:18:57,939 1 INFO lab_client odoo.registry: Registry loaded in 2.671s 
2026-09-09 14:18:57,939 1 INFO lab_client odoo.service.server: Initiating shutdown 
2026-09-09 14:18:57,939 1 INFO lab_client odoo.service.server: Hit CTRL-C again or send a second signal to force the shutdown. 
2026-09-09 14:18:57,939 1 INFO lab_client odoo.sql_db: ConnectionPool(read/write;used=0/count=0/max=64): Closed 1 connections  
