2026-09-09 14:13:32,434 1 WARNING ? odoo.tools.config: option --without-demo: since 19.0, invalid boolean value: 'all', assume True 
2026-09-09 14:13:32,434 1 INFO ? odoo: Odoo version 19.0-20260817 
2026-09-09 14:13:32,435 1 INFO ? odoo: Using configuration file at /etc/odoo/odoo.conf 
2026-09-09 14:13:32,435 1 INFO ? odoo: addons paths: _NamespacePath(['/usr/lib/python3/dist-packages/odoo/addons', '/var/lib/odoo/addons/19.0', '/mnt/enterprise-addons', '/mnt/extra-addons', '/usr/lib/python3/dist-packages/addons']) 
2026-09-09 14:13:32,435 1 INFO ? odoo: database: odoo@db:5432 
2026-09-09 14:13:32,644 1 INFO lab_client odoo.modules.loading: Initializing database lab_client 
2026-09-09 14:13:33,630 1 WARNING lab_client odoo.modules.module: Missing `author` key in manifest for 'lab_rental', defaulting to '' 
2026-09-09 14:13:33,630 1 WARNING lab_client odoo.modules.module: Missing `author` key in manifest for 'lab_rental', defaulting to '' 
2026-09-09 14:13:34,215 1 INFO lab_client odoo.modules.loading: loading 1 modules... 
2026-09-09 14:13:34,215 1 INFO lab_client odoo.modules.loading: Loading module base (1/1) 
2026-09-09 14:13:34,230 1 INFO lab_client odoo.registry: module base: creating or updating database tables 
2026-09-09 14:13:34,370 1 INFO lab_client odoo.models: Prepare computation of ir.module.module.menus_by_module 
2026-09-09 14:13:34,370 1 INFO lab_client odoo.models: Prepare computation of ir.module.module.reports_by_module 
2026-09-09 14:13:34,370 1 INFO lab_client odoo.models: Prepare computation of ir.module.module.views_by_module 
2026-09-09 14:13:34,417 1 INFO lab_client odoo.models: Prepare computation of res.partner.user_id 
2026-09-09 14:13:34,417 1 INFO lab_client odoo.models: Prepare computation of res.partner.commercial_partner_id 
2026-09-09 14:13:34,417 1 INFO lab_client odoo.models: Prepare computation of res.partner.complete_name 
2026-09-09 14:13:34,417 1 INFO lab_client odoo.models: Prepare computation of res.partner.lang 
2026-09-09 14:13:34,417 1 INFO lab_client odoo.models: Prepare computation of res.partner.company_registry 
2026-09-09 14:13:34,417 1 INFO lab_client odoo.models: Prepare computation of res.partner.commercial_company_name 
2026-09-09 14:13:34,417 1 INFO lab_client odoo.models: Prepare computation of res.partner.properties 
2026-09-09 14:13:34,417 1 INFO lab_client odoo.models: Prepare computation of res.partner.partner_share 
2026-09-09 14:13:34,436 1 INFO lab_client odoo.models: Prepare computation of res.currency.decimal_places 
2026-09-09 14:13:34,447 1 INFO lab_client odoo.models: Prepare computation of res.company.uses_default_logo 
2026-09-09 14:13:34,447 1 INFO lab_client odoo.models: Prepare computation of res.company.logo_web 
2026-09-09 14:13:34,448 1 INFO lab_client odoo.models: Computing parent_path for table res_company... 
2026-09-09 14:13:34,464 1 INFO lab_client odoo.models: Prepare computation of res.users.signature 
2026-09-09 14:13:34,464 1 INFO lab_client odoo.models: Prepare computation of res.users.share 
2026-09-09 14:13:35,329 1 INFO lab_client odoo.modules.loading: loading base/data/res_bank.xml 
2026-09-09 14:13:35,332 1 INFO lab_client odoo.modules.loading: loading base/data/res.lang.csv 
2026-09-09 14:13:35,352 1 INFO lab_client odoo.modules.loading: loading base/data/res_lang_data.xml 
2026-09-09 14:13:35,370 1 INFO lab_client odoo.modules.loading: loading base/data/res_partner_data.xml 
2026-09-09 14:13:35,403 1 INFO lab_client odoo.modules.loading: loading base/data/res_currency_data.xml 
2026-09-09 14:13:35,671 1 INFO lab_client odoo.modules.loading: loading base/data/res_company_data.xml 
2026-09-09 14:13:35,675 1 INFO lab_client odoo.modules.loading: loading base/data/res_users_data.xml 
2026-09-09 14:13:36,308 1 INFO lab_client odoo.modules.loading: loading base/data/report_paperformat_data.xml 
2026-09-09 14:13:36,313 1 INFO lab_client odoo.modules.loading: loading base/data/res_country_data.xml 
2026-09-09 14:13:36,660 1 INFO lab_client odoo.modules.loading: loading base/data/ir_demo_data.xml 
2026-09-09 14:13:36,669 1 INFO lab_client odoo.modules.loading: loading base/security/base_groups.xml 
2026-09-09 14:13:36,778 1 INFO lab_client odoo.modules.loading: loading base/security/base_security.xml 
2026-09-09 14:13:36,872 1 INFO lab_client odoo.modules.loading: loading base/wizard/wizard_ir_model_menu_create_views.xml 
2026-09-09 14:13:36,881 1 INFO lab_client odoo.modules.loading: loading base/views/base_menus.xml 
2026-09-09 14:13:36,913 1 INFO lab_client odoo.modules.loading: loading base/views/decimal_precision_views.xml 
2026-09-09 14:13:36,926 1 INFO lab_client odoo.modules.loading: loading base/views/res_config_views.xml 
2026-09-09 14:13:36,930 1 INFO lab_client odoo.modules.loading: loading base/data/res.country.state.csv 
2026-09-09 14:13:37,128 1 INFO lab_client odoo.modules.loading: loading base/views/ir_actions_views.xml 
2026-09-09 14:13:37,266 1 INFO lab_client odoo.modules.loading: loading base/views/ir_asset_views.xml 
2026-09-09 14:13:37,280 1 INFO lab_client odoo.modules.loading: loading base/views/ir_config_parameter_views.xml 
2026-09-09 14:13:37,293 1 INFO lab_client odoo.modules.loading: loading base/views/ir_cron_views.xml 
2026-09-09 14:13:37,319 1 INFO lab_client odoo.modules.loading: loading base/views/ir_cron_trigger_views.xml 
2026-09-09 14:13:37,333 1 INFO lab_client odoo.modules.loading: loading base/views/ir_filters_views.xml 
2026-09-09 14:13:37,354 1 INFO lab_client odoo.modules.loading: loading base/views/ir_mail_server_views.xml 
2026-09-09 14:13:37,370 1 INFO lab_client odoo.modules.loading: loading base/views/ir_model_views.xml 
2026-09-09 14:13:37,465 1 INFO lab_client odoo.modules.loading: loading base/views/ir_attachment_views.xml 
2026-09-09 14:13:37,477 1 INFO lab_client odoo.modules.loading: loading base/views/ir_rule_views.xml 
2026-09-09 14:13:37,488 1 INFO lab_client odoo.modules.loading: loading base/views/ir_sequence_views.xml 
2026-09-09 14:13:37,501 1 INFO lab_client odoo.modules.loading: loading base/views/ir_ui_menu_views.xml 
2026-09-09 14:13:37,512 1 INFO lab_client odoo.modules.loading: loading base/views/ir_ui_view_views.xml 
2026-09-09 14:13:37,541 1 INFO lab_client odoo.modules.loading: loading base/views/ir_default_views.xml 
2026-09-09 14:13:37,560 1 INFO lab_client odoo.modules.loading: loading base/data/ir_config_parameter_data.xml 
2026-09-09 14:13:37,563 1 INFO lab_client odoo.modules.loading: loading base/data/ir_cron_data.xml 
2026-09-09 14:13:37,578 1 INFO lab_client odoo.modules.loading: loading base/report/ir_model_report.xml 
2026-09-09 14:13:37,583 1 INFO lab_client odoo.modules.loading: loading base/report/ir_model_templates.xml 
2026-09-09 14:13:37,590 1 INFO lab_client odoo.modules.loading: loading base/views/ir_logging_views.xml 
2026-09-09 14:13:37,611 1 INFO lab_client odoo.modules.loading: loading base/views/ir_qweb_widget_templates.xml 
2026-09-09 14:13:37,626 1 INFO lab_client odoo.modules.loading: loading base/views/ir_module_views.xml 
2026-09-09 14:13:37,683 1 INFO lab_client odoo.modules.loading: loading base/data/ir_module_category_data.xml 
2026-09-09 14:13:37,714 1 INFO lab_client odoo.modules.loading: loading base/data/ir_module_module.xml 
2026-09-09 14:13:37,745 1 INFO lab_client odoo.modules.loading: loading base/report/ir_module_reports.xml 
2026-09-09 14:13:37,748 1 INFO lab_client odoo.modules.loading: loading base/report/ir_module_report_templates.xml 
2026-09-09 14:13:37,755 1 INFO lab_client odoo.modules.loading: loading base/wizard/base_module_update_views.xml 
2026-09-09 14:13:37,768 1 INFO lab_client odoo.modules.loading: loading base/wizard/base_language_install_views.xml 
2026-09-09 14:13:37,781 1 INFO lab_client odoo.modules.loading: loading base/wizard/base_import_language_views.xml 
2026-09-09 14:13:37,793 1 INFO lab_client odoo.modules.loading: loading base/wizard/base_module_upgrade_views.xml 
2026-09-09 14:13:37,811 1 INFO lab_client odoo.modules.loading: loading base/wizard/base_module_uninstall_views.xml 
2026-09-09 14:13:37,821 1 INFO lab_client odoo.modules.loading: loading base/wizard/base_export_language_views.xml 
2026-09-09 14:13:37,834 1 INFO lab_client odoo.modules.loading: loading base/wizard/base_partner_merge_views.xml 
2026-09-09 14:13:37,850 1 INFO lab_client odoo.modules.loading: loading base/data/ir_demo_failure_data.xml 
2026-09-09 14:13:37,867 1 INFO lab_client odoo.modules.loading: loading base/views/ir_profile_views.xml 
2026-09-09 14:13:37,889 1 INFO lab_client odoo.modules.loading: loading base/views/res_company_views.xml 
2026-09-09 14:13:37,907 1 INFO lab_client odoo.modules.loading: loading base/views/res_lang_views.xml 
2026-09-09 14:13:37,923 1 INFO lab_client odoo.modules.loading: loading base/views/res_partner_views.xml 
2026-09-09 14:13:37,977 1 INFO lab_client odoo.modules.loading: loading base/views/res_bank_views.xml 
2026-09-09 14:13:37,998 1 INFO lab_client odoo.modules.loading: loading base/views/res_country_views.xml 
2026-09-09 14:13:38,024 1 INFO lab_client odoo.modules.loading: loading base/views/res_currency_views.xml 
2026-09-09 14:13:38,054 1 INFO lab_client odoo.modules.loading: loading base/views/res_groups_views.xml 
2026-09-09 14:13:38,091 1 INFO lab_client odoo.modules.loading: loading base/views/res_users_views.xml 
2026-09-09 14:13:38,175 1 INFO lab_client odoo.modules.loading: loading base/views/res_users_apikeys_views.xml 
2026-09-09 14:13:38,180 1 INFO lab_client odoo.modules.loading: loading base/views/res_device_views.xml 
2026-09-09 14:13:38,193 1 INFO lab_client odoo.modules.loading: loading base/views/res_users_identitycheck_views.xml 
2026-09-09 14:13:38,201 1 INFO lab_client odoo.modules.loading: loading base/views/res_config_settings_views.xml 
2026-09-09 14:13:38,208 1 INFO lab_client odoo.modules.loading: loading base/views/report_paperformat_views.xml 
2026-09-09 14:13:38,231 1 INFO lab_client odoo.modules.loading: loading base/security/ir.model.access.csv 
2026-09-09 14:13:38,338 1 INFO lab_client odoo.modules.loading: Module base loaded in 4.12s, 8374 queries (+8374 other) 
2026-09-09 14:13:38,338 1 INFO lab_client odoo.modules.loading: 1 modules loaded in 4.12s, 8374 queries (+8374 extra) 
2026-09-09 14:13:38,341 1 INFO lab_client odoo.modules.loading: updating modules list 
2026-09-09 14:13:38,342 1 INFO lab_client odoo.addons.base.models.ir_module: ALLOW access to module.update_list on [] to user __system__ #1 via n/a 
2026-09-09 14:13:39,307 1 WARNING lab_client odoo.modules.module: Missing `author` key in manifest for 'lab_rental', defaulting to '' 
2026-09-09 14:13:39,747 1 INFO lab_client odoo.addons.base.models.ir_module: ALLOW access to module.button_install on ['Atelier Boréal — frais de préparation des locations'] to user __system__ #1 via n/a 
2026-09-09 14:13:39,803 1 INFO lab_client odoo.modules.loading: loading 21 modules... 
2026-09-09 14:13:39,803 1 INFO lab_client odoo.modules.loading: Loading module lab_rental (2/21) 
2026-09-09 14:13:39,809 1 INFO lab_client odoo.registry: module lab_rental: creating or updating database tables 
2026-09-09 14:13:39,835 1 INFO lab_client odoo.modules.loading: loading lab_rental/security/ir.model.access.csv 
2026-09-09 14:13:39,844 1 INFO lab_client odoo.modules.loading: Module lab_rental loaded in 0.04s, 53 queries (+53 other) 
2026-09-09 14:13:39,844 1 INFO lab_client odoo.modules.loading: Loading module rpc (3/21) 
2026-09-09 14:13:39,856 1 INFO lab_client odoo.modules.loading: Module rpc loaded in 0.01s, 10 queries (+10 other) 
2026-09-09 14:13:39,856 1 INFO lab_client odoo.modules.loading: Loading module web (4/21) 
2026-09-09 14:13:39,878 1 INFO lab_client odoo.registry: module web: creating or updating database tables 
2026-09-09 14:13:40,157 1 INFO lab_client odoo.modules.loading: loading web/security/ir.model.access.csv 
2026-09-09 14:13:40,161 1 INFO lab_client odoo.modules.loading: loading web/security/web_security.xml 
2026-09-09 14:13:40,167 1 INFO lab_client odoo.modules.loading: loading web/views/webclient_templates.xml 
2026-09-09 14:13:40,200 1 INFO lab_client odoo.modules.loading: loading web/views/report_templates.xml 
2026-09-09 14:13:40,255 1 INFO lab_client odoo.modules.loading: loading web/views/base_document_layout_views.xml 
2026-09-09 14:13:40,263 1 INFO lab_client odoo.modules.loading: loading web/views/partner_view.xml 
2026-09-09 14:13:40,267 1 INFO lab_client odoo.modules.loading: loading web/views/speedscope_template.xml 
2026-09-09 14:13:40,270 1 INFO lab_client odoo.modules.loading: loading web/views/memory_template.xml 
2026-09-09 14:13:40,273 1 INFO lab_client odoo.modules.loading: loading web/views/speedscope_config_wizard.xml 
2026-09-09 14:13:40,276 1 INFO lab_client odoo.modules.loading: loading web/views/neutralize_views.xml 
2026-09-09 14:13:40,281 1 INFO lab_client odoo.modules.loading: loading web/views/ir_ui_view_views.xml 
2026-09-09 14:13:40,286 1 INFO lab_client odoo.modules.loading: loading web/data/ir_attachment.xml 
2026-09-09 14:13:40,289 1 INFO lab_client odoo.modules.loading: loading web/data/report_layout.xml 
2026-09-09 14:13:40,312 1 INFO lab_client odoo.modules.loading: Module web loaded in 0.46s, 1237 queries (+1237 other) 
2026-09-09 14:13:40,312 1 INFO lab_client odoo.modules.loading: Loading module api_doc (5/21) 
2026-09-09 14:13:40,316 1 INFO lab_client odoo.registry: module api_doc: creating or updating database tables 
2026-09-09 14:13:40,325 1 INFO lab_client odoo.modules.loading: loading api_doc/security/res_groups.xml 
2026-09-09 14:13:40,338 1 INFO lab_client odoo.modules.loading: loading api_doc/views/docclient.xml 
2026-09-09 14:13:40,347 1 INFO lab_client odoo.modules.loading: Module api_doc loaded in 0.03s, 63 queries (+63 other) 
2026-09-09 14:13:40,347 1 INFO lab_client odoo.modules.loading: Loading module auth_totp (6/21) 
2026-09-09 14:13:40,355 1 INFO lab_client odoo.registry: module auth_totp: creating or updating database tables 
2026-09-09 14:13:40,391 1 INFO lab_client odoo.modules.loading: loading auth_totp/security/security.xml 
2026-09-09 14:13:40,404 1 INFO lab_client odoo.modules.loading: loading auth_totp/security/ir.model.access.csv 
2026-09-09 14:13:40,407 1 INFO lab_client odoo.modules.loading: loading auth_totp/data/ir_action_data.xml 
2026-09-09 14:13:40,411 1 INFO lab_client odoo.modules.loading: loading auth_totp/views/res_users_views.xml 
2026-09-09 14:13:40,427 1 INFO lab_client odoo.modules.loading: loading auth_totp/views/templates.xml 
2026-09-09 14:13:40,432 1 INFO lab_client odoo.modules.loading: loading auth_totp/wizard/auth_totp_wizard_views.xml 
2026-09-09 14:13:40,443 1 INFO lab_client odoo.modules.loading: Module auth_totp loaded in 0.10s, 218 queries (+218 other) 
2026-09-09 14:13:40,443 1 INFO lab_client odoo.modules.loading: Loading module base_import (7/21) 
2026-09-09 14:13:40,463 1 INFO lab_client odoo.registry: module base_import: creating or updating database tables 
2026-09-09 14:13:40,690 1 INFO lab_client odoo.modules.loading: loading base_import/security/ir.model.access.csv 
2026-09-09 14:13:40,698 1 INFO lab_client odoo.modules.loading: Module base_import loaded in 0.26s, 961 queries (+961 other) 
2026-09-09 14:13:40,698 1 INFO lab_client odoo.modules.loading: Loading module base_import_module (8/21) 
2026-09-09 14:13:40,702 1 INFO lab_client odoo.registry: module base_import_module: creating or updating database tables 
2026-09-09 14:13:40,739 1 INFO lab_client odoo.modules.loading: loading base_import_module/security/ir.model.access.csv 
2026-09-09 14:13:40,742 1 INFO lab_client odoo.modules.loading: loading base_import_module/views/base_import_module_view.xml 
2026-09-09 14:13:40,755 1 INFO lab_client odoo.modules.loading: loading base_import_module/views/ir_module_views.xml 
2026-09-09 14:13:40,793 1 INFO lab_client odoo.modules.loading: Module base_import_module loaded in 0.09s, 172 queries (+172 other) 
2026-09-09 14:13:40,793 1 INFO lab_client odoo.modules.loading: Loading module base_setup (9/21) 
2026-09-09 14:13:40,800 1 INFO lab_client odoo.registry: module base_setup: creating or updating database tables 
2026-09-09 14:13:40,838 1 INFO lab_client odoo.modules.loading: loading base_setup/data/base_setup_data.xml 
2026-09-09 14:13:40,842 1 INFO lab_client odoo.modules.loading: loading base_setup/views/res_config_settings_views.xml 
2026-09-09 14:13:40,871 1 INFO lab_client odoo.modules.loading: loading base_setup/views/res_partner_views.xml 
2026-09-09 14:13:40,885 1 INFO lab_client odoo.modules.loading: Module base_setup loaded in 0.09s, 152 queries (+152 other) 
2026-09-09 14:13:40,885 1 INFO lab_client odoo.modules.loading: Loading module bus (10/21) 
2026-09-09 14:13:40,898 1 INFO lab_client odoo.registry: module bus: creating or updating database tables 
2026-09-09 14:13:40,962 1 INFO lab_client odoo.modules.loading: loading bus/security/ir.model.access.csv 
2026-09-09 14:13:40,967 1 INFO lab_client odoo.modules.loading: Module bus loaded in 0.08s, 159 queries (+159 other) 
2026-09-09 14:13:40,967 1 INFO lab_client odoo.modules.loading: Loading module web_cohort (11/21) 
2026-09-09 14:13:40,988 1 INFO lab_client odoo.registry: module web_cohort: creating or updating database tables 
2026-09-09 14:13:41,293 1 INFO lab_client odoo.modules.loading: Module web_cohort loaded in 0.33s, 947 queries (+947 other) 
2026-09-09 14:13:41,293 1 INFO lab_client odoo.modules.loading: Loading module web_gantt (12/21) 
2026-09-09 14:13:41,321 1 INFO lab_client odoo.registry: module web_gantt: creating or updating database tables 
2026-09-09 14:13:41,590 1 INFO lab_client odoo.modules.loading: Module web_gantt loaded in 0.30s, 943 queries (+943 other) 
2026-09-09 14:13:41,590 1 INFO lab_client odoo.modules.loading: Loading module web_grid (13/21) 
2026-09-09 14:13:41,617 1 INFO lab_client odoo.registry: module web_grid: creating or updating database tables 
2026-09-09 14:13:41,933 1 INFO lab_client odoo.modules.loading: Module web_grid loaded in 0.34s, 943 queries (+943 other) 
2026-09-09 14:13:41,933 1 INFO lab_client odoo.modules.loading: Loading module web_tour (14/21) 
2026-09-09 14:13:41,940 1 INFO lab_client odoo.registry: module web_tour: creating or updating database tables 
2026-09-09 14:13:41,944 1 INFO lab_client odoo.models: Prepare computation of res.users.tour_enabled 
2026-09-09 14:13:41,996 1 INFO lab_client odoo.modules.loading: loading web_tour/security/ir.model.access.csv 
2026-09-09 14:13:42,004 1 INFO lab_client odoo.modules.loading: loading web_tour/views/tour_views.xml 
2026-09-09 14:13:42,042 1 INFO lab_client odoo.modules.loading: Module web_tour loaded in 0.11s, 180 queries (+180 other) 
2026-09-09 14:13:42,042 1 INFO lab_client odoo.modules.loading: Loading module auth_passkey (15/21) 
2026-09-09 14:13:42,076 1 INFO lab_client odoo.registry: module auth_passkey: creating or updating database tables 
2026-09-09 14:13:42,116 1 INFO lab_client odoo.modules.loading: loading auth_passkey/views/auth_passkey_key_views.xml 
2026-09-09 14:13:42,135 1 INFO lab_client odoo.modules.loading: loading auth_passkey/views/auth_passkey_login_templates.xml 
2026-09-09 14:13:42,145 1 INFO lab_client odoo.modules.loading: loading auth_passkey/views/res_users_identitycheck_views.xml 
2026-09-09 14:13:42,153 1 INFO lab_client odoo.modules.loading: loading auth_passkey/views/res_users_views.xml 
2026-09-09 14:13:42,170 1 INFO lab_client odoo.modules.loading: loading auth_passkey/security/ir.model.access.csv 
2026-09-09 14:13:42,177 1 INFO lab_client odoo.modules.loading: loading auth_passkey/security/security.xml 
2026-09-09 14:13:42,201 1 INFO lab_client odoo.modules.loading: Module auth_passkey loaded in 0.16s, 218 queries (+218 other) 
2026-09-09 14:13:42,201 1 INFO lab_client odoo.modules.loading: Loading module html_editor (16/21) 
2026-09-09 14:13:42,301 1 INFO lab_client odoo.registry: module html_editor: creating or updating database tables 
2026-09-09 14:13:42,640 1 INFO lab_client odoo.modules.loading: loading html_editor/security/ir.model.access.csv 
2026-09-09 14:13:42,652 1 INFO lab_client odoo.modules.loading: Module html_editor loaded in 0.45s, 1035 queries (+1035 other) 
2026-09-09 14:13:42,652 1 INFO lab_client odoo.modules.loading: Loading module iap (17/21) 
2026-09-09 14:13:42,655 1 INFO lab_client odoo.registry: module iap: creating or updating database tables 
2026-09-09 14:13:42,692 1 INFO lab_client odoo.modules.loading: loading iap/data/services.xml 
2026-09-09 14:13:42,694 1 INFO lab_client odoo.modules.loading: loading iap/security/ir.model.access.csv 
2026-09-09 14:13:42,697 1 INFO lab_client odoo.modules.loading: loading iap/security/ir_rule.xml 
2026-09-09 14:13:42,700 1 INFO lab_client odoo.modules.loading: loading iap/views/iap_views.xml 
2026-09-09 14:13:42,713 1 INFO lab_client odoo.modules.loading: loading iap/views/res_config_settings.xml 
2026-09-09 14:13:42,730 1 INFO lab_client odoo.modules.loading: Module iap loaded in 0.08s, 182 queries (+182 other) 
2026-09-09 14:13:42,730 1 INFO lab_client odoo.modules.loading: Loading module web_enterprise (18/21) 
2026-09-09 14:13:42,736 1 INFO lab_client odoo.registry: module web_enterprise: creating or updating database tables 
2026-09-09 14:13:42,757 1 INFO lab_client odoo.modules.loading: loading web_enterprise/views/webclient_templates.xml 
2026-09-09 14:13:42,766 1 INFO lab_client odoo.modules.loading: loading web_enterprise/views/res_users_views.xml 
2026-09-09 14:13:42,782 1 INFO lab_client odoo.modules.loading: Module web_enterprise loaded in 0.05s, 113 queries (+113 other) 
2026-09-09 14:13:42,782 1 INFO lab_client odoo.modules.loading: Loading module web_map (19/21) 
2026-09-09 14:13:42,806 1 INFO lab_client odoo.registry: module web_map: creating or updating database tables 
2026-09-09 14:13:42,817 1 INFO lab_client odoo.models: Prepare computation of res.partner.contact_address_complete 
2026-09-09 14:13:43,114 1 INFO lab_client odoo.modules.loading: loading web_map/views/res_config_settings.xml 
2026-09-09 14:13:43,132 1 INFO lab_client odoo.modules.loading: loading web_map/views/res_partner_views.xml 
2026-09-09 14:13:43,156 1 INFO lab_client odoo.modules.loading: Module web_map loaded in 0.37s, 1064 queries (+1064 other) 
2026-09-09 14:13:43,156 1 INFO lab_client odoo.modules.loading: Loading module web_mobile (20/21) 
2026-09-09 14:13:43,164 1 INFO lab_client odoo.registry: module web_mobile: creating or updating database tables 
2026-09-09 14:13:43,194 1 INFO lab_client odoo.modules.loading: loading web_mobile/views/views.xml 
2026-09-09 14:13:43,209 1 INFO lab_client odoo.modules.loading: Module web_mobile loaded in 0.05s, 83 queries (+83 other) 
2026-09-09 14:13:43,209 1 INFO lab_client odoo.modules.loading: Loading module web_unsplash (21/21) 
2026-09-09 14:13:43,213 1 INFO lab_client odoo.registry: module web_unsplash: creating or updating database tables 
2026-09-09 14:13:43,230 1 INFO lab_client odoo.modules.loading: loading web_unsplash/views/res_config_settings_view.xml 
2026-09-09 14:13:43,245 1 INFO lab_client odoo.modules.loading: Module web_unsplash loaded in 0.04s, 93 queries (+93 other) 
2026-09-09 14:13:43,245 1 INFO lab_client odoo.modules.loading: 21 modules loaded in 3.44s, 8826 queries (+8826 extra) 
2026-09-09 14:13:43,395 1 INFO lab_client odoo.modules.loading: Modules loaded. 
2026-09-09 14:13:43,398 1 INFO lab_client odoo.registry: Registry changed, signaling through the database 
2026-09-09 14:13:43,398 1 INFO lab_client odoo.registry: Registry loaded in 10.767s 
2026-09-09 14:13:43,398 1 INFO lab_client odoo.service.server: Initiating shutdown 
2026-09-09 14:13:43,398 1 INFO lab_client odoo.service.server: Hit CTRL-C again or send a second signal to force the shutdown. 
2026-09-09 14:13:43,398 1 INFO lab_client odoo.sql_db: ConnectionPool(read/write;used=0/count=0/max=64): Closed 1 connections  
