2026-09-09 08:31:34,433 1 WARNING ? odoo.tools.config: option --without-demo: since 19.0, invalid boolean value: 'all', assume True 
2026-09-09 08:31:34,433 1 INFO ? odoo: Odoo version 19.0-20260817 
2026-09-09 08:31:34,433 1 INFO ? odoo: Using configuration file at /etc/odoo/odoo.conf 
2026-09-09 08:31:34,433 1 INFO ? odoo: addons paths: _NamespacePath(['/usr/lib/python3/dist-packages/odoo/addons', '/var/lib/odoo/addons/19.0', '/mnt/enterprise-addons', '/mnt/extra-addons', '/usr/lib/python3/dist-packages/addons']) 
2026-09-09 08:31:34,433 1 INFO ? odoo: database: odoo@db:5432 
2026-09-09 08:31:34,910 1 INFO lab_client odoo.modules.loading: Initializing database lab_client 
2026-09-09 08:31:37,155 1 WARNING lab_client odoo.modules.module: Missing `author` key in manifest for 'lab_rental', defaulting to '' 
2026-09-09 08:31:37,155 1 WARNING lab_client odoo.modules.module: Missing `author` key in manifest for 'lab_rental', defaulting to '' 
2026-09-09 08:31:38,441 1 INFO lab_client odoo.modules.loading: loading 1 modules... 
2026-09-09 08:31:38,441 1 INFO lab_client odoo.modules.loading: Loading module base (1/1) 
2026-09-09 08:31:38,468 1 INFO lab_client odoo.registry: module base: creating or updating database tables 
2026-09-09 08:31:38,743 1 INFO lab_client odoo.models: Prepare computation of ir.module.module.menus_by_module 
2026-09-09 08:31:38,743 1 INFO lab_client odoo.models: Prepare computation of ir.module.module.reports_by_module 
2026-09-09 08:31:38,743 1 INFO lab_client odoo.models: Prepare computation of ir.module.module.views_by_module 
2026-09-09 08:31:38,821 1 INFO lab_client odoo.models: Prepare computation of res.partner.user_id 
2026-09-09 08:31:38,821 1 INFO lab_client odoo.models: Prepare computation of res.partner.commercial_partner_id 
2026-09-09 08:31:38,821 1 INFO lab_client odoo.models: Prepare computation of res.partner.complete_name 
2026-09-09 08:31:38,821 1 INFO lab_client odoo.models: Prepare computation of res.partner.lang 
2026-09-09 08:31:38,822 1 INFO lab_client odoo.models: Prepare computation of res.partner.company_registry 
2026-09-09 08:31:38,822 1 INFO lab_client odoo.models: Prepare computation of res.partner.commercial_company_name 
2026-09-09 08:31:38,822 1 INFO lab_client odoo.models: Prepare computation of res.partner.properties 
2026-09-09 08:31:38,822 1 INFO lab_client odoo.models: Prepare computation of res.partner.partner_share 
2026-09-09 08:31:38,853 1 INFO lab_client odoo.models: Prepare computation of res.currency.decimal_places 
2026-09-09 08:31:38,877 1 INFO lab_client odoo.models: Prepare computation of res.company.uses_default_logo 
2026-09-09 08:31:38,877 1 INFO lab_client odoo.models: Prepare computation of res.company.logo_web 
2026-09-09 08:31:38,879 1 INFO lab_client odoo.models: Computing parent_path for table res_company... 
2026-09-09 08:31:38,914 1 INFO lab_client odoo.models: Prepare computation of res.users.signature 
2026-09-09 08:31:38,914 1 INFO lab_client odoo.models: Prepare computation of res.users.share 
2026-09-09 08:31:40,156 1 INFO lab_client odoo.modules.loading: loading base/data/res_bank.xml 
2026-09-09 08:31:40,163 1 INFO lab_client odoo.modules.loading: loading base/data/res.lang.csv 
2026-09-09 08:31:40,197 1 INFO lab_client odoo.modules.loading: loading base/data/res_lang_data.xml 
2026-09-09 08:31:40,241 1 INFO lab_client odoo.modules.loading: loading base/data/res_partner_data.xml 
2026-09-09 08:31:40,297 1 INFO lab_client odoo.modules.loading: loading base/data/res_currency_data.xml 
2026-09-09 08:31:40,803 1 INFO lab_client odoo.modules.loading: loading base/data/res_company_data.xml 
2026-09-09 08:31:40,815 1 INFO lab_client odoo.modules.loading: loading base/data/res_users_data.xml 
2026-09-09 08:31:41,546 1 INFO lab_client odoo.modules.loading: loading base/data/report_paperformat_data.xml 
2026-09-09 08:31:41,556 1 INFO lab_client odoo.modules.loading: loading base/data/res_country_data.xml 
2026-09-09 08:31:42,258 1 INFO lab_client odoo.modules.loading: loading base/data/ir_demo_data.xml 
2026-09-09 08:31:42,278 1 INFO lab_client odoo.modules.loading: loading base/security/base_groups.xml 
2026-09-09 08:31:42,519 1 INFO lab_client odoo.modules.loading: loading base/security/base_security.xml 
2026-09-09 08:31:42,766 1 INFO lab_client odoo.modules.loading: loading base/wizard/wizard_ir_model_menu_create_views.xml 
2026-09-09 08:31:42,787 1 INFO lab_client odoo.modules.loading: loading base/views/base_menus.xml 
2026-09-09 08:31:42,877 1 INFO lab_client odoo.modules.loading: loading base/views/decimal_precision_views.xml 
2026-09-09 08:31:42,898 1 INFO lab_client odoo.modules.loading: loading base/views/res_config_views.xml 
2026-09-09 08:31:42,911 1 INFO lab_client odoo.modules.loading: loading base/data/res.country.state.csv 
2026-09-09 08:31:43,216 1 INFO lab_client odoo.modules.loading: loading base/views/ir_actions_views.xml 
2026-09-09 08:31:43,410 1 INFO lab_client odoo.modules.loading: loading base/views/ir_asset_views.xml 
2026-09-09 08:31:43,437 1 INFO lab_client odoo.modules.loading: loading base/views/ir_config_parameter_views.xml 
2026-09-09 08:31:43,460 1 INFO lab_client odoo.modules.loading: loading base/views/ir_cron_views.xml 
2026-09-09 08:31:43,494 1 INFO lab_client odoo.modules.loading: loading base/views/ir_cron_trigger_views.xml 
2026-09-09 08:31:43,515 1 INFO lab_client odoo.modules.loading: loading base/views/ir_filters_views.xml 
2026-09-09 08:31:43,541 1 INFO lab_client odoo.modules.loading: loading base/views/ir_mail_server_views.xml 
2026-09-09 08:31:43,567 1 INFO lab_client odoo.modules.loading: loading base/views/ir_model_views.xml 
2026-09-09 08:31:43,721 1 INFO lab_client odoo.modules.loading: loading base/views/ir_attachment_views.xml 
2026-09-09 08:31:43,751 1 INFO lab_client odoo.modules.loading: loading base/views/ir_rule_views.xml 
2026-09-09 08:31:43,778 1 INFO lab_client odoo.modules.loading: loading base/views/ir_sequence_views.xml 
2026-09-09 08:31:43,802 1 INFO lab_client odoo.modules.loading: loading base/views/ir_ui_menu_views.xml 
2026-09-09 08:31:43,830 1 INFO lab_client odoo.modules.loading: loading base/views/ir_ui_view_views.xml 
2026-09-09 08:31:43,894 1 INFO lab_client odoo.modules.loading: loading base/views/ir_default_views.xml 
2026-09-09 08:31:43,926 1 INFO lab_client odoo.modules.loading: loading base/data/ir_config_parameter_data.xml 
2026-09-09 08:31:43,931 1 INFO lab_client odoo.modules.loading: loading base/data/ir_cron_data.xml 
2026-09-09 08:31:43,948 1 INFO lab_client odoo.modules.loading: loading base/report/ir_model_report.xml 
2026-09-09 08:31:43,954 1 INFO lab_client odoo.modules.loading: loading base/report/ir_model_templates.xml 
2026-09-09 08:31:43,966 1 INFO lab_client odoo.modules.loading: loading base/views/ir_logging_views.xml 
2026-09-09 08:31:43,987 1 INFO lab_client odoo.modules.loading: loading base/views/ir_qweb_widget_templates.xml 
2026-09-09 08:31:44,003 1 INFO lab_client odoo.modules.loading: loading base/views/ir_module_views.xml 
2026-09-09 08:31:44,081 1 INFO lab_client odoo.modules.loading: loading base/data/ir_module_category_data.xml 
2026-09-09 08:31:44,128 1 INFO lab_client odoo.modules.loading: loading base/data/ir_module_module.xml 
2026-09-09 08:31:44,167 1 INFO lab_client odoo.modules.loading: loading base/report/ir_module_reports.xml 
2026-09-09 08:31:44,173 1 INFO lab_client odoo.modules.loading: loading base/report/ir_module_report_templates.xml 
2026-09-09 08:31:44,182 1 INFO lab_client odoo.modules.loading: loading base/wizard/base_module_update_views.xml 
2026-09-09 08:31:44,201 1 INFO lab_client odoo.modules.loading: loading base/wizard/base_language_install_views.xml 
2026-09-09 08:31:44,220 1 INFO lab_client odoo.modules.loading: loading base/wizard/base_import_language_views.xml 
2026-09-09 08:31:44,236 1 INFO lab_client odoo.modules.loading: loading base/wizard/base_module_upgrade_views.xml 
2026-09-09 08:31:44,261 1 INFO lab_client odoo.modules.loading: loading base/wizard/base_module_uninstall_views.xml 
2026-09-09 08:31:44,270 1 INFO lab_client odoo.modules.loading: loading base/wizard/base_export_language_views.xml 
2026-09-09 08:31:44,286 1 INFO lab_client odoo.modules.loading: loading base/wizard/base_partner_merge_views.xml 
2026-09-09 08:31:44,309 1 INFO lab_client odoo.modules.loading: loading base/data/ir_demo_failure_data.xml 
2026-09-09 08:31:44,329 1 INFO lab_client odoo.modules.loading: loading base/views/ir_profile_views.xml 
2026-09-09 08:31:44,359 1 INFO lab_client odoo.modules.loading: loading base/views/res_company_views.xml 
2026-09-09 08:31:44,381 1 INFO lab_client odoo.modules.loading: loading base/views/res_lang_views.xml 
2026-09-09 08:31:44,405 1 INFO lab_client odoo.modules.loading: loading base/views/res_partner_views.xml 
2026-09-09 08:31:44,505 1 INFO lab_client odoo.modules.loading: loading base/views/res_bank_views.xml 
2026-09-09 08:31:44,541 1 INFO lab_client odoo.modules.loading: loading base/views/res_country_views.xml 
2026-09-09 08:31:44,594 1 INFO lab_client odoo.modules.loading: loading base/views/res_currency_views.xml 
2026-09-09 08:31:44,642 1 INFO lab_client odoo.modules.loading: loading base/views/res_groups_views.xml 
2026-09-09 08:31:44,691 1 INFO lab_client odoo.modules.loading: loading base/views/res_users_views.xml 
2026-09-09 08:31:44,816 1 INFO lab_client odoo.modules.loading: loading base/views/res_users_apikeys_views.xml 
2026-09-09 08:31:44,827 1 INFO lab_client odoo.modules.loading: loading base/views/res_device_views.xml 
2026-09-09 08:31:44,857 1 INFO lab_client odoo.modules.loading: loading base/views/res_users_identitycheck_views.xml 
2026-09-09 08:31:44,866 1 INFO lab_client odoo.modules.loading: loading base/views/res_config_settings_views.xml 
2026-09-09 08:31:44,875 1 INFO lab_client odoo.modules.loading: loading base/views/report_paperformat_views.xml 
2026-09-09 08:31:44,908 1 INFO lab_client odoo.modules.loading: loading base/security/ir.model.access.csv 
2026-09-09 08:31:45,080 1 INFO lab_client odoo.modules.loading: Module base loaded in 6.64s, 8374 queries (+8374 other) 
2026-09-09 08:31:45,080 1 INFO lab_client odoo.modules.loading: 1 modules loaded in 6.64s, 8374 queries (+8374 extra) 
2026-09-09 08:31:45,085 1 INFO lab_client odoo.modules.loading: updating modules list 
2026-09-09 08:31:45,086 1 INFO lab_client odoo.addons.base.models.ir_module: ALLOW access to module.update_list on [] to user __system__ #1 via n/a 
2026-09-09 08:31:46,556 1 WARNING lab_client odoo.modules.module: Missing `author` key in manifest for 'lab_rental', defaulting to '' 
2026-09-09 08:31:47,216 1 INFO lab_client odoo.addons.base.models.ir_module: ALLOW access to module.button_install on ['Atelier Boréal — frais de préparation des locations'] to user __system__ #1 via n/a 
2026-09-09 08:31:47,270 1 INFO lab_client odoo.modules.loading: loading 21 modules... 
2026-09-09 08:31:47,270 1 INFO lab_client odoo.modules.loading: Loading module lab_rental (2/21) 
2026-09-09 08:31:47,275 1 INFO lab_client odoo.registry: module lab_rental: creating or updating database tables 
2026-09-09 08:31:47,302 1 INFO lab_client odoo.modules.loading: loading lab_rental/security/ir.model.access.csv 
2026-09-09 08:31:47,320 1 INFO lab_client odoo.modules.loading: Module lab_rental loaded in 0.05s, 61 queries (+61 other) 
2026-09-09 08:31:47,320 1 INFO lab_client odoo.modules.loading: Loading module rpc (3/21) 
2026-09-09 08:31:47,339 1 INFO lab_client odoo.modules.loading: Module rpc loaded in 0.02s, 10 queries (+10 other) 
2026-09-09 08:31:47,339 1 INFO lab_client odoo.modules.loading: Loading module web (4/21) 
2026-09-09 08:31:47,368 1 INFO lab_client odoo.registry: module web: creating or updating database tables 
2026-09-09 08:31:47,796 1 INFO lab_client odoo.modules.loading: loading web/security/ir.model.access.csv 
2026-09-09 08:31:47,808 1 INFO lab_client odoo.modules.loading: loading web/security/web_security.xml 
2026-09-09 08:31:47,822 1 INFO lab_client odoo.modules.loading: loading web/views/webclient_templates.xml 
2026-09-09 08:31:47,894 1 INFO lab_client odoo.modules.loading: loading web/views/report_templates.xml 
2026-09-09 08:31:48,002 1 INFO lab_client odoo.modules.loading: loading web/views/base_document_layout_views.xml 
2026-09-09 08:31:48,024 1 INFO lab_client odoo.modules.loading: loading web/views/partner_view.xml 
2026-09-09 08:31:48,034 1 INFO lab_client odoo.modules.loading: loading web/views/speedscope_template.xml 
2026-09-09 08:31:48,041 1 INFO lab_client odoo.modules.loading: loading web/views/memory_template.xml 
2026-09-09 08:31:48,049 1 INFO lab_client odoo.modules.loading: loading web/views/speedscope_config_wizard.xml 
2026-09-09 08:31:48,059 1 INFO lab_client odoo.modules.loading: loading web/views/neutralize_views.xml 
2026-09-09 08:31:48,071 1 INFO lab_client odoo.modules.loading: loading web/views/ir_ui_view_views.xml 
2026-09-09 08:31:48,085 1 INFO lab_client odoo.modules.loading: loading web/data/ir_attachment.xml 
2026-09-09 08:31:48,091 1 INFO lab_client odoo.modules.loading: loading web/data/report_layout.xml 
2026-09-09 08:31:48,138 1 INFO lab_client odoo.modules.loading: Module web loaded in 0.80s, 1241 queries (+1241 other) 
2026-09-09 08:31:48,138 1 INFO lab_client odoo.modules.loading: Loading module api_doc (5/21) 
2026-09-09 08:31:48,146 1 INFO lab_client odoo.registry: module api_doc: creating or updating database tables 
2026-09-09 08:31:48,159 1 INFO lab_client odoo.modules.loading: loading api_doc/security/res_groups.xml 
2026-09-09 08:31:48,179 1 INFO lab_client odoo.modules.loading: loading api_doc/views/docclient.xml 
2026-09-09 08:31:48,200 1 INFO lab_client odoo.modules.loading: Module api_doc loaded in 0.06s, 63 queries (+63 other) 
2026-09-09 08:31:48,201 1 INFO lab_client odoo.modules.loading: Loading module auth_totp (6/21) 
2026-09-09 08:31:48,228 1 INFO lab_client odoo.registry: module auth_totp: creating or updating database tables 
2026-09-09 08:31:48,288 1 INFO lab_client odoo.modules.loading: loading auth_totp/security/security.xml 
2026-09-09 08:31:48,312 1 INFO lab_client odoo.modules.loading: loading auth_totp/security/ir.model.access.csv 
2026-09-09 08:31:48,319 1 INFO lab_client odoo.modules.loading: loading auth_totp/data/ir_action_data.xml 
2026-09-09 08:31:48,325 1 INFO lab_client odoo.modules.loading: loading auth_totp/views/res_users_views.xml 
2026-09-09 08:31:48,355 1 INFO lab_client odoo.modules.loading: loading auth_totp/views/templates.xml 
2026-09-09 08:31:48,367 1 INFO lab_client odoo.modules.loading: loading auth_totp/wizard/auth_totp_wizard_views.xml 
2026-09-09 08:31:48,392 1 INFO lab_client odoo.modules.loading: Module auth_totp loaded in 0.19s, 218 queries (+218 other) 
2026-09-09 08:31:48,392 1 INFO lab_client odoo.modules.loading: Loading module base_import (7/21) 
2026-09-09 08:31:48,421 1 INFO lab_client odoo.registry: module base_import: creating or updating database tables 
2026-09-09 08:31:48,860 1 INFO lab_client odoo.modules.loading: loading base_import/security/ir.model.access.csv 
2026-09-09 08:31:48,876 1 INFO lab_client odoo.modules.loading: Module base_import loaded in 0.48s, 965 queries (+965 other) 
2026-09-09 08:31:48,876 1 INFO lab_client odoo.modules.loading: Loading module base_import_module (8/21) 
2026-09-09 08:31:48,886 1 INFO lab_client odoo.registry: module base_import_module: creating or updating database tables 
2026-09-09 08:31:48,949 1 INFO lab_client odoo.modules.loading: loading base_import_module/security/ir.model.access.csv 
2026-09-09 08:31:48,958 1 INFO lab_client odoo.modules.loading: loading base_import_module/views/base_import_module_view.xml 
2026-09-09 08:31:48,981 1 INFO lab_client odoo.modules.loading: loading base_import_module/views/ir_module_views.xml 
2026-09-09 08:31:49,032 1 INFO lab_client odoo.modules.loading: Module base_import_module loaded in 0.16s, 172 queries (+172 other) 
2026-09-09 08:31:49,032 1 INFO lab_client odoo.modules.loading: Loading module base_setup (9/21) 
2026-09-09 08:31:49,042 1 INFO lab_client odoo.registry: module base_setup: creating or updating database tables 
2026-09-09 08:31:49,092 1 INFO lab_client odoo.modules.loading: loading base_setup/data/base_setup_data.xml 
2026-09-09 08:31:49,098 1 INFO lab_client odoo.modules.loading: loading base_setup/views/res_config_settings_views.xml 
2026-09-09 08:31:49,141 1 INFO lab_client odoo.modules.loading: loading base_setup/views/res_partner_views.xml 
2026-09-09 08:31:49,162 1 INFO lab_client odoo.modules.loading: Module base_setup loaded in 0.13s, 152 queries (+152 other) 
2026-09-09 08:31:49,162 1 INFO lab_client odoo.modules.loading: Loading module bus (10/21) 
2026-09-09 08:31:49,185 1 INFO lab_client odoo.registry: module bus: creating or updating database tables 
2026-09-09 08:31:49,257 1 INFO lab_client odoo.modules.loading: loading bus/security/ir.model.access.csv 
2026-09-09 08:31:49,273 1 INFO lab_client odoo.modules.loading: Module bus loaded in 0.11s, 159 queries (+159 other) 
2026-09-09 08:31:49,273 1 INFO lab_client odoo.modules.loading: Loading module web_cohort (11/21) 
2026-09-09 08:31:49,313 1 INFO lab_client odoo.registry: module web_cohort: creating or updating database tables 
2026-09-09 08:31:49,661 1 INFO lab_client odoo.modules.loading: Module web_cohort loaded in 0.39s, 951 queries (+951 other) 
2026-09-09 08:31:49,661 1 INFO lab_client odoo.modules.loading: Loading module web_gantt (12/21) 
2026-09-09 08:31:49,694 1 INFO lab_client odoo.registry: module web_gantt: creating or updating database tables 
2026-09-09 08:31:50,105 1 INFO lab_client odoo.modules.loading: Module web_gantt loaded in 0.44s, 947 queries (+947 other) 
2026-09-09 08:31:50,105 1 INFO lab_client odoo.modules.loading: Loading module web_grid (13/21) 
2026-09-09 08:31:50,147 1 INFO lab_client odoo.registry: module web_grid: creating or updating database tables 
2026-09-09 08:31:50,610 1 INFO lab_client odoo.modules.loading: Module web_grid loaded in 0.50s, 947 queries (+947 other) 
2026-09-09 08:31:50,610 1 INFO lab_client odoo.modules.loading: Loading module web_tour (14/21) 
2026-09-09 08:31:50,620 1 INFO lab_client odoo.registry: module web_tour: creating or updating database tables 
2026-09-09 08:31:50,625 1 INFO lab_client odoo.models: Prepare computation of res.users.tour_enabled 
2026-09-09 08:31:50,691 1 INFO lab_client odoo.modules.loading: loading web_tour/security/ir.model.access.csv 
2026-09-09 08:31:50,701 1 INFO lab_client odoo.modules.loading: loading web_tour/views/tour_views.xml 
2026-09-09 08:31:50,747 1 INFO lab_client odoo.modules.loading: Module web_tour loaded in 0.14s, 180 queries (+180 other) 
2026-09-09 08:31:50,747 1 INFO lab_client odoo.modules.loading: Loading module auth_passkey (15/21) 
2026-09-09 08:31:50,831 1 INFO lab_client odoo.registry: module auth_passkey: creating or updating database tables 
2026-09-09 08:31:50,888 1 INFO lab_client odoo.modules.loading: loading auth_passkey/views/auth_passkey_key_views.xml 
2026-09-09 08:31:50,915 1 INFO lab_client odoo.modules.loading: loading auth_passkey/views/auth_passkey_login_templates.xml 
2026-09-09 08:31:50,931 1 INFO lab_client odoo.modules.loading: loading auth_passkey/views/res_users_identitycheck_views.xml 
2026-09-09 08:31:50,941 1 INFO lab_client odoo.modules.loading: loading auth_passkey/views/res_users_views.xml 
2026-09-09 08:31:50,962 1 INFO lab_client odoo.modules.loading: loading auth_passkey/security/ir.model.access.csv 
2026-09-09 08:31:50,970 1 INFO lab_client odoo.modules.loading: loading auth_passkey/security/security.xml 
2026-09-09 08:31:50,997 1 INFO lab_client odoo.modules.loading: Module auth_passkey loaded in 0.25s, 218 queries (+218 other) 
2026-09-09 08:31:50,997 1 INFO lab_client odoo.modules.loading: Loading module html_editor (16/21) 
2026-09-09 08:31:51,208 1 INFO lab_client odoo.registry: module html_editor: creating or updating database tables 
2026-09-09 08:31:51,689 1 INFO lab_client odoo.modules.loading: loading html_editor/security/ir.model.access.csv 
2026-09-09 08:31:51,710 1 INFO lab_client odoo.modules.loading: Module html_editor loaded in 0.71s, 1039 queries (+1039 other) 
2026-09-09 08:31:51,710 1 INFO lab_client odoo.modules.loading: Loading module iap (17/21) 
2026-09-09 08:31:51,714 1 INFO lab_client odoo.registry: module iap: creating or updating database tables 
2026-09-09 08:31:51,791 1 INFO lab_client odoo.modules.loading: loading iap/data/services.xml 
2026-09-09 08:31:51,797 1 INFO lab_client odoo.modules.loading: loading iap/security/ir.model.access.csv 
2026-09-09 08:31:51,808 1 INFO lab_client odoo.modules.loading: loading iap/security/ir_rule.xml 
2026-09-09 08:31:51,818 1 INFO lab_client odoo.modules.loading: loading iap/views/iap_views.xml 
2026-09-09 08:31:51,859 1 INFO lab_client odoo.modules.loading: loading iap/views/res_config_settings.xml 
2026-09-09 08:31:51,896 1 INFO lab_client odoo.modules.loading: Module iap loaded in 0.19s, 182 queries (+182 other) 
2026-09-09 08:31:51,896 1 INFO lab_client odoo.modules.loading: Loading module web_enterprise (18/21) 
2026-09-09 08:31:51,910 1 INFO lab_client odoo.registry: module web_enterprise: creating or updating database tables 
2026-09-09 08:31:51,949 1 INFO lab_client odoo.modules.loading: loading web_enterprise/views/webclient_templates.xml 
2026-09-09 08:31:51,967 1 INFO lab_client odoo.modules.loading: loading web_enterprise/views/res_users_views.xml 
2026-09-09 08:31:52,011 1 INFO lab_client odoo.modules.loading: Module web_enterprise loaded in 0.12s, 113 queries (+113 other) 
2026-09-09 08:31:52,011 1 INFO lab_client odoo.modules.loading: Loading module web_map (19/21) 
2026-09-09 08:31:52,063 1 INFO lab_client odoo.registry: module web_map: creating or updating database tables 
2026-09-09 08:31:52,076 1 INFO lab_client odoo.models: Prepare computation of res.partner.contact_address_complete 
2026-09-09 08:31:52,500 1 INFO lab_client odoo.modules.loading: loading web_map/views/res_config_settings.xml 
2026-09-09 08:31:52,519 1 INFO lab_client odoo.modules.loading: loading web_map/views/res_partner_views.xml 
2026-09-09 08:31:52,541 1 INFO lab_client odoo.modules.loading: Module web_map loaded in 0.53s, 1068 queries (+1068 other) 
2026-09-09 08:31:52,541 1 INFO lab_client odoo.modules.loading: Loading module web_mobile (20/21) 
2026-09-09 08:31:52,554 1 INFO lab_client odoo.registry: module web_mobile: creating or updating database tables 
2026-09-09 08:31:52,593 1 INFO lab_client odoo.modules.loading: loading web_mobile/views/views.xml 
2026-09-09 08:31:52,620 1 INFO lab_client odoo.modules.loading: Module web_mobile loaded in 0.08s, 83 queries (+83 other) 
2026-09-09 08:31:52,620 1 INFO lab_client odoo.modules.loading: Loading module web_unsplash (21/21) 
2026-09-09 08:31:52,630 1 INFO lab_client odoo.registry: module web_unsplash: creating or updating database tables 
2026-09-09 08:31:52,668 1 INFO lab_client odoo.modules.loading: loading web_unsplash/views/res_config_settings_view.xml 
2026-09-09 08:31:52,703 1 INFO lab_client odoo.modules.loading: Module web_unsplash loaded in 0.08s, 93 queries (+93 other) 
2026-09-09 08:31:52,703 1 INFO lab_client odoo.modules.loading: 21 modules loaded in 5.43s, 8862 queries (+8862 extra) 
2026-09-09 08:31:52,979 1 INFO lab_client odoo.modules.loading: Modules loaded. 
2026-09-09 08:31:52,986 1 INFO lab_client odoo.registry: Registry changed, signaling through the database 
2026-09-09 08:31:52,987 1 INFO lab_client odoo.registry: Registry loaded in 18.093s 
2026-09-09 08:31:52,987 1 INFO lab_client odoo.service.server: Initiating shutdown 
2026-09-09 08:31:52,987 1 INFO lab_client odoo.service.server: Hit CTRL-C again or send a second signal to force the shutdown. 
2026-09-09 08:31:52,987 1 INFO lab_client odoo.sql_db: ConnectionPool(read/write;used=0/count=0/max=64): Closed 1 connections  
