2026-09-09 08:33:48,013 1 WARNING ? odoo.tools.config: option --without-demo: since 19.0, invalid boolean value: 'all', assume True 
2026-09-09 08:33:48,013 1 INFO ? odoo: Odoo version 19.0-20260817 
2026-09-09 08:33:48,013 1 INFO ? odoo: Using configuration file at /etc/odoo/odoo.conf 
2026-09-09 08:33:48,013 1 INFO ? odoo: addons paths: _NamespacePath(['/usr/lib/python3/dist-packages/odoo/addons', '/var/lib/odoo/addons/19.0', '/mnt/enterprise-addons', '/mnt/extra-addons', '/usr/lib/python3/dist-packages/addons']) 
2026-09-09 08:33:48,013 1 INFO ? odoo: database: odoo@db:5432 
2026-09-09 08:33:48,468 1 INFO lab_client odoo.modules.loading: Initializing database lab_client 
2026-09-09 08:33:50,799 1 WARNING lab_client odoo.modules.module: Missing `author` key in manifest for 'lab_rental', defaulting to '' 
2026-09-09 08:33:50,800 1 WARNING lab_client odoo.modules.module: Missing `author` key in manifest for 'lab_rental', defaulting to '' 
2026-09-09 08:33:52,394 1 INFO lab_client odoo.modules.loading: loading 1 modules... 
2026-09-09 08:33:52,395 1 INFO lab_client odoo.modules.loading: Loading module base (1/1) 
2026-09-09 08:33:52,447 1 INFO lab_client odoo.registry: module base: creating or updating database tables 
2026-09-09 08:33:52,860 1 INFO lab_client odoo.models: Prepare computation of ir.module.module.menus_by_module 
2026-09-09 08:33:52,860 1 INFO lab_client odoo.models: Prepare computation of ir.module.module.reports_by_module 
2026-09-09 08:33:52,861 1 INFO lab_client odoo.models: Prepare computation of ir.module.module.views_by_module 
2026-09-09 08:33:53,042 1 INFO lab_client odoo.models: Prepare computation of res.partner.user_id 
2026-09-09 08:33:53,043 1 INFO lab_client odoo.models: Prepare computation of res.partner.commercial_partner_id 
2026-09-09 08:33:53,043 1 INFO lab_client odoo.models: Prepare computation of res.partner.complete_name 
2026-09-09 08:33:53,043 1 INFO lab_client odoo.models: Prepare computation of res.partner.lang 
2026-09-09 08:33:53,043 1 INFO lab_client odoo.models: Prepare computation of res.partner.company_registry 
2026-09-09 08:33:53,043 1 INFO lab_client odoo.models: Prepare computation of res.partner.commercial_company_name 
2026-09-09 08:33:53,043 1 INFO lab_client odoo.models: Prepare computation of res.partner.properties 
2026-09-09 08:33:53,043 1 INFO lab_client odoo.models: Prepare computation of res.partner.partner_share 
2026-09-09 08:33:53,089 1 INFO lab_client odoo.models: Prepare computation of res.currency.decimal_places 
2026-09-09 08:33:53,123 1 INFO lab_client odoo.models: Prepare computation of res.company.uses_default_logo 
2026-09-09 08:33:53,123 1 INFO lab_client odoo.models: Prepare computation of res.company.logo_web 
2026-09-09 08:33:53,125 1 INFO lab_client odoo.models: Computing parent_path for table res_company... 
2026-09-09 08:33:53,164 1 INFO lab_client odoo.models: Prepare computation of res.users.signature 
2026-09-09 08:33:53,164 1 INFO lab_client odoo.models: Prepare computation of res.users.share 
2026-09-09 08:33:55,231 1 INFO lab_client odoo.modules.loading: loading base/data/res_bank.xml 
2026-09-09 08:33:55,238 1 INFO lab_client odoo.modules.loading: loading base/data/res.lang.csv 
2026-09-09 08:33:55,276 1 INFO lab_client odoo.modules.loading: loading base/data/res_lang_data.xml 
2026-09-09 08:33:55,317 1 INFO lab_client odoo.modules.loading: loading base/data/res_partner_data.xml 
2026-09-09 08:33:55,423 1 INFO lab_client odoo.modules.loading: loading base/data/res_currency_data.xml 
2026-09-09 08:33:56,208 1 INFO lab_client odoo.modules.loading: loading base/data/res_company_data.xml 
2026-09-09 08:33:56,222 1 INFO lab_client odoo.modules.loading: loading base/data/res_users_data.xml 
2026-09-09 08:33:57,313 1 INFO lab_client odoo.modules.loading: loading base/data/report_paperformat_data.xml 
2026-09-09 08:33:57,331 1 INFO lab_client odoo.modules.loading: loading base/data/res_country_data.xml 
2026-09-09 08:33:58,521 1 INFO lab_client odoo.modules.loading: loading base/data/ir_demo_data.xml 
2026-09-09 08:33:58,549 1 INFO lab_client odoo.modules.loading: loading base/security/base_groups.xml 
2026-09-09 08:33:58,847 1 INFO lab_client odoo.modules.loading: loading base/security/base_security.xml 
2026-09-09 08:33:59,221 1 INFO lab_client odoo.modules.loading: loading base/wizard/wizard_ir_model_menu_create_views.xml 
2026-09-09 08:33:59,248 1 INFO lab_client odoo.modules.loading: loading base/views/base_menus.xml 
2026-09-09 08:33:59,358 1 INFO lab_client odoo.modules.loading: loading base/views/decimal_precision_views.xml 
2026-09-09 08:33:59,386 1 INFO lab_client odoo.modules.loading: loading base/views/res_config_views.xml 
2026-09-09 08:33:59,401 1 INFO lab_client odoo.modules.loading: loading base/data/res.country.state.csv 
2026-09-09 08:33:59,762 1 INFO lab_client odoo.modules.loading: loading base/views/ir_actions_views.xml 
2026-09-09 08:34:00,005 1 INFO lab_client odoo.modules.loading: loading base/views/ir_asset_views.xml 
2026-09-09 08:34:00,030 1 INFO lab_client odoo.modules.loading: loading base/views/ir_config_parameter_views.xml 
2026-09-09 08:34:00,059 1 INFO lab_client odoo.modules.loading: loading base/views/ir_cron_views.xml 
2026-09-09 08:34:00,097 1 INFO lab_client odoo.modules.loading: loading base/views/ir_cron_trigger_views.xml 
2026-09-09 08:34:00,123 1 INFO lab_client odoo.modules.loading: loading base/views/ir_filters_views.xml 
2026-09-09 08:34:00,160 1 INFO lab_client odoo.modules.loading: loading base/views/ir_mail_server_views.xml 
2026-09-09 08:34:00,190 1 INFO lab_client odoo.modules.loading: loading base/views/ir_model_views.xml 
2026-09-09 08:34:00,404 1 INFO lab_client odoo.modules.loading: loading base/views/ir_attachment_views.xml 
2026-09-09 08:34:00,440 1 INFO lab_client odoo.modules.loading: loading base/views/ir_rule_views.xml 
2026-09-09 08:34:00,472 1 INFO lab_client odoo.modules.loading: loading base/views/ir_sequence_views.xml 
2026-09-09 08:34:00,506 1 INFO lab_client odoo.modules.loading: loading base/views/ir_ui_menu_views.xml 
2026-09-09 08:34:00,537 1 INFO lab_client odoo.modules.loading: loading base/views/ir_ui_view_views.xml 
2026-09-09 08:34:00,613 1 INFO lab_client odoo.modules.loading: loading base/views/ir_default_views.xml 
2026-09-09 08:34:00,641 1 INFO lab_client odoo.modules.loading: loading base/data/ir_config_parameter_data.xml 
2026-09-09 08:34:00,648 1 INFO lab_client odoo.modules.loading: loading base/data/ir_cron_data.xml 
2026-09-09 08:34:00,668 1 INFO lab_client odoo.modules.loading: loading base/report/ir_model_report.xml 
2026-09-09 08:34:00,674 1 INFO lab_client odoo.modules.loading: loading base/report/ir_model_templates.xml 
2026-09-09 08:34:00,689 1 INFO lab_client odoo.modules.loading: loading base/views/ir_logging_views.xml 
2026-09-09 08:34:00,724 1 INFO lab_client odoo.modules.loading: loading base/views/ir_qweb_widget_templates.xml 
2026-09-09 08:34:00,750 1 INFO lab_client odoo.modules.loading: loading base/views/ir_module_views.xml 
2026-09-09 08:34:00,840 1 INFO lab_client odoo.modules.loading: loading base/data/ir_module_category_data.xml 
2026-09-09 08:34:00,891 1 INFO lab_client odoo.modules.loading: loading base/data/ir_module_module.xml 
2026-09-09 08:34:00,931 1 INFO lab_client odoo.modules.loading: loading base/report/ir_module_reports.xml 
2026-09-09 08:34:00,936 1 INFO lab_client odoo.modules.loading: loading base/report/ir_module_report_templates.xml 
2026-09-09 08:34:00,945 1 INFO lab_client odoo.modules.loading: loading base/wizard/base_module_update_views.xml 
2026-09-09 08:34:00,965 1 INFO lab_client odoo.modules.loading: loading base/wizard/base_language_install_views.xml 
2026-09-09 08:34:00,986 1 INFO lab_client odoo.modules.loading: loading base/wizard/base_import_language_views.xml 
2026-09-09 08:34:01,003 1 INFO lab_client odoo.modules.loading: loading base/wizard/base_module_upgrade_views.xml 
2026-09-09 08:34:01,035 1 INFO lab_client odoo.modules.loading: loading base/wizard/base_module_uninstall_views.xml 
2026-09-09 08:34:01,050 1 INFO lab_client odoo.modules.loading: loading base/wizard/base_export_language_views.xml 
2026-09-09 08:34:01,070 1 INFO lab_client odoo.modules.loading: loading base/wizard/base_partner_merge_views.xml 
2026-09-09 08:34:01,095 1 INFO lab_client odoo.modules.loading: loading base/data/ir_demo_failure_data.xml 
2026-09-09 08:34:01,118 1 INFO lab_client odoo.modules.loading: loading base/views/ir_profile_views.xml 
2026-09-09 08:34:01,151 1 INFO lab_client odoo.modules.loading: loading base/views/res_company_views.xml 
2026-09-09 08:34:01,180 1 INFO lab_client odoo.modules.loading: loading base/views/res_lang_views.xml 
2026-09-09 08:34:01,211 1 INFO lab_client odoo.modules.loading: loading base/views/res_partner_views.xml 
2026-09-09 08:34:01,329 1 INFO lab_client odoo.modules.loading: loading base/views/res_bank_views.xml 
2026-09-09 08:34:01,375 1 INFO lab_client odoo.modules.loading: loading base/views/res_country_views.xml 
2026-09-09 08:34:01,435 1 INFO lab_client odoo.modules.loading: loading base/views/res_currency_views.xml 
2026-09-09 08:34:01,488 1 INFO lab_client odoo.modules.loading: loading base/views/res_groups_views.xml 
2026-09-09 08:34:01,550 1 INFO lab_client odoo.modules.loading: loading base/views/res_users_views.xml 
2026-09-09 08:34:01,680 1 INFO lab_client odoo.modules.loading: loading base/views/res_users_apikeys_views.xml 
2026-09-09 08:34:01,692 1 INFO lab_client odoo.modules.loading: loading base/views/res_device_views.xml 
2026-09-09 08:34:01,721 1 INFO lab_client odoo.modules.loading: loading base/views/res_users_identitycheck_views.xml 
2026-09-09 08:34:01,731 1 INFO lab_client odoo.modules.loading: loading base/views/res_config_settings_views.xml 
2026-09-09 08:34:01,741 1 INFO lab_client odoo.modules.loading: loading base/views/report_paperformat_views.xml 
2026-09-09 08:34:01,773 1 INFO lab_client odoo.modules.loading: loading base/security/ir.model.access.csv 
2026-09-09 08:34:01,923 1 INFO lab_client odoo.modules.loading: Module base loaded in 9.53s, 8374 queries (+8374 other) 
2026-09-09 08:34:01,923 1 INFO lab_client odoo.modules.loading: 1 modules loaded in 9.53s, 8374 queries (+8374 extra) 
2026-09-09 08:34:01,927 1 INFO lab_client odoo.modules.loading: updating modules list 
2026-09-09 08:34:01,931 1 INFO lab_client odoo.addons.base.models.ir_module: ALLOW access to module.update_list on [] to user __system__ #1 via n/a 
2026-09-09 08:34:04,512 1 WARNING lab_client odoo.modules.module: Missing `author` key in manifest for 'lab_rental', defaulting to '' 
2026-09-09 08:34:05,746 1 INFO lab_client odoo.addons.base.models.ir_module: ALLOW access to module.button_install on ['Atelier Boréal — frais de préparation des locations'] to user __system__ #1 via n/a 
2026-09-09 08:34:05,832 1 INFO lab_client odoo.modules.loading: loading 21 modules... 
2026-09-09 08:34:05,833 1 INFO lab_client odoo.modules.loading: Loading module lab_rental (2/21) 
2026-09-09 08:34:05,842 1 INFO lab_client odoo.registry: module lab_rental: creating or updating database tables 
2026-09-09 08:34:05,890 1 INFO lab_client odoo.modules.loading: loading lab_rental/security/ir.model.access.csv 
2026-09-09 08:34:05,908 1 INFO lab_client odoo.modules.loading: Module lab_rental loaded in 0.07s, 61 queries (+61 other) 
2026-09-09 08:34:05,908 1 INFO lab_client odoo.modules.loading: Loading module rpc (3/21) 
2026-09-09 08:34:05,932 1 INFO lab_client odoo.modules.loading: Module rpc loaded in 0.02s, 10 queries (+10 other) 
2026-09-09 08:34:05,932 1 INFO lab_client odoo.modules.loading: Loading module web (4/21) 
2026-09-09 08:34:05,967 1 INFO lab_client odoo.registry: module web: creating or updating database tables 
2026-09-09 08:34:06,650 1 INFO lab_client odoo.modules.loading: loading web/security/ir.model.access.csv 
2026-09-09 08:34:06,659 1 INFO lab_client odoo.modules.loading: loading web/security/web_security.xml 
2026-09-09 08:34:06,676 1 INFO lab_client odoo.modules.loading: loading web/views/webclient_templates.xml 
2026-09-09 08:34:06,782 1 INFO lab_client odoo.modules.loading: loading web/views/report_templates.xml 
2026-09-09 08:34:06,966 1 INFO lab_client odoo.modules.loading: loading web/views/base_document_layout_views.xml 
2026-09-09 08:34:07,002 1 INFO lab_client odoo.modules.loading: loading web/views/partner_view.xml 
2026-09-09 08:34:07,012 1 INFO lab_client odoo.modules.loading: loading web/views/speedscope_template.xml 
2026-09-09 08:34:07,020 1 INFO lab_client odoo.modules.loading: loading web/views/memory_template.xml 
2026-09-09 08:34:07,027 1 INFO lab_client odoo.modules.loading: loading web/views/speedscope_config_wizard.xml 
2026-09-09 08:34:07,035 1 INFO lab_client odoo.modules.loading: loading web/views/neutralize_views.xml 
2026-09-09 08:34:07,051 1 INFO lab_client odoo.modules.loading: loading web/views/ir_ui_view_views.xml 
2026-09-09 08:34:07,068 1 INFO lab_client odoo.modules.loading: loading web/data/ir_attachment.xml 
2026-09-09 08:34:07,077 1 INFO lab_client odoo.modules.loading: loading web/data/report_layout.xml 
2026-09-09 08:34:07,160 1 INFO lab_client odoo.modules.loading: Module web loaded in 1.23s, 1241 queries (+1241 other) 
2026-09-09 08:34:07,161 1 INFO lab_client odoo.modules.loading: Loading module api_doc (5/21) 
2026-09-09 08:34:07,172 1 INFO lab_client odoo.registry: module api_doc: creating or updating database tables 
2026-09-09 08:34:07,194 1 INFO lab_client odoo.modules.loading: loading api_doc/security/res_groups.xml 
2026-09-09 08:34:07,227 1 INFO lab_client odoo.modules.loading: loading api_doc/views/docclient.xml 
2026-09-09 08:34:07,258 1 INFO lab_client odoo.modules.loading: Module api_doc loaded in 0.10s, 63 queries (+63 other) 
2026-09-09 08:34:07,258 1 INFO lab_client odoo.modules.loading: Loading module auth_totp (6/21) 
2026-09-09 08:34:07,289 1 INFO lab_client odoo.registry: module auth_totp: creating or updating database tables 
2026-09-09 08:34:07,370 1 INFO lab_client odoo.modules.loading: loading auth_totp/security/security.xml 
2026-09-09 08:34:07,405 1 INFO lab_client odoo.modules.loading: loading auth_totp/security/ir.model.access.csv 
2026-09-09 08:34:07,417 1 INFO lab_client odoo.modules.loading: loading auth_totp/data/ir_action_data.xml 
2026-09-09 08:34:07,430 1 INFO lab_client odoo.modules.loading: loading auth_totp/views/res_users_views.xml 
2026-09-09 08:34:07,482 1 INFO lab_client odoo.modules.loading: loading auth_totp/views/templates.xml 
2026-09-09 08:34:07,496 1 INFO lab_client odoo.modules.loading: loading auth_totp/wizard/auth_totp_wizard_views.xml 
2026-09-09 08:34:07,525 1 INFO lab_client odoo.modules.loading: Module auth_totp loaded in 0.27s, 218 queries (+218 other) 
2026-09-09 08:34:07,525 1 INFO lab_client odoo.modules.loading: Loading module base_import (7/21) 
2026-09-09 08:34:07,568 1 INFO lab_client odoo.registry: module base_import: creating or updating database tables 
2026-09-09 08:34:08,196 1 INFO lab_client odoo.modules.loading: loading base_import/security/ir.model.access.csv 
2026-09-09 08:34:08,218 1 INFO lab_client odoo.modules.loading: Module base_import loaded in 0.69s, 965 queries (+965 other) 
2026-09-09 08:34:08,218 1 INFO lab_client odoo.modules.loading: Loading module base_import_module (8/21) 
2026-09-09 08:34:08,232 1 INFO lab_client odoo.registry: module base_import_module: creating or updating database tables 
2026-09-09 08:34:08,357 1 INFO lab_client odoo.modules.loading: loading base_import_module/security/ir.model.access.csv 
2026-09-09 08:34:08,369 1 INFO lab_client odoo.modules.loading: loading base_import_module/views/base_import_module_view.xml 
2026-09-09 08:34:08,401 1 INFO lab_client odoo.modules.loading: loading base_import_module/views/ir_module_views.xml 
2026-09-09 08:34:08,478 1 INFO lab_client odoo.modules.loading: Module base_import_module loaded in 0.26s, 172 queries (+172 other) 
2026-09-09 08:34:08,478 1 INFO lab_client odoo.modules.loading: Loading module base_setup (9/21) 
2026-09-09 08:34:08,493 1 INFO lab_client odoo.registry: module base_setup: creating or updating database tables 
2026-09-09 08:34:08,550 1 INFO lab_client odoo.modules.loading: loading base_setup/data/base_setup_data.xml 
2026-09-09 08:34:08,558 1 INFO lab_client odoo.modules.loading: loading base_setup/views/res_config_settings_views.xml 
2026-09-09 08:34:08,613 1 INFO lab_client odoo.modules.loading: loading base_setup/views/res_partner_views.xml 
2026-09-09 08:34:08,641 1 INFO lab_client odoo.modules.loading: Module base_setup loaded in 0.16s, 152 queries (+152 other) 
2026-09-09 08:34:08,641 1 INFO lab_client odoo.modules.loading: Loading module bus (10/21) 
2026-09-09 08:34:08,666 1 INFO lab_client odoo.registry: module bus: creating or updating database tables 
2026-09-09 08:34:08,770 1 INFO lab_client odoo.modules.loading: loading bus/security/ir.model.access.csv 
2026-09-09 08:34:08,790 1 INFO lab_client odoo.modules.loading: Module bus loaded in 0.15s, 159 queries (+159 other) 
2026-09-09 08:34:08,790 1 INFO lab_client odoo.modules.loading: Loading module web_cohort (11/21) 
2026-09-09 08:34:08,851 1 INFO lab_client odoo.registry: module web_cohort: creating or updating database tables 
2026-09-09 08:34:09,490 1 INFO lab_client odoo.modules.loading: Module web_cohort loaded in 0.70s, 951 queries (+951 other) 
2026-09-09 08:34:09,490 1 INFO lab_client odoo.modules.loading: Loading module web_gantt (12/21) 
2026-09-09 08:34:09,549 1 INFO lab_client odoo.registry: module web_gantt: creating or updating database tables 
2026-09-09 08:34:10,130 1 INFO lab_client odoo.modules.loading: Module web_gantt loaded in 0.64s, 947 queries (+947 other) 
2026-09-09 08:34:10,130 1 INFO lab_client odoo.modules.loading: Loading module web_grid (13/21) 
2026-09-09 08:34:10,197 1 INFO lab_client odoo.registry: module web_grid: creating or updating database tables 
2026-09-09 08:34:10,782 1 INFO lab_client odoo.modules.loading: Module web_grid loaded in 0.65s, 947 queries (+947 other) 
2026-09-09 08:34:10,782 1 INFO lab_client odoo.modules.loading: Loading module web_tour (14/21) 
2026-09-09 08:34:10,794 1 INFO lab_client odoo.registry: module web_tour: creating or updating database tables 
2026-09-09 08:34:10,800 1 INFO lab_client odoo.models: Prepare computation of res.users.tour_enabled 
2026-09-09 08:34:10,903 1 INFO lab_client odoo.modules.loading: loading web_tour/security/ir.model.access.csv 
2026-09-09 08:34:10,915 1 INFO lab_client odoo.modules.loading: loading web_tour/views/tour_views.xml 
2026-09-09 08:34:10,987 1 INFO lab_client odoo.modules.loading: Module web_tour loaded in 0.21s, 180 queries (+180 other) 
2026-09-09 08:34:10,987 1 INFO lab_client odoo.modules.loading: Loading module auth_passkey (15/21) 
2026-09-09 08:34:11,063 1 INFO lab_client odoo.registry: module auth_passkey: creating or updating database tables 
2026-09-09 08:34:11,134 1 INFO lab_client odoo.modules.loading: loading auth_passkey/views/auth_passkey_key_views.xml 
2026-09-09 08:34:11,183 1 INFO lab_client odoo.modules.loading: loading auth_passkey/views/auth_passkey_login_templates.xml 
2026-09-09 08:34:11,205 1 INFO lab_client odoo.modules.loading: loading auth_passkey/views/res_users_identitycheck_views.xml 
2026-09-09 08:34:11,220 1 INFO lab_client odoo.modules.loading: loading auth_passkey/views/res_users_views.xml 
2026-09-09 08:34:11,263 1 INFO lab_client odoo.modules.loading: loading auth_passkey/security/ir.model.access.csv 
2026-09-09 08:34:11,277 1 INFO lab_client odoo.modules.loading: loading auth_passkey/security/security.xml 
2026-09-09 08:34:11,315 1 INFO lab_client odoo.modules.loading: Module auth_passkey loaded in 0.33s, 218 queries (+218 other) 
2026-09-09 08:34:11,316 1 INFO lab_client odoo.modules.loading: Loading module html_editor (16/21) 
2026-09-09 08:34:11,593 1 INFO lab_client odoo.registry: module html_editor: creating or updating database tables 
2026-09-09 08:34:12,263 1 INFO lab_client odoo.modules.loading: loading html_editor/security/ir.model.access.csv 
2026-09-09 08:34:12,287 1 INFO lab_client odoo.modules.loading: Module html_editor loaded in 0.97s, 1039 queries (+1039 other) 
2026-09-09 08:34:12,288 1 INFO lab_client odoo.modules.loading: Loading module iap (17/21) 
2026-09-09 08:34:12,293 1 INFO lab_client odoo.registry: module iap: creating or updating database tables 
2026-09-09 08:34:12,379 1 INFO lab_client odoo.modules.loading: loading iap/data/services.xml 
2026-09-09 08:34:12,387 1 INFO lab_client odoo.modules.loading: loading iap/security/ir.model.access.csv 
2026-09-09 08:34:12,400 1 INFO lab_client odoo.modules.loading: loading iap/security/ir_rule.xml 
2026-09-09 08:34:12,409 1 INFO lab_client odoo.modules.loading: loading iap/views/iap_views.xml 
2026-09-09 08:34:12,451 1 INFO lab_client odoo.modules.loading: loading iap/views/res_config_settings.xml 
2026-09-09 08:34:12,491 1 INFO lab_client odoo.modules.loading: Module iap loaded in 0.20s, 182 queries (+182 other) 
2026-09-09 08:34:12,491 1 INFO lab_client odoo.modules.loading: Loading module web_enterprise (18/21) 
2026-09-09 08:34:12,509 1 INFO lab_client odoo.registry: module web_enterprise: creating or updating database tables 
2026-09-09 08:34:12,571 1 INFO lab_client odoo.modules.loading: loading web_enterprise/views/webclient_templates.xml 
2026-09-09 08:34:12,596 1 INFO lab_client odoo.modules.loading: loading web_enterprise/views/res_users_views.xml 
2026-09-09 08:34:12,647 1 INFO lab_client odoo.modules.loading: Module web_enterprise loaded in 0.16s, 113 queries (+113 other) 
2026-09-09 08:34:12,647 1 INFO lab_client odoo.modules.loading: Loading module web_map (19/21) 
2026-09-09 08:34:12,726 1 INFO lab_client odoo.registry: module web_map: creating or updating database tables 
2026-09-09 08:34:12,745 1 INFO lab_client odoo.models: Prepare computation of res.partner.contact_address_complete 
2026-09-09 08:34:13,500 1 INFO lab_client odoo.modules.loading: loading web_map/views/res_config_settings.xml 
2026-09-09 08:34:13,526 1 INFO lab_client odoo.modules.loading: loading web_map/views/res_partner_views.xml 
2026-09-09 08:34:13,566 1 INFO lab_client odoo.modules.loading: Module web_map loaded in 0.92s, 1068 queries (+1068 other) 
2026-09-09 08:34:13,566 1 INFO lab_client odoo.modules.loading: Loading module web_mobile (20/21) 
2026-09-09 08:34:13,580 1 INFO lab_client odoo.registry: module web_mobile: creating or updating database tables 
2026-09-09 08:34:13,641 1 INFO lab_client odoo.modules.loading: loading web_mobile/views/views.xml 
2026-09-09 08:34:13,674 1 INFO lab_client odoo.modules.loading: Module web_mobile loaded in 0.11s, 83 queries (+83 other) 
2026-09-09 08:34:13,674 1 INFO lab_client odoo.modules.loading: Loading module web_unsplash (21/21) 
2026-09-09 08:34:13,683 1 INFO lab_client odoo.registry: module web_unsplash: creating or updating database tables 
2026-09-09 08:34:13,719 1 INFO lab_client odoo.modules.loading: loading web_unsplash/views/res_config_settings_view.xml 
2026-09-09 08:34:13,752 1 INFO lab_client odoo.modules.loading: Module web_unsplash loaded in 0.08s, 93 queries (+93 other) 
2026-09-09 08:34:13,752 1 INFO lab_client odoo.modules.loading: 21 modules loaded in 7.92s, 8862 queries (+8862 extra) 
2026-09-09 08:34:14,329 1 INFO lab_client odoo.modules.loading: Modules loaded. 
2026-09-09 08:34:14,335 1 INFO lab_client odoo.registry: Registry changed, signaling through the database 
2026-09-09 08:34:14,336 1 INFO lab_client odoo.registry: Registry loaded in 25.888s 
2026-09-09 08:34:14,336 1 INFO lab_client odoo.service.server: Initiating shutdown 
2026-09-09 08:34:14,336 1 INFO lab_client odoo.service.server: Hit CTRL-C again or send a second signal to force the shutdown. 
2026-09-09 08:34:14,337 1 INFO lab_client odoo.sql_db: ConnectionPool(read/write;used=0/count=0/max=64): Closed 1 connections  
