2026-09-09 17:44:05,971 1 INFO ? odoo: Odoo version 19.0-20260817 
2026-09-09 17:44:05,971 1 INFO ? odoo: Using configuration file at /etc/odoo/odoo.conf 
2026-09-09 17:44:05,971 1 INFO ? odoo: addons paths: _NamespacePath(['/usr/lib/python3/dist-packages/odoo/addons', '/tmp/odoo-data/addons/19.0', '/mnt/extra-addons', '/usr/lib/python3/dist-packages/addons']) 
2026-09-09 17:44:05,971 1 INFO ? odoo: database: odoo@delegcmp-0f281675a438-pg:default 
2026-09-09 17:44:06,176 1 INFO comparison_seed odoo.modules.loading: Initializing database comparison_seed 
2026-09-09 17:44:06,759 1 INFO comparison_seed odoo.modules.loading: loading 1 modules... 
2026-09-09 17:44:06,759 1 INFO comparison_seed odoo.modules.loading: Loading module base (1/1) 
2026-09-09 17:44:06,773 1 INFO comparison_seed odoo.registry: module base: creating or updating database tables 
2026-09-09 17:44:06,897 1 INFO comparison_seed odoo.models: Prepare computation of ir.module.module.menus_by_module 
2026-09-09 17:44:06,897 1 INFO comparison_seed odoo.models: Prepare computation of ir.module.module.reports_by_module 
2026-09-09 17:44:06,897 1 INFO comparison_seed odoo.models: Prepare computation of ir.module.module.views_by_module 
2026-09-09 17:44:06,937 1 INFO comparison_seed odoo.models: Prepare computation of res.partner.user_id 
2026-09-09 17:44:06,937 1 INFO comparison_seed odoo.models: Prepare computation of res.partner.commercial_partner_id 
2026-09-09 17:44:06,937 1 INFO comparison_seed odoo.models: Prepare computation of res.partner.complete_name 
2026-09-09 17:44:06,937 1 INFO comparison_seed odoo.models: Prepare computation of res.partner.lang 
2026-09-09 17:44:06,937 1 INFO comparison_seed odoo.models: Prepare computation of res.partner.company_registry 
2026-09-09 17:44:06,937 1 INFO comparison_seed odoo.models: Prepare computation of res.partner.commercial_company_name 
2026-09-09 17:44:06,937 1 INFO comparison_seed odoo.models: Prepare computation of res.partner.properties 
2026-09-09 17:44:06,937 1 INFO comparison_seed odoo.models: Prepare computation of res.partner.partner_share 
2026-09-09 17:44:06,950 1 INFO comparison_seed odoo.models: Prepare computation of res.currency.decimal_places 
2026-09-09 17:44:06,958 1 INFO comparison_seed odoo.models: Prepare computation of res.company.uses_default_logo 
2026-09-09 17:44:06,958 1 INFO comparison_seed odoo.models: Prepare computation of res.company.logo_web 
2026-09-09 17:44:06,958 1 INFO comparison_seed odoo.models: Computing parent_path for table res_company... 
2026-09-09 17:44:06,970 1 INFO comparison_seed odoo.models: Prepare computation of res.users.signature 
2026-09-09 17:44:06,970 1 INFO comparison_seed odoo.models: Prepare computation of res.users.share 
2026-09-09 17:44:07,654 1 INFO comparison_seed odoo.modules.loading: loading base/data/res_bank.xml 
2026-09-09 17:44:07,656 1 INFO comparison_seed odoo.modules.loading: loading base/data/res.lang.csv 
2026-09-09 17:44:07,676 1 INFO comparison_seed odoo.modules.loading: loading base/data/res_lang_data.xml 
2026-09-09 17:44:07,694 1 INFO comparison_seed odoo.modules.loading: loading base/data/res_partner_data.xml 
2026-09-09 17:44:07,719 1 INFO comparison_seed odoo.modules.loading: loading base/data/res_currency_data.xml 
2026-09-09 17:44:07,925 1 INFO comparison_seed odoo.modules.loading: loading base/data/res_company_data.xml 
2026-09-09 17:44:07,928 1 INFO comparison_seed odoo.modules.loading: loading base/data/res_users_data.xml 
2026-09-09 17:44:08,465 1 INFO comparison_seed odoo.modules.loading: loading base/data/report_paperformat_data.xml 
2026-09-09 17:44:08,470 1 INFO comparison_seed odoo.modules.loading: loading base/data/res_country_data.xml 
2026-09-09 17:44:08,764 1 INFO comparison_seed odoo.modules.loading: loading base/data/ir_demo_data.xml 
2026-09-09 17:44:08,771 1 INFO comparison_seed odoo.modules.loading: loading base/security/base_groups.xml 
2026-09-09 17:44:08,872 1 INFO comparison_seed odoo.modules.loading: loading base/security/base_security.xml 
2026-09-09 17:44:08,965 1 INFO comparison_seed odoo.modules.loading: loading base/wizard/wizard_ir_model_menu_create_views.xml 
2026-09-09 17:44:08,974 1 INFO comparison_seed odoo.modules.loading: loading base/views/base_menus.xml 
2026-09-09 17:44:09,008 1 INFO comparison_seed odoo.modules.loading: loading base/views/decimal_precision_views.xml 
2026-09-09 17:44:09,016 1 INFO comparison_seed odoo.modules.loading: loading base/views/res_config_views.xml 
2026-09-09 17:44:09,019 1 INFO comparison_seed odoo.modules.loading: loading base/data/res.country.state.csv 
2026-09-09 17:44:09,185 1 INFO comparison_seed odoo.modules.loading: loading base/views/ir_actions_views.xml 
2026-09-09 17:44:09,276 1 INFO comparison_seed odoo.modules.loading: loading base/views/ir_asset_views.xml 
2026-09-09 17:44:09,292 1 INFO comparison_seed odoo.modules.loading: loading base/views/ir_config_parameter_views.xml 
2026-09-09 17:44:09,308 1 INFO comparison_seed odoo.modules.loading: loading base/views/ir_cron_views.xml 
2026-09-09 17:44:09,335 1 INFO comparison_seed odoo.modules.loading: loading base/views/ir_cron_trigger_views.xml 
2026-09-09 17:44:09,351 1 INFO comparison_seed odoo.modules.loading: loading base/views/ir_filters_views.xml 
2026-09-09 17:44:09,373 1 INFO comparison_seed odoo.modules.loading: loading base/views/ir_mail_server_views.xml 
2026-09-09 17:44:09,385 1 INFO comparison_seed odoo.modules.loading: loading base/views/ir_model_views.xml 
2026-09-09 17:44:09,465 1 INFO comparison_seed odoo.modules.loading: loading base/views/ir_attachment_views.xml 
2026-09-09 17:44:09,484 1 INFO comparison_seed odoo.modules.loading: loading base/views/ir_rule_views.xml 
2026-09-09 17:44:09,500 1 INFO comparison_seed odoo.modules.loading: loading base/views/ir_sequence_views.xml 
2026-09-09 17:44:09,511 1 INFO comparison_seed odoo.modules.loading: loading base/views/ir_ui_menu_views.xml 
2026-09-09 17:44:09,522 1 INFO comparison_seed odoo.modules.loading: loading base/views/ir_ui_view_views.xml 
2026-09-09 17:44:09,548 1 INFO comparison_seed odoo.modules.loading: loading base/views/ir_default_views.xml 
2026-09-09 17:44:09,559 1 INFO comparison_seed odoo.modules.loading: loading base/data/ir_config_parameter_data.xml 
2026-09-09 17:44:09,561 1 INFO comparison_seed odoo.modules.loading: loading base/data/ir_cron_data.xml 
2026-09-09 17:44:09,567 1 INFO comparison_seed odoo.modules.loading: loading base/report/ir_model_report.xml 
2026-09-09 17:44:09,569 1 INFO comparison_seed odoo.modules.loading: loading base/report/ir_model_templates.xml 
2026-09-09 17:44:09,573 1 INFO comparison_seed odoo.modules.loading: loading base/views/ir_logging_views.xml 
2026-09-09 17:44:09,583 1 INFO comparison_seed odoo.modules.loading: loading base/views/ir_qweb_widget_templates.xml 
2026-09-09 17:44:09,592 1 INFO comparison_seed odoo.modules.loading: loading base/views/ir_module_views.xml 
2026-09-09 17:44:09,619 1 INFO comparison_seed odoo.modules.loading: loading base/data/ir_module_category_data.xml 
2026-09-09 17:44:09,634 1 INFO comparison_seed odoo.modules.loading: loading base/data/ir_module_module.xml 
2026-09-09 17:44:09,666 1 INFO comparison_seed odoo.modules.loading: loading base/report/ir_module_reports.xml 
2026-09-09 17:44:09,668 1 INFO comparison_seed odoo.modules.loading: loading base/report/ir_module_report_templates.xml 
2026-09-09 17:44:09,671 1 INFO comparison_seed odoo.modules.loading: loading base/wizard/base_module_update_views.xml 
2026-09-09 17:44:09,678 1 INFO comparison_seed odoo.modules.loading: loading base/wizard/base_language_install_views.xml 
2026-09-09 17:44:09,687 1 INFO comparison_seed odoo.modules.loading: loading base/wizard/base_import_language_views.xml 
2026-09-09 17:44:09,692 1 INFO comparison_seed odoo.modules.loading: loading base/wizard/base_module_upgrade_views.xml 
2026-09-09 17:44:09,700 1 INFO comparison_seed odoo.modules.loading: loading base/wizard/base_module_uninstall_views.xml 
2026-09-09 17:44:09,705 1 INFO comparison_seed odoo.modules.loading: loading base/wizard/base_export_language_views.xml 
2026-09-09 17:44:09,712 1 INFO comparison_seed odoo.modules.loading: loading base/wizard/base_partner_merge_views.xml 
2026-09-09 17:44:09,719 1 INFO comparison_seed odoo.modules.loading: loading base/data/ir_demo_failure_data.xml 
2026-09-09 17:44:09,736 1 INFO comparison_seed odoo.modules.loading: loading base/views/ir_profile_views.xml 
2026-09-09 17:44:09,757 1 INFO comparison_seed odoo.modules.loading: loading base/views/res_company_views.xml 
2026-09-09 17:44:09,777 1 INFO comparison_seed odoo.modules.loading: loading base/views/res_lang_views.xml 
2026-09-09 17:44:09,794 1 INFO comparison_seed odoo.modules.loading: loading base/views/res_partner_views.xml 
2026-09-09 17:44:09,866 1 INFO comparison_seed odoo.modules.loading: loading base/views/res_bank_views.xml 
2026-09-09 17:44:09,893 1 INFO comparison_seed odoo.modules.loading: loading base/views/res_country_views.xml 
2026-09-09 17:44:09,928 1 INFO comparison_seed odoo.modules.loading: loading base/views/res_currency_views.xml 
2026-09-09 17:44:09,949 1 INFO comparison_seed odoo.modules.loading: loading base/views/res_groups_views.xml 
2026-09-09 17:44:09,991 1 INFO comparison_seed odoo.modules.loading: loading base/views/res_users_views.xml 
2026-09-09 17:44:10,041 1 INFO comparison_seed odoo.modules.loading: loading base/views/res_users_apikeys_views.xml 
2026-09-09 17:44:10,045 1 INFO comparison_seed odoo.modules.loading: loading base/views/res_device_views.xml 
2026-09-09 17:44:10,056 1 INFO comparison_seed odoo.modules.loading: loading base/views/res_users_identitycheck_views.xml 
2026-09-09 17:44:10,060 1 INFO comparison_seed odoo.modules.loading: loading base/views/res_config_settings_views.xml 
2026-09-09 17:44:10,064 1 INFO comparison_seed odoo.modules.loading: loading base/views/report_paperformat_views.xml 
2026-09-09 17:44:10,085 1 INFO comparison_seed odoo.modules.loading: loading base/security/ir.model.access.csv 
2026-09-09 17:44:10,180 1 INFO comparison_seed odoo.modules.loading: Module base loaded in 3.42s, 8454 queries (+8454 other) 
2026-09-09 17:44:10,180 1 INFO comparison_seed odoo.modules.loading: 1 modules loaded in 3.42s, 8454 queries (+8454 extra) 
2026-09-09 17:44:10,183 1 INFO comparison_seed odoo.modules.loading: updating modules list 
2026-09-09 17:44:10,184 1 INFO comparison_seed odoo.addons.base.models.ir_module: ALLOW access to module.update_list on [] to user __system__ #1 via n/a 
2026-09-09 17:44:10,709 1 INFO comparison_seed odoo.addons.base.models.ir_module: ALLOW access to module.button_install on ['Synthetic qualification'] to user __system__ #1 via n/a 
2026-09-09 17:44:10,743 1 INFO comparison_seed odoo.modules.loading: loading 15 modules... 
2026-09-09 17:44:10,744 1 INFO comparison_seed odoo.modules.loading: Loading module rpc (2/15) 
2026-09-09 17:44:10,752 1 INFO comparison_seed odoo.modules.loading: Module rpc loaded in 0.01s, 9 queries (+9 other) 
2026-09-09 17:44:10,752 1 INFO comparison_seed odoo.modules.loading: Loading module web (3/15) 
2026-09-09 17:44:10,768 1 INFO comparison_seed odoo.registry: module web: creating or updating database tables 
2026-09-09 17:44:10,988 1 INFO comparison_seed odoo.modules.loading: loading web/security/ir.model.access.csv 
2026-09-09 17:44:10,995 1 INFO comparison_seed odoo.modules.loading: loading web/security/web_security.xml 
2026-09-09 17:44:11,002 1 INFO comparison_seed odoo.modules.loading: loading web/views/webclient_templates.xml 
2026-09-09 17:44:11,048 1 INFO comparison_seed odoo.modules.loading: loading web/views/report_templates.xml 
2026-09-09 17:44:11,115 1 INFO comparison_seed odoo.modules.loading: loading web/views/base_document_layout_views.xml 
2026-09-09 17:44:11,123 1 INFO comparison_seed odoo.modules.loading: loading web/views/partner_view.xml 
2026-09-09 17:44:11,127 1 INFO comparison_seed odoo.modules.loading: loading web/views/speedscope_template.xml 
2026-09-09 17:44:11,129 1 INFO comparison_seed odoo.modules.loading: loading web/views/memory_template.xml 
2026-09-09 17:44:11,132 1 INFO comparison_seed odoo.modules.loading: loading web/views/speedscope_config_wizard.xml 
2026-09-09 17:44:11,136 1 INFO comparison_seed odoo.modules.loading: loading web/views/neutralize_views.xml 
2026-09-09 17:44:11,141 1 INFO comparison_seed odoo.modules.loading: loading web/views/ir_ui_view_views.xml 
2026-09-09 17:44:11,147 1 INFO comparison_seed odoo.modules.loading: loading web/data/ir_attachment.xml 
2026-09-09 17:44:11,149 1 INFO comparison_seed odoo.modules.loading: loading web/data/report_layout.xml 
2026-09-09 17:44:11,173 1 INFO comparison_seed odoo.modules.loading: Module web loaded in 0.42s, 1232 queries (+1232 other) 
2026-09-09 17:44:11,173 1 INFO comparison_seed odoo.modules.loading: Loading module api_doc (4/15) 
2026-09-09 17:44:11,176 1 INFO comparison_seed odoo.registry: module api_doc: creating or updating database tables 
2026-09-09 17:44:11,185 1 INFO comparison_seed odoo.modules.loading: loading api_doc/security/res_groups.xml 
2026-09-09 17:44:11,196 1 INFO comparison_seed odoo.modules.loading: loading api_doc/views/docclient.xml 
2026-09-09 17:44:11,206 1 INFO comparison_seed odoo.modules.loading: Module api_doc loaded in 0.03s, 63 queries (+63 other) 
2026-09-09 17:44:11,206 1 INFO comparison_seed odoo.modules.loading: Loading module auth_totp (5/15) 
2026-09-09 17:44:11,214 1 INFO comparison_seed odoo.registry: module auth_totp: creating or updating database tables 
2026-09-09 17:44:11,246 1 INFO comparison_seed odoo.modules.loading: loading auth_totp/security/security.xml 
2026-09-09 17:44:11,260 1 INFO comparison_seed odoo.modules.loading: loading auth_totp/security/ir.model.access.csv 
2026-09-09 17:44:11,263 1 INFO comparison_seed odoo.modules.loading: loading auth_totp/data/ir_action_data.xml 
2026-09-09 17:44:11,267 1 INFO comparison_seed odoo.modules.loading: loading auth_totp/views/res_users_views.xml 
2026-09-09 17:44:11,288 1 INFO comparison_seed odoo.modules.loading: loading auth_totp/views/templates.xml 
2026-09-09 17:44:11,295 1 INFO comparison_seed odoo.modules.loading: loading auth_totp/wizard/auth_totp_wizard_views.xml 
2026-09-09 17:44:11,312 1 INFO comparison_seed odoo.modules.loading: Module auth_totp loaded in 0.11s, 218 queries (+218 other) 
2026-09-09 17:44:11,312 1 INFO comparison_seed odoo.modules.loading: Loading module base_import (6/15) 
2026-09-09 17:44:11,338 1 INFO comparison_seed odoo.registry: module base_import: creating or updating database tables 
2026-09-09 17:44:11,591 1 INFO comparison_seed odoo.modules.loading: loading base_import/security/ir.model.access.csv 
2026-09-09 17:44:11,597 1 INFO comparison_seed odoo.modules.loading: Module base_import loaded in 0.28s, 956 queries (+956 other) 
2026-09-09 17:44:11,597 1 INFO comparison_seed odoo.modules.loading: Loading module base_import_module (7/15) 
2026-09-09 17:44:11,600 1 INFO comparison_seed odoo.registry: module base_import_module: creating or updating database tables 
2026-09-09 17:44:11,629 1 INFO comparison_seed odoo.modules.loading: loading base_import_module/security/ir.model.access.csv 
2026-09-09 17:44:11,631 1 INFO comparison_seed odoo.modules.loading: loading base_import_module/views/base_import_module_view.xml 
2026-09-09 17:44:11,640 1 INFO comparison_seed odoo.modules.loading: loading base_import_module/views/ir_module_views.xml 
2026-09-09 17:44:11,671 1 INFO comparison_seed odoo.modules.loading: Module base_import_module loaded in 0.07s, 172 queries (+172 other) 
2026-09-09 17:44:11,671 1 INFO comparison_seed odoo.modules.loading: Loading module base_setup (8/15) 
2026-09-09 17:44:11,678 1 INFO comparison_seed odoo.registry: module base_setup: creating or updating database tables 
2026-09-09 17:44:11,710 1 INFO comparison_seed odoo.modules.loading: loading base_setup/data/base_setup_data.xml 
2026-09-09 17:44:11,714 1 INFO comparison_seed odoo.modules.loading: loading base_setup/views/res_config_settings_views.xml 
2026-09-09 17:44:11,740 1 INFO comparison_seed odoo.modules.loading: loading base_setup/views/res_partner_views.xml 
2026-09-09 17:44:11,753 1 INFO comparison_seed odoo.modules.loading: Module base_setup loaded in 0.08s, 152 queries (+152 other) 
2026-09-09 17:44:11,753 1 INFO comparison_seed odoo.modules.loading: Loading module bus (9/15) 
2026-09-09 17:44:11,762 1 INFO comparison_seed odoo.registry: module bus: creating or updating database tables 
2026-09-09 17:44:11,824 1 INFO comparison_seed odoo.modules.loading: loading bus/security/ir.model.access.csv 
2026-09-09 17:44:11,829 1 INFO comparison_seed odoo.modules.loading: Module bus loaded in 0.08s, 159 queries (+159 other) 
2026-09-09 17:44:11,829 1 INFO comparison_seed odoo.modules.loading: Loading module lab_qualification (10/15) 
2026-09-09 17:44:11,831 1 INFO comparison_seed odoo.registry: module lab_qualification: creating or updating database tables 
2026-09-09 17:44:11,846 1 INFO comparison_seed odoo.modules.loading: loading lab_qualification/security/ir.model.access.csv 
2026-09-09 17:44:11,849 1 INFO comparison_seed odoo.modules.loading: loading lab_qualification/views/quantity.xml 
2026-09-09 17:44:11,858 1 INFO comparison_seed odoo.modules.loading: Module lab_qualification loaded in 0.03s, 81 queries (+81 other) 
2026-09-09 17:44:11,858 1 INFO comparison_seed odoo.modules.loading: Loading module web_tour (11/15) 
2026-09-09 17:44:11,862 1 INFO comparison_seed odoo.registry: module web_tour: creating or updating database tables 
2026-09-09 17:44:11,864 1 INFO comparison_seed odoo.models: Prepare computation of res.users.tour_enabled 
2026-09-09 17:44:11,899 1 INFO comparison_seed odoo.modules.loading: loading web_tour/security/ir.model.access.csv 
2026-09-09 17:44:11,903 1 INFO comparison_seed odoo.modules.loading: loading web_tour/views/tour_views.xml 
2026-09-09 17:44:11,928 1 INFO comparison_seed odoo.modules.loading: Module web_tour loaded in 0.07s, 180 queries (+180 other) 
2026-09-09 17:44:11,928 1 INFO comparison_seed odoo.modules.loading: Loading module auth_passkey (12/15) 
2026-09-09 17:44:11,959 1 INFO comparison_seed odoo.registry: module auth_passkey: creating or updating database tables 
2026-09-09 17:44:11,997 1 INFO comparison_seed odoo.modules.loading: loading auth_passkey/views/auth_passkey_key_views.xml 
2026-09-09 17:44:12,016 1 INFO comparison_seed odoo.modules.loading: loading auth_passkey/views/auth_passkey_login_templates.xml 
2026-09-09 17:44:12,027 1 INFO comparison_seed odoo.modules.loading: loading auth_passkey/views/res_users_identitycheck_views.xml 
2026-09-09 17:44:12,035 1 INFO comparison_seed odoo.modules.loading: loading auth_passkey/views/res_users_views.xml 
2026-09-09 17:44:12,053 1 INFO comparison_seed odoo.modules.loading: loading auth_passkey/security/ir.model.access.csv 
2026-09-09 17:44:12,060 1 INFO comparison_seed odoo.modules.loading: loading auth_passkey/security/security.xml 
2026-09-09 17:44:12,080 1 INFO comparison_seed odoo.modules.loading: Module auth_passkey loaded in 0.15s, 218 queries (+218 other) 
2026-09-09 17:44:12,080 1 INFO comparison_seed odoo.modules.loading: Loading module html_editor (13/15) 
2026-09-09 17:44:12,171 1 INFO comparison_seed odoo.registry: module html_editor: creating or updating database tables 
2026-09-09 17:44:12,454 1 INFO comparison_seed odoo.modules.loading: loading html_editor/security/ir.model.access.csv 
2026-09-09 17:44:12,460 1 INFO comparison_seed odoo.modules.loading: Module html_editor loaded in 0.38s, 1043 queries (+1043 other) 
2026-09-09 17:44:12,460 1 INFO comparison_seed odoo.modules.loading: Loading module iap (14/15) 
2026-09-09 17:44:12,462 1 INFO comparison_seed odoo.registry: module iap: creating or updating database tables 
2026-09-09 17:44:12,493 1 INFO comparison_seed odoo.modules.loading: loading iap/data/services.xml 
2026-09-09 17:44:12,496 1 INFO comparison_seed odoo.modules.loading: loading iap/security/ir.model.access.csv 
2026-09-09 17:44:12,499 1 INFO comparison_seed odoo.modules.loading: loading iap/security/ir_rule.xml 
2026-09-09 17:44:12,503 1 INFO comparison_seed odoo.modules.loading: loading iap/views/iap_views.xml 
2026-09-09 17:44:12,515 1 INFO comparison_seed odoo.modules.loading: loading iap/views/res_config_settings.xml 
2026-09-09 17:44:12,525 1 INFO comparison_seed odoo.modules.loading: Module iap loaded in 0.06s, 182 queries (+182 other) 
2026-09-09 17:44:12,525 1 INFO comparison_seed odoo.modules.loading: Loading module web_unsplash (15/15) 
2026-09-09 17:44:12,529 1 INFO comparison_seed odoo.registry: module web_unsplash: creating or updating database tables 
2026-09-09 17:44:12,546 1 INFO comparison_seed odoo.modules.loading: loading web_unsplash/views/res_config_settings_view.xml 
2026-09-09 17:44:12,559 1 INFO comparison_seed odoo.modules.loading: Module web_unsplash loaded in 0.03s, 93 queries (+93 other) 
2026-09-09 17:44:12,559 1 INFO comparison_seed odoo.modules.loading: 15 modules loaded in 1.82s, 4758 queries (+4758 extra) 
2026-09-09 17:44:12,648 1 INFO comparison_seed odoo.modules.loading: Modules loaded. 
2026-09-09 17:44:12,651 1 INFO comparison_seed odoo.registry: Registry changed, signaling through the database 
2026-09-09 17:44:12,651 1 INFO comparison_seed odoo.registry: Registry loaded in 6.485s 
2026-09-09 17:44:12,652 1 INFO comparison_seed odoo.service.server: Initiating shutdown 
2026-09-09 17:44:12,652 1 INFO comparison_seed odoo.service.server: Hit CTRL-C again or send a second signal to force the shutdown. 
2026-09-09 17:44:12,652 1 INFO comparison_seed odoo.sql_db: ConnectionPool(read/write;used=0/count=0/max=64): Closed 1 connections  
