2026-09-08 20:16:26,672 1 WARNING ? odoo.tools.config: option addons_path, invalid addons directory '/mnt/extra-addons', skipped 
2026-09-08 20:16:26,672 1 WARNING ? odoo.tools.config: option --without-demo: since 19.0, invalid boolean value: 'all', assume True 
2026-09-08 20:16:26,672 1 WARNING ? odoo.tools.config: option addons_path, invalid addons directory '/mnt/extra-addons', skipped 
2026-09-08 20:16:26,672 1 INFO ? odoo: Odoo version 19.0-20260817 
2026-09-08 20:16:26,673 1 INFO ? odoo: Using configuration file at /etc/odoo/odoo.conf 
2026-09-08 20:16:26,673 1 INFO ? odoo: addons paths: _NamespacePath(['/usr/lib/python3/dist-packages/odoo/addons', '/tmp/odoo/addons/19.0', '/mnt/quality', '/usr/lib/python3/dist-packages/addons']) 
2026-09-08 20:16:26,673 1 INFO ? odoo: database: odoo@quality-lab-f39de93ac2-db:default 
2026-09-08 20:16:26,895 1 INFO lab_template odoo.modules.loading: Initializing database lab_template 
2026-09-08 20:16:27,278 1 WARNING lab_template odoo.modules.module: Missing `author` key in manifest for 'quality_case', defaulting to '' 
2026-09-08 20:16:27,278 1 WARNING lab_template odoo.modules.module: Missing `author` key in manifest for 'quality_case', defaulting to '' 
2026-09-08 20:16:27,279 1 WARNING lab_template odoo.modules.module: Missing `author` key in manifest for 'quality_oracle', defaulting to '' 
2026-09-08 20:16:27,279 1 WARNING lab_template odoo.modules.module: Missing `author` key in manifest for 'quality_oracle', defaulting to '' 
2026-09-08 20:16:27,400 1 INFO lab_template odoo.modules.loading: loading 1 modules... 
2026-09-08 20:16:27,400 1 INFO lab_template odoo.modules.loading: Loading module base (1/1) 
2026-09-08 20:16:27,415 1 INFO lab_template odoo.registry: module base: creating or updating database tables 
2026-09-08 20:16:27,633 1 INFO lab_template odoo.models: Prepare computation of ir.module.module.menus_by_module 
2026-09-08 20:16:27,634 1 INFO lab_template odoo.models: Prepare computation of ir.module.module.reports_by_module 
2026-09-08 20:16:27,634 1 INFO lab_template odoo.models: Prepare computation of ir.module.module.views_by_module 
2026-09-08 20:16:27,703 1 INFO lab_template odoo.models: Prepare computation of res.partner.user_id 
2026-09-08 20:16:27,703 1 INFO lab_template odoo.models: Prepare computation of res.partner.commercial_partner_id 
2026-09-08 20:16:27,703 1 INFO lab_template odoo.models: Prepare computation of res.partner.complete_name 
2026-09-08 20:16:27,703 1 INFO lab_template odoo.models: Prepare computation of res.partner.lang 
2026-09-08 20:16:27,703 1 INFO lab_template odoo.models: Prepare computation of res.partner.company_registry 
2026-09-08 20:16:27,704 1 INFO lab_template odoo.models: Prepare computation of res.partner.commercial_company_name 
2026-09-08 20:16:27,704 1 INFO lab_template odoo.models: Prepare computation of res.partner.properties 
2026-09-08 20:16:27,704 1 INFO lab_template odoo.models: Prepare computation of res.partner.partner_share 
2026-09-08 20:16:27,724 1 INFO lab_template odoo.models: Prepare computation of res.currency.decimal_places 
2026-09-08 20:16:27,736 1 INFO lab_template odoo.models: Prepare computation of res.company.uses_default_logo 
2026-09-08 20:16:27,736 1 INFO lab_template odoo.models: Prepare computation of res.company.logo_web 
2026-09-08 20:16:27,738 1 INFO lab_template odoo.models: Computing parent_path for table res_company... 
2026-09-08 20:16:27,753 1 INFO lab_template odoo.models: Prepare computation of res.users.signature 
2026-09-08 20:16:27,753 1 INFO lab_template odoo.models: Prepare computation of res.users.share 
2026-09-08 20:16:29,243 1 INFO lab_template odoo.modules.loading: loading base/data/res_bank.xml 
2026-09-08 20:16:29,246 1 INFO lab_template odoo.modules.loading: loading base/data/res.lang.csv 
2026-09-08 20:16:29,266 1 INFO lab_template odoo.modules.loading: loading base/data/res_lang_data.xml 
2026-09-08 20:16:29,283 1 INFO lab_template odoo.modules.loading: loading base/data/res_partner_data.xml 
2026-09-08 20:16:29,317 1 INFO lab_template odoo.modules.loading: loading base/data/res_currency_data.xml 
2026-09-08 20:16:29,553 1 INFO lab_template odoo.modules.loading: loading base/data/res_company_data.xml 
2026-09-08 20:16:29,559 1 INFO lab_template odoo.modules.loading: loading base/data/res_users_data.xml 
2026-09-08 20:16:30,111 1 INFO lab_template odoo.modules.loading: loading base/data/report_paperformat_data.xml 
2026-09-08 20:16:30,116 1 INFO lab_template odoo.modules.loading: loading base/data/res_country_data.xml 
2026-09-08 20:16:30,456 1 INFO lab_template odoo.modules.loading: loading base/data/ir_demo_data.xml 
2026-09-08 20:16:30,465 1 INFO lab_template odoo.modules.loading: loading base/security/base_groups.xml 
2026-09-08 20:16:30,591 1 INFO lab_template odoo.modules.loading: loading base/security/base_security.xml 
2026-09-08 20:16:30,683 1 INFO lab_template odoo.modules.loading: loading base/wizard/wizard_ir_model_menu_create_views.xml 
2026-09-08 20:16:30,689 1 INFO lab_template odoo.modules.loading: loading base/views/base_menus.xml 
2026-09-08 20:16:30,722 1 INFO lab_template odoo.modules.loading: loading base/views/decimal_precision_views.xml 
2026-09-08 20:16:30,730 1 INFO lab_template odoo.modules.loading: loading base/views/res_config_views.xml 
2026-09-08 20:16:30,733 1 INFO lab_template odoo.modules.loading: loading base/data/res.country.state.csv 
2026-09-08 20:16:30,901 1 INFO lab_template odoo.modules.loading: loading base/views/ir_actions_views.xml 
2026-09-08 20:16:30,984 1 INFO lab_template odoo.modules.loading: loading base/views/ir_asset_views.xml 
2026-09-08 20:16:30,998 1 INFO lab_template odoo.modules.loading: loading base/views/ir_config_parameter_views.xml 
2026-09-08 20:16:31,007 1 INFO lab_template odoo.modules.loading: loading base/views/ir_cron_views.xml 
2026-09-08 20:16:31,034 1 INFO lab_template odoo.modules.loading: loading base/views/ir_cron_trigger_views.xml 
2026-09-08 20:16:31,047 1 INFO lab_template odoo.modules.loading: loading base/views/ir_filters_views.xml 
2026-09-08 20:16:31,067 1 INFO lab_template odoo.modules.loading: loading base/views/ir_mail_server_views.xml 
2026-09-08 20:16:31,086 1 INFO lab_template odoo.modules.loading: loading base/views/ir_model_views.xml 
2026-09-08 20:16:31,209 1 INFO lab_template odoo.modules.loading: loading base/views/ir_attachment_views.xml 
2026-09-08 20:16:31,219 1 INFO lab_template odoo.modules.loading: loading base/views/ir_rule_views.xml 
2026-09-08 20:16:31,229 1 INFO lab_template odoo.modules.loading: loading base/views/ir_sequence_views.xml 
2026-09-08 20:16:31,241 1 INFO lab_template odoo.modules.loading: loading base/views/ir_ui_menu_views.xml 
2026-09-08 20:16:31,252 1 INFO lab_template odoo.modules.loading: loading base/views/ir_ui_view_views.xml 
2026-09-08 20:16:31,292 1 INFO lab_template odoo.modules.loading: loading base/views/ir_default_views.xml 
2026-09-08 20:16:31,312 1 INFO lab_template odoo.modules.loading: loading base/data/ir_config_parameter_data.xml 
2026-09-08 20:16:31,315 1 INFO lab_template odoo.modules.loading: loading base/data/ir_cron_data.xml 
2026-09-08 20:16:31,326 1 INFO lab_template odoo.modules.loading: loading base/report/ir_model_report.xml 
2026-09-08 20:16:31,329 1 INFO lab_template odoo.modules.loading: loading base/report/ir_model_templates.xml 
2026-09-08 20:16:31,334 1 INFO lab_template odoo.modules.loading: loading base/views/ir_logging_views.xml 
2026-09-08 20:16:31,343 1 INFO lab_template odoo.modules.loading: loading base/views/ir_qweb_widget_templates.xml 
2026-09-08 20:16:31,350 1 INFO lab_template odoo.modules.loading: loading base/views/ir_module_views.xml 
2026-09-08 20:16:31,377 1 INFO lab_template odoo.modules.loading: loading base/data/ir_module_category_data.xml 
2026-09-08 20:16:31,402 1 INFO lab_template odoo.modules.loading: loading base/data/ir_module_module.xml 
2026-09-08 20:16:31,440 1 INFO lab_template odoo.modules.loading: loading base/report/ir_module_reports.xml 
2026-09-08 20:16:31,442 1 INFO lab_template odoo.modules.loading: loading base/report/ir_module_report_templates.xml 
2026-09-08 20:16:31,445 1 INFO lab_template odoo.modules.loading: loading base/wizard/base_module_update_views.xml 
2026-09-08 20:16:31,451 1 INFO lab_template odoo.modules.loading: loading base/wizard/base_language_install_views.xml 
2026-09-08 20:16:31,459 1 INFO lab_template odoo.modules.loading: loading base/wizard/base_import_language_views.xml 
2026-09-08 20:16:31,464 1 INFO lab_template odoo.modules.loading: loading base/wizard/base_module_upgrade_views.xml 
2026-09-08 20:16:31,472 1 INFO lab_template odoo.modules.loading: loading base/wizard/base_module_uninstall_views.xml 
2026-09-08 20:16:31,478 1 INFO lab_template odoo.modules.loading: loading base/wizard/base_export_language_views.xml 
2026-09-08 20:16:31,484 1 INFO lab_template odoo.modules.loading: loading base/wizard/base_partner_merge_views.xml 
2026-09-08 20:16:31,491 1 INFO lab_template odoo.modules.loading: loading base/data/ir_demo_failure_data.xml 
2026-09-08 20:16:31,499 1 INFO lab_template odoo.modules.loading: loading base/views/ir_profile_views.xml 
2026-09-08 20:16:31,511 1 INFO lab_template odoo.modules.loading: loading base/views/res_company_views.xml 
2026-09-08 20:16:31,522 1 INFO lab_template odoo.modules.loading: loading base/views/res_lang_views.xml 
2026-09-08 20:16:31,532 1 INFO lab_template odoo.modules.loading: loading base/views/res_partner_views.xml 
2026-09-08 20:16:31,584 1 INFO lab_template odoo.modules.loading: loading base/views/res_bank_views.xml 
2026-09-08 20:16:31,615 1 INFO lab_template odoo.modules.loading: loading base/views/res_country_views.xml 
2026-09-08 20:16:31,649 1 INFO lab_template odoo.modules.loading: loading base/views/res_currency_views.xml 
2026-09-08 20:16:31,679 1 INFO lab_template odoo.modules.loading: loading base/views/res_groups_views.xml 
2026-09-08 20:16:31,703 1 INFO lab_template odoo.modules.loading: loading base/views/res_users_views.xml 
2026-09-08 20:16:31,751 1 INFO lab_template odoo.modules.loading: loading base/views/res_users_apikeys_views.xml 
2026-09-08 20:16:31,755 1 INFO lab_template odoo.modules.loading: loading base/views/res_device_views.xml 
2026-09-08 20:16:31,770 1 INFO lab_template odoo.modules.loading: loading base/views/res_users_identitycheck_views.xml 
2026-09-08 20:16:31,775 1 INFO lab_template odoo.modules.loading: loading base/views/res_config_settings_views.xml 
2026-09-08 20:16:31,779 1 INFO lab_template odoo.modules.loading: loading base/views/report_paperformat_views.xml 
2026-09-08 20:16:31,792 1 INFO lab_template odoo.modules.loading: loading base/security/ir.model.access.csv 
2026-09-08 20:16:31,873 1 INFO lab_template odoo.modules.loading: Module base loaded in 4.47s, 8454 queries (+8454 other) 
2026-09-08 20:16:31,873 1 INFO lab_template odoo.modules.loading: 1 modules loaded in 4.47s, 8454 queries (+8454 extra) 
2026-09-08 20:16:31,876 1 INFO lab_template odoo.modules.loading: updating modules list 
2026-09-08 20:16:31,878 1 INFO lab_template odoo.addons.base.models.ir_module: ALLOW access to module.update_list on [] to user __system__ #1 via n/a 
2026-09-08 20:16:32,162 1 WARNING lab_template odoo.modules.module: Missing `author` key in manifest for 'quality_case', defaulting to '' 
2026-09-08 20:16:32,163 1 WARNING lab_template odoo.modules.module: Missing `author` key in manifest for 'quality_oracle', defaulting to '' 
2026-09-08 20:16:32,276 1 INFO lab_template odoo.modules.loading: loading 14 modules... 
2026-09-08 20:16:32,276 1 INFO lab_template odoo.modules.loading: Loading module rpc (2/14) 
2026-09-08 20:16:32,286 1 INFO lab_template odoo.modules.loading: Module rpc loaded in 0.01s, 9 queries (+9 other) 
2026-09-08 20:16:32,286 1 INFO lab_template odoo.modules.loading: Loading module web (3/14) 
2026-09-08 20:16:32,302 1 INFO lab_template odoo.registry: module web: creating or updating database tables 
2026-09-08 20:16:32,535 1 INFO lab_template odoo.modules.loading: loading web/security/ir.model.access.csv 
2026-09-08 20:16:32,542 1 INFO lab_template odoo.modules.loading: loading web/security/web_security.xml 
2026-09-08 20:16:32,548 1 INFO lab_template odoo.modules.loading: loading web/views/webclient_templates.xml 
2026-09-08 20:16:32,577 1 INFO lab_template odoo.modules.loading: loading web/views/report_templates.xml 
2026-09-08 20:16:32,628 1 INFO lab_template odoo.modules.loading: loading web/views/base_document_layout_views.xml 
2026-09-08 20:16:32,641 1 INFO lab_template odoo.modules.loading: loading web/views/partner_view.xml 
2026-09-08 20:16:32,647 1 INFO lab_template odoo.modules.loading: loading web/views/speedscope_template.xml 
2026-09-08 20:16:32,650 1 INFO lab_template odoo.modules.loading: loading web/views/memory_template.xml 
2026-09-08 20:16:32,654 1 INFO lab_template odoo.modules.loading: loading web/views/speedscope_config_wizard.xml 
2026-09-08 20:16:32,659 1 INFO lab_template odoo.modules.loading: loading web/views/neutralize_views.xml 
2026-09-08 20:16:32,666 1 INFO lab_template odoo.modules.loading: loading web/views/ir_ui_view_views.xml 
2026-09-08 20:16:32,672 1 INFO lab_template odoo.modules.loading: loading web/data/ir_attachment.xml 
2026-09-08 20:16:32,674 1 INFO lab_template odoo.modules.loading: loading web/data/report_layout.xml 
2026-09-08 20:16:32,715 1 INFO lab_template odoo.modules.loading: Module web loaded in 0.43s, 1232 queries (+1232 other) 
2026-09-08 20:16:32,715 1 INFO lab_template odoo.modules.loading: Loading module api_doc (4/14) 
2026-09-08 20:16:32,720 1 INFO lab_template odoo.registry: module api_doc: creating or updating database tables 
2026-09-08 20:16:32,731 1 INFO lab_template odoo.modules.loading: loading api_doc/security/res_groups.xml 
2026-09-08 20:16:32,747 1 INFO lab_template odoo.modules.loading: loading api_doc/views/docclient.xml 
2026-09-08 20:16:32,759 1 INFO lab_template odoo.modules.loading: Module api_doc loaded in 0.04s, 63 queries (+63 other) 
2026-09-08 20:16:32,759 1 INFO lab_template odoo.modules.loading: Loading module auth_totp (5/14) 
2026-09-08 20:16:32,767 1 INFO lab_template odoo.registry: module auth_totp: creating or updating database tables 
2026-09-08 20:16:32,816 1 INFO lab_template odoo.modules.loading: loading auth_totp/security/security.xml 
2026-09-08 20:16:32,826 1 INFO lab_template odoo.modules.loading: loading auth_totp/security/ir.model.access.csv 
2026-09-08 20:16:32,829 1 INFO lab_template odoo.modules.loading: loading auth_totp/data/ir_action_data.xml 
2026-09-08 20:16:32,835 1 INFO lab_template odoo.modules.loading: loading auth_totp/views/res_users_views.xml 
2026-09-08 20:16:32,860 1 INFO lab_template odoo.modules.loading: loading auth_totp/views/templates.xml 
2026-09-08 20:16:32,867 1 INFO lab_template odoo.modules.loading: loading auth_totp/wizard/auth_totp_wizard_views.xml 
2026-09-08 20:16:32,882 1 INFO lab_template odoo.modules.loading: Module auth_totp loaded in 0.12s, 218 queries (+218 other) 
2026-09-08 20:16:32,882 1 INFO lab_template odoo.modules.loading: Loading module base_import (6/14) 
2026-09-08 20:16:32,902 1 INFO lab_template odoo.registry: module base_import: creating or updating database tables 
2026-09-08 20:16:33,145 1 INFO lab_template odoo.modules.loading: loading base_import/security/ir.model.access.csv 
2026-09-08 20:16:33,153 1 INFO lab_template odoo.modules.loading: Module base_import loaded in 0.27s, 956 queries (+956 other) 
2026-09-08 20:16:33,153 1 INFO lab_template odoo.modules.loading: Loading module base_import_module (7/14) 
2026-09-08 20:16:33,158 1 INFO lab_template odoo.registry: module base_import_module: creating or updating database tables 
2026-09-08 20:16:33,190 1 INFO lab_template odoo.modules.loading: loading base_import_module/security/ir.model.access.csv 
2026-09-08 20:16:33,193 1 INFO lab_template odoo.modules.loading: loading base_import_module/views/base_import_module_view.xml 
2026-09-08 20:16:33,202 1 INFO lab_template odoo.modules.loading: loading base_import_module/views/ir_module_views.xml 
2026-09-08 20:16:33,226 1 INFO lab_template odoo.modules.loading: Module base_import_module loaded in 0.07s, 172 queries (+172 other) 
2026-09-08 20:16:33,226 1 INFO lab_template odoo.modules.loading: Loading module base_setup (8/14) 
2026-09-08 20:16:33,231 1 INFO lab_template odoo.registry: module base_setup: creating or updating database tables 
2026-09-08 20:16:33,254 1 INFO lab_template odoo.modules.loading: loading base_setup/data/base_setup_data.xml 
2026-09-08 20:16:33,256 1 INFO lab_template odoo.modules.loading: loading base_setup/views/res_config_settings_views.xml 
2026-09-08 20:16:33,272 1 INFO lab_template odoo.modules.loading: loading base_setup/views/res_partner_views.xml 
2026-09-08 20:16:33,286 1 INFO lab_template odoo.modules.loading: Module base_setup loaded in 0.06s, 152 queries (+152 other) 
2026-09-08 20:16:33,286 1 INFO lab_template odoo.modules.loading: Loading module bus (9/14) 
2026-09-08 20:16:33,295 1 INFO lab_template odoo.registry: module bus: creating or updating database tables 
2026-09-08 20:16:33,342 1 INFO lab_template odoo.modules.loading: loading bus/security/ir.model.access.csv 
2026-09-08 20:16:33,348 1 INFO lab_template odoo.modules.loading: Module bus loaded in 0.06s, 159 queries (+159 other) 
2026-09-08 20:16:33,348 1 INFO lab_template odoo.modules.loading: Loading module web_tour (10/14) 
2026-09-08 20:16:33,352 1 INFO lab_template odoo.registry: module web_tour: creating or updating database tables 
2026-09-08 20:16:33,354 1 INFO lab_template odoo.models: Prepare computation of res.users.tour_enabled 
2026-09-08 20:16:33,397 1 INFO lab_template odoo.modules.loading: loading web_tour/security/ir.model.access.csv 
2026-09-08 20:16:33,400 1 INFO lab_template odoo.modules.loading: loading web_tour/views/tour_views.xml 
2026-09-08 20:16:33,419 1 INFO lab_template odoo.modules.loading: Module web_tour loaded in 0.07s, 180 queries (+180 other) 
2026-09-08 20:16:33,419 1 INFO lab_template odoo.modules.loading: Loading module auth_passkey (11/14) 
2026-09-08 20:16:33,442 1 INFO lab_template odoo.registry: module auth_passkey: creating or updating database tables 
2026-09-08 20:16:33,484 1 INFO lab_template odoo.modules.loading: loading auth_passkey/views/auth_passkey_key_views.xml 
2026-09-08 20:16:33,494 1 INFO lab_template odoo.modules.loading: loading auth_passkey/views/auth_passkey_login_templates.xml 
2026-09-08 20:16:33,500 1 INFO lab_template odoo.modules.loading: loading auth_passkey/views/res_users_identitycheck_views.xml 
2026-09-08 20:16:33,505 1 INFO lab_template odoo.modules.loading: loading auth_passkey/views/res_users_views.xml 
2026-09-08 20:16:33,514 1 INFO lab_template odoo.modules.loading: loading auth_passkey/security/ir.model.access.csv 
2026-09-08 20:16:33,518 1 INFO lab_template odoo.modules.loading: loading auth_passkey/security/security.xml 
2026-09-08 20:16:33,531 1 INFO lab_template odoo.modules.loading: Module auth_passkey loaded in 0.11s, 218 queries (+218 other) 
2026-09-08 20:16:33,531 1 INFO lab_template odoo.modules.loading: Loading module html_editor (12/14) 
2026-09-08 20:16:33,612 1 INFO lab_template odoo.registry: module html_editor: creating or updating database tables 
2026-09-08 20:16:33,843 1 INFO lab_template odoo.modules.loading: loading html_editor/security/ir.model.access.csv 
2026-09-08 20:16:33,850 1 INFO lab_template odoo.modules.loading: Module html_editor loaded in 0.32s, 1034 queries (+1034 other) 
2026-09-08 20:16:33,850 1 INFO lab_template odoo.modules.loading: Loading module iap (13/14) 
2026-09-08 20:16:33,852 1 INFO lab_template odoo.registry: module iap: creating or updating database tables 
2026-09-08 20:16:33,890 1 INFO lab_template odoo.modules.loading: loading iap/data/services.xml 
2026-09-08 20:16:33,893 1 INFO lab_template odoo.modules.loading: loading iap/security/ir.model.access.csv 
2026-09-08 20:16:33,896 1 INFO lab_template odoo.modules.loading: loading iap/security/ir_rule.xml 
2026-09-08 20:16:33,899 1 INFO lab_template odoo.modules.loading: loading iap/views/iap_views.xml 
2026-09-08 20:16:33,911 1 INFO lab_template odoo.modules.loading: loading iap/views/res_config_settings.xml 
2026-09-08 20:16:33,922 1 INFO lab_template odoo.modules.loading: Module iap loaded in 0.07s, 182 queries (+182 other) 
2026-09-08 20:16:33,923 1 INFO lab_template odoo.modules.loading: Loading module web_unsplash (14/14) 
2026-09-08 20:16:33,927 1 INFO lab_template odoo.registry: module web_unsplash: creating or updating database tables 
2026-09-08 20:16:33,943 1 INFO lab_template odoo.modules.loading: loading web_unsplash/views/res_config_settings_view.xml 
2026-09-08 20:16:33,959 1 INFO lab_template odoo.modules.loading: Module web_unsplash loaded in 0.04s, 93 queries (+93 other) 
2026-09-08 20:16:33,959 1 INFO lab_template odoo.modules.loading: 14 modules loaded in 1.68s, 4668 queries (+4668 extra) 
2026-09-08 20:16:34,049 1 INFO lab_template odoo.modules.loading: Modules loaded. 
2026-09-08 20:16:34,053 1 INFO lab_template odoo.registry: Registry changed, signaling through the database 
2026-09-08 20:16:34,053 1 INFO lab_template odoo.registry: Registry loaded in 7.174s 
2026-09-08 20:16:34,053 1 INFO lab_template odoo.service.server: Initiating shutdown 
2026-09-08 20:16:34,053 1 INFO lab_template odoo.service.server: Hit CTRL-C again or send a second signal to force the shutdown. 
2026-09-08 20:16:34,053 1 INFO lab_template odoo.sql_db: ConnectionPool(read/write;used=0/count=0/max=64): Closed 1 connections  
