2026-09-09 14:21:57,184 1 WARNING ? odoo.tools.config: option addons_path, invalid addons directory '/mnt/extra-addons', skipped 
2026-09-09 14:21:57,184 1 WARNING ? odoo.tools.config: option --without-demo: since 19.0, invalid boolean value: 'all', assume True 
2026-09-09 14:21:57,184 1 WARNING ? odoo.tools.config: option addons_path, invalid addons directory '/mnt/extra-addons', skipped 
2026-09-09 14:21:57,184 1 INFO ? odoo: Odoo version 19.0-20260817 
2026-09-09 14:21:57,184 1 INFO ? odoo: Using configuration file at /etc/odoo/odoo.conf 
2026-09-09 14:21:57,184 1 INFO ? odoo: addons paths: _NamespacePath(['/usr/lib/python3/dist-packages/odoo/addons', '/var/lib/odoo/addons/19.0', '/mnt/enterprise-addons', '/usr/lib/python3/dist-packages/addons']) 
2026-09-09 14:21:57,184 1 INFO ? odoo: database: odoo@db:5432 
2026-09-09 14:21:57,407 1 INFO ? odoo.service.server: Initiating shutdown 
2026-09-09 14:21:57,407 1 INFO ? odoo.service.server: Hit CTRL-C again or send a second signal to force the shutdown. 
2026-09-09 14:21:57,421 1 INFO lab_client odoo.modules.loading: loading 1 modules... 
2026-09-09 14:21:57,423 1 INFO lab_client odoo.modules.loading: 1 modules loaded in 0.00s, 0 queries (+0 extra) 
2026-09-09 14:21:57,439 1 INFO lab_client odoo.modules.loading: loading 47 modules... 
2026-09-09 14:21:57,785 1 INFO lab_client odoo.modules.loading: 47 modules loaded in 0.35s, 0 queries (+0 extra) 
2026-09-09 14:21:57,850 1 INFO lab_client odoo.modules.loading: Modules loaded. 
2026-09-09 14:21:57,875 1 INFO lab_client odoo.registry: Registry loaded in 0.468s 
2026-09-09 14:21:57,907 1 INFO lab_client odoo.models.unlink: User #1 deleted x_lab_request records with IDs: [18, 19, 20, 21, 22, 23, 24, 25] 
[OK ] C1 7 jours, location → revue requise — attendu True, obtenu True
[OK ] C2 30 jours, location → revue requise — attendu True, obtenu True
[OK ] C3 6 jours, location → pas de revue — attendu False, obtenu False
[OK ] C4 7 jours, prêt → pas de revue — attendu False, obtenu False
[OK ] C5 30 jours, prêt → pas de revue — attendu False, obtenu False
[OK ] C6 0 jour, type vide → pas de revue — attendu False, obtenu False
[OK ] C7 état initial à 6 jours — attendu False, obtenu False
[OK ] C7 recalcul après 6 → 7 jours — attendu True, obtenu True
[OK ] C7 recalcul après 7 → 6 jours — attendu False, obtenu False
[OK ] C8 état initial en location — attendu True, obtenu True
[OK ] C8 recalcul après location → prêt — attendu False, obtenu False
[OK ] C8 valeur relue après invalidation du cache — attendu False, obtenu False
nettoyage : 0 enregistrement(s) restant(s) sur x_lab_request

SCÉNARIO ORM VERT — toutes les vérifications passent
