[
    {
        "Id": "2ad5cad4d005265d923c30de7753f4b067bb55bc8d7e13103df74875c010e933",
        "Created": "2026-09-09T17:39:24.298796209Z",
        "Path": "docker-entrypoint.sh",
        "Args": [
            "postgres"
        ],
        "State": {
            "Status": "running",
            "Running": true,
            "Paused": false,
            "Restarting": false,
            "OOMKilled": false,
            "Dead": false,
            "Pid": 362229,
            "ExitCode": 0,
            "Error": "",
            "StartedAt": "2026-09-09T17:39:24.329368553Z",
            "FinishedAt": "0001-01-01T00:00:00Z"
        },
        "Image": "sha256:f40a5645a21f34c966c46a283e6b7fd5f4a7d4fc1768a5842f34b38423e90c8f",
        "ResolvConfPath": "/home/blegoff/nobackup/docker/containers/2ad5cad4d005265d923c30de7753f4b067bb55bc8d7e13103df74875c010e933/resolv.conf",
        "HostnamePath": "/home/blegoff/nobackup/docker/containers/2ad5cad4d005265d923c30de7753f4b067bb55bc8d7e13103df74875c010e933/hostname",
        "HostsPath": "/home/blegoff/nobackup/docker/containers/2ad5cad4d005265d923c30de7753f4b067bb55bc8d7e13103df74875c010e933/hosts",
        "LogPath": "/home/blegoff/nobackup/docker/containers/2ad5cad4d005265d923c30de7753f4b067bb55bc8d7e13103df74875c010e933/2ad5cad4d005265d923c30de7753f4b067bb55bc8d7e13103df74875c010e933-json.log",
        "Name": "/delegcmp-6f9a0b9dfae4-pg",
        "RestartCount": 0,
        "Driver": "overlay2",
        "Platform": "linux",
        "MountLabel": "",
        "ProcessLabel": "",
        "AppArmorProfile": "docker-default",
        "ExecIDs": null,
        "HostConfig": {
            "Binds": null,
            "ContainerIDFile": "",
            "LogConfig": {
                "Type": "json-file",
                "Config": {}
            },
            "NetworkMode": "delegcmp-6f9a0b9dfae4-net",
            "PortBindings": {},
            "RestartPolicy": {
                "Name": "no",
                "MaximumRetryCount": 0
            },
            "AutoRemove": false,
            "VolumeDriver": "",
            "VolumesFrom": null,
            "ConsoleSize": [
                0,
                0
            ],
            "CapAdd": null,
            "CapDrop": null,
            "CgroupnsMode": "private",
            "Dns": [],
            "DnsOptions": [],
            "DnsSearch": [],
            "ExtraHosts": null,
            "GroupAdd": null,
            "IpcMode": "private",
            "Cgroup": "",
            "Links": null,
            "OomScoreAdj": 0,
            "PidMode": "",
            "Privileged": false,
            "PublishAllPorts": false,
            "ReadonlyRootfs": false,
            "SecurityOpt": null,
            "Tmpfs": {
                "/var/lib/postgresql/data": ""
            },
            "UTSMode": "",
            "UsernsMode": "",
            "ShmSize": 67108864,
            "Runtime": "runc",
            "Isolation": "",
            "CpuShares": 0,
            "Memory": 0,
            "NanoCpus": 0,
            "CgroupParent": "",
            "BlkioWeight": 0,
            "BlkioWeightDevice": [],
            "BlkioDeviceReadBps": [],
            "BlkioDeviceWriteBps": [],
            "BlkioDeviceReadIOps": [],
            "BlkioDeviceWriteIOps": [],
            "CpuPeriod": 0,
            "CpuQuota": 0,
            "CpuRealtimePeriod": 0,
            "CpuRealtimeRuntime": 0,
            "CpusetCpus": "",
            "CpusetMems": "",
            "Devices": [],
            "DeviceCgroupRules": null,
            "DeviceRequests": null,
            "MemoryReservation": 0,
            "MemorySwap": 0,
            "MemorySwappiness": null,
            "OomKillDisable": null,
            "PidsLimit": null,
            "Ulimits": [],
            "CpuCount": 0,
            "CpuPercent": 0,
            "IOMaximumIOps": 0,
            "IOMaximumBandwidth": 0,
            "MaskedPaths": [
                "/proc/asound",
                "/proc/acpi",
                "/proc/interrupts",
                "/proc/kcore",
                "/proc/keys",
                "/proc/latency_stats",
                "/proc/timer_list",
                "/proc/timer_stats",
                "/proc/sched_debug",
                "/proc/scsi",
                "/sys/firmware",
                "/sys/devices/virtual/powercap",
                "/sys/devices/system/cpu/cpu0/thermal_throttle",
                "/sys/devices/system/cpu/cpu1/thermal_throttle",
                "/sys/devices/system/cpu/cpu2/thermal_throttle",
                "/sys/devices/system/cpu/cpu3/thermal_throttle",
                "/sys/devices/system/cpu/cpu4/thermal_throttle",
                "/sys/devices/system/cpu/cpu5/thermal_throttle",
                "/sys/devices/system/cpu/cpu6/thermal_throttle",
                "/sys/devices/system/cpu/cpu7/thermal_throttle",
                "/sys/devices/system/cpu/cpu8/thermal_throttle",
                "/sys/devices/system/cpu/cpu9/thermal_throttle",
                "/sys/devices/system/cpu/cpu10/thermal_throttle",
                "/sys/devices/system/cpu/cpu11/thermal_throttle"
            ],
            "ReadonlyPaths": [
                "/proc/bus",
                "/proc/fs",
                "/proc/irq",
                "/proc/sys",
                "/proc/sysrq-trigger"
            ]
        },
        "GraphDriver": {
            "Data": {
                "ID": "2ad5cad4d005265d923c30de7753f4b067bb55bc8d7e13103df74875c010e933",
                "LowerDir": "/home/blegoff/nobackup/docker/overlay2/391e2945cfa5241a075179d39c4dcddbb54909ff554e09768f35936a9dec944c-init/diff:/home/blegoff/nobackup/docker/overlay2/dd35806cce32da71371e5cd602c71f06db6fb24eb68ca1227949dea8bda68c4c/diff:/home/blegoff/nobackup/docker/overlay2/f21bbb7b9ba7e310b0cb2a49ee10f68f623eee27489f7ad4a03a81411f1a5ac7/diff:/home/blegoff/nobackup/docker/overlay2/c075ba6351226a5795d723f47a8ed97ba3f1b3d87365981ecc985b1056501f7b/diff:/home/blegoff/nobackup/docker/overlay2/87d4c18262c87a72e2dd04a2b2b8a15ef1556c459c676c38b436af77001252b5/diff:/home/blegoff/nobackup/docker/overlay2/ac17103ce16bf54e593d3c15319f1526b3c7d7752733f78e87cee93e9bf24e7f/diff:/home/blegoff/nobackup/docker/overlay2/4712a3dcca9ef2afdaf126923bdafe80745524fcf5ca9d9c391ac082c2097e6a/diff:/home/blegoff/nobackup/docker/overlay2/ae7fa69ad02eb1b788bcd112412dcb622770f0043e510da536d073534603b784/diff:/home/blegoff/nobackup/docker/overlay2/4fe424c2f7717b2f66c827f8f69939c75ed5e782d29791357c2c41eadc96629e/diff:/home/blegoff/nobackup/docker/overlay2/24ea02a5f8826ba5658f4f6b228f0c167ebd662dc7ef3c7ad9128e0aad67fd36/diff:/home/blegoff/nobackup/docker/overlay2/51a7b4f834658b27abbde1426b32e85f2809ba6e0395769e6d1225d62cc21254/diff:/home/blegoff/nobackup/docker/overlay2/50b5caf572d5b0d14e7fb074cc32ee742df486c620ed0e7d44be8e83b5494890/diff:/home/blegoff/nobackup/docker/overlay2/9395e6b4bd249f0ee2fcee27266c06bc2747b26929be641e65e1a2c327244401/diff:/home/blegoff/nobackup/docker/overlay2/e1b6313c4412daa581b2dd9247b8c25f19b181a51bfa827a075026ecdcfabb13/diff:/home/blegoff/nobackup/docker/overlay2/08670fc08da80680c9f9b35dbe0d9dc6915b7891c3fc077f6a0fa726aed817f6/diff",
                "MergedDir": "/home/blegoff/nobackup/docker/overlay2/391e2945cfa5241a075179d39c4dcddbb54909ff554e09768f35936a9dec944c/merged",
                "UpperDir": "/home/blegoff/nobackup/docker/overlay2/391e2945cfa5241a075179d39c4dcddbb54909ff554e09768f35936a9dec944c/diff",
                "WorkDir": "/home/blegoff/nobackup/docker/overlay2/391e2945cfa5241a075179d39c4dcddbb54909ff554e09768f35936a9dec944c/work"
            },
            "Name": "overlay2"
        },
        "Mounts": [],
        "Config": {
            "Hostname": "2ad5cad4d005",
            "Domainname": "",
            "User": "",
            "AttachStdin": false,
            "AttachStdout": false,
            "AttachStderr": false,
            "ExposedPorts": {
                "5432/tcp": {}
            },
            "Tty": false,
            "OpenStdin": false,
            "StdinOnce": false,
            "Env": [
                "POSTGRES_USER=odoo",
                "POSTGRES_PASSWORD=synthetic-lab-only",
                "PATH=/usr/local/sbin:/usr/local/bin:/usr/sbin:/usr/bin:/sbin:/bin:/usr/lib/postgresql/16/bin",
                "GOSU_VERSION=1.19",
                "LANG=en_US.utf8",
                "PG_MAJOR=16",
                "PG_VERSION=16.14-1.pgdg13+1",
                "PGDATA=/var/lib/postgresql/data"
            ],
            "Cmd": [
                "postgres"
            ],
            "Image": "sha256:f40a5645a21f34c966c46a283e6b7fd5f4a7d4fc1768a5842f34b38423e90c8f",
            "Volumes": {
                "/var/lib/postgresql/data": {}
            },
            "WorkingDir": "",
            "Entrypoint": [
                "docker-entrypoint.sh"
            ],
            "OnBuild": null,
            "Labels": {
                "delegation-comparison-owner": "b2029bb52bf746e7acd9d78d45b39671"
            },
            "StopSignal": "SIGINT"
        },
        "NetworkSettings": {
            "Bridge": "",
            "SandboxID": "d2be9d9839186da1d00c0d99d0bb6a396c25bfea61486362d7cab8cb1b824af0",
            "SandboxKey": "/var/run/docker/netns/d2be9d983918",
            "Ports": {},
            "HairpinMode": false,
            "LinkLocalIPv6Address": "",
            "LinkLocalIPv6PrefixLen": 0,
            "SecondaryIPAddresses": null,
            "SecondaryIPv6Addresses": null,
            "EndpointID": "",
            "Gateway": "",
            "GlobalIPv6Address": "",
            "GlobalIPv6PrefixLen": 0,
            "IPAddress": "",
            "IPPrefixLen": 0,
            "IPv6Gateway": "",
            "MacAddress": "",
            "Networks": {
                "delegcmp-6f9a0b9dfae4-net": {
                    "IPAMConfig": null,
                    "Links": null,
                    "Aliases": null,
                    "MacAddress": "b6:18:42:93:92:44",
                    "DriverOpts": null,
                    "GwPriority": 0,
                    "NetworkID": "2bc1d7edecd65f3d509c39b7d55a30681c4c0434c461db20764f8c07070c074c",
                    "EndpointID": "b0a9aa17a577111510ed07f7ceb5bb71dd36dae2093932abb886fa398f88d7c2",
                    "Gateway": "",
                    "IPAddress": "192.168.32.2",
                    "IPPrefixLen": 20,
                    "IPv6Gateway": "",
                    "GlobalIPv6Address": "",
                    "GlobalIPv6PrefixLen": 0,
                    "DNSNames": [
                        "delegcmp-6f9a0b9dfae4-pg",
                        "2ad5cad4d005"
                    ]
                }
            }
        }
    }
]
