2026-09-09 17:39:25,897 1 INFO ? odoo: Odoo version 19.0-20260817 
2026-09-09 17:39:25,897 1 INFO ? odoo: Using configuration file at /etc/odoo/odoo.conf 
2026-09-09 17:39:25,897 1 INFO ? odoo: addons paths: _NamespacePath(['/usr/lib/python3/dist-packages/odoo/addons', '/tmp/odoo-data/addons/19.0', '/mnt/extra-addons', '/usr/lib/python3/dist-packages/addons']) 
2026-09-09 17:39:25,897 1 INFO ? odoo: database: odoo@delegcmp-6f9a0b9dfae4-pg:default 
2026-09-09 17:39:26,128 1 INFO comparison_seed odoo.modules.loading: Initializing database comparison_seed 
2026-09-09 17:39:26,589 1 INFO comparison_seed odoo.modules.loading: loading 1 modules... 
2026-09-09 17:39:26,589 1 INFO comparison_seed odoo.modules.loading: Loading module base (1/1) 
2026-09-09 17:39:26,607 1 INFO comparison_seed odoo.registry: module base: creating or updating database tables 
2026-09-09 17:39:26,728 1 INFO comparison_seed odoo.models: Prepare computation of ir.module.module.menus_by_module 
2026-09-09 17:39:26,728 1 INFO comparison_seed odoo.models: Prepare computation of ir.module.module.reports_by_module 
2026-09-09 17:39:26,728 1 INFO comparison_seed odoo.models: Prepare computation of ir.module.module.views_by_module 
2026-09-09 17:39:26,769 1 INFO comparison_seed odoo.models: Prepare computation of res.partner.user_id 
2026-09-09 17:39:26,769 1 INFO comparison_seed odoo.models: Prepare computation of res.partner.commercial_partner_id 
2026-09-09 17:39:26,769 1 INFO comparison_seed odoo.models: Prepare computation of res.partner.complete_name 
2026-09-09 17:39:26,769 1 INFO comparison_seed odoo.models: Prepare computation of res.partner.lang 
2026-09-09 17:39:26,769 1 INFO comparison_seed odoo.models: Prepare computation of res.partner.company_registry 
2026-09-09 17:39:26,769 1 INFO comparison_seed odoo.models: Prepare computation of res.partner.commercial_company_name 
2026-09-09 17:39:26,769 1 INFO comparison_seed odoo.models: Prepare computation of res.partner.properties 
2026-09-09 17:39:26,770 1 INFO comparison_seed odoo.models: Prepare computation of res.partner.partner_share 
2026-09-09 17:39:26,782 1 INFO comparison_seed odoo.models: Prepare computation of res.currency.decimal_places 
2026-09-09 17:39:26,791 1 INFO comparison_seed odoo.models: Prepare computation of res.company.uses_default_logo 
2026-09-09 17:39:26,791 1 INFO comparison_seed odoo.models: Prepare computation of res.company.logo_web 
2026-09-09 17:39:26,792 1 INFO comparison_seed odoo.models: Computing parent_path for table res_company... 
2026-09-09 17:39:26,804 1 INFO comparison_seed odoo.models: Prepare computation of res.users.signature 
2026-09-09 17:39:26,804 1 INFO comparison_seed odoo.models: Prepare computation of res.users.share 
2026-09-09 17:39:27,491 1 INFO comparison_seed odoo.modules.loading: loading base/data/res_bank.xml 
2026-09-09 17:39:27,494 1 INFO comparison_seed odoo.modules.loading: loading base/data/res.lang.csv 
2026-09-09 17:39:27,514 1 INFO comparison_seed odoo.modules.loading: loading base/data/res_lang_data.xml 
2026-09-09 17:39:27,533 1 INFO comparison_seed odoo.modules.loading: loading base/data/res_partner_data.xml 
2026-09-09 17:39:27,558 1 INFO comparison_seed odoo.modules.loading: loading base/data/res_currency_data.xml 
2026-09-09 17:39:27,799 1 INFO comparison_seed odoo.modules.loading: loading base/data/res_company_data.xml 
2026-09-09 17:39:27,806 1 INFO comparison_seed odoo.modules.loading: loading base/data/res_users_data.xml 
2026-09-09 17:39:28,341 1 INFO comparison_seed odoo.modules.loading: loading base/data/report_paperformat_data.xml 
2026-09-09 17:39:28,347 1 INFO comparison_seed odoo.modules.loading: loading base/data/res_country_data.xml 
2026-09-09 17:39:28,612 1 INFO comparison_seed odoo.modules.loading: loading base/data/ir_demo_data.xml 
2026-09-09 17:39:28,621 1 INFO comparison_seed odoo.modules.loading: loading base/security/base_groups.xml 
2026-09-09 17:39:28,724 1 INFO comparison_seed odoo.modules.loading: loading base/security/base_security.xml 
2026-09-09 17:39:28,848 1 INFO comparison_seed odoo.modules.loading: loading base/wizard/wizard_ir_model_menu_create_views.xml 
2026-09-09 17:39:28,857 1 INFO comparison_seed odoo.modules.loading: loading base/views/base_menus.xml 
2026-09-09 17:39:28,887 1 INFO comparison_seed odoo.modules.loading: loading base/views/decimal_precision_views.xml 
2026-09-09 17:39:28,895 1 INFO comparison_seed odoo.modules.loading: loading base/views/res_config_views.xml 
2026-09-09 17:39:28,898 1 INFO comparison_seed odoo.modules.loading: loading base/data/res.country.state.csv 
2026-09-09 17:39:29,098 1 INFO comparison_seed odoo.modules.loading: loading base/views/ir_actions_views.xml 
2026-09-09 17:39:29,180 1 INFO comparison_seed odoo.modules.loading: loading base/views/ir_asset_views.xml 
2026-09-09 17:39:29,191 1 INFO comparison_seed odoo.modules.loading: loading base/views/ir_config_parameter_views.xml 
2026-09-09 17:39:29,200 1 INFO comparison_seed odoo.modules.loading: loading base/views/ir_cron_views.xml 
2026-09-09 17:39:29,214 1 INFO comparison_seed odoo.modules.loading: loading base/views/ir_cron_trigger_views.xml 
2026-09-09 17:39:29,223 1 INFO comparison_seed odoo.modules.loading: loading base/views/ir_filters_views.xml 
2026-09-09 17:39:29,235 1 INFO comparison_seed odoo.modules.loading: loading base/views/ir_mail_server_views.xml 
2026-09-09 17:39:29,249 1 INFO comparison_seed odoo.modules.loading: loading base/views/ir_model_views.xml 
2026-09-09 17:39:29,340 1 INFO comparison_seed odoo.modules.loading: loading base/views/ir_attachment_views.xml 
2026-09-09 17:39:29,361 1 INFO comparison_seed odoo.modules.loading: loading base/views/ir_rule_views.xml 
2026-09-09 17:39:29,379 1 INFO comparison_seed odoo.modules.loading: loading base/views/ir_sequence_views.xml 
2026-09-09 17:39:29,399 1 INFO comparison_seed odoo.modules.loading: loading base/views/ir_ui_menu_views.xml 
2026-09-09 17:39:29,415 1 INFO comparison_seed odoo.modules.loading: loading base/views/ir_ui_view_views.xml 
2026-09-09 17:39:29,441 1 INFO comparison_seed odoo.modules.loading: loading base/views/ir_default_views.xml 
2026-09-09 17:39:29,450 1 INFO comparison_seed odoo.modules.loading: loading base/data/ir_config_parameter_data.xml 
2026-09-09 17:39:29,453 1 INFO comparison_seed odoo.modules.loading: loading base/data/ir_cron_data.xml 
2026-09-09 17:39:29,461 1 INFO comparison_seed odoo.modules.loading: loading base/report/ir_model_report.xml 
2026-09-09 17:39:29,463 1 INFO comparison_seed odoo.modules.loading: loading base/report/ir_model_templates.xml 
2026-09-09 17:39:29,467 1 INFO comparison_seed odoo.modules.loading: loading base/views/ir_logging_views.xml 
2026-09-09 17:39:29,477 1 INFO comparison_seed odoo.modules.loading: loading base/views/ir_qweb_widget_templates.xml 
2026-09-09 17:39:29,485 1 INFO comparison_seed odoo.modules.loading: loading base/views/ir_module_views.xml 
2026-09-09 17:39:29,522 1 INFO comparison_seed odoo.modules.loading: loading base/data/ir_module_category_data.xml 
2026-09-09 17:39:29,548 1 INFO comparison_seed odoo.modules.loading: loading base/data/ir_module_module.xml 
2026-09-09 17:39:29,601 1 INFO comparison_seed odoo.modules.loading: loading base/report/ir_module_reports.xml 
2026-09-09 17:39:29,604 1 INFO comparison_seed odoo.modules.loading: loading base/report/ir_module_report_templates.xml 
2026-09-09 17:39:29,610 1 INFO comparison_seed odoo.modules.loading: loading base/wizard/base_module_update_views.xml 
2026-09-09 17:39:29,621 1 INFO comparison_seed odoo.modules.loading: loading base/wizard/base_language_install_views.xml 
2026-09-09 17:39:29,634 1 INFO comparison_seed odoo.modules.loading: loading base/wizard/base_import_language_views.xml 
2026-09-09 17:39:29,645 1 INFO comparison_seed odoo.modules.loading: loading base/wizard/base_module_upgrade_views.xml 
2026-09-09 17:39:29,658 1 INFO comparison_seed odoo.modules.loading: loading base/wizard/base_module_uninstall_views.xml 
2026-09-09 17:39:29,668 1 INFO comparison_seed odoo.modules.loading: loading base/wizard/base_export_language_views.xml 
2026-09-09 17:39:29,679 1 INFO comparison_seed odoo.modules.loading: loading base/wizard/base_partner_merge_views.xml 
2026-09-09 17:39:29,692 1 INFO comparison_seed odoo.modules.loading: loading base/data/ir_demo_failure_data.xml 
2026-09-09 17:39:29,708 1 INFO comparison_seed odoo.modules.loading: loading base/views/ir_profile_views.xml 
2026-09-09 17:39:29,728 1 INFO comparison_seed odoo.modules.loading: loading base/views/res_company_views.xml 
2026-09-09 17:39:29,748 1 INFO comparison_seed odoo.modules.loading: loading base/views/res_lang_views.xml 
2026-09-09 17:39:29,769 1 INFO comparison_seed odoo.modules.loading: loading base/views/res_partner_views.xml 
2026-09-09 17:39:29,834 1 INFO comparison_seed odoo.modules.loading: loading base/views/res_bank_views.xml 
2026-09-09 17:39:29,855 1 INFO comparison_seed odoo.modules.loading: loading base/views/res_country_views.xml 
2026-09-09 17:39:29,878 1 INFO comparison_seed odoo.modules.loading: loading base/views/res_currency_views.xml 
2026-09-09 17:39:29,906 1 INFO comparison_seed odoo.modules.loading: loading base/views/res_groups_views.xml 
2026-09-09 17:39:29,948 1 INFO comparison_seed odoo.modules.loading: loading base/views/res_users_views.xml 
2026-09-09 17:39:30,011 1 INFO comparison_seed odoo.modules.loading: loading base/views/res_users_apikeys_views.xml 
2026-09-09 17:39:30,015 1 INFO comparison_seed odoo.modules.loading: loading base/views/res_device_views.xml 
2026-09-09 17:39:30,026 1 INFO comparison_seed odoo.modules.loading: loading base/views/res_users_identitycheck_views.xml 
2026-09-09 17:39:30,030 1 INFO comparison_seed odoo.modules.loading: loading base/views/res_config_settings_views.xml 
2026-09-09 17:39:30,036 1 INFO comparison_seed odoo.modules.loading: loading base/views/report_paperformat_views.xml 
2026-09-09 17:39:30,047 1 INFO comparison_seed odoo.modules.loading: loading base/security/ir.model.access.csv 
2026-09-09 17:39:30,141 1 INFO comparison_seed odoo.modules.loading: Module base loaded in 3.55s, 8454 queries (+8454 other) 
2026-09-09 17:39:30,142 1 INFO comparison_seed odoo.modules.loading: 1 modules loaded in 3.55s, 8454 queries (+8454 extra) 
2026-09-09 17:39:30,143 1 INFO comparison_seed odoo.modules.loading: updating modules list 
2026-09-09 17:39:30,144 1 INFO comparison_seed odoo.addons.base.models.ir_module: ALLOW access to module.update_list on [] to user __system__ #1 via n/a 
2026-09-09 17:39:30,589 1 INFO comparison_seed odoo.addons.base.models.ir_module: ALLOW access to module.button_install on ['Synthetic qualification'] to user __system__ #1 via n/a 
2026-09-09 17:39:30,627 1 INFO comparison_seed odoo.modules.loading: loading 15 modules... 
2026-09-09 17:39:30,627 1 INFO comparison_seed odoo.modules.loading: Loading module rpc (2/15) 
2026-09-09 17:39:30,634 1 INFO comparison_seed odoo.modules.loading: Module rpc loaded in 0.01s, 9 queries (+9 other) 
2026-09-09 17:39:30,634 1 INFO comparison_seed odoo.modules.loading: Loading module web (3/15) 
2026-09-09 17:39:30,652 1 INFO comparison_seed odoo.registry: module web: creating or updating database tables 
2026-09-09 17:39:30,904 1 INFO comparison_seed odoo.modules.loading: loading web/security/ir.model.access.csv 
2026-09-09 17:39:30,910 1 INFO comparison_seed odoo.modules.loading: loading web/security/web_security.xml 
2026-09-09 17:39:30,917 1 INFO comparison_seed odoo.modules.loading: loading web/views/webclient_templates.xml 
2026-09-09 17:39:30,944 1 INFO comparison_seed odoo.modules.loading: loading web/views/report_templates.xml 
2026-09-09 17:39:30,996 1 INFO comparison_seed odoo.modules.loading: loading web/views/base_document_layout_views.xml 
2026-09-09 17:39:31,005 1 INFO comparison_seed odoo.modules.loading: loading web/views/partner_view.xml 
2026-09-09 17:39:31,010 1 INFO comparison_seed odoo.modules.loading: loading web/views/speedscope_template.xml 
2026-09-09 17:39:31,013 1 INFO comparison_seed odoo.modules.loading: loading web/views/memory_template.xml 
2026-09-09 17:39:31,015 1 INFO comparison_seed odoo.modules.loading: loading web/views/speedscope_config_wizard.xml 
2026-09-09 17:39:31,019 1 INFO comparison_seed odoo.modules.loading: loading web/views/neutralize_views.xml 
2026-09-09 17:39:31,023 1 INFO comparison_seed odoo.modules.loading: loading web/views/ir_ui_view_views.xml 
2026-09-09 17:39:31,028 1 INFO comparison_seed odoo.modules.loading: loading web/data/ir_attachment.xml 
2026-09-09 17:39:31,031 1 INFO comparison_seed odoo.modules.loading: loading web/data/report_layout.xml 
2026-09-09 17:39:31,054 1 INFO comparison_seed odoo.modules.loading: Module web loaded in 0.42s, 1232 queries (+1232 other) 
2026-09-09 17:39:31,054 1 INFO comparison_seed odoo.modules.loading: Loading module api_doc (4/15) 
2026-09-09 17:39:31,058 1 INFO comparison_seed odoo.registry: module api_doc: creating or updating database tables 
2026-09-09 17:39:31,066 1 INFO comparison_seed odoo.modules.loading: loading api_doc/security/res_groups.xml 
2026-09-09 17:39:31,077 1 INFO comparison_seed odoo.modules.loading: loading api_doc/views/docclient.xml 
2026-09-09 17:39:31,085 1 INFO comparison_seed odoo.modules.loading: Module api_doc loaded in 0.03s, 63 queries (+63 other) 
2026-09-09 17:39:31,085 1 INFO comparison_seed odoo.modules.loading: Loading module auth_totp (5/15) 
2026-09-09 17:39:31,098 1 INFO comparison_seed odoo.registry: module auth_totp: creating or updating database tables 
2026-09-09 17:39:31,131 1 INFO comparison_seed odoo.modules.loading: loading auth_totp/security/security.xml 
2026-09-09 17:39:31,143 1 INFO comparison_seed odoo.modules.loading: loading auth_totp/security/ir.model.access.csv 
2026-09-09 17:39:31,147 1 INFO comparison_seed odoo.modules.loading: loading auth_totp/data/ir_action_data.xml 
2026-09-09 17:39:31,151 1 INFO comparison_seed odoo.modules.loading: loading auth_totp/views/res_users_views.xml 
2026-09-09 17:39:31,167 1 INFO comparison_seed odoo.modules.loading: loading auth_totp/views/templates.xml 
2026-09-09 17:39:31,172 1 INFO comparison_seed odoo.modules.loading: loading auth_totp/wizard/auth_totp_wizard_views.xml 
2026-09-09 17:39:31,183 1 INFO comparison_seed odoo.modules.loading: Module auth_totp loaded in 0.10s, 218 queries (+218 other) 
2026-09-09 17:39:31,183 1 INFO comparison_seed odoo.modules.loading: Loading module base_import (6/15) 
2026-09-09 17:39:31,203 1 INFO comparison_seed odoo.registry: module base_import: creating or updating database tables 
2026-09-09 17:39:31,452 1 INFO comparison_seed odoo.modules.loading: loading base_import/security/ir.model.access.csv 
2026-09-09 17:39:31,461 1 INFO comparison_seed odoo.modules.loading: Module base_import loaded in 0.28s, 956 queries (+956 other) 
2026-09-09 17:39:31,461 1 INFO comparison_seed odoo.modules.loading: Loading module base_import_module (7/15) 
2026-09-09 17:39:31,467 1 INFO comparison_seed odoo.registry: module base_import_module: creating or updating database tables 
2026-09-09 17:39:31,499 1 INFO comparison_seed odoo.modules.loading: loading base_import_module/security/ir.model.access.csv 
2026-09-09 17:39:31,506 1 INFO comparison_seed odoo.modules.loading: loading base_import_module/views/base_import_module_view.xml 
2026-09-09 17:39:31,517 1 INFO comparison_seed odoo.modules.loading: loading base_import_module/views/ir_module_views.xml 
2026-09-09 17:39:31,551 1 INFO comparison_seed odoo.modules.loading: Module base_import_module loaded in 0.09s, 172 queries (+172 other) 
2026-09-09 17:39:31,551 1 INFO comparison_seed odoo.modules.loading: Loading module base_setup (8/15) 
2026-09-09 17:39:31,558 1 INFO comparison_seed odoo.registry: module base_setup: creating or updating database tables 
2026-09-09 17:39:31,585 1 INFO comparison_seed odoo.modules.loading: loading base_setup/data/base_setup_data.xml 
2026-09-09 17:39:31,588 1 INFO comparison_seed odoo.modules.loading: loading base_setup/views/res_config_settings_views.xml 
2026-09-09 17:39:31,602 1 INFO comparison_seed odoo.modules.loading: loading base_setup/views/res_partner_views.xml 
2026-09-09 17:39:31,614 1 INFO comparison_seed odoo.modules.loading: Module base_setup loaded in 0.06s, 152 queries (+152 other) 
2026-09-09 17:39:31,614 1 INFO comparison_seed odoo.modules.loading: Loading module bus (9/15) 
2026-09-09 17:39:31,625 1 INFO comparison_seed odoo.registry: module bus: creating or updating database tables 
2026-09-09 17:39:31,664 1 INFO comparison_seed odoo.modules.loading: loading bus/security/ir.model.access.csv 
2026-09-09 17:39:31,671 1 INFO comparison_seed odoo.modules.loading: Module bus loaded in 0.06s, 159 queries (+159 other) 
2026-09-09 17:39:31,671 1 INFO comparison_seed odoo.modules.loading: Loading module lab_qualification (10/15) 
2026-09-09 17:39:31,673 1 INFO comparison_seed odoo.registry: module lab_qualification: creating or updating database tables 
2026-09-09 17:39:31,689 1 INFO comparison_seed odoo.modules.loading: loading lab_qualification/security/ir.model.access.csv 
2026-09-09 17:39:31,692 1 INFO comparison_seed odoo.modules.loading: loading lab_qualification/views/quantity.xml 
2026-09-09 17:39:31,700 1 INFO comparison_seed odoo.modules.loading: Module lab_qualification loaded in 0.03s, 81 queries (+81 other) 
2026-09-09 17:39:31,700 1 INFO comparison_seed odoo.modules.loading: Loading module web_tour (11/15) 
2026-09-09 17:39:31,706 1 INFO comparison_seed odoo.registry: module web_tour: creating or updating database tables 
2026-09-09 17:39:31,708 1 INFO comparison_seed odoo.models: Prepare computation of res.users.tour_enabled 
2026-09-09 17:39:31,744 1 INFO comparison_seed odoo.modules.loading: loading web_tour/security/ir.model.access.csv 
2026-09-09 17:39:31,751 1 INFO comparison_seed odoo.modules.loading: loading web_tour/views/tour_views.xml 
2026-09-09 17:39:31,774 1 INFO comparison_seed odoo.modules.loading: Module web_tour loaded in 0.07s, 180 queries (+180 other) 
2026-09-09 17:39:31,774 1 INFO comparison_seed odoo.modules.loading: Loading module auth_passkey (12/15) 
2026-09-09 17:39:31,807 1 INFO comparison_seed odoo.registry: module auth_passkey: creating or updating database tables 
2026-09-09 17:39:31,840 1 INFO comparison_seed odoo.modules.loading: loading auth_passkey/views/auth_passkey_key_views.xml 
2026-09-09 17:39:31,854 1 INFO comparison_seed odoo.modules.loading: loading auth_passkey/views/auth_passkey_login_templates.xml 
2026-09-09 17:39:31,864 1 INFO comparison_seed odoo.modules.loading: loading auth_passkey/views/res_users_identitycheck_views.xml 
2026-09-09 17:39:31,872 1 INFO comparison_seed odoo.modules.loading: loading auth_passkey/views/res_users_views.xml 
2026-09-09 17:39:31,882 1 INFO comparison_seed odoo.modules.loading: loading auth_passkey/security/ir.model.access.csv 
2026-09-09 17:39:31,886 1 INFO comparison_seed odoo.modules.loading: loading auth_passkey/security/security.xml 
2026-09-09 17:39:31,908 1 INFO comparison_seed odoo.modules.loading: Module auth_passkey loaded in 0.13s, 218 queries (+218 other) 
2026-09-09 17:39:31,908 1 INFO comparison_seed odoo.modules.loading: Loading module html_editor (13/15) 
2026-09-09 17:39:31,995 1 INFO comparison_seed odoo.registry: module html_editor: creating or updating database tables 
2026-09-09 17:39:32,237 1 INFO comparison_seed odoo.modules.loading: loading html_editor/security/ir.model.access.csv 
2026-09-09 17:39:32,247 1 INFO comparison_seed odoo.modules.loading: Module html_editor loaded in 0.34s, 1043 queries (+1043 other) 
2026-09-09 17:39:32,247 1 INFO comparison_seed odoo.modules.loading: Loading module iap (14/15) 
2026-09-09 17:39:32,249 1 INFO comparison_seed odoo.registry: module iap: creating or updating database tables 
2026-09-09 17:39:32,281 1 INFO comparison_seed odoo.modules.loading: loading iap/data/services.xml 
2026-09-09 17:39:32,283 1 INFO comparison_seed odoo.modules.loading: loading iap/security/ir.model.access.csv 
2026-09-09 17:39:32,287 1 INFO comparison_seed odoo.modules.loading: loading iap/security/ir_rule.xml 
2026-09-09 17:39:32,292 1 INFO comparison_seed odoo.modules.loading: loading iap/views/iap_views.xml 
2026-09-09 17:39:32,306 1 INFO comparison_seed odoo.modules.loading: loading iap/views/res_config_settings.xml 
2026-09-09 17:39:32,318 1 INFO comparison_seed odoo.modules.loading: Module iap loaded in 0.07s, 182 queries (+182 other) 
2026-09-09 17:39:32,318 1 INFO comparison_seed odoo.modules.loading: Loading module web_unsplash (15/15) 
2026-09-09 17:39:32,323 1 INFO comparison_seed odoo.registry: module web_unsplash: creating or updating database tables 
2026-09-09 17:39:32,341 1 INFO comparison_seed odoo.modules.loading: loading web_unsplash/views/res_config_settings_view.xml 
2026-09-09 17:39:32,355 1 INFO comparison_seed odoo.modules.loading: Module web_unsplash loaded in 0.04s, 93 queries (+93 other) 
2026-09-09 17:39:32,355 1 INFO comparison_seed odoo.modules.loading: 15 modules loaded in 1.73s, 4758 queries (+4758 extra) 
2026-09-09 17:39:32,462 1 INFO comparison_seed odoo.modules.loading: Modules loaded. 
2026-09-09 17:39:32,464 1 INFO comparison_seed odoo.registry: Registry changed, signaling through the database 
2026-09-09 17:39:32,464 1 INFO comparison_seed odoo.registry: Registry loaded in 6.345s 
2026-09-09 17:39:32,464 1 INFO comparison_seed odoo.service.server: Initiating shutdown 
2026-09-09 17:39:32,464 1 INFO comparison_seed odoo.service.server: Hit CTRL-C again or send a second signal to force the shutdown. 
2026-09-09 17:39:32,464 1 INFO comparison_seed odoo.sql_db: ConnectionPool(read/write;used=0/count=0/max=64): Closed 1 connections  
