2026-09-09 01:08:25,199 1 WARNING ? odoo.tools.config: option addons_path, invalid addons directory '/mnt/enterprise-addons', skipped 
2026-09-09 01:08:25,199 1 WARNING ? odoo.tools.config: option --without-demo: since 19.0, invalid boolean value: 'all', assume True 
2026-09-09 01:08:25,199 1 WARNING ? odoo.tools.config: option addons_path, invalid addons directory '/mnt/enterprise-addons', skipped 
2026-09-09 01:08:25,199 1 WARNING ? odoo.tools.config: missing --http-interface/http_interface, using 0.0.0.0 by default, will change to 127.0.0.1 in 20.0 
2026-09-09 01:08:25,199 1 INFO ? odoo: Odoo version 19.0-20260817 
2026-09-09 01:08:25,199 1 INFO ? odoo: Using configuration file at /etc/odoo/odoo.conf 
2026-09-09 01:08:25,199 1 INFO ? odoo: addons paths: _NamespacePath(['/usr/lib/python3/dist-packages/odoo/addons', '/var/lib/odoo/addons/19.0', '/mnt/extra-addons', '/usr/lib/python3/dist-packages/addons']) 
2026-09-09 01:08:25,199 1 INFO ? odoo: database: odoo@db:5432 
2026-09-09 01:08:25,468 1 INFO quality_empty_candidate odoo.modules.loading: Initializing database quality_empty_candidate 
2026-09-09 01:08:26,163 1 WARNING quality_empty_candidate odoo.modules.module: Missing `author` key in manifest for 'quality_case', defaulting to '' 
2026-09-09 01:08:26,164 1 WARNING quality_empty_candidate odoo.modules.module: Missing `author` key in manifest for 'quality_case', defaulting to '' 
2026-09-09 01:08:26,165 1 WARNING quality_empty_candidate odoo.modules.module: Missing `author` key in manifest for 'quality_oracle', defaulting to '' 
2026-09-09 01:08:26,165 1 WARNING quality_empty_candidate odoo.modules.module: Missing `author` key in manifest for 'quality_oracle', defaulting to '' 
2026-09-09 01:08:26,437 1 INFO quality_empty_candidate odoo.modules.loading: loading 1 modules... 
2026-09-09 01:08:26,437 1 INFO quality_empty_candidate odoo.modules.loading: Loading module base (1/1) 
2026-09-09 01:08:26,456 1 INFO quality_empty_candidate odoo.registry: module base: creating or updating database tables 
2026-09-09 01:08:26,647 1 INFO quality_empty_candidate odoo.models: Prepare computation of ir.module.module.menus_by_module 
2026-09-09 01:08:26,647 1 INFO quality_empty_candidate odoo.models: Prepare computation of ir.module.module.reports_by_module 
2026-09-09 01:08:26,647 1 INFO quality_empty_candidate odoo.models: Prepare computation of ir.module.module.views_by_module 
2026-09-09 01:08:26,708 1 INFO quality_empty_candidate odoo.models: Prepare computation of res.partner.user_id 
2026-09-09 01:08:26,708 1 INFO quality_empty_candidate odoo.models: Prepare computation of res.partner.commercial_partner_id 
2026-09-09 01:08:26,709 1 INFO quality_empty_candidate odoo.models: Prepare computation of res.partner.complete_name 
2026-09-09 01:08:26,709 1 INFO quality_empty_candidate odoo.models: Prepare computation of res.partner.lang 
2026-09-09 01:08:26,709 1 INFO quality_empty_candidate odoo.models: Prepare computation of res.partner.company_registry 
2026-09-09 01:08:26,709 1 INFO quality_empty_candidate odoo.models: Prepare computation of res.partner.commercial_company_name 
2026-09-09 01:08:26,709 1 INFO quality_empty_candidate odoo.models: Prepare computation of res.partner.properties 
2026-09-09 01:08:26,709 1 INFO quality_empty_candidate odoo.models: Prepare computation of res.partner.partner_share 
2026-09-09 01:08:26,728 1 INFO quality_empty_candidate odoo.models: Prepare computation of res.currency.decimal_places 
2026-09-09 01:08:26,749 1 INFO quality_empty_candidate odoo.models: Prepare computation of res.company.uses_default_logo 
2026-09-09 01:08:26,749 1 INFO quality_empty_candidate odoo.models: Prepare computation of res.company.logo_web 
2026-09-09 01:08:26,751 1 INFO quality_empty_candidate odoo.models: Computing parent_path for table res_company... 
2026-09-09 01:08:26,776 1 INFO quality_empty_candidate odoo.models: Prepare computation of res.users.signature 
2026-09-09 01:08:26,776 1 INFO quality_empty_candidate odoo.models: Prepare computation of res.users.share 
2026-09-09 01:08:28,047 1 INFO quality_empty_candidate odoo.modules.loading: loading base/data/res_bank.xml 
2026-09-09 01:08:28,051 1 INFO quality_empty_candidate odoo.modules.loading: loading base/data/res.lang.csv 
2026-09-09 01:08:28,090 1 INFO quality_empty_candidate odoo.modules.loading: loading base/data/res_lang_data.xml 
2026-09-09 01:08:28,125 1 INFO quality_empty_candidate odoo.modules.loading: loading base/data/res_partner_data.xml 
2026-09-09 01:08:28,178 1 INFO quality_empty_candidate odoo.modules.loading: loading base/data/res_currency_data.xml 
2026-09-09 01:08:28,665 1 INFO quality_empty_candidate odoo.modules.loading: loading base/data/res_company_data.xml 
2026-09-09 01:08:28,674 1 INFO quality_empty_candidate odoo.modules.loading: loading base/data/res_users_data.xml 
2026-09-09 01:08:29,889 1 INFO quality_empty_candidate odoo.modules.loading: loading base/data/report_paperformat_data.xml 
2026-09-09 01:08:29,900 1 INFO quality_empty_candidate odoo.modules.loading: loading base/data/res_country_data.xml 
2026-09-09 01:08:30,741 1 INFO quality_empty_candidate odoo.modules.loading: loading base/data/ir_demo_data.xml 
2026-09-09 01:08:30,760 1 INFO quality_empty_candidate odoo.modules.loading: loading base/security/base_groups.xml 
2026-09-09 01:08:31,022 1 INFO quality_empty_candidate odoo.modules.loading: loading base/security/base_security.xml 
2026-09-09 01:08:31,250 1 INFO quality_empty_candidate odoo.modules.loading: loading base/wizard/wizard_ir_model_menu_create_views.xml 
2026-09-09 01:08:31,266 1 INFO quality_empty_candidate odoo.modules.loading: loading base/views/base_menus.xml 
2026-09-09 01:08:31,342 1 INFO quality_empty_candidate odoo.modules.loading: loading base/views/decimal_precision_views.xml 
2026-09-09 01:08:31,362 1 INFO quality_empty_candidate odoo.modules.loading: loading base/views/res_config_views.xml 
2026-09-09 01:08:31,371 1 INFO quality_empty_candidate odoo.modules.loading: loading base/data/res.country.state.csv 
2026-09-09 01:08:31,685 1 INFO quality_empty_candidate odoo.modules.loading: loading base/views/ir_actions_views.xml 
2026-09-09 01:08:31,830 1 INFO quality_empty_candidate odoo.modules.loading: loading base/views/ir_asset_views.xml 
2026-09-09 01:08:31,847 1 INFO quality_empty_candidate odoo.modules.loading: loading base/views/ir_config_parameter_views.xml 
2026-09-09 01:08:31,862 1 INFO quality_empty_candidate odoo.modules.loading: loading base/views/ir_cron_views.xml 
2026-09-09 01:08:31,888 1 INFO quality_empty_candidate odoo.modules.loading: loading base/views/ir_cron_trigger_views.xml 
2026-09-09 01:08:31,903 1 INFO quality_empty_candidate odoo.modules.loading: loading base/views/ir_filters_views.xml 
2026-09-09 01:08:31,924 1 INFO quality_empty_candidate odoo.modules.loading: loading base/views/ir_mail_server_views.xml 
2026-09-09 01:08:31,942 1 INFO quality_empty_candidate odoo.modules.loading: loading base/views/ir_model_views.xml 
2026-09-09 01:08:32,081 1 INFO quality_empty_candidate odoo.modules.loading: loading base/views/ir_attachment_views.xml 
2026-09-09 01:08:32,103 1 INFO quality_empty_candidate odoo.modules.loading: loading base/views/ir_rule_views.xml 
2026-09-09 01:08:32,121 1 INFO quality_empty_candidate odoo.modules.loading: loading base/views/ir_sequence_views.xml 
2026-09-09 01:08:32,151 1 INFO quality_empty_candidate odoo.modules.loading: loading base/views/ir_ui_menu_views.xml 
2026-09-09 01:08:32,177 1 INFO quality_empty_candidate odoo.modules.loading: loading base/views/ir_ui_view_views.xml 
2026-09-09 01:08:32,236 1 INFO quality_empty_candidate odoo.modules.loading: loading base/views/ir_default_views.xml 
2026-09-09 01:08:32,260 1 INFO quality_empty_candidate odoo.modules.loading: loading base/data/ir_config_parameter_data.xml 
2026-09-09 01:08:32,264 1 INFO quality_empty_candidate odoo.modules.loading: loading base/data/ir_cron_data.xml 
2026-09-09 01:08:32,281 1 INFO quality_empty_candidate odoo.modules.loading: loading base/report/ir_model_report.xml 
2026-09-09 01:08:32,285 1 INFO quality_empty_candidate odoo.modules.loading: loading base/report/ir_model_templates.xml 
2026-09-09 01:08:32,296 1 INFO quality_empty_candidate odoo.modules.loading: loading base/views/ir_logging_views.xml 
2026-09-09 01:08:32,320 1 INFO quality_empty_candidate odoo.modules.loading: loading base/views/ir_qweb_widget_templates.xml 
2026-09-09 01:08:32,339 1 INFO quality_empty_candidate odoo.modules.loading: loading base/views/ir_module_views.xml 
2026-09-09 01:08:32,413 1 INFO quality_empty_candidate odoo.modules.loading: loading base/data/ir_module_category_data.xml 
2026-09-09 01:08:32,462 1 INFO quality_empty_candidate odoo.modules.loading: loading base/data/ir_module_module.xml 
2026-09-09 01:08:32,561 1 INFO quality_empty_candidate odoo.modules.loading: loading base/report/ir_module_reports.xml 
2026-09-09 01:08:32,566 1 INFO quality_empty_candidate odoo.modules.loading: loading base/report/ir_module_report_templates.xml 
2026-09-09 01:08:32,575 1 INFO quality_empty_candidate odoo.modules.loading: loading base/wizard/base_module_update_views.xml 
2026-09-09 01:08:32,590 1 INFO quality_empty_candidate odoo.modules.loading: loading base/wizard/base_language_install_views.xml 
2026-09-09 01:08:32,611 1 INFO quality_empty_candidate odoo.modules.loading: loading base/wizard/base_import_language_views.xml 
2026-09-09 01:08:32,625 1 INFO quality_empty_candidate odoo.modules.loading: loading base/wizard/base_module_upgrade_views.xml 
2026-09-09 01:08:32,644 1 INFO quality_empty_candidate odoo.modules.loading: loading base/wizard/base_module_uninstall_views.xml 
2026-09-09 01:08:32,655 1 INFO quality_empty_candidate odoo.modules.loading: loading base/wizard/base_export_language_views.xml 
2026-09-09 01:08:32,666 1 INFO quality_empty_candidate odoo.modules.loading: loading base/wizard/base_partner_merge_views.xml 
2026-09-09 01:08:32,680 1 INFO quality_empty_candidate odoo.modules.loading: loading base/data/ir_demo_failure_data.xml 
2026-09-09 01:08:32,694 1 INFO quality_empty_candidate odoo.modules.loading: loading base/views/ir_profile_views.xml 
2026-09-09 01:08:32,716 1 INFO quality_empty_candidate odoo.modules.loading: loading base/views/res_company_views.xml 
2026-09-09 01:08:32,745 1 INFO quality_empty_candidate odoo.modules.loading: loading base/views/res_lang_views.xml 
2026-09-09 01:08:32,774 1 INFO quality_empty_candidate odoo.modules.loading: loading base/views/res_partner_views.xml 
2026-09-09 01:08:32,868 1 INFO quality_empty_candidate odoo.modules.loading: loading base/views/res_bank_views.xml 
2026-09-09 01:08:32,913 1 INFO quality_empty_candidate odoo.modules.loading: loading base/views/res_country_views.xml 
2026-09-09 01:08:32,956 1 INFO quality_empty_candidate odoo.modules.loading: loading base/views/res_currency_views.xml 
2026-09-09 01:08:32,992 1 INFO quality_empty_candidate odoo.modules.loading: loading base/views/res_groups_views.xml 
2026-09-09 01:08:33,034 1 INFO quality_empty_candidate odoo.modules.loading: loading base/views/res_users_views.xml 
2026-09-09 01:08:33,121 1 INFO quality_empty_candidate odoo.modules.loading: loading base/views/res_users_apikeys_views.xml 
2026-09-09 01:08:33,126 1 INFO quality_empty_candidate odoo.modules.loading: loading base/views/res_device_views.xml 
2026-09-09 01:08:33,145 1 INFO quality_empty_candidate odoo.modules.loading: loading base/views/res_users_identitycheck_views.xml 
2026-09-09 01:08:33,153 1 INFO quality_empty_candidate odoo.modules.loading: loading base/views/res_config_settings_views.xml 
2026-09-09 01:08:33,162 1 INFO quality_empty_candidate odoo.modules.loading: loading base/views/report_paperformat_views.xml 
2026-09-09 01:08:33,185 1 INFO quality_empty_candidate odoo.modules.loading: loading base/security/ir.model.access.csv 
2026-09-09 01:08:33,289 1 INFO quality_empty_candidate odoo.modules.loading: Module base loaded in 6.85s, 8454 queries (+8454 other) 
2026-09-09 01:08:33,289 1 INFO quality_empty_candidate odoo.modules.loading: 1 modules loaded in 6.85s, 8454 queries (+8454 extra) 
2026-09-09 01:08:33,292 1 INFO quality_empty_candidate odoo.modules.loading: updating modules list 
2026-09-09 01:08:33,293 1 INFO quality_empty_candidate odoo.addons.base.models.ir_module: ALLOW access to module.update_list on [] to user __system__ #1 via n/a 
2026-09-09 01:08:34,135 1 WARNING quality_empty_candidate odoo.modules.module: Missing `author` key in manifest for 'quality_case', defaulting to '' 
2026-09-09 01:08:34,136 1 WARNING quality_empty_candidate odoo.modules.module: Missing `author` key in manifest for 'quality_oracle', defaulting to '' 
2026-09-09 01:08:34,306 1 INFO quality_empty_candidate odoo.addons.base.models.ir_module: ALLOW access to module.button_install on ['Quality Lab Independent Business Oracle'] to user __system__ #1 via n/a 
2026-09-09 01:08:34,376 1 INFO quality_empty_candidate odoo.modules.loading: loading 16 modules... 
2026-09-09 01:08:34,376 1 INFO quality_empty_candidate odoo.modules.loading: Loading module quality_case (2/16) 
2026-09-09 01:08:34,383 1 INFO quality_empty_candidate odoo.registry: module quality_case: creating or updating database tables 
2026-09-09 01:08:34,422 1 INFO quality_empty_candidate odoo.modules.loading: loading quality_case/security/groups.xml 
2026-09-09 01:08:34,433 1 INFO quality_empty_candidate odoo.modules.loading: loading quality_case/security/ir.model.access.csv 
2026-09-09 01:08:34,446 1 INFO quality_empty_candidate odoo.modules.loading: Module quality_case loaded in 0.07s, 69 queries (+69 other) 
2026-09-09 01:08:34,446 1 INFO quality_empty_candidate odoo.modules.loading: Loading module rpc (3/16) 
2026-09-09 01:08:34,464 1 INFO quality_empty_candidate odoo.modules.loading: Module rpc loaded in 0.02s, 10 queries (+10 other) 
2026-09-09 01:08:34,464 1 INFO quality_empty_candidate odoo.modules.loading: Loading module web (4/16) 
2026-09-09 01:08:34,493 1 INFO quality_empty_candidate odoo.registry: module web: creating or updating database tables 
2026-09-09 01:08:34,956 1 INFO quality_empty_candidate odoo.modules.loading: loading web/security/ir.model.access.csv 
2026-09-09 01:08:34,962 1 INFO quality_empty_candidate odoo.modules.loading: loading web/security/web_security.xml 
2026-09-09 01:08:34,972 1 INFO quality_empty_candidate odoo.modules.loading: loading web/views/webclient_templates.xml 
2026-09-09 01:08:35,024 1 INFO quality_empty_candidate odoo.modules.loading: loading web/views/report_templates.xml 
2026-09-09 01:08:35,110 1 INFO quality_empty_candidate odoo.modules.loading: loading web/views/base_document_layout_views.xml 
2026-09-09 01:08:35,129 1 INFO quality_empty_candidate odoo.modules.loading: loading web/views/partner_view.xml 
2026-09-09 01:08:35,137 1 INFO quality_empty_candidate odoo.modules.loading: loading web/views/speedscope_template.xml 
2026-09-09 01:08:35,143 1 INFO quality_empty_candidate odoo.modules.loading: loading web/views/memory_template.xml 
2026-09-09 01:08:35,149 1 INFO quality_empty_candidate odoo.modules.loading: loading web/views/speedscope_config_wizard.xml 
2026-09-09 01:08:35,155 1 INFO quality_empty_candidate odoo.modules.loading: loading web/views/neutralize_views.xml 
2026-09-09 01:08:35,163 1 INFO quality_empty_candidate odoo.modules.loading: loading web/views/ir_ui_view_views.xml 
2026-09-09 01:08:35,177 1 INFO quality_empty_candidate odoo.modules.loading: loading web/data/ir_attachment.xml 
2026-09-09 01:08:35,182 1 INFO quality_empty_candidate odoo.modules.loading: loading web/data/report_layout.xml 
2026-09-09 01:08:35,223 1 INFO quality_empty_candidate odoo.modules.loading: Module web loaded in 0.76s, 1237 queries (+1237 other) 
2026-09-09 01:08:35,223 1 INFO quality_empty_candidate odoo.modules.loading: Loading module api_doc (5/16) 
2026-09-09 01:08:35,228 1 INFO quality_empty_candidate odoo.registry: module api_doc: creating or updating database tables 
2026-09-09 01:08:35,241 1 INFO quality_empty_candidate odoo.modules.loading: loading api_doc/security/res_groups.xml 
2026-09-09 01:08:35,268 1 INFO quality_empty_candidate odoo.modules.loading: loading api_doc/views/docclient.xml 
2026-09-09 01:08:35,297 1 INFO quality_empty_candidate odoo.modules.loading: Module api_doc loaded in 0.07s, 63 queries (+63 other) 
2026-09-09 01:08:35,297 1 INFO quality_empty_candidate odoo.modules.loading: Loading module auth_totp (6/16) 
2026-09-09 01:08:35,320 1 INFO quality_empty_candidate odoo.registry: module auth_totp: creating or updating database tables 
2026-09-09 01:08:35,397 1 INFO quality_empty_candidate odoo.modules.loading: loading auth_totp/security/security.xml 
2026-09-09 01:08:35,431 1 INFO quality_empty_candidate odoo.modules.loading: loading auth_totp/security/ir.model.access.csv 
2026-09-09 01:08:35,440 1 INFO quality_empty_candidate odoo.modules.loading: loading auth_totp/data/ir_action_data.xml 
2026-09-09 01:08:35,449 1 INFO quality_empty_candidate odoo.modules.loading: loading auth_totp/views/res_users_views.xml 
2026-09-09 01:08:35,490 1 INFO quality_empty_candidate odoo.modules.loading: loading auth_totp/views/templates.xml 
2026-09-09 01:08:35,501 1 INFO quality_empty_candidate odoo.modules.loading: loading auth_totp/wizard/auth_totp_wizard_views.xml 
2026-09-09 01:08:35,526 1 INFO quality_empty_candidate odoo.modules.loading: Module auth_totp loaded in 0.23s, 218 queries (+218 other) 
2026-09-09 01:08:35,526 1 INFO quality_empty_candidate odoo.modules.loading: Loading module base_import (7/16) 
2026-09-09 01:08:35,566 1 INFO quality_empty_candidate odoo.registry: module base_import: creating or updating database tables 
2026-09-09 01:08:36,096 1 INFO quality_empty_candidate odoo.modules.loading: loading base_import/security/ir.model.access.csv 
2026-09-09 01:08:36,113 1 INFO quality_empty_candidate odoo.modules.loading: Module base_import loaded in 0.59s, 961 queries (+961 other) 
2026-09-09 01:08:36,113 1 INFO quality_empty_candidate odoo.modules.loading: Loading module base_import_module (8/16) 
2026-09-09 01:08:36,121 1 INFO quality_empty_candidate odoo.registry: module base_import_module: creating or updating database tables 
2026-09-09 01:08:36,190 1 INFO quality_empty_candidate odoo.modules.loading: loading base_import_module/security/ir.model.access.csv 
2026-09-09 01:08:36,197 1 INFO quality_empty_candidate odoo.modules.loading: loading base_import_module/views/base_import_module_view.xml 
2026-09-09 01:08:36,219 1 INFO quality_empty_candidate odoo.modules.loading: loading base_import_module/views/ir_module_views.xml 
2026-09-09 01:08:36,268 1 INFO quality_empty_candidate odoo.modules.loading: Module base_import_module loaded in 0.15s, 172 queries (+172 other) 
2026-09-09 01:08:36,268 1 INFO quality_empty_candidate odoo.modules.loading: Loading module base_setup (9/16) 
2026-09-09 01:08:36,277 1 INFO quality_empty_candidate odoo.registry: module base_setup: creating or updating database tables 
2026-09-09 01:08:36,323 1 INFO quality_empty_candidate odoo.modules.loading: loading base_setup/data/base_setup_data.xml 
2026-09-09 01:08:36,327 1 INFO quality_empty_candidate odoo.modules.loading: loading base_setup/views/res_config_settings_views.xml 
2026-09-09 01:08:36,361 1 INFO quality_empty_candidate odoo.modules.loading: loading base_setup/views/res_partner_views.xml 
2026-09-09 01:08:36,385 1 INFO quality_empty_candidate odoo.modules.loading: Module base_setup loaded in 0.12s, 152 queries (+152 other) 
2026-09-09 01:08:36,385 1 INFO quality_empty_candidate odoo.modules.loading: Loading module bus (10/16) 
2026-09-09 01:08:36,405 1 INFO quality_empty_candidate odoo.registry: module bus: creating or updating database tables 
2026-09-09 01:08:36,501 1 INFO quality_empty_candidate odoo.modules.loading: loading bus/security/ir.model.access.csv 
2026-09-09 01:08:36,513 1 INFO quality_empty_candidate odoo.modules.loading: Module bus loaded in 0.13s, 159 queries (+159 other) 
2026-09-09 01:08:36,513 1 INFO quality_empty_candidate odoo.modules.loading: Loading module quality_oracle (11/16) 
2026-09-09 01:08:36,530 1 INFO quality_empty_candidate odoo.modules.loading: Module quality_oracle loaded in 0.02s, 10 queries (+10 other) 
2026-09-09 01:08:36,530 1 INFO quality_empty_candidate odoo.modules.loading: Loading module web_tour (12/16) 
2026-09-09 01:08:36,538 1 INFO quality_empty_candidate odoo.registry: module web_tour: creating or updating database tables 
2026-09-09 01:08:36,544 1 INFO quality_empty_candidate odoo.models: Prepare computation of res.users.tour_enabled 
2026-09-09 01:08:36,617 1 INFO quality_empty_candidate odoo.modules.loading: loading web_tour/security/ir.model.access.csv 
2026-09-09 01:08:36,626 1 INFO quality_empty_candidate odoo.modules.loading: loading web_tour/views/tour_views.xml 
2026-09-09 01:08:36,671 1 INFO quality_empty_candidate odoo.modules.loading: Module web_tour loaded in 0.14s, 180 queries (+180 other) 
2026-09-09 01:08:36,671 1 INFO quality_empty_candidate odoo.modules.loading: Loading module auth_passkey (13/16) 
2026-09-09 01:08:36,720 1 INFO quality_empty_candidate odoo.registry: module auth_passkey: creating or updating database tables 
2026-09-09 01:08:36,784 1 INFO quality_empty_candidate odoo.modules.loading: loading auth_passkey/views/auth_passkey_key_views.xml 
2026-09-09 01:08:36,806 1 INFO quality_empty_candidate odoo.modules.loading: loading auth_passkey/views/auth_passkey_login_templates.xml 
2026-09-09 01:08:36,819 1 INFO quality_empty_candidate odoo.modules.loading: loading auth_passkey/views/res_users_identitycheck_views.xml 
2026-09-09 01:08:36,829 1 INFO quality_empty_candidate odoo.modules.loading: loading auth_passkey/views/res_users_views.xml 
2026-09-09 01:08:36,848 1 INFO quality_empty_candidate odoo.modules.loading: loading auth_passkey/security/ir.model.access.csv 
2026-09-09 01:08:36,857 1 INFO quality_empty_candidate odoo.modules.loading: loading auth_passkey/security/security.xml 
2026-09-09 01:08:36,883 1 INFO quality_empty_candidate odoo.modules.loading: Module auth_passkey loaded in 0.21s, 218 queries (+218 other) 
2026-09-09 01:08:36,883 1 INFO quality_empty_candidate odoo.modules.loading: Loading module html_editor (14/16) 
2026-09-09 01:08:37,013 1 INFO quality_empty_candidate odoo.registry: module html_editor: creating or updating database tables 
2026-09-09 01:08:37,416 1 INFO quality_empty_candidate odoo.modules.loading: loading html_editor/security/ir.model.access.csv 
2026-09-09 01:08:37,430 1 INFO quality_empty_candidate odoo.modules.loading: Module html_editor loaded in 0.55s, 1039 queries (+1039 other) 
2026-09-09 01:08:37,430 1 INFO quality_empty_candidate odoo.modules.loading: Loading module iap (15/16) 
2026-09-09 01:08:37,434 1 INFO quality_empty_candidate odoo.registry: module iap: creating or updating database tables 
2026-09-09 01:08:37,497 1 INFO quality_empty_candidate odoo.modules.loading: loading iap/data/services.xml 
2026-09-09 01:08:37,502 1 INFO quality_empty_candidate odoo.modules.loading: loading iap/security/ir.model.access.csv 
2026-09-09 01:08:37,509 1 INFO quality_empty_candidate odoo.modules.loading: loading iap/security/ir_rule.xml 
2026-09-09 01:08:37,515 1 INFO quality_empty_candidate odoo.modules.loading: loading iap/views/iap_views.xml 
2026-09-09 01:08:37,542 1 INFO quality_empty_candidate odoo.modules.loading: loading iap/views/res_config_settings.xml 
2026-09-09 01:08:37,564 1 INFO quality_empty_candidate odoo.modules.loading: Module iap loaded in 0.13s, 182 queries (+182 other) 
2026-09-09 01:08:37,564 1 INFO quality_empty_candidate odoo.modules.loading: Loading module web_unsplash (16/16) 
2026-09-09 01:08:37,571 1 INFO quality_empty_candidate odoo.registry: module web_unsplash: creating or updating database tables 
2026-09-09 01:08:37,607 1 INFO quality_empty_candidate odoo.modules.loading: loading web_unsplash/views/res_config_settings_view.xml 
2026-09-09 01:08:37,632 1 INFO quality_empty_candidate odoo.modules.loading: Module web_unsplash loaded in 0.07s, 93 queries (+93 other) 
2026-09-09 01:08:37,632 1 INFO quality_empty_candidate odoo.modules.loading: 16 modules loaded in 3.26s, 4763 queries (+4763 extra) 
2026-09-09 01:08:37,848 1 INFO quality_empty_candidate odoo.modules.loading: Modules loaded. 
2026-09-09 01:08:37,853 1 INFO quality_empty_candidate odoo.registry: Registry changed, signaling through the database 
2026-09-09 01:08:37,853 1 INFO quality_empty_candidate odoo.registry: Registry loaded in 12.411s 
2026-09-09 01:08:37,854 1 INFO quality_empty_candidate odoo.service.server: Initiating shutdown 
2026-09-09 01:08:37,854 1 INFO quality_empty_candidate odoo.service.server: Hit CTRL-C again or send a second signal to force the shutdown. 
2026-09-09 01:08:37,854 1 INFO quality_empty_candidate odoo.sql_db: ConnectionPool(read/write;used=0/count=0/max=64): Closed 1 connections  
2026-09-09 01:08:38,728 1 WARNING ? odoo.tools.config: option addons_path, invalid addons directory '/mnt/enterprise-addons', skipped 
2026-09-09 01:08:38,728 1 WARNING ? odoo.tools.config: option addons_path, invalid addons directory '/mnt/enterprise-addons', skipped 
2026-09-09 01:08:38,728 1 WARNING ? odoo.tools.config: missing --http-interface/http_interface, using 0.0.0.0 by default, will change to 127.0.0.1 in 20.0 
2026-09-09 01:08:38,728 1 INFO ? odoo: Odoo version 19.0-20260817 
2026-09-09 01:08:38,728 1 INFO ? odoo: Using configuration file at /etc/odoo/odoo.conf 
2026-09-09 01:08:38,728 1 INFO ? odoo: addons paths: _NamespacePath(['/usr/lib/python3/dist-packages/odoo/addons', '/var/lib/odoo/addons/19.0', '/mnt/extra-addons', '/usr/lib/python3/dist-packages/addons']) 
2026-09-09 01:08:38,728 1 INFO ? odoo: database: odoo@db:5432 
2026-09-09 01:08:38,961 1 INFO ? odoo.service.server: HTTP service (werkzeug) running on 0d0bc6a89a02:8069 
2026-09-09 01:08:38,976 1 INFO quality_empty_candidate odoo.tests.common: Importing test framework 
2026-09-09 01:08:39,002 1 INFO quality_empty_candidate odoo.modules.loading: loading 1 modules... 
2026-09-09 01:08:39,007 1 INFO quality_empty_candidate odoo.modules.loading: 1 modules loaded in 0.01s, 0 queries (+0 extra) 
2026-09-09 01:08:39,035 1 INFO quality_empty_candidate odoo.modules.loading: updating modules list 
2026-09-09 01:08:39,036 1 INFO quality_empty_candidate odoo.addons.base.models.ir_module: ALLOW access to module.update_list on [] to user __system__ #1 via n/a 
2026-09-09 01:08:39,776 1 WARNING quality_empty_candidate odoo.modules.module: Missing `author` key in manifest for 'quality_case', defaulting to '' 
2026-09-09 01:08:39,777 1 WARNING quality_empty_candidate odoo.modules.module: Missing `author` key in manifest for 'quality_case', defaulting to '' 
2026-09-09 01:08:39,778 1 WARNING quality_empty_candidate odoo.modules.module: Missing `author` key in manifest for 'quality_oracle', defaulting to '' 
2026-09-09 01:08:39,778 1 WARNING quality_empty_candidate odoo.modules.module: Missing `author` key in manifest for 'quality_oracle', defaulting to '' 
2026-09-09 01:08:40,017 1 INFO quality_empty_candidate odoo.addons.base.models.ir_module: ALLOW access to module.button_upgrade on ['Quality Lab Independent Business Oracle'] to user __system__ #1 via n/a 
2026-09-09 01:08:40,017 1 INFO quality_empty_candidate odoo.addons.base.models.ir_module: ALLOW access to module.update_list on ['Quality Lab Independent Business Oracle'] to user __system__ #1 via n/a 
2026-09-09 01:08:40,620 1 WARNING quality_empty_candidate odoo.modules.module: Missing `author` key in manifest for 'quality_case', defaulting to '' 
2026-09-09 01:08:40,620 1 WARNING quality_empty_candidate odoo.modules.module: Missing `author` key in manifest for 'quality_oracle', defaulting to '' 
2026-09-09 01:08:40,780 1 INFO quality_empty_candidate odoo.addons.base.models.ir_module: ALLOW access to module.button_install on [] to user __system__ #1 via n/a 
2026-09-09 01:08:40,802 1 INFO quality_empty_candidate odoo.modules.loading: loading 16 modules... 
2026-09-09 01:08:40,834 1 INFO quality_empty_candidate odoo.modules.loading: Loading module quality_oracle (11/16) 
2026-09-09 01:08:40,912 1 INFO quality_empty_candidate odoo.modules.loading: Module quality_oracle loaded in 0.08s, 11 queries (+11 other) 
2026-09-09 01:08:41,133 1 INFO quality_empty_candidate odoo.modules.loading: 16 modules loaded in 0.33s, 11 queries (+11 extra) 
2026-09-09 01:08:41,392 1 INFO quality_empty_candidate odoo.modules.loading: Modules loaded. 
2026-09-09 01:08:41,398 1 INFO quality_empty_candidate odoo.registry: Registry changed, signaling through the database 
2026-09-09 01:08:41,399 1 INFO quality_empty_candidate odoo.registry: Registry loaded in 2.437s 
2026-09-09 01:08:41,399 1 INFO quality_empty_candidate odoo.service.server: Starting post tests 
2026-09-09 01:08:41,548 1 INFO quality_empty_candidate odoo.addons.quality_oracle.tests.test_delivery: Starting TestDeliveryContract.test_approval_revalidation_and_increase ... 
2026-09-09 01:08:41,591 1 INFO quality_empty_candidate odoo.addons.quality_oracle.tests.test_delivery: Starting TestDeliveryContract.test_caller_context_does_not_authorize_workflow_writes ... 
2026-09-09 01:08:41,604 1 INFO quality_empty_candidate odoo.addons.quality_oracle.tests.test_delivery: Starting TestDeliveryContract.test_changed_customer_policy_invalidates_approval ... 
2026-09-09 01:08:41,622 1 INFO quality_empty_candidate odoo.addons.quality_oracle.tests.test_delivery: Starting TestDeliveryContract.test_context_defaults_cannot_forge_approval_or_state ... 
2026-09-09 01:08:41,624 1 INFO quality_empty_candidate odoo.addons.quality_oracle.tests.test_delivery: Starting TestDeliveryContract.test_no_forged_approval_or_state ... 
2026-09-09 01:08:41,642 1 INFO quality_empty_candidate odoo.addons.quality_oracle.tests.test_delivery: Starting TestDeliveryContract.test_no_self_approval_even_as_manager ... 
2026-09-09 01:08:41,663 1 INFO quality_empty_candidate odoo.addons.quality_oracle.tests.test_delivery: Starting TestDeliveryContract.test_other_company_denied_on_direct_access ... 
2026-09-09 01:08:41,677 1 INFO quality_empty_candidate odoo.addons.base.models.ir_rule: Access Denied by record rules for operation: read on record ids: [6], uid: 7, model: quality_case.delivery 
2026-09-09 01:08:41,694 1 INFO quality_empty_candidate odoo.addons.base.models.ir_rule: Access Denied by record rules for operation: write on record ids: [6], uid: 7, model: quality_case.delivery 
2026-09-09 01:08:41,701 1 INFO quality_empty_candidate odoo.addons.base.models.ir_rule: Access Denied by record rules for operation: write on record ids: [6], uid: 7, model: quality_case.delivery 
2026-09-09 01:08:41,716 1 INFO quality_empty_candidate odoo.addons.quality_oracle.tests.test_delivery: Starting TestDeliveryContract.test_threshold_and_full_delivery ... 
2026-09-09 01:08:41,739 1 INFO quality_empty_candidate odoo.addons.quality_oracle.tests.test_delivery: Starting TestDeliveryContract.test_unchanged_policy_keeps_approval ... 
2026-09-09 01:08:41,762 1 INFO quality_empty_candidate odoo.addons.base.models.ir_attachment: filestore gc 6 checked, 3 removed 
2026-09-09 01:08:41,764 1 INFO quality_empty_candidate odoo.addons.quality_oracle.tests.test_pack: Starting TestPackContract.test_failed_import_does_not_leave_xmlid_or_row ... 
2026-09-09 01:08:41,792 1 INFO quality_empty_candidate odoo.addons.quality_oracle.tests.test_pack: Starting TestPackContract.test_import_has_identity_and_second_apply_is_unchanged ... 
2026-09-09 01:08:41,824 1 INFO quality_empty_candidate odoo.addons.quality_oracle.tests.test_pack: Starting TestPackContract.test_new_model_field_and_record_dependency_order ... 
2026-09-09 01:08:41,850 1 INFO quality_empty_candidate odoo.registry: module studio_customization: creating or updating database tables 
2026-09-09 01:08:41,898 1 INFO quality_empty_candidate odoo.registry: module studio_customization: creating or updating database tables 
2026-09-09 01:08:41,935 1 INFO quality_empty_candidate odoo.registry: module studio_customization: creating or updating database tables 
2026-09-09 01:08:41,977 1 INFO quality_empty_candidate odoo.addons.quality_oracle.tests.test_pack: Starting TestPackContract.test_unknown_field_rejected_before_any_creation ... 
2026-09-09 01:08:42,024 1 INFO quality_empty_candidate odoo.addons.base.models.ir_attachment: filestore gc 0 checked, 0 removed 
2026-09-09 01:08:42,024 1 INFO quality_empty_candidate odoo.service.server: 13 post-tests in 0.63s, 606 queries 
2026-09-09 01:08:42,025 1 INFO quality_empty_candidate odoo.tests.stats: quality_oracle: 17 tests 0.62s 606 queries 
2026-09-09 01:08:42,025 1 INFO quality_empty_candidate odoo.tests.result: 0 failed, 0 error(s) of 13 tests when loading database 'quality_empty_candidate' 
2026-09-09 01:08:42,025 1 INFO quality_empty_candidate odoo.service.server: Initiating shutdown 
2026-09-09 01:08:42,025 1 INFO quality_empty_candidate odoo.service.server: Hit CTRL-C again or send a second signal to force the shutdown. 
2026-09-09 01:08:42,483 1 INFO quality_empty_candidate odoo.sql_db: ConnectionPool(read/write;used=0/count=0/max=64): Closed 1 connections  
  + res.partner studio_customization.quality_contact
1 / 0 / 0 créés / modifiés / inchangés sur synthetic ORM oracle
0 / 0 / 1 créés / modifiés / inchangés sur synthetic ORM oracle
  + ir.model studio_customization.dynamic_model
  + ir.model.fields studio_customization.dynamic_field
  + ir.model.fields studio_customization.dynamic_name
  + x_quality_dynamic studio_customization.dynamic_row
4 / 0 / 0 à créer / à modifier / inchangés sur synthetic ORM oracle
  + ir.model studio_customization.dynamic_model
  + ir.model.fields studio_customization.dynamic_field
  + ir.model.fields studio_customization.dynamic_name
  + x_quality_dynamic studio_customization.dynamic_row
4 / 0 / 0 créés / modifiés / inchangés sur synthetic ORM oracle
0 / 0 / 4 créés / modifiés / inchangés sur synthetic ORM oracle
