2026-09-08 20:48:55,953 1 WARNING ? odoo.tools.config: option addons_path, invalid addons directory '/mnt/extra-addons', skipped 
2026-09-08 20:48:55,953 1 WARNING ? odoo.tools.config: option --without-demo: since 19.0, invalid boolean value: 'all', assume True 
2026-09-08 20:48:55,953 1 WARNING ? odoo.tools.config: option addons_path, invalid addons directory '/mnt/extra-addons', skipped 
2026-09-08 20:48:55,953 1 INFO ? odoo: Odoo version 19.0-20260817 
2026-09-08 20:48:55,953 1 INFO ? odoo: Using configuration file at /etc/odoo/odoo.conf 
2026-09-08 20:48:55,953 1 INFO ? odoo: addons paths: _NamespacePath(['/usr/lib/python3/dist-packages/odoo/addons', '/tmp/odoo/addons/19.0', '/mnt/quality', '/usr/lib/python3/dist-packages/addons']) 
2026-09-08 20:48:55,953 1 INFO ? odoo: database: odoo@quality-lab-6cac7b233b-db:default 
2026-09-08 20:48:56,305 1 INFO lab_template odoo.modules.loading: Initializing database lab_template 
2026-09-08 20:48:56,670 1 WARNING lab_template odoo.modules.module: Missing `author` key in manifest for 'quality_case', defaulting to '' 
2026-09-08 20:48:56,670 1 WARNING lab_template odoo.modules.module: Missing `author` key in manifest for 'quality_case', defaulting to '' 
2026-09-08 20:48:56,671 1 WARNING lab_template odoo.modules.module: Missing `author` key in manifest for 'quality_oracle', defaulting to '' 
2026-09-08 20:48:56,671 1 WARNING lab_template odoo.modules.module: Missing `author` key in manifest for 'quality_oracle', defaulting to '' 
2026-09-08 20:48:56,785 1 INFO lab_template odoo.modules.loading: loading 1 modules... 
2026-09-08 20:48:56,785 1 INFO lab_template odoo.modules.loading: Loading module base (1/1) 
2026-09-08 20:48:56,800 1 INFO lab_template odoo.registry: module base: creating or updating database tables 
2026-09-08 20:48:57,267 1 INFO lab_template odoo.models: Prepare computation of ir.module.module.menus_by_module 
2026-09-08 20:48:57,267 1 INFO lab_template odoo.models: Prepare computation of ir.module.module.reports_by_module 
2026-09-08 20:48:57,267 1 INFO lab_template odoo.models: Prepare computation of ir.module.module.views_by_module 
2026-09-08 20:48:57,334 1 INFO lab_template odoo.models: Prepare computation of res.partner.user_id 
2026-09-08 20:48:57,334 1 INFO lab_template odoo.models: Prepare computation of res.partner.commercial_partner_id 
2026-09-08 20:48:57,334 1 INFO lab_template odoo.models: Prepare computation of res.partner.complete_name 
2026-09-08 20:48:57,334 1 INFO lab_template odoo.models: Prepare computation of res.partner.lang 
2026-09-08 20:48:57,334 1 INFO lab_template odoo.models: Prepare computation of res.partner.company_registry 
2026-09-08 20:48:57,334 1 INFO lab_template odoo.models: Prepare computation of res.partner.commercial_company_name 
2026-09-08 20:48:57,334 1 INFO lab_template odoo.models: Prepare computation of res.partner.properties 
2026-09-08 20:48:57,334 1 INFO lab_template odoo.models: Prepare computation of res.partner.partner_share 
2026-09-08 20:48:57,355 1 INFO lab_template odoo.models: Prepare computation of res.currency.decimal_places 
2026-09-08 20:48:57,368 1 INFO lab_template odoo.models: Prepare computation of res.company.uses_default_logo 
2026-09-08 20:48:57,368 1 INFO lab_template odoo.models: Prepare computation of res.company.logo_web 
2026-09-08 20:48:57,369 1 INFO lab_template odoo.models: Computing parent_path for table res_company... 
2026-09-08 20:48:57,386 1 INFO lab_template odoo.models: Prepare computation of res.users.signature 
2026-09-08 20:48:57,386 1 INFO lab_template odoo.models: Prepare computation of res.users.share 
2026-09-08 20:48:58,120 1 INFO lab_template odoo.modules.loading: loading base/data/res_bank.xml 
2026-09-08 20:48:58,122 1 INFO lab_template odoo.modules.loading: loading base/data/res.lang.csv 
2026-09-08 20:48:58,141 1 INFO lab_template odoo.modules.loading: loading base/data/res_lang_data.xml 
2026-09-08 20:48:58,156 1 INFO lab_template odoo.modules.loading: loading base/data/res_partner_data.xml 
2026-09-08 20:48:58,190 1 INFO lab_template odoo.modules.loading: loading base/data/res_currency_data.xml 
2026-09-08 20:48:58,428 1 INFO lab_template odoo.modules.loading: loading base/data/res_company_data.xml 
2026-09-08 20:48:58,432 1 INFO lab_template odoo.modules.loading: loading base/data/res_users_data.xml 
2026-09-08 20:48:58,978 1 INFO lab_template odoo.modules.loading: loading base/data/report_paperformat_data.xml 
2026-09-08 20:48:58,985 1 INFO lab_template odoo.modules.loading: loading base/data/res_country_data.xml 
2026-09-08 20:48:59,393 1 INFO lab_template odoo.modules.loading: loading base/data/ir_demo_data.xml 
2026-09-08 20:48:59,403 1 INFO lab_template odoo.modules.loading: loading base/security/base_groups.xml 
2026-09-08 20:48:59,526 1 INFO lab_template odoo.modules.loading: loading base/security/base_security.xml 
2026-09-08 20:48:59,607 1 INFO lab_template odoo.modules.loading: loading base/wizard/wizard_ir_model_menu_create_views.xml 
2026-09-08 20:48:59,613 1 INFO lab_template odoo.modules.loading: loading base/views/base_menus.xml 
2026-09-08 20:48:59,641 1 INFO lab_template odoo.modules.loading: loading base/views/decimal_precision_views.xml 
2026-09-08 20:48:59,649 1 INFO lab_template odoo.modules.loading: loading base/views/res_config_views.xml 
2026-09-08 20:48:59,653 1 INFO lab_template odoo.modules.loading: loading base/data/res.country.state.csv 
2026-09-08 20:48:59,837 1 INFO lab_template odoo.modules.loading: loading base/views/ir_actions_views.xml 
2026-09-08 20:48:59,910 1 INFO lab_template odoo.modules.loading: loading base/views/ir_asset_views.xml 
2026-09-08 20:48:59,919 1 INFO lab_template odoo.modules.loading: loading base/views/ir_config_parameter_views.xml 
2026-09-08 20:48:59,933 1 INFO lab_template odoo.modules.loading: loading base/views/ir_cron_views.xml 
2026-09-08 20:48:59,955 1 INFO lab_template odoo.modules.loading: loading base/views/ir_cron_trigger_views.xml 
2026-09-08 20:48:59,964 1 INFO lab_template odoo.modules.loading: loading base/views/ir_filters_views.xml 
2026-09-08 20:48:59,975 1 INFO lab_template odoo.modules.loading: loading base/views/ir_mail_server_views.xml 
2026-09-08 20:48:59,987 1 INFO lab_template odoo.modules.loading: loading base/views/ir_model_views.xml 
2026-09-08 20:49:00,065 1 INFO lab_template odoo.modules.loading: loading base/views/ir_attachment_views.xml 
2026-09-08 20:49:00,076 1 INFO lab_template odoo.modules.loading: loading base/views/ir_rule_views.xml 
2026-09-08 20:49:00,087 1 INFO lab_template odoo.modules.loading: loading base/views/ir_sequence_views.xml 
2026-09-08 20:49:00,098 1 INFO lab_template odoo.modules.loading: loading base/views/ir_ui_menu_views.xml 
2026-09-08 20:49:00,108 1 INFO lab_template odoo.modules.loading: loading base/views/ir_ui_view_views.xml 
2026-09-08 20:49:00,134 1 INFO lab_template odoo.modules.loading: loading base/views/ir_default_views.xml 
2026-09-08 20:49:00,145 1 INFO lab_template odoo.modules.loading: loading base/data/ir_config_parameter_data.xml 
2026-09-08 20:49:00,147 1 INFO lab_template odoo.modules.loading: loading base/data/ir_cron_data.xml 
2026-09-08 20:49:00,153 1 INFO lab_template odoo.modules.loading: loading base/report/ir_model_report.xml 
2026-09-08 20:49:00,155 1 INFO lab_template odoo.modules.loading: loading base/report/ir_model_templates.xml 
2026-09-08 20:49:00,159 1 INFO lab_template odoo.modules.loading: loading base/views/ir_logging_views.xml 
2026-09-08 20:49:00,170 1 INFO lab_template odoo.modules.loading: loading base/views/ir_qweb_widget_templates.xml 
2026-09-08 20:49:00,177 1 INFO lab_template odoo.modules.loading: loading base/views/ir_module_views.xml 
2026-09-08 20:49:00,205 1 INFO lab_template odoo.modules.loading: loading base/data/ir_module_category_data.xml 
2026-09-08 20:49:00,221 1 INFO lab_template odoo.modules.loading: loading base/data/ir_module_module.xml 
2026-09-08 20:49:00,254 1 INFO lab_template odoo.modules.loading: loading base/report/ir_module_reports.xml 
2026-09-08 20:49:00,255 1 INFO lab_template odoo.modules.loading: loading base/report/ir_module_report_templates.xml 
2026-09-08 20:49:00,259 1 INFO lab_template odoo.modules.loading: loading base/wizard/base_module_update_views.xml 
2026-09-08 20:49:00,267 1 INFO lab_template odoo.modules.loading: loading base/wizard/base_language_install_views.xml 
2026-09-08 20:49:00,275 1 INFO lab_template odoo.modules.loading: loading base/wizard/base_import_language_views.xml 
2026-09-08 20:49:00,280 1 INFO lab_template odoo.modules.loading: loading base/wizard/base_module_upgrade_views.xml 
2026-09-08 20:49:00,288 1 INFO lab_template odoo.modules.loading: loading base/wizard/base_module_uninstall_views.xml 
2026-09-08 20:49:00,295 1 INFO lab_template odoo.modules.loading: loading base/wizard/base_export_language_views.xml 
2026-09-08 20:49:00,301 1 INFO lab_template odoo.modules.loading: loading base/wizard/base_partner_merge_views.xml 
2026-09-08 20:49:00,308 1 INFO lab_template odoo.modules.loading: loading base/data/ir_demo_failure_data.xml 
2026-09-08 20:49:00,316 1 INFO lab_template odoo.modules.loading: loading base/views/ir_profile_views.xml 
2026-09-08 20:49:00,331 1 INFO lab_template odoo.modules.loading: loading base/views/res_company_views.xml 
2026-09-08 20:49:00,341 1 INFO lab_template odoo.modules.loading: loading base/views/res_lang_views.xml 
2026-09-08 20:49:00,351 1 INFO lab_template odoo.modules.loading: loading base/views/res_partner_views.xml 
2026-09-08 20:49:00,397 1 INFO lab_template odoo.modules.loading: loading base/views/res_bank_views.xml 
2026-09-08 20:49:00,413 1 INFO lab_template odoo.modules.loading: loading base/views/res_country_views.xml 
2026-09-08 20:49:00,443 1 INFO lab_template odoo.modules.loading: loading base/views/res_currency_views.xml 
2026-09-08 20:49:00,477 1 INFO lab_template odoo.modules.loading: loading base/views/res_groups_views.xml 
2026-09-08 20:49:00,510 1 INFO lab_template odoo.modules.loading: loading base/views/res_users_views.xml 
2026-09-08 20:49:00,580 1 INFO lab_template odoo.modules.loading: loading base/views/res_users_apikeys_views.xml 
2026-09-08 20:49:00,586 1 INFO lab_template odoo.modules.loading: loading base/views/res_device_views.xml 
2026-09-08 20:49:00,606 1 INFO lab_template odoo.modules.loading: loading base/views/res_users_identitycheck_views.xml 
2026-09-08 20:49:00,612 1 INFO lab_template odoo.modules.loading: loading base/views/res_config_settings_views.xml 
2026-09-08 20:49:00,619 1 INFO lab_template odoo.modules.loading: loading base/views/report_paperformat_views.xml 
2026-09-08 20:49:00,641 1 INFO lab_template odoo.modules.loading: loading base/security/ir.model.access.csv 
2026-09-08 20:49:00,721 1 INFO lab_template odoo.modules.loading: Module base loaded in 3.94s, 8454 queries (+8454 other) 
2026-09-08 20:49:00,721 1 INFO lab_template odoo.modules.loading: 1 modules loaded in 3.94s, 8454 queries (+8454 extra) 
2026-09-08 20:49:00,723 1 INFO lab_template odoo.modules.loading: updating modules list 
2026-09-08 20:49:00,724 1 INFO lab_template odoo.addons.base.models.ir_module: ALLOW access to module.update_list on [] to user __system__ #1 via n/a 
2026-09-08 20:49:01,028 1 WARNING lab_template odoo.modules.module: Missing `author` key in manifest for 'quality_case', defaulting to '' 
2026-09-08 20:49:01,029 1 WARNING lab_template odoo.modules.module: Missing `author` key in manifest for 'quality_oracle', defaulting to '' 
2026-09-08 20:49:01,117 1 INFO lab_template odoo.modules.loading: loading 14 modules... 
2026-09-08 20:49:01,117 1 INFO lab_template odoo.modules.loading: Loading module rpc (2/14) 
2026-09-08 20:49:01,128 1 INFO lab_template odoo.modules.loading: Module rpc loaded in 0.01s, 9 queries (+9 other) 
2026-09-08 20:49:01,128 1 INFO lab_template odoo.modules.loading: Loading module web (3/14) 
2026-09-08 20:49:01,144 1 INFO lab_template odoo.registry: module web: creating or updating database tables 
2026-09-08 20:49:01,367 1 INFO lab_template odoo.modules.loading: loading web/security/ir.model.access.csv 
2026-09-08 20:49:01,372 1 INFO lab_template odoo.modules.loading: loading web/security/web_security.xml 
2026-09-08 20:49:01,378 1 INFO lab_template odoo.modules.loading: loading web/views/webclient_templates.xml 
2026-09-08 20:49:01,408 1 INFO lab_template odoo.modules.loading: loading web/views/report_templates.xml 
2026-09-08 20:49:01,456 1 INFO lab_template odoo.modules.loading: loading web/views/base_document_layout_views.xml 
2026-09-08 20:49:01,465 1 INFO lab_template odoo.modules.loading: loading web/views/partner_view.xml 
2026-09-08 20:49:01,469 1 INFO lab_template odoo.modules.loading: loading web/views/speedscope_template.xml 
2026-09-08 20:49:01,472 1 INFO lab_template odoo.modules.loading: loading web/views/memory_template.xml 
2026-09-08 20:49:01,475 1 INFO lab_template odoo.modules.loading: loading web/views/speedscope_config_wizard.xml 
2026-09-08 20:49:01,478 1 INFO lab_template odoo.modules.loading: loading web/views/neutralize_views.xml 
2026-09-08 20:49:01,483 1 INFO lab_template odoo.modules.loading: loading web/views/ir_ui_view_views.xml 
2026-09-08 20:49:01,488 1 INFO lab_template odoo.modules.loading: loading web/data/ir_attachment.xml 
2026-09-08 20:49:01,490 1 INFO lab_template odoo.modules.loading: loading web/data/report_layout.xml 
2026-09-08 20:49:01,515 1 INFO lab_template odoo.modules.loading: Module web loaded in 0.39s, 1232 queries (+1232 other) 
2026-09-08 20:49:01,515 1 INFO lab_template odoo.modules.loading: Loading module api_doc (4/14) 
2026-09-08 20:49:01,518 1 INFO lab_template odoo.registry: module api_doc: creating or updating database tables 
2026-09-08 20:49:01,527 1 INFO lab_template odoo.modules.loading: loading api_doc/security/res_groups.xml 
2026-09-08 20:49:01,539 1 INFO lab_template odoo.modules.loading: loading api_doc/views/docclient.xml 
2026-09-08 20:49:01,549 1 INFO lab_template odoo.modules.loading: Module api_doc loaded in 0.03s, 63 queries (+63 other) 
2026-09-08 20:49:01,549 1 INFO lab_template odoo.modules.loading: Loading module auth_totp (5/14) 
2026-09-08 20:49:01,558 1 INFO lab_template odoo.registry: module auth_totp: creating or updating database tables 
2026-09-08 20:49:01,601 1 INFO lab_template odoo.modules.loading: loading auth_totp/security/security.xml 
2026-09-08 20:49:01,612 1 INFO lab_template odoo.modules.loading: loading auth_totp/security/ir.model.access.csv 
2026-09-08 20:49:01,616 1 INFO lab_template odoo.modules.loading: loading auth_totp/data/ir_action_data.xml 
2026-09-08 20:49:01,620 1 INFO lab_template odoo.modules.loading: loading auth_totp/views/res_users_views.xml 
2026-09-08 20:49:01,637 1 INFO lab_template odoo.modules.loading: loading auth_totp/views/templates.xml 
2026-09-08 20:49:01,642 1 INFO lab_template odoo.modules.loading: loading auth_totp/wizard/auth_totp_wizard_views.xml 
2026-09-08 20:49:01,653 1 INFO lab_template odoo.modules.loading: Module auth_totp loaded in 0.10s, 218 queries (+218 other) 
2026-09-08 20:49:01,653 1 INFO lab_template odoo.modules.loading: Loading module base_import (6/14) 
2026-09-08 20:49:01,670 1 INFO lab_template odoo.registry: module base_import: creating or updating database tables 
2026-09-08 20:49:01,894 1 INFO lab_template odoo.modules.loading: loading base_import/security/ir.model.access.csv 
2026-09-08 20:49:01,902 1 INFO lab_template odoo.modules.loading: Module base_import loaded in 0.25s, 956 queries (+956 other) 
2026-09-08 20:49:01,902 1 INFO lab_template odoo.modules.loading: Loading module base_import_module (7/14) 
2026-09-08 20:49:01,906 1 INFO lab_template odoo.registry: module base_import_module: creating or updating database tables 
2026-09-08 20:49:01,941 1 INFO lab_template odoo.modules.loading: loading base_import_module/security/ir.model.access.csv 
2026-09-08 20:49:01,944 1 INFO lab_template odoo.modules.loading: loading base_import_module/views/base_import_module_view.xml 
2026-09-08 20:49:01,957 1 INFO lab_template odoo.modules.loading: loading base_import_module/views/ir_module_views.xml 
2026-09-08 20:49:01,980 1 INFO lab_template odoo.modules.loading: Module base_import_module loaded in 0.08s, 172 queries (+172 other) 
2026-09-08 20:49:01,980 1 INFO lab_template odoo.modules.loading: Loading module base_setup (8/14) 
2026-09-08 20:49:01,985 1 INFO lab_template odoo.registry: module base_setup: creating or updating database tables 
2026-09-08 20:49:02,008 1 INFO lab_template odoo.modules.loading: loading base_setup/data/base_setup_data.xml 
2026-09-08 20:49:02,010 1 INFO lab_template odoo.modules.loading: loading base_setup/views/res_config_settings_views.xml 
2026-09-08 20:49:02,026 1 INFO lab_template odoo.modules.loading: loading base_setup/views/res_partner_views.xml 
2026-09-08 20:49:02,040 1 INFO lab_template odoo.modules.loading: Module base_setup loaded in 0.06s, 152 queries (+152 other) 
2026-09-08 20:49:02,040 1 INFO lab_template odoo.modules.loading: Loading module bus (9/14) 
2026-09-08 20:49:02,049 1 INFO lab_template odoo.registry: module bus: creating or updating database tables 
2026-09-08 20:49:02,094 1 INFO lab_template odoo.modules.loading: loading bus/security/ir.model.access.csv 
2026-09-08 20:49:02,101 1 INFO lab_template odoo.modules.loading: Module bus loaded in 0.06s, 159 queries (+159 other) 
2026-09-08 20:49:02,101 1 INFO lab_template odoo.modules.loading: Loading module web_tour (10/14) 
2026-09-08 20:49:02,105 1 INFO lab_template odoo.registry: module web_tour: creating or updating database tables 
2026-09-08 20:49:02,108 1 INFO lab_template odoo.models: Prepare computation of res.users.tour_enabled 
2026-09-08 20:49:02,152 1 INFO lab_template odoo.modules.loading: loading web_tour/security/ir.model.access.csv 
2026-09-08 20:49:02,156 1 INFO lab_template odoo.modules.loading: loading web_tour/views/tour_views.xml 
2026-09-08 20:49:02,179 1 INFO lab_template odoo.modules.loading: Module web_tour loaded in 0.08s, 180 queries (+180 other) 
2026-09-08 20:49:02,179 1 INFO lab_template odoo.modules.loading: Loading module auth_passkey (11/14) 
2026-09-08 20:49:02,201 1 INFO lab_template odoo.registry: module auth_passkey: creating or updating database tables 
2026-09-08 20:49:02,242 1 INFO lab_template odoo.modules.loading: loading auth_passkey/views/auth_passkey_key_views.xml 
2026-09-08 20:49:02,254 1 INFO lab_template odoo.modules.loading: loading auth_passkey/views/auth_passkey_login_templates.xml 
2026-09-08 20:49:02,262 1 INFO lab_template odoo.modules.loading: loading auth_passkey/views/res_users_identitycheck_views.xml 
2026-09-08 20:49:02,267 1 INFO lab_template odoo.modules.loading: loading auth_passkey/views/res_users_views.xml 
2026-09-08 20:49:02,277 1 INFO lab_template odoo.modules.loading: loading auth_passkey/security/ir.model.access.csv 
2026-09-08 20:49:02,281 1 INFO lab_template odoo.modules.loading: loading auth_passkey/security/security.xml 
2026-09-08 20:49:02,296 1 INFO lab_template odoo.modules.loading: Module auth_passkey loaded in 0.12s, 218 queries (+218 other) 
2026-09-08 20:49:02,296 1 INFO lab_template odoo.modules.loading: Loading module html_editor (12/14) 
2026-09-08 20:49:02,377 1 INFO lab_template odoo.registry: module html_editor: creating or updating database tables 
2026-09-08 20:49:02,620 1 INFO lab_template odoo.modules.loading: loading html_editor/security/ir.model.access.csv 
2026-09-08 20:49:02,628 1 INFO lab_template odoo.modules.loading: Module html_editor loaded in 0.33s, 1034 queries (+1034 other) 
2026-09-08 20:49:02,628 1 INFO lab_template odoo.modules.loading: Loading module iap (13/14) 
2026-09-08 20:49:02,630 1 INFO lab_template odoo.registry: module iap: creating or updating database tables 
2026-09-08 20:49:02,671 1 INFO lab_template odoo.modules.loading: loading iap/data/services.xml 
2026-09-08 20:49:02,673 1 INFO lab_template odoo.modules.loading: loading iap/security/ir.model.access.csv 
2026-09-08 20:49:02,677 1 INFO lab_template odoo.modules.loading: loading iap/security/ir_rule.xml 
2026-09-08 20:49:02,680 1 INFO lab_template odoo.modules.loading: loading iap/views/iap_views.xml 
2026-09-08 20:49:02,692 1 INFO lab_template odoo.modules.loading: loading iap/views/res_config_settings.xml 
2026-09-08 20:49:02,707 1 INFO lab_template odoo.modules.loading: Module iap loaded in 0.08s, 182 queries (+182 other) 
2026-09-08 20:49:02,707 1 INFO lab_template odoo.modules.loading: Loading module web_unsplash (14/14) 
2026-09-08 20:49:02,711 1 INFO lab_template odoo.registry: module web_unsplash: creating or updating database tables 
2026-09-08 20:49:02,729 1 INFO lab_template odoo.modules.loading: loading web_unsplash/views/res_config_settings_view.xml 
2026-09-08 20:49:02,745 1 INFO lab_template odoo.modules.loading: Module web_unsplash loaded in 0.04s, 93 queries (+93 other) 
2026-09-08 20:49:02,745 1 INFO lab_template odoo.modules.loading: 14 modules loaded in 1.63s, 4668 queries (+4668 extra) 
2026-09-08 20:49:02,855 1 INFO lab_template odoo.modules.loading: Modules loaded. 
2026-09-08 20:49:02,860 1 INFO lab_template odoo.registry: Registry changed, signaling through the database 
2026-09-08 20:49:02,861 1 INFO lab_template odoo.registry: Registry loaded in 6.597s 
2026-09-08 20:49:02,861 1 INFO lab_template odoo.service.server: Initiating shutdown 
2026-09-08 20:49:02,861 1 INFO lab_template odoo.service.server: Hit CTRL-C again or send a second signal to force the shutdown. 
2026-09-08 20:49:02,861 1 INFO lab_template odoo.sql_db: ConnectionPool(read/write;used=0/count=0/max=64): Closed 1 connections  
