Série 19.0 — image odoo-qa:19.0 — base quality_empty_baseline

══ 0. Démarrage de PostgreSQL ═══════════════════════════════════════════════════
 Container quality-shell-6ec247d9-db-1  Running

══ 1. QA de tâche : -u quality_oracle + tests (/quality_oracle) sur quality_empty_baseline ═══════════════════════════════════════════════════
2026-09-08 20:18:19,542 1 WARNING ? odoo.tools.config: option addons_path, invalid addons directory '/mnt/enterprise-addons', skipped 
2026-09-08 20:18:19,542 1 WARNING ? odoo.tools.config: option --without-demo: since 19.0, invalid boolean value: 'all', assume True 
2026-09-08 20:18:19,542 1 WARNING ? odoo.tools.config: option addons_path, invalid addons directory '/mnt/enterprise-addons', skipped 
2026-09-08 20:18:19,542 1 WARNING ? odoo.tools.config: missing --http-interface/http_interface, using 0.0.0.0 by default, will change to 127.0.0.1 in 20.0 
2026-09-08 20:18:19,542 1 INFO ? odoo: Odoo version 19.0-20260817 
2026-09-08 20:18:19,542 1 INFO ? odoo: Using configuration file at /etc/odoo/odoo.conf 
2026-09-08 20:18:19,542 1 INFO ? odoo: addons paths: _NamespacePath(['/usr/lib/python3/dist-packages/odoo/addons', '/var/lib/odoo/addons/19.0', '/mnt/extra-addons', '/usr/lib/python3/dist-packages/addons']) 
2026-09-08 20:18:19,542 1 INFO ? odoo: database: odoo@db:5432 
2026-09-08 20:18:19,714 1 INFO ? odoo.service.server: HTTP service (werkzeug) running on 112362e5ed0f:8069 
2026-09-08 20:18:19,725 1 INFO quality_empty_baseline odoo.tests.common: Importing test framework 
2026-09-08 20:18:19,742 1 INFO quality_empty_baseline odoo.modules.loading: Initializing database quality_empty_baseline 
2026-09-08 20:18:20,156 1 WARNING quality_empty_baseline odoo.modules.module: Missing `author` key in manifest for 'quality_case', defaulting to '' 
2026-09-08 20:18:20,156 1 WARNING quality_empty_baseline odoo.modules.module: Missing `author` key in manifest for 'quality_case', defaulting to '' 
2026-09-08 20:18:20,157 1 WARNING quality_empty_baseline odoo.modules.module: Missing `author` key in manifest for 'quality_oracle', defaulting to '' 
2026-09-08 20:18:20,157 1 WARNING quality_empty_baseline odoo.modules.module: Missing `author` key in manifest for 'quality_oracle', defaulting to '' 
2026-09-08 20:18:20,325 1 INFO quality_empty_baseline odoo.modules.loading: loading 1 modules... 
2026-09-08 20:18:20,325 1 INFO quality_empty_baseline odoo.modules.loading: Loading module base (1/1) 
2026-09-08 20:18:20,339 1 INFO quality_empty_baseline odoo.registry: module base: creating or updating database tables 
2026-09-08 20:18:20,477 1 INFO quality_empty_baseline odoo.models: Prepare computation of ir.module.module.menus_by_module 
2026-09-08 20:18:20,477 1 INFO quality_empty_baseline odoo.models: Prepare computation of ir.module.module.reports_by_module 
2026-09-08 20:18:20,477 1 INFO quality_empty_baseline odoo.models: Prepare computation of ir.module.module.views_by_module 
2026-09-08 20:18:20,516 1 INFO quality_empty_baseline odoo.models: Prepare computation of res.partner.user_id 
2026-09-08 20:18:20,516 1 INFO quality_empty_baseline odoo.models: Prepare computation of res.partner.commercial_partner_id 
2026-09-08 20:18:20,516 1 INFO quality_empty_baseline odoo.models: Prepare computation of res.partner.complete_name 
2026-09-08 20:18:20,516 1 INFO quality_empty_baseline odoo.models: Prepare computation of res.partner.lang 
2026-09-08 20:18:20,516 1 INFO quality_empty_baseline odoo.models: Prepare computation of res.partner.company_registry 
2026-09-08 20:18:20,516 1 INFO quality_empty_baseline odoo.models: Prepare computation of res.partner.commercial_company_name 
2026-09-08 20:18:20,516 1 INFO quality_empty_baseline odoo.models: Prepare computation of res.partner.properties 
2026-09-08 20:18:20,517 1 INFO quality_empty_baseline odoo.models: Prepare computation of res.partner.partner_share 
2026-09-08 20:18:20,530 1 INFO quality_empty_baseline odoo.models: Prepare computation of res.currency.decimal_places 
2026-09-08 20:18:20,542 1 INFO quality_empty_baseline odoo.models: Prepare computation of res.company.uses_default_logo 
2026-09-08 20:18:20,542 1 INFO quality_empty_baseline odoo.models: Prepare computation of res.company.logo_web 
2026-09-08 20:18:20,543 1 INFO quality_empty_baseline odoo.models: Computing parent_path for table res_company... 
2026-09-08 20:18:20,560 1 INFO quality_empty_baseline odoo.models: Prepare computation of res.users.signature 
2026-09-08 20:18:20,560 1 INFO quality_empty_baseline odoo.models: Prepare computation of res.users.share 
2026-09-08 20:18:21,260 1 INFO quality_empty_baseline odoo.modules.loading: loading base/data/res_bank.xml 
2026-09-08 20:18:21,263 1 INFO quality_empty_baseline odoo.modules.loading: loading base/data/res.lang.csv 
2026-09-08 20:18:21,291 1 INFO quality_empty_baseline odoo.modules.loading: loading base/data/res_lang_data.xml 
2026-09-08 20:18:21,309 1 INFO quality_empty_baseline odoo.modules.loading: loading base/data/res_partner_data.xml 
2026-09-08 20:18:21,329 1 INFO quality_empty_baseline odoo.modules.loading: loading base/data/res_currency_data.xml 
2026-09-08 20:18:21,527 1 INFO quality_empty_baseline odoo.modules.loading: loading base/data/res_company_data.xml 
2026-09-08 20:18:21,532 1 INFO quality_empty_baseline odoo.modules.loading: loading base/data/res_users_data.xml 
2026-09-08 20:18:22,067 1 INFO quality_empty_baseline odoo.modules.loading: loading base/data/report_paperformat_data.xml 
2026-09-08 20:18:22,072 1 INFO quality_empty_baseline odoo.modules.loading: loading base/data/res_country_data.xml 
2026-09-08 20:18:22,401 1 INFO quality_empty_baseline odoo.modules.loading: loading base/data/ir_demo_data.xml 
2026-09-08 20:18:22,411 1 INFO quality_empty_baseline odoo.modules.loading: loading base/security/base_groups.xml 
2026-09-08 20:18:22,547 1 INFO quality_empty_baseline odoo.modules.loading: loading base/security/base_security.xml 
2026-09-08 20:18:22,675 1 INFO quality_empty_baseline odoo.modules.loading: loading base/wizard/wizard_ir_model_menu_create_views.xml 
2026-09-08 20:18:22,686 1 INFO quality_empty_baseline odoo.modules.loading: loading base/views/base_menus.xml 
2026-09-08 20:18:22,713 1 INFO quality_empty_baseline odoo.modules.loading: loading base/views/decimal_precision_views.xml 
2026-09-08 20:18:22,721 1 INFO quality_empty_baseline odoo.modules.loading: loading base/views/res_config_views.xml 
2026-09-08 20:18:22,725 1 INFO quality_empty_baseline odoo.modules.loading: loading base/data/res.country.state.csv 
2026-09-08 20:18:22,918 1 INFO quality_empty_baseline odoo.modules.loading: loading base/views/ir_actions_views.xml 
2026-09-08 20:18:23,009 1 INFO quality_empty_baseline odoo.modules.loading: loading base/views/ir_asset_views.xml 
2026-09-08 20:18:23,018 1 INFO quality_empty_baseline odoo.modules.loading: loading base/views/ir_config_parameter_views.xml 
2026-09-08 20:18:23,030 1 INFO quality_empty_baseline odoo.modules.loading: loading base/views/ir_cron_views.xml 
2026-09-08 20:18:23,052 1 INFO quality_empty_baseline odoo.modules.loading: loading base/views/ir_cron_trigger_views.xml 
2026-09-08 20:18:23,066 1 INFO quality_empty_baseline odoo.modules.loading: loading base/views/ir_filters_views.xml 
2026-09-08 20:18:23,081 1 INFO quality_empty_baseline odoo.modules.loading: loading base/views/ir_mail_server_views.xml 
2026-09-08 20:18:23,099 1 INFO quality_empty_baseline odoo.modules.loading: loading base/views/ir_model_views.xml 
2026-09-08 20:18:23,224 1 INFO quality_empty_baseline odoo.modules.loading: loading base/views/ir_attachment_views.xml 
2026-09-08 20:18:23,243 1 INFO quality_empty_baseline odoo.modules.loading: loading base/views/ir_rule_views.xml 
2026-09-08 20:18:23,259 1 INFO quality_empty_baseline odoo.modules.loading: loading base/views/ir_sequence_views.xml 
2026-09-08 20:18:23,280 1 INFO quality_empty_baseline odoo.modules.loading: loading base/views/ir_ui_menu_views.xml 
2026-09-08 20:18:23,292 1 INFO quality_empty_baseline odoo.modules.loading: loading base/views/ir_ui_view_views.xml 
2026-09-08 20:18:23,317 1 INFO quality_empty_baseline odoo.modules.loading: loading base/views/ir_default_views.xml 
2026-09-08 20:18:23,327 1 INFO quality_empty_baseline odoo.modules.loading: loading base/data/ir_config_parameter_data.xml 
2026-09-08 20:18:23,328 1 INFO quality_empty_baseline odoo.modules.loading: loading base/data/ir_cron_data.xml 
2026-09-08 20:18:23,334 1 INFO quality_empty_baseline odoo.modules.loading: loading base/report/ir_model_report.xml 
2026-09-08 20:18:23,337 1 INFO quality_empty_baseline odoo.modules.loading: loading base/report/ir_model_templates.xml 
2026-09-08 20:18:23,342 1 INFO quality_empty_baseline odoo.modules.loading: loading base/views/ir_logging_views.xml 
2026-09-08 20:18:23,353 1 INFO quality_empty_baseline odoo.modules.loading: loading base/views/ir_qweb_widget_templates.xml 
2026-09-08 20:18:23,362 1 INFO quality_empty_baseline odoo.modules.loading: loading base/views/ir_module_views.xml 
2026-09-08 20:18:23,405 1 INFO quality_empty_baseline odoo.modules.loading: loading base/data/ir_module_category_data.xml 
2026-09-08 20:18:23,434 1 INFO quality_empty_baseline odoo.modules.loading: loading base/data/ir_module_module.xml 
2026-09-08 20:18:23,486 1 INFO quality_empty_baseline odoo.modules.loading: loading base/report/ir_module_reports.xml 
2026-09-08 20:18:23,488 1 INFO quality_empty_baseline odoo.modules.loading: loading base/report/ir_module_report_templates.xml 
2026-09-08 20:18:23,491 1 INFO quality_empty_baseline odoo.modules.loading: loading base/wizard/base_module_update_views.xml 
2026-09-08 20:18:23,497 1 INFO quality_empty_baseline odoo.modules.loading: loading base/wizard/base_language_install_views.xml 
2026-09-08 20:18:23,505 1 INFO quality_empty_baseline odoo.modules.loading: loading base/wizard/base_import_language_views.xml 
2026-09-08 20:18:23,510 1 INFO quality_empty_baseline odoo.modules.loading: loading base/wizard/base_module_upgrade_views.xml 
2026-09-08 20:18:23,518 1 INFO quality_empty_baseline odoo.modules.loading: loading base/wizard/base_module_uninstall_views.xml 
2026-09-08 20:18:23,526 1 INFO quality_empty_baseline odoo.modules.loading: loading base/wizard/base_export_language_views.xml 
2026-09-08 20:18:23,533 1 INFO quality_empty_baseline odoo.modules.loading: loading base/wizard/base_partner_merge_views.xml 
2026-09-08 20:18:23,541 1 INFO quality_empty_baseline odoo.modules.loading: loading base/data/ir_demo_failure_data.xml 
2026-09-08 20:18:23,548 1 INFO quality_empty_baseline odoo.modules.loading: loading base/views/ir_profile_views.xml 
2026-09-08 20:18:23,561 1 INFO quality_empty_baseline odoo.modules.loading: loading base/views/res_company_views.xml 
2026-09-08 20:18:23,573 1 INFO quality_empty_baseline odoo.modules.loading: loading base/views/res_lang_views.xml 
2026-09-08 20:18:23,584 1 INFO quality_empty_baseline odoo.modules.loading: loading base/views/res_partner_views.xml 
2026-09-08 20:18:23,628 1 INFO quality_empty_baseline odoo.modules.loading: loading base/views/res_bank_views.xml 
2026-09-08 20:18:23,645 1 INFO quality_empty_baseline odoo.modules.loading: loading base/views/res_country_views.xml 
2026-09-08 20:18:23,668 1 INFO quality_empty_baseline odoo.modules.loading: loading base/views/res_currency_views.xml 
2026-09-08 20:18:23,688 1 INFO quality_empty_baseline odoo.modules.loading: loading base/views/res_groups_views.xml 
2026-09-08 20:18:23,711 1 INFO quality_empty_baseline odoo.modules.loading: loading base/views/res_users_views.xml 
2026-09-08 20:18:23,758 1 INFO quality_empty_baseline odoo.modules.loading: loading base/views/res_users_apikeys_views.xml 
2026-09-08 20:18:23,761 1 INFO quality_empty_baseline odoo.modules.loading: loading base/views/res_device_views.xml 
2026-09-08 20:18:23,772 1 INFO quality_empty_baseline odoo.modules.loading: loading base/views/res_users_identitycheck_views.xml 
2026-09-08 20:18:23,779 1 INFO quality_empty_baseline odoo.modules.loading: loading base/views/res_config_settings_views.xml 
2026-09-08 20:18:23,786 1 INFO quality_empty_baseline odoo.modules.loading: loading base/views/report_paperformat_views.xml 
2026-09-08 20:18:23,801 1 INFO quality_empty_baseline odoo.modules.loading: loading base/security/ir.model.access.csv 
2026-09-08 20:18:23,948 1 INFO quality_empty_baseline odoo.modules.loading: Module base loaded in 3.62s, 8454 queries (+8454 other) 
2026-09-08 20:18:23,949 1 INFO quality_empty_baseline odoo.modules.loading: 1 modules loaded in 3.62s, 8454 queries (+8454 extra) 
2026-09-08 20:18:23,951 1 INFO quality_empty_baseline odoo.modules.loading: updating modules list 
2026-09-08 20:18:23,951 1 INFO quality_empty_baseline odoo.addons.base.models.ir_module: ALLOW access to module.update_list on [] to user __system__ #1 via n/a 
2026-09-08 20:18:24,246 1 WARNING quality_empty_baseline odoo.modules.module: Missing `author` key in manifest for 'quality_case', defaulting to '' 
2026-09-08 20:18:24,247 1 WARNING quality_empty_baseline odoo.modules.module: Missing `author` key in manifest for 'quality_oracle', defaulting to '' 
2026-09-08 20:18:24,326 1 INFO quality_empty_baseline odoo.modules.loading: loading 14 modules... 
2026-09-08 20:18:24,326 1 INFO quality_empty_baseline odoo.modules.loading: Loading module rpc (2/14) 
2026-09-08 20:18:24,336 1 INFO quality_empty_baseline odoo.modules.loading: Module rpc loaded in 0.01s, 9 queries (+9 other) 
2026-09-08 20:18:24,336 1 INFO quality_empty_baseline odoo.modules.loading: Loading module web (3/14) 
2026-09-08 20:18:24,352 1 INFO quality_empty_baseline odoo.registry: module web: creating or updating database tables 
2026-09-08 20:18:24,575 1 INFO quality_empty_baseline odoo.modules.loading: loading web/security/ir.model.access.csv 
2026-09-08 20:18:24,582 1 INFO quality_empty_baseline odoo.modules.loading: loading web/security/web_security.xml 
2026-09-08 20:18:24,591 1 INFO quality_empty_baseline odoo.modules.loading: loading web/views/webclient_templates.xml 
2026-09-08 20:18:24,640 1 INFO quality_empty_baseline odoo.modules.loading: loading web/views/report_templates.xml 
2026-09-08 20:18:24,728 1 INFO quality_empty_baseline odoo.modules.loading: loading web/views/base_document_layout_views.xml 
2026-09-08 20:18:24,741 1 INFO quality_empty_baseline odoo.modules.loading: loading web/views/partner_view.xml 
2026-09-08 20:18:24,747 1 INFO quality_empty_baseline odoo.modules.loading: loading web/views/speedscope_template.xml 
2026-09-08 20:18:24,752 1 INFO quality_empty_baseline odoo.modules.loading: loading web/views/memory_template.xml 
2026-09-08 20:18:24,756 1 INFO quality_empty_baseline odoo.modules.loading: loading web/views/speedscope_config_wizard.xml 
2026-09-08 20:18:24,762 1 INFO quality_empty_baseline odoo.modules.loading: loading web/views/neutralize_views.xml 
2026-09-08 20:18:24,769 1 INFO quality_empty_baseline odoo.modules.loading: loading web/views/ir_ui_view_views.xml 
2026-09-08 20:18:24,777 1 INFO quality_empty_baseline odoo.modules.loading: loading web/data/ir_attachment.xml 
2026-09-08 20:18:24,781 1 INFO quality_empty_baseline odoo.modules.loading: loading web/data/report_layout.xml 
2026-09-08 20:18:24,808 1 INFO quality_empty_baseline odoo.modules.loading: Module web loaded in 0.47s, 1232 queries (+1232 other) 
2026-09-08 20:18:24,808 1 INFO quality_empty_baseline odoo.modules.loading: Loading module api_doc (4/14) 
2026-09-08 20:18:24,813 1 INFO quality_empty_baseline odoo.registry: module api_doc: creating or updating database tables 
2026-09-08 20:18:24,823 1 INFO quality_empty_baseline odoo.modules.loading: loading api_doc/security/res_groups.xml 
2026-09-08 20:18:24,834 1 INFO quality_empty_baseline odoo.modules.loading: loading api_doc/views/docclient.xml 
2026-09-08 20:18:24,843 1 INFO quality_empty_baseline odoo.modules.loading: Module api_doc loaded in 0.03s, 63 queries (+63 other) 
2026-09-08 20:18:24,843 1 INFO quality_empty_baseline odoo.modules.loading: Loading module auth_totp (5/14) 
2026-09-08 20:18:24,852 1 INFO quality_empty_baseline odoo.registry: module auth_totp: creating or updating database tables 
2026-09-08 20:18:24,893 1 INFO quality_empty_baseline odoo.modules.loading: loading auth_totp/security/security.xml 
2026-09-08 20:18:24,902 1 INFO quality_empty_baseline odoo.modules.loading: loading auth_totp/security/ir.model.access.csv 
2026-09-08 20:18:24,906 1 INFO quality_empty_baseline odoo.modules.loading: loading auth_totp/data/ir_action_data.xml 
2026-09-08 20:18:24,910 1 INFO quality_empty_baseline odoo.modules.loading: loading auth_totp/views/res_users_views.xml 
2026-09-08 20:18:24,923 1 INFO quality_empty_baseline odoo.modules.loading: loading auth_totp/views/templates.xml 
2026-09-08 20:18:24,926 1 INFO quality_empty_baseline odoo.modules.loading: loading auth_totp/wizard/auth_totp_wizard_views.xml 
2026-09-08 20:18:24,937 1 INFO quality_empty_baseline odoo.modules.loading: Module auth_totp loaded in 0.09s, 218 queries (+218 other) 
2026-09-08 20:18:24,937 1 INFO quality_empty_baseline odoo.modules.loading: Loading module base_import (6/14) 
2026-09-08 20:18:24,955 1 INFO quality_empty_baseline odoo.registry: module base_import: creating or updating database tables 
2026-09-08 20:18:25,165 1 INFO quality_empty_baseline odoo.modules.loading: loading base_import/security/ir.model.access.csv 
2026-09-08 20:18:25,172 1 INFO quality_empty_baseline odoo.modules.loading: Module base_import loaded in 0.23s, 956 queries (+956 other) 
2026-09-08 20:18:25,172 1 INFO quality_empty_baseline odoo.modules.loading: Loading module base_import_module (7/14) 
2026-09-08 20:18:25,175 1 INFO quality_empty_baseline odoo.registry: module base_import_module: creating or updating database tables 
2026-09-08 20:18:25,207 1 INFO quality_empty_baseline odoo.modules.loading: loading base_import_module/security/ir.model.access.csv 
2026-09-08 20:18:25,212 1 INFO quality_empty_baseline odoo.modules.loading: loading base_import_module/views/base_import_module_view.xml 
2026-09-08 20:18:25,230 1 INFO quality_empty_baseline odoo.modules.loading: loading base_import_module/views/ir_module_views.xml 
2026-09-08 20:18:25,263 1 INFO quality_empty_baseline odoo.modules.loading: Module base_import_module loaded in 0.09s, 172 queries (+172 other) 
2026-09-08 20:18:25,263 1 INFO quality_empty_baseline odoo.modules.loading: Loading module base_setup (8/14) 
2026-09-08 20:18:25,271 1 INFO quality_empty_baseline odoo.registry: module base_setup: creating or updating database tables 
2026-09-08 20:18:25,307 1 INFO quality_empty_baseline odoo.modules.loading: loading base_setup/data/base_setup_data.xml 
2026-09-08 20:18:25,312 1 INFO quality_empty_baseline odoo.modules.loading: loading base_setup/views/res_config_settings_views.xml 
2026-09-08 20:18:25,339 1 INFO quality_empty_baseline odoo.modules.loading: loading base_setup/views/res_partner_views.xml 
2026-09-08 20:18:25,353 1 INFO quality_empty_baseline odoo.modules.loading: Module base_setup loaded in 0.09s, 152 queries (+152 other) 
2026-09-08 20:18:25,353 1 INFO quality_empty_baseline odoo.modules.loading: Loading module bus (9/14) 
2026-09-08 20:18:25,366 1 INFO quality_empty_baseline odoo.registry: module bus: creating or updating database tables 
2026-09-08 20:18:25,409 1 INFO quality_empty_baseline odoo.modules.loading: loading bus/security/ir.model.access.csv 
2026-09-08 20:18:25,416 1 INFO quality_empty_baseline odoo.modules.loading: Module bus loaded in 0.06s, 159 queries (+159 other) 
2026-09-08 20:18:25,416 1 INFO quality_empty_baseline odoo.modules.loading: Loading module web_tour (10/14) 
2026-09-08 20:18:25,420 1 INFO quality_empty_baseline odoo.registry: module web_tour: creating or updating database tables 
2026-09-08 20:18:25,422 1 INFO quality_empty_baseline odoo.models: Prepare computation of res.users.tour_enabled 
2026-09-08 20:18:25,459 1 INFO quality_empty_baseline odoo.modules.loading: loading web_tour/security/ir.model.access.csv 
2026-09-08 20:18:25,466 1 INFO quality_empty_baseline odoo.modules.loading: loading web_tour/views/tour_views.xml 
2026-09-08 20:18:25,503 1 INFO quality_empty_baseline odoo.modules.loading: Module web_tour loaded in 0.09s, 180 queries (+180 other) 
2026-09-08 20:18:25,503 1 INFO quality_empty_baseline odoo.modules.loading: Loading module auth_passkey (11/14) 
2026-09-08 20:18:25,524 1 INFO quality_empty_baseline odoo.registry: module auth_passkey: creating or updating database tables 
2026-09-08 20:18:25,569 1 INFO quality_empty_baseline odoo.modules.loading: loading auth_passkey/views/auth_passkey_key_views.xml 
2026-09-08 20:18:25,586 1 INFO quality_empty_baseline odoo.modules.loading: loading auth_passkey/views/auth_passkey_login_templates.xml 
2026-09-08 20:18:25,597 1 INFO quality_empty_baseline odoo.modules.loading: loading auth_passkey/views/res_users_identitycheck_views.xml 
2026-09-08 20:18:25,604 1 INFO quality_empty_baseline odoo.modules.loading: loading auth_passkey/views/res_users_views.xml 
2026-09-08 20:18:25,617 1 INFO quality_empty_baseline odoo.modules.loading: loading auth_passkey/security/ir.model.access.csv 
2026-09-08 20:18:25,621 1 INFO quality_empty_baseline odoo.modules.loading: loading auth_passkey/security/security.xml 
2026-09-08 20:18:25,633 1 INFO quality_empty_baseline odoo.modules.loading: Module auth_passkey loaded in 0.13s, 218 queries (+218 other) 
2026-09-08 20:18:25,633 1 INFO quality_empty_baseline odoo.modules.loading: Loading module html_editor (12/14) 
2026-09-08 20:18:25,716 1 INFO quality_empty_baseline odoo.registry: module html_editor: creating or updating database tables 
2026-09-08 20:18:25,952 1 INFO quality_empty_baseline odoo.modules.loading: loading html_editor/security/ir.model.access.csv 
2026-09-08 20:18:25,961 1 INFO quality_empty_baseline odoo.modules.loading: Module html_editor loaded in 0.33s, 1034 queries (+1034 other) 
2026-09-08 20:18:25,961 1 INFO quality_empty_baseline odoo.modules.loading: Loading module iap (13/14) 
2026-09-08 20:18:25,963 1 INFO quality_empty_baseline odoo.registry: module iap: creating or updating database tables 
2026-09-08 20:18:25,993 1 INFO quality_empty_baseline odoo.modules.loading: loading iap/data/services.xml 
2026-09-08 20:18:25,996 1 INFO quality_empty_baseline odoo.modules.loading: loading iap/security/ir.model.access.csv 
2026-09-08 20:18:25,999 1 INFO quality_empty_baseline odoo.modules.loading: loading iap/security/ir_rule.xml 
2026-09-08 20:18:26,002 1 INFO quality_empty_baseline odoo.modules.loading: loading iap/views/iap_views.xml 
2026-09-08 20:18:26,014 1 INFO quality_empty_baseline odoo.modules.loading: loading iap/views/res_config_settings.xml 
2026-09-08 20:18:26,027 1 INFO quality_empty_baseline odoo.modules.loading: Module iap loaded in 0.07s, 182 queries (+182 other) 
2026-09-08 20:18:26,027 1 INFO quality_empty_baseline odoo.modules.loading: Loading module web_unsplash (14/14) 
2026-09-08 20:18:26,032 1 INFO quality_empty_baseline odoo.registry: module web_unsplash: creating or updating database tables 
2026-09-08 20:18:26,052 1 INFO quality_empty_baseline odoo.modules.loading: loading web_unsplash/views/res_config_settings_view.xml 
2026-09-08 20:18:26,079 1 INFO quality_empty_baseline odoo.modules.loading: Module web_unsplash loaded in 0.05s, 93 queries (+93 other) 
2026-09-08 20:18:26,079 1 INFO quality_empty_baseline odoo.modules.loading: 14 modules loaded in 1.75s, 4668 queries (+4668 extra) 
2026-09-08 20:18:26,180 1 INFO quality_empty_baseline odoo.modules.loading: Modules loaded. 
2026-09-08 20:18:26,182 1 INFO quality_empty_baseline odoo.registry: Registry changed, signaling through the database 
2026-09-08 20:18:26,182 1 INFO quality_empty_baseline odoo.registry: Registry loaded in 6.468s 
2026-09-08 20:18:26,183 1 INFO quality_empty_baseline odoo.service.server: Starting post tests 
2026-09-08 20:18:26,198 1 INFO quality_empty_baseline odoo.service.server: 0 post-tests in 0.02s, 0 queries 
2026-09-08 20:18:26,198 1 WARNING quality_empty_baseline odoo.tests.result: 0 failed, 0 error(s) of 0 tests when loading database 'quality_empty_baseline' 
2026-09-08 20:18:26,198 1 INFO quality_empty_baseline odoo.service.server: Initiating shutdown 
2026-09-08 20:18:26,198 1 INFO quality_empty_baseline odoo.service.server: Hit CTRL-C again or send a second signal to force the shutdown. 
2026-09-08 20:18:26,251 1 INFO quality_empty_baseline odoo.sql_db: ConnectionPool(read/write;used=0/count=0/max=64): Closed 1 connections  
✅ -u + tests OK
   ⏱ 7s

══ 5. Analyse des logs ═══════════════════════════════════════════════════
ERROR/CRITICAL : 0
tests échoués  : 0
tests ignorés  : 0
WARNING liés à quality_oracle : 3

── avertissements liés au module (à traiter) ──
2026-09-08 20:18:20,157 1 WARNING quality_empty_baseline odoo.modules.module: Missing `author` key in manifest for 'quality_oracle', defaulting to '' 
2026-09-08 20:18:20,157 1 WARNING quality_empty_baseline odoo.modules.module: Missing `author` key in manifest for 'quality_oracle', defaulting to '' 
2026-09-08 20:18:24,247 1 WARNING quality_empty_baseline odoo.modules.module: Missing `author` key in manifest for 'quality_oracle', defaulting to '' 
RECETTE module=quality_oracle db=quality_empty_baseline install=ok update=ok uninstall=n.a. tests="0 failed, 0 error(s) of 0 tests" errors=0 failed=0 skipped=0 warnings=3 total=8s quick=7s

Log complet   : /tmp/quality-shell-w71ohywh/stack/artifacts/quality_oracle-20260908-221818.log
Captures      : /tmp/quality-shell-w71ohywh/stack/artifacts/
✅ quality_oracle : installation, tests et logs propres
