2026-09-08 20:36:51,745 1 WARNING ? odoo.tools.config: option addons_path, invalid addons directory '/mnt/extra-addons', skipped 
2026-09-08 20:36:51,745 1 WARNING ? odoo.tools.config: option --without-demo: since 19.0, invalid boolean value: 'all', assume True 
2026-09-08 20:36:51,745 1 WARNING ? odoo.tools.config: option addons_path, invalid addons directory '/mnt/extra-addons', skipped 
2026-09-08 20:36:51,746 1 INFO ? odoo: Odoo version 19.0-20260817 
2026-09-08 20:36:51,746 1 INFO ? odoo: Using configuration file at /etc/odoo/odoo.conf 
2026-09-08 20:36:51,746 1 INFO ? odoo: addons paths: _NamespacePath(['/usr/lib/python3/dist-packages/odoo/addons', '/tmp/odoo/addons/19.0', '/mnt/quality', '/usr/lib/python3/dist-packages/addons']) 
2026-09-08 20:36:51,746 1 INFO ? odoo: database: odoo@quality-lab-b35c8e7d95-db:default 
2026-09-08 20:36:52,125 1 INFO lab_template odoo.modules.loading: Initializing database lab_template 
2026-09-08 20:36:52,610 1 WARNING lab_template odoo.modules.module: Missing `author` key in manifest for 'quality_case', defaulting to '' 
2026-09-08 20:36:52,611 1 WARNING lab_template odoo.modules.module: Missing `author` key in manifest for 'quality_case', defaulting to '' 
2026-09-08 20:36:52,611 1 WARNING lab_template odoo.modules.module: Missing `author` key in manifest for 'quality_oracle', defaulting to '' 
2026-09-08 20:36:52,611 1 WARNING lab_template odoo.modules.module: Missing `author` key in manifest for 'quality_oracle', defaulting to '' 
2026-09-08 20:36:52,725 1 INFO lab_template odoo.modules.loading: loading 1 modules... 
2026-09-08 20:36:52,725 1 INFO lab_template odoo.modules.loading: Loading module base (1/1) 
2026-09-08 20:36:52,739 1 INFO lab_template odoo.registry: module base: creating or updating database tables 
2026-09-08 20:36:53,236 1 INFO lab_template odoo.models: Prepare computation of ir.module.module.menus_by_module 
2026-09-08 20:36:53,236 1 INFO lab_template odoo.models: Prepare computation of ir.module.module.reports_by_module 
2026-09-08 20:36:53,236 1 INFO lab_template odoo.models: Prepare computation of ir.module.module.views_by_module 
2026-09-08 20:36:53,314 1 INFO lab_template odoo.models: Prepare computation of res.partner.user_id 
2026-09-08 20:36:53,314 1 INFO lab_template odoo.models: Prepare computation of res.partner.commercial_partner_id 
2026-09-08 20:36:53,314 1 INFO lab_template odoo.models: Prepare computation of res.partner.complete_name 
2026-09-08 20:36:53,314 1 INFO lab_template odoo.models: Prepare computation of res.partner.lang 
2026-09-08 20:36:53,314 1 INFO lab_template odoo.models: Prepare computation of res.partner.company_registry 
2026-09-08 20:36:53,314 1 INFO lab_template odoo.models: Prepare computation of res.partner.commercial_company_name 
2026-09-08 20:36:53,314 1 INFO lab_template odoo.models: Prepare computation of res.partner.properties 
2026-09-08 20:36:53,314 1 INFO lab_template odoo.models: Prepare computation of res.partner.partner_share 
2026-09-08 20:36:53,334 1 INFO lab_template odoo.models: Prepare computation of res.currency.decimal_places 
2026-09-08 20:36:53,349 1 INFO lab_template odoo.models: Prepare computation of res.company.uses_default_logo 
2026-09-08 20:36:53,349 1 INFO lab_template odoo.models: Prepare computation of res.company.logo_web 
2026-09-08 20:36:53,351 1 INFO lab_template odoo.models: Computing parent_path for table res_company... 
2026-09-08 20:36:53,370 1 INFO lab_template odoo.models: Prepare computation of res.users.signature 
2026-09-08 20:36:53,371 1 INFO lab_template odoo.models: Prepare computation of res.users.share 
2026-09-08 20:36:54,118 1 INFO lab_template odoo.modules.loading: loading base/data/res_bank.xml 
2026-09-08 20:36:54,120 1 INFO lab_template odoo.modules.loading: loading base/data/res.lang.csv 
2026-09-08 20:36:54,139 1 INFO lab_template odoo.modules.loading: loading base/data/res_lang_data.xml 
2026-09-08 20:36:54,158 1 INFO lab_template odoo.modules.loading: loading base/data/res_partner_data.xml 
2026-09-08 20:36:54,180 1 INFO lab_template odoo.modules.loading: loading base/data/res_currency_data.xml 
2026-09-08 20:36:54,397 1 INFO lab_template odoo.modules.loading: loading base/data/res_company_data.xml 
2026-09-08 20:36:54,403 1 INFO lab_template odoo.modules.loading: loading base/data/res_users_data.xml 
2026-09-08 20:36:54,953 1 INFO lab_template odoo.modules.loading: loading base/data/report_paperformat_data.xml 
2026-09-08 20:36:54,960 1 INFO lab_template odoo.modules.loading: loading base/data/res_country_data.xml 
2026-09-08 20:36:55,308 1 INFO lab_template odoo.modules.loading: loading base/data/ir_demo_data.xml 
2026-09-08 20:36:55,317 1 INFO lab_template odoo.modules.loading: loading base/security/base_groups.xml 
2026-09-08 20:36:55,421 1 INFO lab_template odoo.modules.loading: loading base/security/base_security.xml 
2026-09-08 20:36:55,549 1 INFO lab_template odoo.modules.loading: loading base/wizard/wizard_ir_model_menu_create_views.xml 
2026-09-08 20:36:55,556 1 INFO lab_template odoo.modules.loading: loading base/views/base_menus.xml 
2026-09-08 20:36:55,583 1 INFO lab_template odoo.modules.loading: loading base/views/decimal_precision_views.xml 
2026-09-08 20:36:55,595 1 INFO lab_template odoo.modules.loading: loading base/views/res_config_views.xml 
2026-09-08 20:36:55,600 1 INFO lab_template odoo.modules.loading: loading base/data/res.country.state.csv 
2026-09-08 20:36:55,838 1 INFO lab_template odoo.modules.loading: loading base/views/ir_actions_views.xml 
2026-09-08 20:36:55,940 1 INFO lab_template odoo.modules.loading: loading base/views/ir_asset_views.xml 
2026-09-08 20:36:55,958 1 INFO lab_template odoo.modules.loading: loading base/views/ir_config_parameter_views.xml 
2026-09-08 20:36:55,974 1 INFO lab_template odoo.modules.loading: loading base/views/ir_cron_views.xml 
2026-09-08 20:36:56,002 1 INFO lab_template odoo.modules.loading: loading base/views/ir_cron_trigger_views.xml 
2026-09-08 20:36:56,018 1 INFO lab_template odoo.modules.loading: loading base/views/ir_filters_views.xml 
2026-09-08 20:36:56,041 1 INFO lab_template odoo.modules.loading: loading base/views/ir_mail_server_views.xml 
2026-09-08 20:36:56,055 1 INFO lab_template odoo.modules.loading: loading base/views/ir_model_views.xml 
2026-09-08 20:36:56,133 1 INFO lab_template odoo.modules.loading: loading base/views/ir_attachment_views.xml 
2026-09-08 20:36:56,146 1 INFO lab_template odoo.modules.loading: loading base/views/ir_rule_views.xml 
2026-09-08 20:36:56,157 1 INFO lab_template odoo.modules.loading: loading base/views/ir_sequence_views.xml 
2026-09-08 20:36:56,168 1 INFO lab_template odoo.modules.loading: loading base/views/ir_ui_menu_views.xml 
2026-09-08 20:36:56,181 1 INFO lab_template odoo.modules.loading: loading base/views/ir_ui_view_views.xml 
2026-09-08 20:36:56,213 1 INFO lab_template odoo.modules.loading: loading base/views/ir_default_views.xml 
2026-09-08 20:36:56,231 1 INFO lab_template odoo.modules.loading: loading base/data/ir_config_parameter_data.xml 
2026-09-08 20:36:56,234 1 INFO lab_template odoo.modules.loading: loading base/data/ir_cron_data.xml 
2026-09-08 20:36:56,245 1 INFO lab_template odoo.modules.loading: loading base/report/ir_model_report.xml 
2026-09-08 20:36:56,248 1 INFO lab_template odoo.modules.loading: loading base/report/ir_model_templates.xml 
2026-09-08 20:36:56,256 1 INFO lab_template odoo.modules.loading: loading base/views/ir_logging_views.xml 
2026-09-08 20:36:56,275 1 INFO lab_template odoo.modules.loading: loading base/views/ir_qweb_widget_templates.xml 
2026-09-08 20:36:56,282 1 INFO lab_template odoo.modules.loading: loading base/views/ir_module_views.xml 
2026-09-08 20:36:56,309 1 INFO lab_template odoo.modules.loading: loading base/data/ir_module_category_data.xml 
2026-09-08 20:36:56,330 1 INFO lab_template odoo.modules.loading: loading base/data/ir_module_module.xml 
2026-09-08 20:36:56,363 1 INFO lab_template odoo.modules.loading: loading base/report/ir_module_reports.xml 
2026-09-08 20:36:56,365 1 INFO lab_template odoo.modules.loading: loading base/report/ir_module_report_templates.xml 
2026-09-08 20:36:56,368 1 INFO lab_template odoo.modules.loading: loading base/wizard/base_module_update_views.xml 
2026-09-08 20:36:56,374 1 INFO lab_template odoo.modules.loading: loading base/wizard/base_language_install_views.xml 
2026-09-08 20:36:56,382 1 INFO lab_template odoo.modules.loading: loading base/wizard/base_import_language_views.xml 
2026-09-08 20:36:56,387 1 INFO lab_template odoo.modules.loading: loading base/wizard/base_module_upgrade_views.xml 
2026-09-08 20:36:56,395 1 INFO lab_template odoo.modules.loading: loading base/wizard/base_module_uninstall_views.xml 
2026-09-08 20:36:56,404 1 INFO lab_template odoo.modules.loading: loading base/wizard/base_export_language_views.xml 
2026-09-08 20:36:56,416 1 INFO lab_template odoo.modules.loading: loading base/wizard/base_partner_merge_views.xml 
2026-09-08 20:36:56,427 1 INFO lab_template odoo.modules.loading: loading base/data/ir_demo_failure_data.xml 
2026-09-08 20:36:56,440 1 INFO lab_template odoo.modules.loading: loading base/views/ir_profile_views.xml 
2026-09-08 20:36:56,454 1 INFO lab_template odoo.modules.loading: loading base/views/res_company_views.xml 
2026-09-08 20:36:56,465 1 INFO lab_template odoo.modules.loading: loading base/views/res_lang_views.xml 
2026-09-08 20:36:56,482 1 INFO lab_template odoo.modules.loading: loading base/views/res_partner_views.xml 
2026-09-08 20:36:56,550 1 INFO lab_template odoo.modules.loading: loading base/views/res_bank_views.xml 
2026-09-08 20:36:56,577 1 INFO lab_template odoo.modules.loading: loading base/views/res_country_views.xml 
2026-09-08 20:36:56,617 1 INFO lab_template odoo.modules.loading: loading base/views/res_currency_views.xml 
2026-09-08 20:36:56,642 1 INFO lab_template odoo.modules.loading: loading base/views/res_groups_views.xml 
2026-09-08 20:36:56,664 1 INFO lab_template odoo.modules.loading: loading base/views/res_users_views.xml 
2026-09-08 20:36:56,712 1 INFO lab_template odoo.modules.loading: loading base/views/res_users_apikeys_views.xml 
2026-09-08 20:36:56,715 1 INFO lab_template odoo.modules.loading: loading base/views/res_device_views.xml 
2026-09-08 20:36:56,726 1 INFO lab_template odoo.modules.loading: loading base/views/res_users_identitycheck_views.xml 
2026-09-08 20:36:56,730 1 INFO lab_template odoo.modules.loading: loading base/views/res_config_settings_views.xml 
2026-09-08 20:36:56,735 1 INFO lab_template odoo.modules.loading: loading base/views/report_paperformat_views.xml 
2026-09-08 20:36:56,753 1 INFO lab_template odoo.modules.loading: loading base/security/ir.model.access.csv 
2026-09-08 20:36:56,835 1 INFO lab_template odoo.modules.loading: Module base loaded in 4.11s, 8454 queries (+8454 other) 
2026-09-08 20:36:56,835 1 INFO lab_template odoo.modules.loading: 1 modules loaded in 4.11s, 8454 queries (+8454 extra) 
2026-09-08 20:36:56,838 1 INFO lab_template odoo.modules.loading: updating modules list 
2026-09-08 20:36:56,838 1 INFO lab_template odoo.addons.base.models.ir_module: ALLOW access to module.update_list on [] to user __system__ #1 via n/a 
2026-09-08 20:36:57,133 1 WARNING lab_template odoo.modules.module: Missing `author` key in manifest for 'quality_case', defaulting to '' 
2026-09-08 20:36:57,134 1 WARNING lab_template odoo.modules.module: Missing `author` key in manifest for 'quality_oracle', defaulting to '' 
2026-09-08 20:36:57,254 1 INFO lab_template odoo.modules.loading: loading 14 modules... 
2026-09-08 20:36:57,254 1 INFO lab_template odoo.modules.loading: Loading module rpc (2/14) 
2026-09-08 20:36:57,265 1 INFO lab_template odoo.modules.loading: Module rpc loaded in 0.01s, 9 queries (+9 other) 
2026-09-08 20:36:57,265 1 INFO lab_template odoo.modules.loading: Loading module web (3/14) 
2026-09-08 20:36:57,282 1 INFO lab_template odoo.registry: module web: creating or updating database tables 
2026-09-08 20:36:57,515 1 INFO lab_template odoo.modules.loading: loading web/security/ir.model.access.csv 
2026-09-08 20:36:57,519 1 INFO lab_template odoo.modules.loading: loading web/security/web_security.xml 
2026-09-08 20:36:57,526 1 INFO lab_template odoo.modules.loading: loading web/views/webclient_templates.xml 
2026-09-08 20:36:57,553 1 INFO lab_template odoo.modules.loading: loading web/views/report_templates.xml 
2026-09-08 20:36:57,612 1 INFO lab_template odoo.modules.loading: loading web/views/base_document_layout_views.xml 
2026-09-08 20:36:57,626 1 INFO lab_template odoo.modules.loading: loading web/views/partner_view.xml 
2026-09-08 20:36:57,633 1 INFO lab_template odoo.modules.loading: loading web/views/speedscope_template.xml 
2026-09-08 20:36:57,637 1 INFO lab_template odoo.modules.loading: loading web/views/memory_template.xml 
2026-09-08 20:36:57,642 1 INFO lab_template odoo.modules.loading: loading web/views/speedscope_config_wizard.xml 
2026-09-08 20:36:57,648 1 INFO lab_template odoo.modules.loading: loading web/views/neutralize_views.xml 
2026-09-08 20:36:57,656 1 INFO lab_template odoo.modules.loading: loading web/views/ir_ui_view_views.xml 
2026-09-08 20:36:57,664 1 INFO lab_template odoo.modules.loading: loading web/data/ir_attachment.xml 
2026-09-08 20:36:57,667 1 INFO lab_template odoo.modules.loading: loading web/data/report_layout.xml 
2026-09-08 20:36:57,699 1 INFO lab_template odoo.modules.loading: Module web loaded in 0.43s, 1232 queries (+1232 other) 
2026-09-08 20:36:57,699 1 INFO lab_template odoo.modules.loading: Loading module api_doc (4/14) 
2026-09-08 20:36:57,704 1 INFO lab_template odoo.registry: module api_doc: creating or updating database tables 
2026-09-08 20:36:57,718 1 INFO lab_template odoo.modules.loading: loading api_doc/security/res_groups.xml 
2026-09-08 20:36:57,737 1 INFO lab_template odoo.modules.loading: loading api_doc/views/docclient.xml 
2026-09-08 20:36:57,754 1 INFO lab_template odoo.modules.loading: Module api_doc loaded in 0.06s, 63 queries (+63 other) 
2026-09-08 20:36:57,754 1 INFO lab_template odoo.modules.loading: Loading module auth_totp (5/14) 
2026-09-08 20:36:57,764 1 INFO lab_template odoo.registry: module auth_totp: creating or updating database tables 
2026-09-08 20:36:57,814 1 INFO lab_template odoo.modules.loading: loading auth_totp/security/security.xml 
2026-09-08 20:36:57,824 1 INFO lab_template odoo.modules.loading: loading auth_totp/security/ir.model.access.csv 
2026-09-08 20:36:57,827 1 INFO lab_template odoo.modules.loading: loading auth_totp/data/ir_action_data.xml 
2026-09-08 20:36:57,832 1 INFO lab_template odoo.modules.loading: loading auth_totp/views/res_users_views.xml 
2026-09-08 20:36:57,849 1 INFO lab_template odoo.modules.loading: loading auth_totp/views/templates.xml 
2026-09-08 20:36:57,854 1 INFO lab_template odoo.modules.loading: loading auth_totp/wizard/auth_totp_wizard_views.xml 
2026-09-08 20:36:57,865 1 INFO lab_template odoo.modules.loading: Module auth_totp loaded in 0.11s, 218 queries (+218 other) 
2026-09-08 20:36:57,866 1 INFO lab_template odoo.modules.loading: Loading module base_import (6/14) 
2026-09-08 20:36:57,885 1 INFO lab_template odoo.registry: module base_import: creating or updating database tables 
2026-09-08 20:36:58,110 1 INFO lab_template odoo.modules.loading: loading base_import/security/ir.model.access.csv 
2026-09-08 20:36:58,121 1 INFO lab_template odoo.modules.loading: Module base_import loaded in 0.26s, 956 queries (+956 other) 
2026-09-08 20:36:58,122 1 INFO lab_template odoo.modules.loading: Loading module base_import_module (7/14) 
2026-09-08 20:36:58,125 1 INFO lab_template odoo.registry: module base_import_module: creating or updating database tables 
2026-09-08 20:36:58,159 1 INFO lab_template odoo.modules.loading: loading base_import_module/security/ir.model.access.csv 
2026-09-08 20:36:58,163 1 INFO lab_template odoo.modules.loading: loading base_import_module/views/base_import_module_view.xml 
2026-09-08 20:36:58,174 1 INFO lab_template odoo.modules.loading: loading base_import_module/views/ir_module_views.xml 
2026-09-08 20:36:58,198 1 INFO lab_template odoo.modules.loading: Module base_import_module loaded in 0.08s, 172 queries (+172 other) 
2026-09-08 20:36:58,198 1 INFO lab_template odoo.modules.loading: Loading module base_setup (8/14) 
2026-09-08 20:36:58,203 1 INFO lab_template odoo.registry: module base_setup: creating or updating database tables 
2026-09-08 20:36:58,223 1 INFO lab_template odoo.modules.loading: loading base_setup/data/base_setup_data.xml 
2026-09-08 20:36:58,226 1 INFO lab_template odoo.modules.loading: loading base_setup/views/res_config_settings_views.xml 
2026-09-08 20:36:58,240 1 INFO lab_template odoo.modules.loading: loading base_setup/views/res_partner_views.xml 
2026-09-08 20:36:58,253 1 INFO lab_template odoo.modules.loading: Module base_setup loaded in 0.05s, 152 queries (+152 other) 
2026-09-08 20:36:58,253 1 INFO lab_template odoo.modules.loading: Loading module bus (9/14) 
2026-09-08 20:36:58,262 1 INFO lab_template odoo.registry: module bus: creating or updating database tables 
2026-09-08 20:36:58,307 1 INFO lab_template odoo.modules.loading: loading bus/security/ir.model.access.csv 
2026-09-08 20:36:58,313 1 INFO lab_template odoo.modules.loading: Module bus loaded in 0.06s, 159 queries (+159 other) 
2026-09-08 20:36:58,313 1 INFO lab_template odoo.modules.loading: Loading module web_tour (10/14) 
2026-09-08 20:36:58,317 1 INFO lab_template odoo.registry: module web_tour: creating or updating database tables 
2026-09-08 20:36:58,319 1 INFO lab_template odoo.models: Prepare computation of res.users.tour_enabled 
2026-09-08 20:36:58,360 1 INFO lab_template odoo.modules.loading: loading web_tour/security/ir.model.access.csv 
2026-09-08 20:36:58,364 1 INFO lab_template odoo.modules.loading: loading web_tour/views/tour_views.xml 
2026-09-08 20:36:58,383 1 INFO lab_template odoo.modules.loading: Module web_tour loaded in 0.07s, 180 queries (+180 other) 
2026-09-08 20:36:58,383 1 INFO lab_template odoo.modules.loading: Loading module auth_passkey (11/14) 
2026-09-08 20:36:58,404 1 INFO lab_template odoo.registry: module auth_passkey: creating or updating database tables 
2026-09-08 20:36:58,445 1 INFO lab_template odoo.modules.loading: loading auth_passkey/views/auth_passkey_key_views.xml 
2026-09-08 20:36:58,455 1 INFO lab_template odoo.modules.loading: loading auth_passkey/views/auth_passkey_login_templates.xml 
2026-09-08 20:36:58,461 1 INFO lab_template odoo.modules.loading: loading auth_passkey/views/res_users_identitycheck_views.xml 
2026-09-08 20:36:58,468 1 INFO lab_template odoo.modules.loading: loading auth_passkey/views/res_users_views.xml 
2026-09-08 20:36:58,486 1 INFO lab_template odoo.modules.loading: loading auth_passkey/security/ir.model.access.csv 
2026-09-08 20:36:58,493 1 INFO lab_template odoo.modules.loading: loading auth_passkey/security/security.xml 
2026-09-08 20:36:58,514 1 INFO lab_template odoo.modules.loading: Module auth_passkey loaded in 0.13s, 218 queries (+218 other) 
2026-09-08 20:36:58,514 1 INFO lab_template odoo.modules.loading: Loading module html_editor (12/14) 
2026-09-08 20:36:58,603 1 INFO lab_template odoo.registry: module html_editor: creating or updating database tables 
2026-09-08 20:36:58,889 1 INFO lab_template odoo.modules.loading: loading html_editor/security/ir.model.access.csv 
2026-09-08 20:36:58,896 1 INFO lab_template odoo.modules.loading: Module html_editor loaded in 0.38s, 1034 queries (+1034 other) 
2026-09-08 20:36:58,896 1 INFO lab_template odoo.modules.loading: Loading module iap (13/14) 
2026-09-08 20:36:58,898 1 INFO lab_template odoo.registry: module iap: creating or updating database tables 
2026-09-08 20:36:58,940 1 INFO lab_template odoo.modules.loading: loading iap/data/services.xml 
2026-09-08 20:36:58,943 1 INFO lab_template odoo.modules.loading: loading iap/security/ir.model.access.csv 
2026-09-08 20:36:58,946 1 INFO lab_template odoo.modules.loading: loading iap/security/ir_rule.xml 
2026-09-08 20:36:58,950 1 INFO lab_template odoo.modules.loading: loading iap/views/iap_views.xml 
2026-09-08 20:36:58,961 1 INFO lab_template odoo.modules.loading: loading iap/views/res_config_settings.xml 
2026-09-08 20:36:58,974 1 INFO lab_template odoo.modules.loading: Module iap loaded in 0.08s, 182 queries (+182 other) 
2026-09-08 20:36:58,974 1 INFO lab_template odoo.modules.loading: Loading module web_unsplash (14/14) 
2026-09-08 20:36:58,979 1 INFO lab_template odoo.registry: module web_unsplash: creating or updating database tables 
2026-09-08 20:36:58,994 1 INFO lab_template odoo.modules.loading: loading web_unsplash/views/res_config_settings_view.xml 
2026-09-08 20:36:59,009 1 INFO lab_template odoo.modules.loading: Module web_unsplash loaded in 0.03s, 93 queries (+93 other) 
2026-09-08 20:36:59,009 1 INFO lab_template odoo.modules.loading: 14 modules loaded in 1.76s, 4668 queries (+4668 extra) 
2026-09-08 20:36:59,101 1 INFO lab_template odoo.modules.loading: Modules loaded. 
2026-09-08 20:36:59,105 1 INFO lab_template odoo.registry: Registry changed, signaling through the database 
2026-09-08 20:36:59,106 1 INFO lab_template odoo.registry: Registry loaded in 7.020s 
2026-09-08 20:36:59,106 1 INFO lab_template odoo.service.server: Initiating shutdown 
2026-09-08 20:36:59,106 1 INFO lab_template odoo.service.server: Hit CTRL-C again or send a second signal to force the shutdown. 
2026-09-08 20:36:59,106 1 INFO lab_template odoo.sql_db: ConnectionPool(read/write;used=0/count=0/max=64): Closed 1 connections  
