2026-09-09 01:18:22,234 1 WARNING ? odoo.tools.config: option --without-demo: since 19.0, invalid boolean value: 'all', assume True 
2026-09-09 01:18:22,234 1 INFO ? odoo: Odoo version 19.0-20260817 
2026-09-09 01:18:22,234 1 INFO ? odoo: Using configuration file at /etc/odoo/odoo.conf 
2026-09-09 01:18:22,234 1 INFO ? odoo: addons paths: _NamespacePath(['/usr/lib/python3/dist-packages/odoo/addons', '/var/lib/odoo/addons/19.0', '/mnt/enterprise-addons', '/mnt/extra-addons', '/usr/lib/python3/dist-packages/addons']) 
2026-09-09 01:18:22,235 1 INFO ? odoo: database: odoo@db:5432 
2026-09-09 01:18:22,526 1 INFO lab_client odoo.modules.loading: Initializing database lab_client 
2026-09-09 01:18:24,543 1 INFO lab_client odoo.modules.loading: loading 1 modules... 
2026-09-09 01:18:24,543 1 INFO lab_client odoo.modules.loading: Loading module base (1/1) 
2026-09-09 01:18:24,560 1 INFO lab_client odoo.registry: module base: creating or updating database tables 
2026-09-09 01:18:24,744 1 INFO lab_client odoo.models: Prepare computation of ir.module.module.menus_by_module 
2026-09-09 01:18:24,745 1 INFO lab_client odoo.models: Prepare computation of ir.module.module.reports_by_module 
2026-09-09 01:18:24,745 1 INFO lab_client odoo.models: Prepare computation of ir.module.module.views_by_module 
2026-09-09 01:18:24,813 1 INFO lab_client odoo.models: Prepare computation of res.partner.user_id 
2026-09-09 01:18:24,813 1 INFO lab_client odoo.models: Prepare computation of res.partner.commercial_partner_id 
2026-09-09 01:18:24,814 1 INFO lab_client odoo.models: Prepare computation of res.partner.complete_name 
2026-09-09 01:18:24,814 1 INFO lab_client odoo.models: Prepare computation of res.partner.lang 
2026-09-09 01:18:24,814 1 INFO lab_client odoo.models: Prepare computation of res.partner.company_registry 
2026-09-09 01:18:24,814 1 INFO lab_client odoo.models: Prepare computation of res.partner.commercial_company_name 
2026-09-09 01:18:24,814 1 INFO lab_client odoo.models: Prepare computation of res.partner.properties 
2026-09-09 01:18:24,814 1 INFO lab_client odoo.models: Prepare computation of res.partner.partner_share 
2026-09-09 01:18:24,828 1 INFO lab_client odoo.models: Prepare computation of res.currency.decimal_places 
2026-09-09 01:18:24,844 1 INFO lab_client odoo.models: Prepare computation of res.company.uses_default_logo 
2026-09-09 01:18:24,844 1 INFO lab_client odoo.models: Prepare computation of res.company.logo_web 
2026-09-09 01:18:24,846 1 INFO lab_client odoo.models: Computing parent_path for table res_company... 
2026-09-09 01:18:24,865 1 INFO lab_client odoo.models: Prepare computation of res.users.signature 
2026-09-09 01:18:24,865 1 INFO lab_client odoo.models: Prepare computation of res.users.share 
2026-09-09 01:18:25,807 1 INFO lab_client odoo.modules.loading: loading base/data/res_bank.xml 
2026-09-09 01:18:25,811 1 INFO lab_client odoo.modules.loading: loading base/data/res.lang.csv 
2026-09-09 01:18:25,854 1 INFO lab_client odoo.modules.loading: loading base/data/res_lang_data.xml 
2026-09-09 01:18:25,892 1 INFO lab_client odoo.modules.loading: loading base/data/res_partner_data.xml 
2026-09-09 01:18:25,935 1 INFO lab_client odoo.modules.loading: loading base/data/res_currency_data.xml 
2026-09-09 01:18:26,309 1 INFO lab_client odoo.modules.loading: loading base/data/res_company_data.xml 
2026-09-09 01:18:26,315 1 INFO lab_client odoo.modules.loading: loading base/data/res_users_data.xml 
2026-09-09 01:18:27,060 1 INFO lab_client odoo.modules.loading: loading base/data/report_paperformat_data.xml 
2026-09-09 01:18:27,067 1 INFO lab_client odoo.modules.loading: loading base/data/res_country_data.xml 
2026-09-09 01:18:27,556 1 INFO lab_client odoo.modules.loading: loading base/data/ir_demo_data.xml 
2026-09-09 01:18:27,569 1 INFO lab_client odoo.modules.loading: loading base/security/base_groups.xml 
2026-09-09 01:18:27,737 1 INFO lab_client odoo.modules.loading: loading base/security/base_security.xml 
2026-09-09 01:18:27,923 1 INFO lab_client odoo.modules.loading: loading base/wizard/wizard_ir_model_menu_create_views.xml 
2026-09-09 01:18:27,934 1 INFO lab_client odoo.modules.loading: loading base/views/base_menus.xml 
2026-09-09 01:18:27,980 1 INFO lab_client odoo.modules.loading: loading base/views/decimal_precision_views.xml 
2026-09-09 01:18:27,996 1 INFO lab_client odoo.modules.loading: loading base/views/res_config_views.xml 
2026-09-09 01:18:28,002 1 INFO lab_client odoo.modules.loading: loading base/data/res.country.state.csv 
2026-09-09 01:18:28,203 1 INFO lab_client odoo.modules.loading: loading base/views/ir_actions_views.xml 
2026-09-09 01:18:28,304 1 INFO lab_client odoo.modules.loading: loading base/views/ir_asset_views.xml 
2026-09-09 01:18:28,317 1 INFO lab_client odoo.modules.loading: loading base/views/ir_config_parameter_views.xml 
2026-09-09 01:18:28,334 1 INFO lab_client odoo.modules.loading: loading base/views/ir_cron_views.xml 
2026-09-09 01:18:28,356 1 INFO lab_client odoo.modules.loading: loading base/views/ir_cron_trigger_views.xml 
2026-09-09 01:18:28,365 1 INFO lab_client odoo.modules.loading: loading base/views/ir_filters_views.xml 
2026-09-09 01:18:28,385 1 INFO lab_client odoo.modules.loading: loading base/views/ir_mail_server_views.xml 
2026-09-09 01:18:28,400 1 INFO lab_client odoo.modules.loading: loading base/views/ir_model_views.xml 
2026-09-09 01:18:28,510 1 INFO lab_client odoo.modules.loading: loading base/views/ir_attachment_views.xml 
2026-09-09 01:18:28,532 1 INFO lab_client odoo.modules.loading: loading base/views/ir_rule_views.xml 
2026-09-09 01:18:28,551 1 INFO lab_client odoo.modules.loading: loading base/views/ir_sequence_views.xml 
2026-09-09 01:18:28,571 1 INFO lab_client odoo.modules.loading: loading base/views/ir_ui_menu_views.xml 
2026-09-09 01:18:28,591 1 INFO lab_client odoo.modules.loading: loading base/views/ir_ui_view_views.xml 
2026-09-09 01:18:28,642 1 INFO lab_client odoo.modules.loading: loading base/views/ir_default_views.xml 
2026-09-09 01:18:28,661 1 INFO lab_client odoo.modules.loading: loading base/data/ir_config_parameter_data.xml 
2026-09-09 01:18:28,664 1 INFO lab_client odoo.modules.loading: loading base/data/ir_cron_data.xml 
2026-09-09 01:18:28,677 1 INFO lab_client odoo.modules.loading: loading base/report/ir_model_report.xml 
2026-09-09 01:18:28,681 1 INFO lab_client odoo.modules.loading: loading base/report/ir_model_templates.xml 
2026-09-09 01:18:28,690 1 INFO lab_client odoo.modules.loading: loading base/views/ir_logging_views.xml 
2026-09-09 01:18:28,709 1 INFO lab_client odoo.modules.loading: loading base/views/ir_qweb_widget_templates.xml 
2026-09-09 01:18:28,722 1 INFO lab_client odoo.modules.loading: loading base/views/ir_module_views.xml 
2026-09-09 01:18:28,775 1 INFO lab_client odoo.modules.loading: loading base/data/ir_module_category_data.xml 
2026-09-09 01:18:28,806 1 INFO lab_client odoo.modules.loading: loading base/data/ir_module_module.xml 
2026-09-09 01:18:28,831 1 INFO lab_client odoo.modules.loading: loading base/report/ir_module_reports.xml 
2026-09-09 01:18:28,834 1 INFO lab_client odoo.modules.loading: loading base/report/ir_module_report_templates.xml 
2026-09-09 01:18:28,840 1 INFO lab_client odoo.modules.loading: loading base/wizard/base_module_update_views.xml 
2026-09-09 01:18:28,852 1 INFO lab_client odoo.modules.loading: loading base/wizard/base_language_install_views.xml 
2026-09-09 01:18:28,866 1 INFO lab_client odoo.modules.loading: loading base/wizard/base_import_language_views.xml 
2026-09-09 01:18:28,877 1 INFO lab_client odoo.modules.loading: loading base/wizard/base_module_upgrade_views.xml 
2026-09-09 01:18:28,896 1 INFO lab_client odoo.modules.loading: loading base/wizard/base_module_uninstall_views.xml 
2026-09-09 01:18:28,906 1 INFO lab_client odoo.modules.loading: loading base/wizard/base_export_language_views.xml 
2026-09-09 01:18:28,921 1 INFO lab_client odoo.modules.loading: loading base/wizard/base_partner_merge_views.xml 
2026-09-09 01:18:28,937 1 INFO lab_client odoo.modules.loading: loading base/data/ir_demo_failure_data.xml 
2026-09-09 01:18:28,952 1 INFO lab_client odoo.modules.loading: loading base/views/ir_profile_views.xml 
2026-09-09 01:18:28,972 1 INFO lab_client odoo.modules.loading: loading base/views/res_company_views.xml 
2026-09-09 01:18:28,999 1 INFO lab_client odoo.modules.loading: loading base/views/res_lang_views.xml 
2026-09-09 01:18:29,019 1 INFO lab_client odoo.modules.loading: loading base/views/res_partner_views.xml 
2026-09-09 01:18:29,103 1 INFO lab_client odoo.modules.loading: loading base/views/res_bank_views.xml 
2026-09-09 01:18:29,132 1 INFO lab_client odoo.modules.loading: loading base/views/res_country_views.xml 
2026-09-09 01:18:29,171 1 INFO lab_client odoo.modules.loading: loading base/views/res_currency_views.xml 
2026-09-09 01:18:29,204 1 INFO lab_client odoo.modules.loading: loading base/views/res_groups_views.xml 
2026-09-09 01:18:29,244 1 INFO lab_client odoo.modules.loading: loading base/views/res_users_views.xml 
2026-09-09 01:18:29,336 1 INFO lab_client odoo.modules.loading: loading base/views/res_users_apikeys_views.xml 
2026-09-09 01:18:29,341 1 INFO lab_client odoo.modules.loading: loading base/views/res_device_views.xml 
2026-09-09 01:18:29,363 1 INFO lab_client odoo.modules.loading: loading base/views/res_users_identitycheck_views.xml 
2026-09-09 01:18:29,368 1 INFO lab_client odoo.modules.loading: loading base/views/res_config_settings_views.xml 
2026-09-09 01:18:29,373 1 INFO lab_client odoo.modules.loading: loading base/views/report_paperformat_views.xml 
2026-09-09 01:18:29,391 1 INFO lab_client odoo.modules.loading: loading base/security/ir.model.access.csv 
2026-09-09 01:18:29,498 1 INFO lab_client odoo.modules.loading: Module base loaded in 4.95s, 8374 queries (+8374 other) 
2026-09-09 01:18:29,498 1 INFO lab_client odoo.modules.loading: 1 modules loaded in 4.95s, 8374 queries (+8374 extra) 
2026-09-09 01:18:29,500 1 INFO lab_client odoo.modules.loading: updating modules list 
2026-09-09 01:18:29,501 1 INFO lab_client odoo.addons.base.models.ir_module: ALLOW access to module.update_list on [] to user __system__ #1 via n/a 
2026-09-09 01:18:30,847 1 INFO lab_client odoo.addons.base.models.ir_module: ALLOW access to module.button_install on ['Entrepôt Silex — recalcul des demandes en cours'] to user __system__ #1 via n/a 
2026-09-09 01:18:30,915 1 INFO lab_client odoo.modules.loading: loading 21 modules... 
2026-09-09 01:18:30,915 1 INFO lab_client odoo.modules.loading: Loading module lab_dispatch (2/21) 
2026-09-09 01:18:30,922 1 INFO lab_client odoo.registry: module lab_dispatch: creating or updating database tables 
2026-09-09 01:18:30,962 1 INFO lab_client odoo.modules.loading: loading lab_dispatch/security/ir.model.access.csv 
2026-09-09 01:18:30,973 1 INFO lab_client odoo.modules.loading: Module lab_dispatch loaded in 0.06s, 71 queries (+71 other) 
2026-09-09 01:18:30,973 1 INFO lab_client odoo.modules.loading: Loading module rpc (3/21) 
2026-09-09 01:18:30,988 1 INFO lab_client odoo.modules.loading: Module rpc loaded in 0.01s, 10 queries (+10 other) 
2026-09-09 01:18:30,988 1 INFO lab_client odoo.modules.loading: Loading module web (4/21) 
2026-09-09 01:18:31,021 1 INFO lab_client odoo.registry: module web: creating or updating database tables 
2026-09-09 01:18:31,310 1 INFO lab_client odoo.modules.loading: loading web/security/ir.model.access.csv 
2026-09-09 01:18:31,314 1 INFO lab_client odoo.modules.loading: loading web/security/web_security.xml 
2026-09-09 01:18:31,322 1 INFO lab_client odoo.modules.loading: loading web/views/webclient_templates.xml 
2026-09-09 01:18:31,355 1 INFO lab_client odoo.modules.loading: loading web/views/report_templates.xml 
2026-09-09 01:18:31,411 1 INFO lab_client odoo.modules.loading: loading web/views/base_document_layout_views.xml 
2026-09-09 01:18:31,426 1 INFO lab_client odoo.modules.loading: loading web/views/partner_view.xml 
2026-09-09 01:18:31,433 1 INFO lab_client odoo.modules.loading: loading web/views/speedscope_template.xml 
2026-09-09 01:18:31,437 1 INFO lab_client odoo.modules.loading: loading web/views/memory_template.xml 
2026-09-09 01:18:31,443 1 INFO lab_client odoo.modules.loading: loading web/views/speedscope_config_wizard.xml 
2026-09-09 01:18:31,450 1 INFO lab_client odoo.modules.loading: loading web/views/neutralize_views.xml 
2026-09-09 01:18:31,455 1 INFO lab_client odoo.modules.loading: loading web/views/ir_ui_view_views.xml 
2026-09-09 01:18:31,460 1 INFO lab_client odoo.modules.loading: loading web/data/ir_attachment.xml 
2026-09-09 01:18:31,464 1 INFO lab_client odoo.modules.loading: loading web/data/report_layout.xml 
2026-09-09 01:18:31,504 1 INFO lab_client odoo.modules.loading: Module web loaded in 0.52s, 1242 queries (+1242 other) 
2026-09-09 01:18:31,504 1 INFO lab_client odoo.modules.loading: Loading module api_doc (5/21) 
2026-09-09 01:18:31,508 1 INFO lab_client odoo.registry: module api_doc: creating or updating database tables 
2026-09-09 01:18:31,517 1 INFO lab_client odoo.modules.loading: loading api_doc/security/res_groups.xml 
2026-09-09 01:18:31,529 1 INFO lab_client odoo.modules.loading: loading api_doc/views/docclient.xml 
2026-09-09 01:18:31,540 1 INFO lab_client odoo.modules.loading: Module api_doc loaded in 0.04s, 63 queries (+63 other) 
2026-09-09 01:18:31,540 1 INFO lab_client odoo.modules.loading: Loading module auth_totp (6/21) 
2026-09-09 01:18:31,555 1 INFO lab_client odoo.registry: module auth_totp: creating or updating database tables 
2026-09-09 01:18:31,593 1 INFO lab_client odoo.modules.loading: loading auth_totp/security/security.xml 
2026-09-09 01:18:31,607 1 INFO lab_client odoo.modules.loading: loading auth_totp/security/ir.model.access.csv 
2026-09-09 01:18:31,611 1 INFO lab_client odoo.modules.loading: loading auth_totp/data/ir_action_data.xml 
2026-09-09 01:18:31,615 1 INFO lab_client odoo.modules.loading: loading auth_totp/views/res_users_views.xml 
2026-09-09 01:18:31,634 1 INFO lab_client odoo.modules.loading: loading auth_totp/views/templates.xml 
2026-09-09 01:18:31,640 1 INFO lab_client odoo.modules.loading: loading auth_totp/wizard/auth_totp_wizard_views.xml 
2026-09-09 01:18:31,651 1 INFO lab_client odoo.modules.loading: Module auth_totp loaded in 0.11s, 218 queries (+218 other) 
2026-09-09 01:18:31,652 1 INFO lab_client odoo.modules.loading: Loading module base_import (7/21) 
2026-09-09 01:18:31,673 1 INFO lab_client odoo.registry: module base_import: creating or updating database tables 
2026-09-09 01:18:31,958 1 INFO lab_client odoo.modules.loading: loading base_import/security/ir.model.access.csv 
2026-09-09 01:18:31,970 1 INFO lab_client odoo.modules.loading: Module base_import loaded in 0.32s, 966 queries (+966 other) 
2026-09-09 01:18:31,970 1 INFO lab_client odoo.modules.loading: Loading module base_import_module (8/21) 
2026-09-09 01:18:31,977 1 INFO lab_client odoo.registry: module base_import_module: creating or updating database tables 
2026-09-09 01:18:32,017 1 INFO lab_client odoo.modules.loading: loading base_import_module/security/ir.model.access.csv 
2026-09-09 01:18:32,023 1 INFO lab_client odoo.modules.loading: loading base_import_module/views/base_import_module_view.xml 
2026-09-09 01:18:32,039 1 INFO lab_client odoo.modules.loading: loading base_import_module/views/ir_module_views.xml 
2026-09-09 01:18:32,080 1 INFO lab_client odoo.modules.loading: Module base_import_module loaded in 0.11s, 172 queries (+172 other) 
2026-09-09 01:18:32,080 1 INFO lab_client odoo.modules.loading: Loading module base_setup (9/21) 
2026-09-09 01:18:32,088 1 INFO lab_client odoo.registry: module base_setup: creating or updating database tables 
2026-09-09 01:18:32,127 1 INFO lab_client odoo.modules.loading: loading base_setup/data/base_setup_data.xml 
2026-09-09 01:18:32,130 1 INFO lab_client odoo.modules.loading: loading base_setup/views/res_config_settings_views.xml 
2026-09-09 01:18:32,159 1 INFO lab_client odoo.modules.loading: loading base_setup/views/res_partner_views.xml 
2026-09-09 01:18:32,177 1 INFO lab_client odoo.modules.loading: Module base_setup loaded in 0.10s, 152 queries (+152 other) 
2026-09-09 01:18:32,177 1 INFO lab_client odoo.modules.loading: Loading module bus (10/21) 
2026-09-09 01:18:32,190 1 INFO lab_client odoo.registry: module bus: creating or updating database tables 
2026-09-09 01:18:32,245 1 INFO lab_client odoo.modules.loading: loading bus/security/ir.model.access.csv 
2026-09-09 01:18:32,255 1 INFO lab_client odoo.modules.loading: Module bus loaded in 0.08s, 159 queries (+159 other) 
2026-09-09 01:18:32,255 1 INFO lab_client odoo.modules.loading: Loading module web_cohort (11/21) 
2026-09-09 01:18:32,296 1 INFO lab_client odoo.registry: module web_cohort: creating or updating database tables 
2026-09-09 01:18:32,686 1 INFO lab_client odoo.modules.loading: Module web_cohort loaded in 0.43s, 952 queries (+952 other) 
2026-09-09 01:18:32,686 1 INFO lab_client odoo.modules.loading: Loading module web_gantt (12/21) 
2026-09-09 01:18:32,725 1 INFO lab_client odoo.registry: module web_gantt: creating or updating database tables 
2026-09-09 01:18:32,991 1 INFO lab_client odoo.modules.loading: Module web_gantt loaded in 0.31s, 948 queries (+948 other) 
2026-09-09 01:18:32,991 1 INFO lab_client odoo.modules.loading: Loading module web_grid (13/21) 
2026-09-09 01:18:33,014 1 INFO lab_client odoo.registry: module web_grid: creating or updating database tables 
2026-09-09 01:18:33,290 1 INFO lab_client odoo.modules.loading: Module web_grid loaded in 0.30s, 948 queries (+948 other) 
2026-09-09 01:18:33,290 1 INFO lab_client odoo.modules.loading: Loading module web_tour (14/21) 
2026-09-09 01:18:33,297 1 INFO lab_client odoo.registry: module web_tour: creating or updating database tables 
2026-09-09 01:18:33,302 1 INFO lab_client odoo.models: Prepare computation of res.users.tour_enabled 
2026-09-09 01:18:33,348 1 INFO lab_client odoo.modules.loading: loading web_tour/security/ir.model.access.csv 
2026-09-09 01:18:33,352 1 INFO lab_client odoo.modules.loading: loading web_tour/views/tour_views.xml 
2026-09-09 01:18:33,378 1 INFO lab_client odoo.modules.loading: Module web_tour loaded in 0.09s, 180 queries (+180 other) 
2026-09-09 01:18:33,378 1 INFO lab_client odoo.modules.loading: Loading module auth_passkey (15/21) 
2026-09-09 01:18:33,403 1 INFO lab_client odoo.registry: module auth_passkey: creating or updating database tables 
2026-09-09 01:18:33,443 1 INFO lab_client odoo.modules.loading: loading auth_passkey/views/auth_passkey_key_views.xml 
2026-09-09 01:18:33,463 1 INFO lab_client odoo.modules.loading: loading auth_passkey/views/auth_passkey_login_templates.xml 
2026-09-09 01:18:33,474 1 INFO lab_client odoo.modules.loading: loading auth_passkey/views/res_users_identitycheck_views.xml 
2026-09-09 01:18:33,482 1 INFO lab_client odoo.modules.loading: loading auth_passkey/views/res_users_views.xml 
2026-09-09 01:18:33,499 1 INFO lab_client odoo.modules.loading: loading auth_passkey/security/ir.model.access.csv 
2026-09-09 01:18:33,505 1 INFO lab_client odoo.modules.loading: loading auth_passkey/security/security.xml 
2026-09-09 01:18:33,522 1 INFO lab_client odoo.modules.loading: Module auth_passkey loaded in 0.14s, 218 queries (+218 other) 
2026-09-09 01:18:33,522 1 INFO lab_client odoo.modules.loading: Loading module html_editor (16/21) 
2026-09-09 01:18:33,631 1 INFO lab_client odoo.registry: module html_editor: creating or updating database tables 
2026-09-09 01:18:33,981 1 INFO lab_client odoo.modules.loading: loading html_editor/security/ir.model.access.csv 
2026-09-09 01:18:33,995 1 INFO lab_client odoo.modules.loading: Module html_editor loaded in 0.47s, 1040 queries (+1040 other) 
2026-09-09 01:18:33,996 1 INFO lab_client odoo.modules.loading: Loading module iap (17/21) 
2026-09-09 01:18:33,999 1 INFO lab_client odoo.registry: module iap: creating or updating database tables 
2026-09-09 01:18:34,051 1 INFO lab_client odoo.modules.loading: loading iap/data/services.xml 
2026-09-09 01:18:34,056 1 INFO lab_client odoo.modules.loading: loading iap/security/ir.model.access.csv 
2026-09-09 01:18:34,063 1 INFO lab_client odoo.modules.loading: loading iap/security/ir_rule.xml 
2026-09-09 01:18:34,069 1 INFO lab_client odoo.modules.loading: loading iap/views/iap_views.xml 
2026-09-09 01:18:34,092 1 INFO lab_client odoo.modules.loading: loading iap/views/res_config_settings.xml 
2026-09-09 01:18:34,113 1 INFO lab_client odoo.modules.loading: Module iap loaded in 0.12s, 182 queries (+182 other) 
2026-09-09 01:18:34,113 1 INFO lab_client odoo.modules.loading: Loading module web_enterprise (18/21) 
2026-09-09 01:18:34,118 1 INFO lab_client odoo.registry: module web_enterprise: creating or updating database tables 
2026-09-09 01:18:34,149 1 INFO lab_client odoo.modules.loading: loading web_enterprise/views/webclient_templates.xml 
2026-09-09 01:18:34,161 1 INFO lab_client odoo.modules.loading: loading web_enterprise/views/res_users_views.xml 
2026-09-09 01:18:34,188 1 INFO lab_client odoo.modules.loading: Module web_enterprise loaded in 0.08s, 113 queries (+113 other) 
2026-09-09 01:18:34,188 1 INFO lab_client odoo.modules.loading: Loading module web_map (19/21) 
2026-09-09 01:18:34,231 1 INFO lab_client odoo.registry: module web_map: creating or updating database tables 
2026-09-09 01:18:34,243 1 INFO lab_client odoo.models: Prepare computation of res.partner.contact_address_complete 
2026-09-09 01:18:34,597 1 INFO lab_client odoo.modules.loading: loading web_map/views/res_config_settings.xml 
2026-09-09 01:18:34,613 1 INFO lab_client odoo.modules.loading: loading web_map/views/res_partner_views.xml 
2026-09-09 01:18:34,634 1 INFO lab_client odoo.modules.loading: Module web_map loaded in 0.45s, 1069 queries (+1069 other) 
2026-09-09 01:18:34,634 1 INFO lab_client odoo.modules.loading: Loading module web_mobile (20/21) 
2026-09-09 01:18:34,642 1 INFO lab_client odoo.registry: module web_mobile: creating or updating database tables 
2026-09-09 01:18:34,685 1 INFO lab_client odoo.modules.loading: loading web_mobile/views/views.xml 
2026-09-09 01:18:34,706 1 INFO lab_client odoo.modules.loading: Module web_mobile loaded in 0.07s, 83 queries (+83 other) 
2026-09-09 01:18:34,706 1 INFO lab_client odoo.modules.loading: Loading module web_unsplash (21/21) 
2026-09-09 01:18:34,715 1 INFO lab_client odoo.registry: module web_unsplash: creating or updating database tables 
2026-09-09 01:18:34,747 1 INFO lab_client odoo.modules.loading: loading web_unsplash/views/res_config_settings_view.xml 
2026-09-09 01:18:34,774 1 INFO lab_client odoo.modules.loading: Module web_unsplash loaded in 0.07s, 93 queries (+93 other) 
2026-09-09 01:18:34,774 1 INFO lab_client odoo.modules.loading: 21 modules loaded in 3.86s, 8879 queries (+8879 extra) 
2026-09-09 01:18:34,990 1 INFO lab_client odoo.modules.loading: Modules loaded. 
2026-09-09 01:18:34,994 1 INFO lab_client odoo.registry: Registry changed, signaling through the database 
2026-09-09 01:18:34,995 1 INFO lab_client odoo.registry: Registry loaded in 12.482s 
2026-09-09 01:18:34,995 1 INFO lab_client odoo.service.server: Initiating shutdown 
2026-09-09 01:18:34,995 1 INFO lab_client odoo.service.server: Hit CTRL-C again or send a second signal to force the shutdown. 
2026-09-09 01:18:34,995 1 INFO lab_client odoo.sql_db: ConnectionPool(read/write;used=0/count=0/max=64): Closed 1 connections  
