2026-09-08 20:17:12,969 1 WARNING ? odoo.tools.config: option addons_path, invalid addons directory '/mnt/extra-addons', skipped 
2026-09-08 20:17:12,969 1 WARNING ? odoo.tools.config: option --without-demo: since 19.0, invalid boolean value: 'all', assume True 
2026-09-08 20:17:12,969 1 WARNING ? odoo.tools.config: option addons_path, invalid addons directory '/mnt/extra-addons', skipped 
2026-09-08 20:17:12,969 1 INFO ? odoo: Odoo version 19.0-20260817 
2026-09-08 20:17:12,969 1 INFO ? odoo: Using configuration file at /etc/odoo/odoo.conf 
2026-09-08 20:17:12,969 1 INFO ? odoo: addons paths: _NamespacePath(['/usr/lib/python3/dist-packages/odoo/addons', '/tmp/odoo/addons/19.0', '/mnt/quality', '/mnt/enterprise', '/usr/lib/python3/dist-packages/addons']) 
2026-09-08 20:17:12,969 1 INFO ? odoo: database: odoo@quality-lab-9fee1af059-db:default 
2026-09-08 20:17:13,143 1 INFO ? odoo.service.server: HTTP service (werkzeug) running on 7d4dd4032e8b:8069 
2026-09-08 20:17:13,154 1 INFO lab_trial_1 odoo.tests.common: Importing test framework 
2026-09-08 20:17:13,175 1 INFO lab_trial_1 odoo.modules.loading: loading 1 modules... 
2026-09-08 20:17:13,177 1 INFO lab_trial_1 odoo.modules.loading: 1 modules loaded in 0.00s, 0 queries (+0 extra) 
2026-09-08 20:17:13,192 1 INFO lab_trial_1 odoo.modules.loading: updating modules list 
2026-09-08 20:17:13,193 1 INFO lab_trial_1 odoo.addons.base.models.ir_module: ALLOW access to module.update_list on [] to user __system__ #1 via n/a 
2026-09-08 20:17:14,249 1 WARNING lab_trial_1 odoo.modules.module: Missing `author` key in manifest for 'quality_case', defaulting to '' 
2026-09-08 20:17:14,249 1 WARNING lab_trial_1 odoo.modules.module: Missing `author` key in manifest for 'quality_case', defaulting to '' 
2026-09-08 20:17:14,256 1 WARNING lab_trial_1 odoo.modules.module: Missing `author` key in manifest for 'quality_oracle', defaulting to '' 
2026-09-08 20:17:14,256 1 WARNING lab_trial_1 odoo.modules.module: Missing `author` key in manifest for 'quality_oracle', defaulting to '' 
2026-09-08 20:17:14,557 1 INFO lab_trial_1 odoo.addons.base.models.ir_module: ALLOW access to module.button_install on ['Quality Lab Independent Business Oracle'] to user __system__ #1 via n/a 
2026-09-08 20:17:14,619 1 INFO lab_trial_1 odoo.modules.loading: loading 49 modules... 
2026-09-08 20:17:14,891 1 INFO lab_trial_1 odoo.modules.loading: Loading module quality_case (48/49) 
2026-09-08 20:17:14,945 1 INFO lab_trial_1 odoo.registry: module quality_case: creating or updating database tables 
2026-09-08 20:17:14,982 1 INFO lab_trial_1 odoo.modules.loading: loading quality_case/security/groups.xml 
2026-09-08 20:17:14,992 1 INFO lab_trial_1 odoo.modules.loading: loading quality_case/security/ir.model.access.csv 
2026-09-08 20:17:15,003 1 INFO lab_trial_1 odoo.modules.loading: Module quality_case loaded in 0.11s, 69 queries (+69 other) 
2026-09-08 20:17:15,003 1 INFO lab_trial_1 odoo.modules.loading: Loading module quality_oracle (49/49) 
2026-09-08 20:17:15,022 1 INFO lab_trial_1 odoo.modules.loading: Module quality_oracle loaded in 0.02s, 10 queries (+10 other) 
2026-09-08 20:17:15,022 1 INFO lab_trial_1 odoo.modules.loading: 49 modules loaded in 0.40s, 79 queries (+79 extra) 
2026-09-08 20:17:15,208 1 INFO lab_trial_1 odoo.modules.loading: Modules loaded. 
2026-09-08 20:17:15,215 1 INFO lab_trial_1 odoo.registry: Registry changed, signaling through the database 
2026-09-08 20:17:15,215 1 INFO lab_trial_1 odoo.registry: Registry loaded in 2.072s 
2026-09-08 20:17:15,216 1 INFO lab_trial_1 odoo.service.server: Starting post tests 
2026-09-08 20:17:15,383 1 INFO lab_trial_1 odoo.addons.auth_signup.models.res_users: Signup email sent for user <lab_worker> to <l.l@example.com> 
2026-09-08 20:17:15,437 1 INFO lab_trial_1 odoo.addons.auth_signup.models.res_users: Signup email sent for user <lab_manager> to <l.l@example.com> 
2026-09-08 20:17:15,492 1 INFO lab_trial_1 odoo.addons.auth_signup.models.res_users: Signup email sent for user <lab_south> to <l.l@example.com> 
2026-09-08 20:17:15,494 1 INFO lab_trial_1 odoo.addons.quality_oracle.tests.test_delivery: Starting TestDeliveryContract.test_approval_revalidation_and_increase ... 
2026-09-08 20:17:15,505 1 INFO lab_trial_1 odoo.addons.quality_oracle.tests.test_delivery: Starting TestDeliveryContract.test_changed_customer_policy_invalidates_approval ... 
2026-09-08 20:17:15,518 1 INFO lab_trial_1 odoo.addons.quality_oracle.tests.test_delivery: Starting TestDeliveryContract.test_context_defaults_cannot_forge_approval_or_state ... 
2026-09-08 20:17:15,520 1 INFO lab_trial_1 odoo.addons.quality_oracle.tests.test_delivery: Starting TestDeliveryContract.test_no_forged_approval_or_state ... 
2026-09-08 20:17:15,533 1 INFO lab_trial_1 odoo.addons.quality_oracle.tests.test_delivery: Starting TestDeliveryContract.test_no_self_approval_even_as_manager ... 
2026-09-08 20:17:15,548 1 INFO lab_trial_1 odoo.addons.quality_oracle.tests.test_delivery: Starting TestDeliveryContract.test_other_company_denied_on_direct_access ... 
2026-09-08 20:17:15,562 1 INFO lab_trial_1 odoo.addons.base.models.ir_rule: Access Denied by record rules for operation: read on record ids: [5], uid: 7, model: quality_case.delivery 
2026-09-08 20:17:15,571 1 INFO lab_trial_1 odoo.addons.base.models.ir_rule: Access Denied by record rules for operation: write on record ids: [5], uid: 7, model: quality_case.delivery 
2026-09-08 20:17:15,576 1 INFO lab_trial_1 odoo.addons.base.models.ir_rule: Access Denied by record rules for operation: write on record ids: [5], uid: 7, model: quality_case.delivery 
2026-09-08 20:17:15,585 1 INFO lab_trial_1 odoo.addons.quality_oracle.tests.test_delivery: Starting TestDeliveryContract.test_threshold_and_full_delivery ... 
2026-09-08 20:17:15,594 1 INFO lab_trial_1 odoo.addons.quality_oracle.tests.test_delivery: ====================================================================== 
2026-09-08 20:17:15,594 1 ERROR lab_trial_1 odoo.addons.quality_oracle.tests.test_delivery: ERROR: Subtest TestDeliveryContract.test_threshold_and_full_delivery (qty=48, partial=True)
Traceback (most recent call last):
  File "/mnt/quality/quality_oracle/tests/test_delivery.py", line 31, in test_threshold_and_full_delivery
    record.action_ship()
  File "/mnt/quality/quality_case/models/delivery.py", line 63, in action_ship
    raise ValidationError('Delivery is not authorized by the current business rule.')
odoo.exceptions.ValidationError: Delivery is not authorized by the current business rule.
 
2026-09-08 20:17:15,600 1 INFO lab_trial_1 odoo.addons.quality_oracle.tests.test_delivery: Starting TestDeliveryContract.test_unchanged_policy_keeps_approval ... 
2026-09-08 20:17:15,607 1 INFO lab_trial_1 odoo.addons.base.models.ir_attachment: filestore gc 6 checked, 3 removed 
2026-09-08 20:17:15,607 1 INFO lab_trial_1 odoo.addons.quality_oracle.tests.test_pack: Starting TestPackContract.test_failed_import_does_not_leave_xmlid_or_row ... 
2026-09-08 20:17:15,624 1 INFO lab_trial_1 odoo.addons.quality_oracle.tests.test_pack: Starting TestPackContract.test_import_has_identity_and_second_apply_is_unchanged ... 
2026-09-08 20:17:15,656 1 INFO lab_trial_1 odoo.addons.quality_oracle.tests.test_pack: Starting TestPackContract.test_new_model_field_and_record_dependency_order ... 
2026-09-08 20:17:15,675 1 INFO lab_trial_1 odoo.registry: module studio_customization: creating or updating database tables 
2026-09-08 20:17:15,706 1 INFO lab_trial_1 odoo.registry: module studio_customization: creating or updating database tables 
2026-09-08 20:17:15,728 1 INFO lab_trial_1 odoo.registry: module studio_customization: creating or updating database tables 
2026-09-08 20:17:15,752 1 INFO lab_trial_1 odoo.addons.quality_oracle.tests.test_pack: Starting TestPackContract.test_unknown_field_rejected_before_any_creation ... 
2026-09-08 20:17:15,793 1 INFO lab_trial_1 odoo.addons.base.models.ir_attachment: filestore gc 0 checked, 0 removed 
2026-09-08 20:17:15,793 1 INFO lab_trial_1 odoo.service.server: 12 post-tests in 0.58s, 1028 queries 
2026-09-08 20:17:15,793 1 INFO lab_trial_1 odoo.tests.stats: quality_oracle: 16 tests 0.58s 1028 queries 
2026-09-08 20:17:15,793 1 ERROR lab_trial_1 odoo.tests.result: 0 failed, 1 error(s) of 12 tests when loading database 'lab_trial_1' 
2026-09-08 20:17:15,793 1 INFO lab_trial_1 odoo.service.server: Initiating shutdown 
2026-09-08 20:17:15,793 1 INFO lab_trial_1 odoo.service.server: Hit CTRL-C again or send a second signal to force the shutdown. 
2026-09-08 20:17:16,157 1 INFO lab_trial_1 odoo.sql_db: ConnectionPool(read/write;used=0/count=0/max=64): Closed 1 connections  
  + res.partner studio_customization.quality_contact
1 / 0 / 0 créés / modifiés / inchangés sur synthetic ORM oracle
0 / 0 / 1 créés / modifiés / inchangés sur synthetic ORM oracle
  + ir.model studio_customization.dynamic_model
  + ir.model.fields studio_customization.dynamic_field
  + ir.model.fields studio_customization.dynamic_name
  + x_quality_dynamic studio_customization.dynamic_row
4 / 0 / 0 à créer / à modifier / inchangés sur synthetic ORM oracle
  + ir.model studio_customization.dynamic_model
  + ir.model.fields studio_customization.dynamic_field
  + ir.model.fields studio_customization.dynamic_name
  + x_quality_dynamic studio_customization.dynamic_row
4 / 0 / 0 créés / modifiés / inchangés sur synthetic ORM oracle
0 / 0 / 4 créés / modifiés / inchangés sur synthetic ORM oracle
