2026-09-08 20:17:16,932 1 WARNING ? odoo.tools.config: option addons_path, invalid addons directory '/mnt/extra-addons', skipped 
2026-09-08 20:17:16,932 1 WARNING ? odoo.tools.config: option --without-demo: since 19.0, invalid boolean value: 'all', assume True 
2026-09-08 20:17:16,932 1 WARNING ? odoo.tools.config: option addons_path, invalid addons directory '/mnt/extra-addons', skipped 
2026-09-08 20:17:16,932 1 INFO ? odoo: Odoo version 19.0-20260817 
2026-09-08 20:17:16,933 1 INFO ? odoo: Using configuration file at /etc/odoo/odoo.conf 
2026-09-08 20:17:16,933 1 INFO ? odoo: addons paths: _NamespacePath(['/usr/lib/python3/dist-packages/odoo/addons', '/tmp/odoo/addons/19.0', '/mnt/quality', '/mnt/enterprise', '/usr/lib/python3/dist-packages/addons']) 
2026-09-08 20:17:16,933 1 INFO ? odoo: database: odoo@quality-lab-9fee1af059-db:default 
2026-09-08 20:17:17,105 1 INFO ? odoo.service.server: HTTP service (werkzeug) running on 323b3460027f:8069 
2026-09-08 20:17:17,125 1 INFO lab_trial_2 odoo.tests.common: Importing test framework 
2026-09-08 20:17:17,311 1 INFO lab_trial_2 odoo.modules.loading: loading 1 modules... 
2026-09-08 20:17:17,313 1 INFO lab_trial_2 odoo.modules.loading: 1 modules loaded in 0.00s, 0 queries (+0 extra) 
2026-09-08 20:17:17,328 1 INFO lab_trial_2 odoo.modules.loading: updating modules list 
2026-09-08 20:17:17,329 1 INFO lab_trial_2 odoo.addons.base.models.ir_module: ALLOW access to module.update_list on [] to user __system__ #1 via n/a 
2026-09-08 20:17:18,525 1 WARNING lab_trial_2 odoo.modules.module: Missing `author` key in manifest for 'quality_case', defaulting to '' 
2026-09-08 20:17:18,525 1 WARNING lab_trial_2 odoo.modules.module: Missing `author` key in manifest for 'quality_case', defaulting to '' 
2026-09-08 20:17:18,545 1 WARNING lab_trial_2 odoo.modules.module: Missing `author` key in manifest for 'quality_oracle', defaulting to '' 
2026-09-08 20:17:18,545 1 WARNING lab_trial_2 odoo.modules.module: Missing `author` key in manifest for 'quality_oracle', defaulting to '' 
2026-09-08 20:17:18,828 1 INFO lab_trial_2 odoo.addons.base.models.ir_module: ALLOW access to module.button_install on ['Quality Lab Independent Business Oracle'] to user __system__ #1 via n/a 
2026-09-08 20:17:18,879 1 INFO lab_trial_2 odoo.modules.loading: loading 49 modules... 
2026-09-08 20:17:19,158 1 INFO lab_trial_2 odoo.modules.loading: Loading module quality_case (48/49) 
2026-09-08 20:17:19,204 1 INFO lab_trial_2 odoo.registry: module quality_case: creating or updating database tables 
2026-09-08 20:17:19,238 1 INFO lab_trial_2 odoo.modules.loading: loading quality_case/security/groups.xml 
2026-09-08 20:17:19,248 1 INFO lab_trial_2 odoo.modules.loading: loading quality_case/security/ir.model.access.csv 
2026-09-08 20:17:19,257 1 INFO lab_trial_2 odoo.modules.loading: Module quality_case loaded in 0.10s, 69 queries (+69 other) 
2026-09-08 20:17:19,257 1 INFO lab_trial_2 odoo.modules.loading: Loading module quality_oracle (49/49) 
2026-09-08 20:17:19,275 1 INFO lab_trial_2 odoo.modules.loading: Module quality_oracle loaded in 0.02s, 10 queries (+10 other) 
2026-09-08 20:17:19,275 1 INFO lab_trial_2 odoo.modules.loading: 49 modules loaded in 0.40s, 79 queries (+79 extra) 
2026-09-08 20:17:19,497 1 INFO lab_trial_2 odoo.modules.loading: Modules loaded. 
2026-09-08 20:17:19,502 1 INFO lab_trial_2 odoo.registry: Registry changed, signaling through the database 
2026-09-08 20:17:19,503 1 INFO lab_trial_2 odoo.registry: Registry loaded in 2.397s 
2026-09-08 20:17:19,503 1 INFO lab_trial_2 odoo.service.server: Starting post tests 
2026-09-08 20:17:19,677 1 INFO lab_trial_2 odoo.addons.auth_signup.models.res_users: Signup email sent for user <lab_worker> to <l.l@example.com> 
2026-09-08 20:17:19,744 1 INFO lab_trial_2 odoo.addons.auth_signup.models.res_users: Signup email sent for user <lab_manager> to <l.l@example.com> 
2026-09-08 20:17:19,836 1 INFO lab_trial_2 odoo.addons.auth_signup.models.res_users: Signup email sent for user <lab_south> to <l.l@example.com> 
2026-09-08 20:17:19,840 1 INFO lab_trial_2 odoo.addons.quality_oracle.tests.test_delivery: Starting TestDeliveryContract.test_approval_revalidation_and_increase ... 
2026-09-08 20:17:19,852 1 INFO lab_trial_2 odoo.addons.quality_oracle.tests.test_delivery: Starting TestDeliveryContract.test_changed_customer_policy_invalidates_approval ... 
2026-09-08 20:17:19,866 1 INFO lab_trial_2 odoo.addons.quality_oracle.tests.test_delivery: Starting TestDeliveryContract.test_context_defaults_cannot_forge_approval_or_state ... 
2026-09-08 20:17:19,867 1 INFO lab_trial_2 odoo.addons.quality_oracle.tests.test_delivery: Starting TestDeliveryContract.test_no_forged_approval_or_state ... 
2026-09-08 20:17:19,878 1 INFO lab_trial_2 odoo.addons.quality_oracle.tests.test_delivery: Starting TestDeliveryContract.test_no_self_approval_even_as_manager ... 
2026-09-08 20:17:19,891 1 INFO lab_trial_2 odoo.addons.quality_oracle.tests.test_delivery: ====================================================================== 
2026-09-08 20:17:19,891 1 ERROR lab_trial_2 odoo.addons.quality_oracle.tests.test_delivery: FAIL: TestDeliveryContract.test_no_self_approval_even_as_manager
Traceback (most recent call last):
  File "/mnt/quality/quality_oracle/tests/test_delivery.py", line 53, in test_no_self_approval_even_as_manager
    with self.assertRaises(AccessError):
  File "/usr/lib/python3.12/contextlib.py", line 144, in __exit__
    next(self.gen)
  File "/usr/lib/python3/dist-packages/odoo/tests/common.py", line 514, in _assertRaises
    with ExitStack() as inner:
  File "/usr/lib/python3.12/contextlib.py", line 610, in __exit__
    raise exc_details[1]
  File "/usr/lib/python3.12/contextlib.py", line 595, in __exit__
    if cb(*exc_details):
       ^^^^^^^^^^^^^^^^
AssertionError: AccessError not raised
 
2026-09-08 20:17:19,892 1 INFO lab_trial_2 odoo.addons.quality_oracle.tests.test_delivery: Starting TestDeliveryContract.test_other_company_denied_on_direct_access ... 
2026-09-08 20:17:19,899 1 INFO lab_trial_2 odoo.addons.base.models.ir_rule: Access Denied by record rules for operation: read on record ids: [5], uid: 7, model: quality_case.delivery 
2026-09-08 20:17:19,904 1 INFO lab_trial_2 odoo.addons.base.models.ir_rule: Access Denied by record rules for operation: write on record ids: [5], uid: 7, model: quality_case.delivery 
2026-09-08 20:17:19,907 1 INFO lab_trial_2 odoo.addons.base.models.ir_rule: Access Denied by record rules for operation: write on record ids: [5], uid: 7, model: quality_case.delivery 
2026-09-08 20:17:19,911 1 INFO lab_trial_2 odoo.addons.quality_oracle.tests.test_delivery: Starting TestDeliveryContract.test_threshold_and_full_delivery ... 
2026-09-08 20:17:19,923 1 INFO lab_trial_2 odoo.addons.quality_oracle.tests.test_delivery: Starting TestDeliveryContract.test_unchanged_policy_keeps_approval ... 
2026-09-08 20:17:19,935 1 INFO lab_trial_2 odoo.addons.base.models.ir_attachment: filestore gc 6 checked, 3 removed 
2026-09-08 20:17:19,936 1 INFO lab_trial_2 odoo.addons.quality_oracle.tests.test_pack: Starting TestPackContract.test_failed_import_does_not_leave_xmlid_or_row ... 
2026-09-08 20:17:19,957 1 INFO lab_trial_2 odoo.addons.quality_oracle.tests.test_pack: Starting TestPackContract.test_import_has_identity_and_second_apply_is_unchanged ... 
2026-09-08 20:17:19,982 1 INFO lab_trial_2 odoo.addons.quality_oracle.tests.test_pack: Starting TestPackContract.test_new_model_field_and_record_dependency_order ... 
2026-09-08 20:17:19,993 1 INFO lab_trial_2 odoo.registry: module studio_customization: creating or updating database tables 
2026-09-08 20:17:20,035 1 INFO lab_trial_2 odoo.registry: module studio_customization: creating or updating database tables 
2026-09-08 20:17:20,065 1 INFO lab_trial_2 odoo.registry: module studio_customization: creating or updating database tables 
2026-09-08 20:17:20,082 1 INFO lab_trial_2 odoo.addons.quality_oracle.tests.test_pack: Starting TestPackContract.test_unknown_field_rejected_before_any_creation ... 
2026-09-08 20:17:20,117 1 INFO lab_trial_2 odoo.addons.base.models.ir_attachment: filestore gc 0 checked, 0 removed 
2026-09-08 20:17:20,117 1 INFO lab_trial_2 odoo.service.server: 12 post-tests in 0.61s, 1023 queries 
2026-09-08 20:17:20,117 1 INFO lab_trial_2 odoo.tests.stats: quality_oracle: 16 tests 0.61s 1023 queries 
2026-09-08 20:17:20,117 1 ERROR lab_trial_2 odoo.tests.result: 1 failed, 0 error(s) of 12 tests when loading database 'lab_trial_2' 
2026-09-08 20:17:20,117 1 INFO lab_trial_2 odoo.service.server: Initiating shutdown 
2026-09-08 20:17:20,117 1 INFO lab_trial_2 odoo.service.server: Hit CTRL-C again or send a second signal to force the shutdown. 
2026-09-08 20:17:20,128 1 INFO lab_trial_2 odoo.sql_db: ConnectionPool(read/write;used=0/count=0/max=64): Closed 1 connections  
  + res.partner studio_customization.quality_contact
1 / 0 / 0 créés / modifiés / inchangés sur synthetic ORM oracle
0 / 0 / 1 créés / modifiés / inchangés sur synthetic ORM oracle
  + ir.model studio_customization.dynamic_model
  + ir.model.fields studio_customization.dynamic_field
  + ir.model.fields studio_customization.dynamic_name
  + x_quality_dynamic studio_customization.dynamic_row
4 / 0 / 0 à créer / à modifier / inchangés sur synthetic ORM oracle
  + ir.model studio_customization.dynamic_model
  + ir.model.fields studio_customization.dynamic_field
  + ir.model.fields studio_customization.dynamic_name
  + x_quality_dynamic studio_customization.dynamic_row
4 / 0 / 0 créés / modifiés / inchangés sur synthetic ORM oracle
0 / 0 / 4 créés / modifiés / inchangés sur synthetic ORM oracle
