2026-09-08 20:17:20,917 1 WARNING ? odoo.tools.config: option addons_path, invalid addons directory '/mnt/extra-addons', skipped 
2026-09-08 20:17:20,917 1 WARNING ? odoo.tools.config: option --without-demo: since 19.0, invalid boolean value: 'all', assume True 
2026-09-08 20:17:20,917 1 WARNING ? odoo.tools.config: option addons_path, invalid addons directory '/mnt/extra-addons', skipped 
2026-09-08 20:17:20,918 1 INFO ? odoo: Odoo version 19.0-20260817 
2026-09-08 20:17:20,918 1 INFO ? odoo: Using configuration file at /etc/odoo/odoo.conf 
2026-09-08 20:17:20,918 1 INFO ? odoo: addons paths: _NamespacePath(['/usr/lib/python3/dist-packages/odoo/addons', '/tmp/odoo/addons/19.0', '/mnt/quality', '/mnt/enterprise', '/usr/lib/python3/dist-packages/addons']) 
2026-09-08 20:17:20,918 1 INFO ? odoo: database: odoo@quality-lab-9fee1af059-db:default 
2026-09-08 20:17:21,085 1 INFO ? odoo.service.server: HTTP service (werkzeug) running on 5bbb21cb0196:8069 
2026-09-08 20:17:21,097 1 INFO lab_trial_3 odoo.tests.common: Importing test framework 
2026-09-08 20:17:21,117 1 INFO lab_trial_3 odoo.modules.loading: loading 1 modules... 
2026-09-08 20:17:21,119 1 INFO lab_trial_3 odoo.modules.loading: 1 modules loaded in 0.00s, 0 queries (+0 extra) 
2026-09-08 20:17:21,134 1 INFO lab_trial_3 odoo.modules.loading: updating modules list 
2026-09-08 20:17:21,135 1 INFO lab_trial_3 odoo.addons.base.models.ir_module: ALLOW access to module.update_list on [] to user __system__ #1 via n/a 
2026-09-08 20:17:22,032 1 WARNING lab_trial_3 odoo.modules.module: Missing `author` key in manifest for 'quality_case', defaulting to '' 
2026-09-08 20:17:22,032 1 WARNING lab_trial_3 odoo.modules.module: Missing `author` key in manifest for 'quality_case', defaulting to '' 
2026-09-08 20:17:22,037 1 WARNING lab_trial_3 odoo.modules.module: Missing `author` key in manifest for 'quality_oracle', defaulting to '' 
2026-09-08 20:17:22,037 1 WARNING lab_trial_3 odoo.modules.module: Missing `author` key in manifest for 'quality_oracle', defaulting to '' 
2026-09-08 20:17:22,313 1 INFO lab_trial_3 odoo.addons.base.models.ir_module: ALLOW access to module.button_install on ['Quality Lab Independent Business Oracle'] to user __system__ #1 via n/a 
2026-09-08 20:17:22,363 1 INFO lab_trial_3 odoo.modules.loading: loading 49 modules... 
2026-09-08 20:17:22,636 1 INFO lab_trial_3 odoo.modules.loading: Loading module quality_case (48/49) 
2026-09-08 20:17:22,685 1 INFO lab_trial_3 odoo.registry: module quality_case: creating or updating database tables 
2026-09-08 20:17:22,728 1 INFO lab_trial_3 odoo.modules.loading: loading quality_case/security/groups.xml 
2026-09-08 20:17:22,736 1 INFO lab_trial_3 odoo.modules.loading: loading quality_case/security/ir.model.access.csv 
2026-09-08 20:17:22,746 1 INFO lab_trial_3 odoo.modules.loading: Module quality_case loaded in 0.11s, 69 queries (+69 other) 
2026-09-08 20:17:22,746 1 INFO lab_trial_3 odoo.modules.loading: Loading module quality_oracle (49/49) 
2026-09-08 20:17:22,765 1 INFO lab_trial_3 odoo.modules.loading: Module quality_oracle loaded in 0.02s, 10 queries (+10 other) 
2026-09-08 20:17:22,765 1 INFO lab_trial_3 odoo.modules.loading: 49 modules loaded in 0.40s, 79 queries (+79 extra) 
2026-09-08 20:17:22,970 1 INFO lab_trial_3 odoo.modules.loading: Modules loaded. 
2026-09-08 20:17:22,989 1 INFO lab_trial_3 odoo.registry: Registry changed, signaling through the database 
2026-09-08 20:17:22,991 1 INFO lab_trial_3 odoo.registry: Registry loaded in 1.905s 
2026-09-08 20:17:22,991 1 INFO lab_trial_3 odoo.service.server: Starting post tests 
2026-09-08 20:17:23,158 1 INFO lab_trial_3 odoo.addons.auth_signup.models.res_users: Signup email sent for user <lab_worker> to <l.l@example.com> 
2026-09-08 20:17:23,210 1 INFO lab_trial_3 odoo.addons.auth_signup.models.res_users: Signup email sent for user <lab_manager> to <l.l@example.com> 
2026-09-08 20:17:23,262 1 INFO lab_trial_3 odoo.addons.auth_signup.models.res_users: Signup email sent for user <lab_south> to <l.l@example.com> 
2026-09-08 20:17:23,264 1 INFO lab_trial_3 odoo.addons.quality_oracle.tests.test_delivery: Starting TestDeliveryContract.test_approval_revalidation_and_increase ... 
2026-09-08 20:17:23,270 1 INFO lab_trial_3 odoo.addons.quality_oracle.tests.test_delivery: ====================================================================== 
2026-09-08 20:17:23,270 1 ERROR lab_trial_3 odoo.addons.quality_oracle.tests.test_delivery: FAIL: TestDeliveryContract.test_approval_revalidation_and_increase
Traceback (most recent call last):
  File "/mnt/quality/quality_oracle/tests/test_delivery.py", line 44, in test_approval_revalidation_and_increase
    self.assertFalse(record.approved)
AssertionError: True is not false
 
2026-09-08 20:17:23,270 1 INFO lab_trial_3 odoo.addons.quality_oracle.tests.test_delivery: Starting TestDeliveryContract.test_changed_customer_policy_invalidates_approval ... 
2026-09-08 20:17:23,277 1 INFO lab_trial_3 odoo.addons.quality_oracle.tests.test_delivery: ====================================================================== 
2026-09-08 20:17:23,277 1 ERROR lab_trial_3 odoo.addons.quality_oracle.tests.test_delivery: FAIL: TestDeliveryContract.test_changed_customer_policy_invalidates_approval
Traceback (most recent call last):
  File "/mnt/quality/quality_oracle/tests/test_delivery.py", line 84, in test_changed_customer_policy_invalidates_approval
    self.assertFalse(record.approved)
AssertionError: True is not false
 
2026-09-08 20:17:23,278 1 INFO lab_trial_3 odoo.addons.quality_oracle.tests.test_delivery: Starting TestDeliveryContract.test_context_defaults_cannot_forge_approval_or_state ... 
2026-09-08 20:17:23,279 1 INFO lab_trial_3 odoo.addons.quality_oracle.tests.test_delivery: Starting TestDeliveryContract.test_no_forged_approval_or_state ... 
2026-09-08 20:17:23,285 1 INFO lab_trial_3 odoo.addons.quality_oracle.tests.test_delivery: Starting TestDeliveryContract.test_no_self_approval_even_as_manager ... 
2026-09-08 20:17:23,293 1 INFO lab_trial_3 odoo.addons.quality_oracle.tests.test_delivery: Starting TestDeliveryContract.test_other_company_denied_on_direct_access ... 
2026-09-08 20:17:23,299 1 INFO lab_trial_3 odoo.addons.base.models.ir_rule: Access Denied by record rules for operation: read on record ids: [5], uid: 7, model: quality_case.delivery 
2026-09-08 20:17:23,304 1 INFO lab_trial_3 odoo.addons.base.models.ir_rule: Access Denied by record rules for operation: write on record ids: [5], uid: 7, model: quality_case.delivery 
2026-09-08 20:17:23,307 1 INFO lab_trial_3 odoo.addons.base.models.ir_rule: Access Denied by record rules for operation: write on record ids: [5], uid: 7, model: quality_case.delivery 
2026-09-08 20:17:23,312 1 INFO lab_trial_3 odoo.addons.quality_oracle.tests.test_delivery: Starting TestDeliveryContract.test_threshold_and_full_delivery ... 
2026-09-08 20:17:23,328 1 INFO lab_trial_3 odoo.addons.quality_oracle.tests.test_delivery: Starting TestDeliveryContract.test_unchanged_policy_keeps_approval ... 
2026-09-08 20:17:23,343 1 INFO lab_trial_3 odoo.addons.base.models.ir_attachment: filestore gc 6 checked, 3 removed 
2026-09-08 20:17:23,344 1 INFO lab_trial_3 odoo.addons.quality_oracle.tests.test_pack: Starting TestPackContract.test_failed_import_does_not_leave_xmlid_or_row ... 
2026-09-08 20:17:23,360 1 INFO lab_trial_3 odoo.addons.quality_oracle.tests.test_pack: Starting TestPackContract.test_import_has_identity_and_second_apply_is_unchanged ... 
2026-09-08 20:17:23,390 1 INFO lab_trial_3 odoo.addons.quality_oracle.tests.test_pack: Starting TestPackContract.test_new_model_field_and_record_dependency_order ... 
2026-09-08 20:17:23,409 1 INFO lab_trial_3 odoo.registry: module studio_customization: creating or updating database tables 
2026-09-08 20:17:23,448 1 INFO lab_trial_3 odoo.registry: module studio_customization: creating or updating database tables 
2026-09-08 20:17:23,471 1 INFO lab_trial_3 odoo.registry: module studio_customization: creating or updating database tables 
2026-09-08 20:17:23,488 1 INFO lab_trial_3 odoo.addons.quality_oracle.tests.test_pack: Starting TestPackContract.test_unknown_field_rejected_before_any_creation ... 
2026-09-08 20:17:23,522 1 INFO lab_trial_3 odoo.addons.base.models.ir_attachment: filestore gc 0 checked, 0 removed 
2026-09-08 20:17:23,522 1 INFO lab_trial_3 odoo.service.server: 12 post-tests in 0.53s, 1020 queries 
2026-09-08 20:17:23,522 1 INFO lab_trial_3 odoo.tests.stats: quality_oracle: 16 tests 0.53s 1020 queries 
2026-09-08 20:17:23,522 1 ERROR lab_trial_3 odoo.tests.result: 2 failed, 0 error(s) of 12 tests when loading database 'lab_trial_3' 
2026-09-08 20:17:23,522 1 INFO lab_trial_3 odoo.service.server: Initiating shutdown 
2026-09-08 20:17:23,522 1 INFO lab_trial_3 odoo.service.server: Hit CTRL-C again or send a second signal to force the shutdown. 
2026-09-08 20:17:23,606 1 INFO lab_trial_3 odoo.sql_db: ConnectionPool(read/write;used=0/count=0/max=64): Closed 1 connections  
  + res.partner studio_customization.quality_contact
1 / 0 / 0 créés / modifiés / inchangés sur synthetic ORM oracle
0 / 0 / 1 créés / modifiés / inchangés sur synthetic ORM oracle
  + ir.model studio_customization.dynamic_model
  + ir.model.fields studio_customization.dynamic_field
  + ir.model.fields studio_customization.dynamic_name
  + x_quality_dynamic studio_customization.dynamic_row
4 / 0 / 0 à créer / à modifier / inchangés sur synthetic ORM oracle
  + ir.model studio_customization.dynamic_model
  + ir.model.fields studio_customization.dynamic_field
  + ir.model.fields studio_customization.dynamic_name
  + x_quality_dynamic studio_customization.dynamic_row
4 / 0 / 0 créés / modifiés / inchangés sur synthetic ORM oracle
0 / 0 / 4 créés / modifiés / inchangés sur synthetic ORM oracle
