Série 19.0 — image odoo-qa:19.0 — base lab_qa

══ 0. Démarrage de PostgreSQL ═══════════════════════════════════════════════════
 Container quality-native-406af026fb-db-1  Running

══ 0b. Base neuve : lab_qa ═══════════════════════════════════════════════════
   ⏱ 0s

══ 1. Installation de lab_rental sur lab_qa ═══════════════════════════════════════════════════
2026-09-09 14:24:16,481 1 WARNING ? odoo.tools.config: option --without-demo: since 19.0, invalid boolean value: 'all', assume True 
2026-09-09 14:24:16,481 1 WARNING ? odoo.tools.config: missing --http-interface/http_interface, using 0.0.0.0 by default, will change to 127.0.0.1 in 20.0 
2026-09-09 14:24:16,481 1 INFO ? odoo: Odoo version 19.0-20260817 
2026-09-09 14:24:16,482 1 INFO ? odoo: Using configuration file at /etc/odoo/odoo.conf 
2026-09-09 14:24:16,482 1 INFO ? odoo: addons paths: _NamespacePath(['/usr/lib/python3/dist-packages/odoo/addons', '/var/lib/odoo/addons/19.0', '/mnt/enterprise-addons', '/mnt/extra-addons', '/usr/lib/python3/dist-packages/addons']) 
2026-09-09 14:24:16,482 1 INFO ? odoo: database: odoo@db:5432 
2026-09-09 14:24:16,790 1 INFO lab_qa odoo.modules.loading: Initializing database lab_qa 
2026-09-09 14:24:18,066 1 WARNING lab_qa odoo.modules.module: Missing `author` key in manifest for 'lab_rental', defaulting to '' 
2026-09-09 14:24:18,067 1 WARNING lab_qa odoo.modules.module: Missing `author` key in manifest for 'lab_rental', defaulting to '' 
2026-09-09 14:24:18,942 1 INFO lab_qa odoo.modules.loading: loading 1 modules... 
2026-09-09 14:24:18,942 1 INFO lab_qa odoo.modules.loading: Loading module base (1/1) 
2026-09-09 14:24:18,964 1 INFO lab_qa odoo.registry: module base: creating or updating database tables 
2026-09-09 14:24:19,193 1 INFO lab_qa odoo.models: Prepare computation of ir.module.module.menus_by_module 
2026-09-09 14:24:19,193 1 INFO lab_qa odoo.models: Prepare computation of ir.module.module.reports_by_module 
2026-09-09 14:24:19,193 1 INFO lab_qa odoo.models: Prepare computation of ir.module.module.views_by_module 
2026-09-09 14:24:19,260 1 INFO lab_qa odoo.models: Prepare computation of res.partner.user_id 
2026-09-09 14:24:19,261 1 INFO lab_qa odoo.models: Prepare computation of res.partner.commercial_partner_id 
2026-09-09 14:24:19,261 1 INFO lab_qa odoo.models: Prepare computation of res.partner.complete_name 
2026-09-09 14:24:19,261 1 INFO lab_qa odoo.models: Prepare computation of res.partner.lang 
2026-09-09 14:24:19,261 1 INFO lab_qa odoo.models: Prepare computation of res.partner.company_registry 
2026-09-09 14:24:19,261 1 INFO lab_qa odoo.models: Prepare computation of res.partner.commercial_company_name 
2026-09-09 14:24:19,261 1 INFO lab_qa odoo.models: Prepare computation of res.partner.properties 
2026-09-09 14:24:19,261 1 INFO lab_qa odoo.models: Prepare computation of res.partner.partner_share 
2026-09-09 14:24:19,284 1 INFO lab_qa odoo.models: Prepare computation of res.currency.decimal_places 
2026-09-09 14:24:19,304 1 INFO lab_qa odoo.models: Prepare computation of res.company.uses_default_logo 
2026-09-09 14:24:19,304 1 INFO lab_qa odoo.models: Prepare computation of res.company.logo_web 
2026-09-09 14:24:19,307 1 INFO lab_qa odoo.models: Computing parent_path for table res_company... 
2026-09-09 14:24:19,324 1 INFO lab_qa odoo.models: Prepare computation of res.users.signature 
2026-09-09 14:24:19,325 1 INFO lab_qa odoo.models: Prepare computation of res.users.share 
2026-09-09 14:24:20,422 1 INFO lab_qa odoo.modules.loading: loading base/data/res_bank.xml 
2026-09-09 14:24:20,428 1 INFO lab_qa odoo.modules.loading: loading base/data/res.lang.csv 
2026-09-09 14:24:20,458 1 INFO lab_qa odoo.modules.loading: loading base/data/res_lang_data.xml 
2026-09-09 14:24:20,495 1 INFO lab_qa odoo.modules.loading: loading base/data/res_partner_data.xml 
2026-09-09 14:24:20,529 1 INFO lab_qa odoo.modules.loading: loading base/data/res_currency_data.xml 
2026-09-09 14:24:20,881 1 INFO lab_qa odoo.modules.loading: loading base/data/res_company_data.xml 
2026-09-09 14:24:20,890 1 INFO lab_qa odoo.modules.loading: loading base/data/res_users_data.xml 
2026-09-09 14:24:21,605 1 INFO lab_qa odoo.modules.loading: loading base/data/report_paperformat_data.xml 
2026-09-09 14:24:21,614 1 INFO lab_qa odoo.modules.loading: loading base/data/res_country_data.xml 
2026-09-09 14:24:22,179 1 INFO lab_qa odoo.modules.loading: loading base/data/ir_demo_data.xml 
2026-09-09 14:24:22,193 1 INFO lab_qa odoo.modules.loading: loading base/security/base_groups.xml 
2026-09-09 14:24:22,372 1 INFO lab_qa odoo.modules.loading: loading base/security/base_security.xml 
2026-09-09 14:24:22,520 1 INFO lab_qa odoo.modules.loading: loading base/wizard/wizard_ir_model_menu_create_views.xml 
2026-09-09 14:24:22,529 1 INFO lab_qa odoo.modules.loading: loading base/views/base_menus.xml 
2026-09-09 14:24:22,574 1 INFO lab_qa odoo.modules.loading: loading base/views/decimal_precision_views.xml 
2026-09-09 14:24:22,585 1 INFO lab_qa odoo.modules.loading: loading base/views/res_config_views.xml 
2026-09-09 14:24:22,589 1 INFO lab_qa odoo.modules.loading: loading base/data/res.country.state.csv 
2026-09-09 14:24:22,802 1 INFO lab_qa odoo.modules.loading: loading base/views/ir_actions_views.xml 
2026-09-09 14:24:22,911 1 INFO lab_qa odoo.modules.loading: loading base/views/ir_asset_views.xml 
2026-09-09 14:24:22,924 1 INFO lab_qa odoo.modules.loading: loading base/views/ir_config_parameter_views.xml 
2026-09-09 14:24:22,938 1 INFO lab_qa odoo.modules.loading: loading base/views/ir_cron_views.xml 
2026-09-09 14:24:22,961 1 INFO lab_qa odoo.modules.loading: loading base/views/ir_cron_trigger_views.xml 
2026-09-09 14:24:22,974 1 INFO lab_qa odoo.modules.loading: loading base/views/ir_filters_views.xml 
2026-09-09 14:24:22,992 1 INFO lab_qa odoo.modules.loading: loading base/views/ir_mail_server_views.xml 
2026-09-09 14:24:23,008 1 INFO lab_qa odoo.modules.loading: loading base/views/ir_model_views.xml 
2026-09-09 14:24:23,114 1 INFO lab_qa odoo.modules.loading: loading base/views/ir_attachment_views.xml 
2026-09-09 14:24:23,130 1 INFO lab_qa odoo.modules.loading: loading base/views/ir_rule_views.xml 
2026-09-09 14:24:23,145 1 INFO lab_qa odoo.modules.loading: loading base/views/ir_sequence_views.xml 
2026-09-09 14:24:23,163 1 INFO lab_qa odoo.modules.loading: loading base/views/ir_ui_menu_views.xml 
2026-09-09 14:24:23,178 1 INFO lab_qa odoo.modules.loading: loading base/views/ir_ui_view_views.xml 
2026-09-09 14:24:23,216 1 INFO lab_qa odoo.modules.loading: loading base/views/ir_default_views.xml 
2026-09-09 14:24:23,231 1 INFO lab_qa odoo.modules.loading: loading base/data/ir_config_parameter_data.xml 
2026-09-09 14:24:23,233 1 INFO lab_qa odoo.modules.loading: loading base/data/ir_cron_data.xml 
2026-09-09 14:24:23,242 1 INFO lab_qa odoo.modules.loading: loading base/report/ir_model_report.xml 
2026-09-09 14:24:23,245 1 INFO lab_qa odoo.modules.loading: loading base/report/ir_model_templates.xml 
2026-09-09 14:24:23,251 1 INFO lab_qa odoo.modules.loading: loading base/views/ir_logging_views.xml 
2026-09-09 14:24:23,268 1 INFO lab_qa odoo.modules.loading: loading base/views/ir_qweb_widget_templates.xml 
2026-09-09 14:24:23,279 1 INFO lab_qa odoo.modules.loading: loading base/views/ir_module_views.xml 
2026-09-09 14:24:23,325 1 INFO lab_qa odoo.modules.loading: loading base/data/ir_module_category_data.xml 
2026-09-09 14:24:23,354 1 INFO lab_qa odoo.modules.loading: loading base/data/ir_module_module.xml 
2026-09-09 14:24:23,380 1 INFO lab_qa odoo.modules.loading: loading base/report/ir_module_reports.xml 
2026-09-09 14:24:23,383 1 INFO lab_qa odoo.modules.loading: loading base/report/ir_module_report_templates.xml 
2026-09-09 14:24:23,391 1 INFO lab_qa odoo.modules.loading: loading base/wizard/base_module_update_views.xml 
2026-09-09 14:24:23,404 1 INFO lab_qa odoo.modules.loading: loading base/wizard/base_language_install_views.xml 
2026-09-09 14:24:23,416 1 INFO lab_qa odoo.modules.loading: loading base/wizard/base_import_language_views.xml 
2026-09-09 14:24:23,427 1 INFO lab_qa odoo.modules.loading: loading base/wizard/base_module_upgrade_views.xml 
2026-09-09 14:24:23,449 1 INFO lab_qa odoo.modules.loading: loading base/wizard/base_module_uninstall_views.xml 
2026-09-09 14:24:23,461 1 INFO lab_qa odoo.modules.loading: loading base/wizard/base_export_language_views.xml 
2026-09-09 14:24:23,477 1 INFO lab_qa odoo.modules.loading: loading base/wizard/base_partner_merge_views.xml 
2026-09-09 14:24:23,494 1 INFO lab_qa odoo.modules.loading: loading base/data/ir_demo_failure_data.xml 
2026-09-09 14:24:23,513 1 INFO lab_qa odoo.modules.loading: loading base/views/ir_profile_views.xml 
2026-09-09 14:24:23,541 1 INFO lab_qa odoo.modules.loading: loading base/views/res_company_views.xml 
2026-09-09 14:24:23,568 1 INFO lab_qa odoo.modules.loading: loading base/views/res_lang_views.xml 
2026-09-09 14:24:23,595 1 INFO lab_qa odoo.modules.loading: loading base/views/res_partner_views.xml 
2026-09-09 14:24:23,700 1 INFO lab_qa odoo.modules.loading: loading base/views/res_bank_views.xml 
2026-09-09 14:24:23,729 1 INFO lab_qa odoo.modules.loading: loading base/views/res_country_views.xml 
2026-09-09 14:24:23,779 1 INFO lab_qa odoo.modules.loading: loading base/views/res_currency_views.xml 
2026-09-09 14:24:23,814 1 INFO lab_qa odoo.modules.loading: loading base/views/res_groups_views.xml 
2026-09-09 14:24:23,869 1 INFO lab_qa odoo.modules.loading: loading base/views/res_users_views.xml 
2026-09-09 14:24:23,999 1 INFO lab_qa odoo.modules.loading: loading base/views/res_users_apikeys_views.xml 
2026-09-09 14:24:24,008 1 INFO lab_qa odoo.modules.loading: loading base/views/res_device_views.xml 
2026-09-09 14:24:24,034 1 INFO lab_qa odoo.modules.loading: loading base/views/res_users_identitycheck_views.xml 
2026-09-09 14:24:24,044 1 INFO lab_qa odoo.modules.loading: loading base/views/res_config_settings_views.xml 
2026-09-09 14:24:24,055 1 INFO lab_qa odoo.modules.loading: loading base/views/report_paperformat_views.xml 
2026-09-09 14:24:24,086 1 INFO lab_qa odoo.modules.loading: loading base/security/ir.model.access.csv 
2026-09-09 14:24:24,231 1 INFO lab_qa odoo.modules.loading: Module base loaded in 5.29s, 8374 queries (+8374 other) 
2026-09-09 14:24:24,231 1 INFO lab_qa odoo.modules.loading: 1 modules loaded in 5.29s, 8374 queries (+8374 extra) 
2026-09-09 14:24:24,236 1 INFO lab_qa odoo.modules.loading: updating modules list 
2026-09-09 14:24:24,238 1 INFO lab_qa odoo.addons.base.models.ir_module: ALLOW access to module.update_list on [] to user __system__ #1 via n/a 
2026-09-09 14:24:25,432 1 WARNING lab_qa odoo.modules.module: Missing `author` key in manifest for 'lab_rental', defaulting to '' 
2026-09-09 14:24:26,028 1 INFO lab_qa odoo.addons.base.models.ir_module: ALLOW access to module.button_install on ['Atelier Boréal — frais de préparation des locations'] to user __system__ #1 via n/a 
2026-09-09 14:24:26,112 1 INFO lab_qa odoo.modules.loading: loading 21 modules... 
2026-09-09 14:24:26,112 1 INFO lab_qa odoo.modules.loading: Loading module lab_rental (2/21) 
2026-09-09 14:24:26,119 1 INFO lab_qa odoo.registry: module lab_rental: creating or updating database tables 
2026-09-09 14:24:26,158 1 INFO lab_qa odoo.modules.loading: loading lab_rental/security/ir.model.access.csv 
2026-09-09 14:24:26,171 1 INFO lab_qa odoo.modules.loading: Module lab_rental loaded in 0.06s, 61 queries (+61 other) 
2026-09-09 14:24:26,172 1 INFO lab_qa odoo.modules.loading: Loading module rpc (3/21) 
2026-09-09 14:24:26,187 1 INFO lab_qa odoo.modules.loading: Module rpc loaded in 0.02s, 10 queries (+10 other) 
2026-09-09 14:24:26,187 1 INFO lab_qa odoo.modules.loading: Loading module web (4/21) 
2026-09-09 14:24:26,222 1 INFO lab_qa odoo.registry: module web: creating or updating database tables 
2026-09-09 14:24:26,589 1 INFO lab_qa odoo.modules.loading: loading web/security/ir.model.access.csv 
2026-09-09 14:24:26,597 1 INFO lab_qa odoo.modules.loading: loading web/security/web_security.xml 
2026-09-09 14:24:26,610 1 INFO lab_qa odoo.modules.loading: loading web/views/webclient_templates.xml 
2026-09-09 14:24:26,679 1 INFO lab_qa odoo.modules.loading: loading web/views/report_templates.xml 
2026-09-09 14:24:26,790 1 INFO lab_qa odoo.modules.loading: loading web/views/base_document_layout_views.xml 
2026-09-09 14:24:26,806 1 INFO lab_qa odoo.modules.loading: loading web/views/partner_view.xml 
2026-09-09 14:24:26,813 1 INFO lab_qa odoo.modules.loading: loading web/views/speedscope_template.xml 
2026-09-09 14:24:26,819 1 INFO lab_qa odoo.modules.loading: loading web/views/memory_template.xml 
2026-09-09 14:24:26,824 1 INFO lab_qa odoo.modules.loading: loading web/views/speedscope_config_wizard.xml 
2026-09-09 14:24:26,831 1 INFO lab_qa odoo.modules.loading: loading web/views/neutralize_views.xml 
2026-09-09 14:24:26,839 1 INFO lab_qa odoo.modules.loading: loading web/views/ir_ui_view_views.xml 
2026-09-09 14:24:26,851 1 INFO lab_qa odoo.modules.loading: loading web/data/ir_attachment.xml 
2026-09-09 14:24:26,856 1 INFO lab_qa odoo.modules.loading: loading web/data/report_layout.xml 
2026-09-09 14:24:26,900 1 INFO lab_qa odoo.modules.loading: Module web loaded in 0.71s, 1241 queries (+1241 other) 
2026-09-09 14:24:26,900 1 INFO lab_qa odoo.modules.loading: Loading module api_doc (5/21) 
2026-09-09 14:24:26,907 1 INFO lab_qa odoo.registry: module api_doc: creating or updating database tables 
2026-09-09 14:24:26,927 1 INFO lab_qa odoo.modules.loading: loading api_doc/security/res_groups.xml 
2026-09-09 14:24:26,951 1 INFO lab_qa odoo.modules.loading: loading api_doc/views/docclient.xml 
2026-09-09 14:24:26,971 1 INFO lab_qa odoo.modules.loading: Module api_doc loaded in 0.07s, 63 queries (+63 other) 
2026-09-09 14:24:26,971 1 INFO lab_qa odoo.modules.loading: Loading module auth_totp (6/21) 
2026-09-09 14:24:26,983 1 INFO lab_qa odoo.registry: module auth_totp: creating or updating database tables 
2026-09-09 14:24:27,049 1 INFO lab_qa odoo.modules.loading: loading auth_totp/security/security.xml 
2026-09-09 14:24:27,073 1 INFO lab_qa odoo.modules.loading: loading auth_totp/security/ir.model.access.csv 
2026-09-09 14:24:27,079 1 INFO lab_qa odoo.modules.loading: loading auth_totp/data/ir_action_data.xml 
2026-09-09 14:24:27,087 1 INFO lab_qa odoo.modules.loading: loading auth_totp/views/res_users_views.xml 
2026-09-09 14:24:27,119 1 INFO lab_qa odoo.modules.loading: loading auth_totp/views/templates.xml 
2026-09-09 14:24:27,130 1 INFO lab_qa odoo.modules.loading: loading auth_totp/wizard/auth_totp_wizard_views.xml 
2026-09-09 14:24:27,152 1 INFO lab_qa odoo.modules.loading: Module auth_totp loaded in 0.18s, 218 queries (+218 other) 
2026-09-09 14:24:27,152 1 INFO lab_qa odoo.modules.loading: Loading module base_import (7/21) 
2026-09-09 14:24:27,181 1 INFO lab_qa odoo.registry: module base_import: creating or updating database tables 
2026-09-09 14:24:27,556 1 INFO lab_qa odoo.modules.loading: loading base_import/security/ir.model.access.csv 
2026-09-09 14:24:27,573 1 INFO lab_qa odoo.modules.loading: Module base_import loaded in 0.42s, 965 queries (+965 other) 
2026-09-09 14:24:27,573 1 INFO lab_qa odoo.modules.loading: Loading module base_import_module (8/21) 
2026-09-09 14:24:27,580 1 INFO lab_qa odoo.registry: module base_import_module: creating or updating database tables 
2026-09-09 14:24:27,637 1 INFO lab_qa odoo.modules.loading: loading base_import_module/security/ir.model.access.csv 
2026-09-09 14:24:27,642 1 INFO lab_qa odoo.modules.loading: loading base_import_module/views/base_import_module_view.xml 
2026-09-09 14:24:27,655 1 INFO lab_qa odoo.modules.loading: loading base_import_module/views/ir_module_views.xml 
2026-09-09 14:24:27,688 1 INFO lab_qa odoo.modules.loading: Module base_import_module loaded in 0.12s, 172 queries (+172 other) 
2026-09-09 14:24:27,688 1 INFO lab_qa odoo.modules.loading: Loading module base_setup (9/21) 
2026-09-09 14:24:27,695 1 INFO lab_qa odoo.registry: module base_setup: creating or updating database tables 
2026-09-09 14:24:27,726 1 INFO lab_qa odoo.modules.loading: loading base_setup/data/base_setup_data.xml 
2026-09-09 14:24:27,730 1 INFO lab_qa odoo.modules.loading: loading base_setup/views/res_config_settings_views.xml 
2026-09-09 14:24:27,757 1 INFO lab_qa odoo.modules.loading: loading base_setup/views/res_partner_views.xml 
2026-09-09 14:24:27,771 1 INFO lab_qa odoo.modules.loading: Module base_setup loaded in 0.08s, 152 queries (+152 other) 
2026-09-09 14:24:27,771 1 INFO lab_qa odoo.modules.loading: Loading module bus (10/21) 
2026-09-09 14:24:27,783 1 INFO lab_qa odoo.registry: module bus: creating or updating database tables 
2026-09-09 14:24:27,845 1 INFO lab_qa odoo.modules.loading: loading bus/security/ir.model.access.csv 
2026-09-09 14:24:27,861 1 INFO lab_qa odoo.modules.loading: Module bus loaded in 0.09s, 159 queries (+159 other) 
2026-09-09 14:24:27,861 1 INFO lab_qa odoo.modules.loading: Loading module web_cohort (11/21) 
2026-09-09 14:24:27,895 1 INFO lab_qa odoo.registry: module web_cohort: creating or updating database tables 
2026-09-09 14:24:28,250 1 INFO lab_qa odoo.modules.loading: Module web_cohort loaded in 0.39s, 951 queries (+951 other) 
2026-09-09 14:24:28,250 1 INFO lab_qa odoo.modules.loading: Loading module web_gantt (12/21) 
2026-09-09 14:24:28,287 1 INFO lab_qa odoo.registry: module web_gantt: creating or updating database tables 
2026-09-09 14:24:28,678 1 INFO lab_qa odoo.modules.loading: Module web_gantt loaded in 0.43s, 947 queries (+947 other) 
2026-09-09 14:24:28,678 1 INFO lab_qa odoo.modules.loading: Loading module web_grid (13/21) 
2026-09-09 14:24:28,704 1 INFO lab_qa odoo.registry: module web_grid: creating or updating database tables 
2026-09-09 14:24:29,102 1 INFO lab_qa odoo.modules.loading: Module web_grid loaded in 0.42s, 947 queries (+947 other) 
2026-09-09 14:24:29,102 1 INFO lab_qa odoo.modules.loading: Loading module web_tour (14/21) 
2026-09-09 14:24:29,109 1 INFO lab_qa odoo.registry: module web_tour: creating or updating database tables 
2026-09-09 14:24:29,112 1 INFO lab_qa odoo.models: Prepare computation of res.users.tour_enabled 
2026-09-09 14:24:29,187 1 INFO lab_qa odoo.modules.loading: loading web_tour/security/ir.model.access.csv 
2026-09-09 14:24:29,195 1 INFO lab_qa odoo.modules.loading: loading web_tour/views/tour_views.xml 
2026-09-09 14:24:29,228 1 INFO lab_qa odoo.modules.loading: Module web_tour loaded in 0.13s, 180 queries (+180 other) 
2026-09-09 14:24:29,229 1 INFO lab_qa odoo.modules.loading: Loading module auth_passkey (15/21) 
2026-09-09 14:24:29,260 1 INFO lab_qa odoo.registry: module auth_passkey: creating or updating database tables 
2026-09-09 14:24:29,338 1 INFO lab_qa odoo.modules.loading: loading auth_passkey/views/auth_passkey_key_views.xml 
2026-09-09 14:24:29,367 1 INFO lab_qa odoo.modules.loading: loading auth_passkey/views/auth_passkey_login_templates.xml 
2026-09-09 14:24:29,378 1 INFO lab_qa odoo.modules.loading: loading auth_passkey/views/res_users_identitycheck_views.xml 
2026-09-09 14:24:29,390 1 INFO lab_qa odoo.modules.loading: loading auth_passkey/views/res_users_views.xml 
2026-09-09 14:24:29,414 1 INFO lab_qa odoo.modules.loading: loading auth_passkey/security/ir.model.access.csv 
2026-09-09 14:24:29,424 1 INFO lab_qa odoo.modules.loading: loading auth_passkey/security/security.xml 
2026-09-09 14:24:29,454 1 INFO lab_qa odoo.modules.loading: Module auth_passkey loaded in 0.23s, 218 queries (+218 other) 
2026-09-09 14:24:29,454 1 INFO lab_qa odoo.modules.loading: Loading module html_editor (16/21) 
2026-09-09 14:24:29,580 1 INFO lab_qa odoo.registry: module html_editor: creating or updating database tables 
2026-09-09 14:24:29,987 1 INFO lab_qa odoo.modules.loading: loading html_editor/security/ir.model.access.csv 
2026-09-09 14:24:30,004 1 INFO lab_qa odoo.modules.loading: Module html_editor loaded in 0.55s, 1039 queries (+1039 other) 
2026-09-09 14:24:30,004 1 INFO lab_qa odoo.modules.loading: Loading module iap (17/21) 
2026-09-09 14:24:30,008 1 INFO lab_qa odoo.registry: module iap: creating or updating database tables 
2026-09-09 14:24:30,060 1 INFO lab_qa odoo.modules.loading: loading iap/data/services.xml 
2026-09-09 14:24:30,065 1 INFO lab_qa odoo.modules.loading: loading iap/security/ir.model.access.csv 
2026-09-09 14:24:30,074 1 INFO lab_qa odoo.modules.loading: loading iap/security/ir_rule.xml 
2026-09-09 14:24:30,081 1 INFO lab_qa odoo.modules.loading: loading iap/views/iap_views.xml 
2026-09-09 14:24:30,109 1 INFO lab_qa odoo.modules.loading: loading iap/views/res_config_settings.xml 
2026-09-09 14:24:30,132 1 INFO lab_qa odoo.modules.loading: Module iap loaded in 0.13s, 182 queries (+182 other) 
2026-09-09 14:24:30,133 1 INFO lab_qa odoo.modules.loading: Loading module web_enterprise (18/21) 
2026-09-09 14:24:30,143 1 INFO lab_qa odoo.registry: module web_enterprise: creating or updating database tables 
2026-09-09 14:24:30,179 1 INFO lab_qa odoo.modules.loading: loading web_enterprise/views/webclient_templates.xml 
2026-09-09 14:24:30,193 1 INFO lab_qa odoo.modules.loading: loading web_enterprise/views/res_users_views.xml 
2026-09-09 14:24:30,224 1 INFO lab_qa odoo.modules.loading: Module web_enterprise loaded in 0.09s, 113 queries (+113 other) 
2026-09-09 14:24:30,224 1 INFO lab_qa odoo.modules.loading: Loading module web_map (19/21) 
2026-09-09 14:24:30,263 1 INFO lab_qa odoo.registry: module web_map: creating or updating database tables 
2026-09-09 14:24:30,277 1 INFO lab_qa odoo.models: Prepare computation of res.partner.contact_address_complete 
2026-09-09 14:24:30,618 1 INFO lab_qa odoo.modules.loading: loading web_map/views/res_config_settings.xml 
2026-09-09 14:24:30,632 1 INFO lab_qa odoo.modules.loading: loading web_map/views/res_partner_views.xml 
2026-09-09 14:24:30,658 1 INFO lab_qa odoo.modules.loading: Module web_map loaded in 0.43s, 1068 queries (+1068 other) 
2026-09-09 14:24:30,658 1 INFO lab_qa odoo.modules.loading: Loading module web_mobile (20/21) 
2026-09-09 14:24:30,665 1 INFO lab_qa odoo.registry: module web_mobile: creating or updating database tables 
2026-09-09 14:24:30,697 1 INFO lab_qa odoo.modules.loading: loading web_mobile/views/views.xml 
2026-09-09 14:24:30,715 1 INFO lab_qa odoo.modules.loading: Module web_mobile loaded in 0.06s, 83 queries (+83 other) 
2026-09-09 14:24:30,715 1 INFO lab_qa odoo.modules.loading: Loading module web_unsplash (21/21) 
2026-09-09 14:24:30,722 1 INFO lab_qa odoo.registry: module web_unsplash: creating or updating database tables 
2026-09-09 14:24:30,753 1 INFO lab_qa odoo.modules.loading: loading web_unsplash/views/res_config_settings_view.xml 
2026-09-09 14:24:30,786 1 INFO lab_qa odoo.modules.loading: Module web_unsplash loaded in 0.07s, 93 queries (+93 other) 
2026-09-09 14:24:30,787 1 INFO lab_qa odoo.modules.loading: 21 modules loaded in 4.67s, 8862 queries (+8862 extra) 
2026-09-09 14:24:31,041 1 INFO lab_qa odoo.modules.loading: Modules loaded. 
2026-09-09 14:24:31,045 1 INFO lab_qa odoo.registry: Registry changed, signaling through the database 
2026-09-09 14:24:31,046 1 INFO lab_qa odoo.registry: Registry loaded in 14.285s 
2026-09-09 14:24:31,046 1 INFO lab_qa odoo.service.server: Initiating shutdown 
2026-09-09 14:24:31,046 1 INFO lab_qa odoo.service.server: Hit CTRL-C again or send a second signal to force the shutdown. 
2026-09-09 14:24:31,046 1 INFO lab_qa odoo.sql_db: ConnectionPool(read/write;used=0/count=0/max=64): Closed 1 connections  
✅ installation OK
   ⏱ 16s

══ 3. Tests (--test-tags /lab_rental) ═══════════════════════════════════════════════════
2026-09-09 14:24:32,040 1 WARNING ? odoo.tools.config: missing --http-interface/http_interface, using 0.0.0.0 by default, will change to 127.0.0.1 in 20.0 
2026-09-09 14:24:32,041 1 INFO ? odoo: Odoo version 19.0-20260817 
2026-09-09 14:24:32,041 1 INFO ? odoo: Using configuration file at /etc/odoo/odoo.conf 
2026-09-09 14:24:32,041 1 INFO ? odoo: addons paths: _NamespacePath(['/usr/lib/python3/dist-packages/odoo/addons', '/var/lib/odoo/addons/19.0', '/mnt/enterprise-addons', '/mnt/extra-addons', '/usr/lib/python3/dist-packages/addons']) 
2026-09-09 14:24:32,041 1 INFO ? odoo: database: odoo@db:5432 
2026-09-09 14:24:32,310 1 INFO ? odoo.service.server: HTTP service (werkzeug) running on 4e1498baaf43:8069 
2026-09-09 14:24:32,342 1 INFO lab_qa odoo.tests.common: Importing test framework 
2026-09-09 14:24:32,368 1 INFO lab_qa odoo.modules.loading: loading 1 modules... 
2026-09-09 14:24:32,373 1 INFO lab_qa odoo.modules.loading: 1 modules loaded in 0.01s, 0 queries (+0 extra) 
2026-09-09 14:24:32,399 1 INFO lab_qa odoo.modules.loading: updating modules list 
2026-09-09 14:24:32,400 1 INFO lab_qa odoo.addons.base.models.ir_module: ALLOW access to module.update_list on [] to user __system__ #1 via n/a 
2026-09-09 14:24:33,730 1 WARNING lab_qa odoo.modules.module: Missing `author` key in manifest for 'lab_rental', defaulting to '' 
2026-09-09 14:24:33,730 1 WARNING lab_qa odoo.modules.module: Missing `author` key in manifest for 'lab_rental', defaulting to '' 
2026-09-09 14:24:34,414 1 INFO lab_qa odoo.addons.base.models.ir_module: ALLOW access to module.button_upgrade on ['Atelier Boréal — frais de préparation des locations'] to user __system__ #1 via n/a 
2026-09-09 14:24:34,414 1 INFO lab_qa odoo.addons.base.models.ir_module: ALLOW access to module.update_list on ['Atelier Boréal — frais de préparation des locations'] to user __system__ #1 via n/a 
2026-09-09 14:24:35,469 1 WARNING lab_qa odoo.modules.module: Missing `author` key in manifest for 'lab_rental', defaulting to '' 
2026-09-09 14:24:36,107 1 INFO lab_qa odoo.addons.base.models.ir_module: ALLOW access to module.button_install on [] to user __system__ #1 via n/a 
2026-09-09 14:24:36,136 1 INFO lab_qa odoo.modules.loading: loading 21 modules... 
2026-09-09 14:24:36,136 1 INFO lab_qa odoo.modules.loading: Loading module lab_rental (2/21) 
2026-09-09 14:24:36,142 1 INFO lab_qa odoo.registry: module lab_rental: creating or updating database tables 
2026-09-09 14:24:36,174 1 INFO lab_qa odoo.modules.loading: loading lab_rental/security/ir.model.access.csv 
2026-09-09 14:24:36,185 1 INFO lab_qa odoo.modules.loading: Module lab_rental loaded in 0.05s, 46 queries (+46 other) 
2026-09-09 14:24:36,326 1 INFO lab_qa odoo.modules.loading: 21 modules loaded in 0.19s, 46 queries (+46 extra) 
2026-09-09 14:24:36,411 1 INFO lab_qa odoo.registry: verifying fields for every extended model 
2026-09-09 14:24:36,565 1 INFO lab_qa odoo.modules.loading: Modules loaded. 
2026-09-09 14:24:36,570 1 INFO lab_qa odoo.registry: Registry changed, signaling through the database 
2026-09-09 14:24:36,571 1 INFO lab_qa odoo.registry: Registry loaded in 4.260s 
2026-09-09 14:24:36,571 1 INFO lab_qa odoo.service.server: Starting post tests 
2026-09-09 14:24:36,573 1 INFO lab_qa odoo.addons.lab_rental.tests.test_days_constraint: Starting TestLabRentalDaysConstraint.test_amount_total_matches_days_times_daily_rate ... 
2026-09-09 14:24:36,577 1 INFO lab_qa odoo.addons.lab_rental.tests.test_days_constraint: Starting TestLabRentalDaysConstraint.test_create_negative_days_is_rejected ... 
2026-09-09 14:24:36,580 1 INFO lab_qa odoo.addons.lab_rental.tests.test_days_constraint: Starting TestLabRentalDaysConstraint.test_rejected_write_preserves_existing_valid_rental ... 
2026-09-09 14:24:36,586 1 INFO lab_qa odoo.addons.lab_rental.tests.test_days_constraint: Starting TestLabRentalDaysConstraint.test_write_negative_days_is_rejected ... 
2026-09-09 14:24:36,590 1 INFO lab_qa odoo.addons.lab_rental.tests.test_days_constraint: Starting TestLabRentalDaysConstraint.test_zero_days_is_accepted ... 
2026-09-09 14:24:36,595 1 INFO lab_qa odoo.addons.base.models.ir_attachment: filestore gc 0 checked, 0 removed 
2026-09-09 14:24:36,595 1 INFO lab_qa odoo.service.server: 5 post-tests in 0.02s, 55 queries 
2026-09-09 14:24:36,595 1 INFO lab_qa odoo.tests.stats: lab_rental: 7 tests 0.02s 55 queries 
2026-09-09 14:24:36,595 1 INFO lab_qa odoo.tests.result: 0 failed, 0 error(s) of 5 tests when loading database 'lab_qa' 
2026-09-09 14:24:36,595 1 INFO lab_qa odoo.service.server: Initiating shutdown 
2026-09-09 14:24:36,595 1 INFO lab_qa odoo.service.server: Hit CTRL-C again or send a second signal to force the shutdown. 
2026-09-09 14:24:36,835 1 INFO lab_qa odoo.sql_db: ConnectionPool(read/write;used=0/count=0/max=64): Closed 1 connections  
{"valid": true, "reasons": [], "module_tests": 7, "summaries": [{"failed": 0, "errors": 0, "tests": 5}]}
✅ tests OK
   ⏱ 6s

══ 5. Analyse des logs ═══════════════════════════════════════════════════
ERROR/CRITICAL : 0
tests échoués  : 0
tests ignorés  : 0
WARNING liés à lab_rental : 6

── avertissements liés au module (à traiter) ──
2026-09-09 14:24:18,066 1 WARNING lab_qa odoo.modules.module: Missing `author` key in manifest for 'lab_rental', defaulting to '' 
2026-09-09 14:24:18,067 1 WARNING lab_qa odoo.modules.module: Missing `author` key in manifest for 'lab_rental', defaulting to '' 
2026-09-09 14:24:25,432 1 WARNING lab_qa odoo.modules.module: Missing `author` key in manifest for 'lab_rental', defaulting to '' 
2026-09-09 14:24:33,730 1 WARNING lab_qa odoo.modules.module: Missing `author` key in manifest for 'lab_rental', defaulting to '' 
2026-09-09 14:24:33,730 1 WARNING lab_qa odoo.modules.module: Missing `author` key in manifest for 'lab_rental', defaulting to '' 
2026-09-09 14:24:35,469 1 WARNING lab_qa odoo.modules.module: Missing `author` key in manifest for 'lab_rental', defaulting to '' 
PostgreSQL conservé : son arrêt relève du superviseur du stack.
{"valid": true, "reasons": [], "module_tests": 7, "summaries": [{"failed": 0, "errors": 0, "tests": 5}]}
RECETTE module=lab_rental db=lab_qa install=ok update=n.a. uninstall=n.a. tests="0 failed, 0 error(s) of 5 tests" errors=0 failed=0 skipped=0 warnings=6 total=23s base=0s install=16s tests=6s

Log complet   : /tmp/odoo-qualification-20260909/recovery/run/backend/stack/artifacts/lab_rental-20260909-162414.ZOoD0y.log
Captures      : /tmp/odoo-qualification-20260909/recovery/run/backend/stack/artifacts/
✅ lab_rental : installation, tests et logs propres
