Série 19.0 — image odoo-qa:19.0 — base lab_qa

══ 0. Démarrage de PostgreSQL ═══════════════════════════════════════════════════
 Container quality-native-406af026fb-db-1  Running

══ 1. Installation de lab_rental sur lab_qa ═══════════════════════════════════════════════════
2026-09-09 14:24:43,658 1 WARNING ? odoo.tools.config: option --without-demo: since 19.0, invalid boolean value: 'all', assume True 
2026-09-09 14:24:43,658 1 WARNING ? odoo.tools.config: missing --http-interface/http_interface, using 0.0.0.0 by default, will change to 127.0.0.1 in 20.0 
2026-09-09 14:24:43,659 1 INFO ? odoo: Odoo version 19.0-20260817 
2026-09-09 14:24:43,659 1 INFO ? odoo: Using configuration file at /etc/odoo/odoo.conf 
2026-09-09 14:24:43,659 1 INFO ? odoo: addons paths: _NamespacePath(['/usr/lib/python3/dist-packages/odoo/addons', '/var/lib/odoo/addons/19.0', '/mnt/enterprise-addons', '/mnt/extra-addons', '/usr/lib/python3/dist-packages/addons']) 
2026-09-09 14:24:43,659 1 INFO ? odoo: database: odoo@db:5432 
2026-09-09 14:24:43,954 1 INFO lab_qa odoo.modules.loading: loading 1 modules... 
2026-09-09 14:24:43,957 1 INFO lab_qa odoo.modules.loading: 1 modules loaded in 0.00s, 0 queries (+0 extra) 
2026-09-09 14:24:43,991 1 INFO lab_qa odoo.modules.loading: updating modules list 
2026-09-09 14:24:43,993 1 INFO lab_qa odoo.addons.base.models.ir_module: ALLOW access to module.update_list on [] to user __system__ #1 via n/a 
2026-09-09 14:24:45,436 1 WARNING lab_qa odoo.modules.module: Missing `author` key in manifest for 'lab_rental', defaulting to '' 
2026-09-09 14:24:45,436 1 WARNING lab_qa odoo.modules.module: Missing `author` key in manifest for 'lab_rental', defaulting to '' 
2026-09-09 14:24:45,997 1 INFO lab_qa odoo.modules.loading: loading 21 modules... 
2026-09-09 14:24:46,138 1 INFO lab_qa odoo.modules.loading: 21 modules loaded in 0.14s, 0 queries (+0 extra) 
2026-09-09 14:24:46,301 1 INFO lab_qa odoo.modules.loading: Modules loaded. 
2026-09-09 14:24:46,305 1 INFO lab_qa odoo.registry: Registry changed, signaling through the database 
2026-09-09 14:24:46,306 1 INFO lab_qa odoo.registry: Registry loaded in 2.375s 
2026-09-09 14:24:46,306 1 INFO lab_qa odoo.service.server: Initiating shutdown 
2026-09-09 14:24:46,306 1 INFO lab_qa odoo.service.server: Hit CTRL-C again or send a second signal to force the shutdown. 
2026-09-09 14:24:46,306 1 INFO lab_qa odoo.sql_db: ConnectionPool(read/write;used=0/count=0/max=64): Closed 1 connections  
✅ installation OK
   ⏱ 4s

══ 3. Tests (--test-tags /lab_rental) ═══════════════════════════════════════════════════
2026-09-09 14:24:47,174 1 WARNING ? odoo.tools.config: missing --http-interface/http_interface, using 0.0.0.0 by default, will change to 127.0.0.1 in 20.0 
2026-09-09 14:24:47,174 1 INFO ? odoo: Odoo version 19.0-20260817 
2026-09-09 14:24:47,174 1 INFO ? odoo: Using configuration file at /etc/odoo/odoo.conf 
2026-09-09 14:24:47,175 1 INFO ? odoo: addons paths: _NamespacePath(['/usr/lib/python3/dist-packages/odoo/addons', '/var/lib/odoo/addons/19.0', '/mnt/enterprise-addons', '/mnt/extra-addons', '/usr/lib/python3/dist-packages/addons']) 
2026-09-09 14:24:47,175 1 INFO ? odoo: database: odoo@db:5432 
2026-09-09 14:24:47,413 1 INFO ? odoo.service.server: HTTP service (werkzeug) running on f9e040577515:8069 
2026-09-09 14:24:47,433 1 INFO lab_qa odoo.tests.common: Importing test framework 
2026-09-09 14:24:47,458 1 INFO lab_qa odoo.modules.loading: loading 1 modules... 
2026-09-09 14:24:47,461 1 INFO lab_qa odoo.modules.loading: 1 modules loaded in 0.00s, 0 queries (+0 extra) 
2026-09-09 14:24:47,486 1 INFO lab_qa odoo.modules.loading: updating modules list 
2026-09-09 14:24:47,488 1 INFO lab_qa odoo.addons.base.models.ir_module: ALLOW access to module.update_list on [] to user __system__ #1 via n/a 
2026-09-09 14:24:48,969 1 WARNING lab_qa odoo.modules.module: Missing `author` key in manifest for 'lab_rental', defaulting to '' 
2026-09-09 14:24:48,969 1 WARNING lab_qa odoo.modules.module: Missing `author` key in manifest for 'lab_rental', defaulting to '' 
2026-09-09 14:24:49,723 1 INFO lab_qa odoo.addons.base.models.ir_module: ALLOW access to module.button_upgrade on ['Atelier Boréal — frais de préparation des locations'] to user __system__ #1 via n/a 
2026-09-09 14:24:49,723 1 INFO lab_qa odoo.addons.base.models.ir_module: ALLOW access to module.update_list on ['Atelier Boréal — frais de préparation des locations'] to user __system__ #1 via n/a 
2026-09-09 14:24:51,144 1 WARNING lab_qa odoo.modules.module: Missing `author` key in manifest for 'lab_rental', defaulting to '' 
2026-09-09 14:24:51,914 1 INFO lab_qa odoo.addons.base.models.ir_module: ALLOW access to module.button_install on [] to user __system__ #1 via n/a 
2026-09-09 14:24:51,956 1 INFO lab_qa odoo.modules.loading: loading 21 modules... 
2026-09-09 14:24:51,956 1 INFO lab_qa odoo.modules.loading: Loading module lab_rental (2/21) 
2026-09-09 14:24:51,963 1 INFO lab_qa odoo.registry: module lab_rental: creating or updating database tables 
2026-09-09 14:24:52,002 1 INFO lab_qa odoo.modules.loading: loading lab_rental/security/ir.model.access.csv 
2026-09-09 14:24:52,020 1 INFO lab_qa odoo.modules.loading: Module lab_rental loaded in 0.06s, 45 queries (+45 other) 
2026-09-09 14:24:52,258 1 INFO lab_qa odoo.modules.loading: 21 modules loaded in 0.30s, 45 queries (+45 extra) 
2026-09-09 14:24:52,370 1 INFO lab_qa odoo.registry: verifying fields for every extended model 
2026-09-09 14:24:52,535 1 INFO lab_qa odoo.modules.loading: Modules loaded. 
2026-09-09 14:24:52,539 1 INFO lab_qa odoo.registry: Registry changed, signaling through the database 
2026-09-09 14:24:52,540 1 INFO lab_qa odoo.registry: Registry loaded in 5.126s 
2026-09-09 14:24:52,540 1 INFO lab_qa odoo.service.server: Starting post tests 
2026-09-09 14:24:52,541 1 INFO lab_qa odoo.addons.lab_rental.tests.test_days_constraint: Starting TestLabRentalDaysConstraint.test_amount_total_matches_days_times_daily_rate ... 
2026-09-09 14:24:52,546 1 INFO lab_qa odoo.addons.lab_rental.tests.test_days_constraint: Starting TestLabRentalDaysConstraint.test_create_negative_days_is_rejected ... 
2026-09-09 14:24:52,549 1 INFO lab_qa odoo.addons.lab_rental.tests.test_days_constraint: Starting TestLabRentalDaysConstraint.test_rejected_write_preserves_existing_valid_rental ... 
2026-09-09 14:24:52,555 1 INFO lab_qa odoo.addons.lab_rental.tests.test_days_constraint: Starting TestLabRentalDaysConstraint.test_write_negative_days_is_rejected ... 
2026-09-09 14:24:52,559 1 INFO lab_qa odoo.addons.lab_rental.tests.test_days_constraint: Starting TestLabRentalDaysConstraint.test_zero_days_is_accepted ... 
2026-09-09 14:24:52,562 1 INFO lab_qa odoo.addons.base.models.ir_attachment: filestore gc 0 checked, 0 removed 
2026-09-09 14:24:52,563 1 INFO lab_qa odoo.service.server: 5 post-tests in 0.02s, 55 queries 
2026-09-09 14:24:52,563 1 INFO lab_qa odoo.tests.stats: lab_rental: 7 tests 0.02s 55 queries 
2026-09-09 14:24:52,563 1 INFO lab_qa odoo.tests.result: 0 failed, 0 error(s) of 5 tests when loading database 'lab_qa' 
2026-09-09 14:24:52,563 1 INFO lab_qa odoo.service.server: Initiating shutdown 
2026-09-09 14:24:52,563 1 INFO lab_qa odoo.service.server: Hit CTRL-C again or send a second signal to force the shutdown. 
2026-09-09 14:24:52,936 1 INFO lab_qa odoo.sql_db: ConnectionPool(read/write;used=0/count=0/max=64): Closed 1 connections  
{"valid": true, "reasons": [], "module_tests": 7, "summaries": [{"failed": 0, "errors": 0, "tests": 5}]}
✅ tests OK
✅ mise à jour OK (passage commun aux tests)
   ⏱ 7s

══ 5. Analyse des logs ═══════════════════════════════════════════════════
ERROR/CRITICAL : 0
tests échoués  : 0
tests ignorés  : 0
WARNING liés à lab_rental : 5

── avertissements liés au module (à traiter) ──
2026-09-09 14:24:45,436 1 WARNING lab_qa odoo.modules.module: Missing `author` key in manifest for 'lab_rental', defaulting to '' 
2026-09-09 14:24:45,436 1 WARNING lab_qa odoo.modules.module: Missing `author` key in manifest for 'lab_rental', defaulting to '' 
2026-09-09 14:24:48,969 1 WARNING lab_qa odoo.modules.module: Missing `author` key in manifest for 'lab_rental', defaulting to '' 
2026-09-09 14:24:48,969 1 WARNING lab_qa odoo.modules.module: Missing `author` key in manifest for 'lab_rental', defaulting to '' 
2026-09-09 14:24:51,144 1 WARNING lab_qa odoo.modules.module: Missing `author` key in manifest for 'lab_rental', defaulting to '' 
PostgreSQL conservé : son arrêt relève du superviseur du stack.
{"valid": true, "reasons": [], "module_tests": 7, "summaries": [{"failed": 0, "errors": 0, "tests": 5}]}
RECETTE module=lab_rental db=lab_qa install=ok update=ok uninstall=n.a. tests="0 failed, 0 error(s) of 5 tests" errors=0 failed=0 skipped=0 warnings=5 total=11s install=4s tests=7s

Log complet   : /tmp/odoo-qualification-20260909/recovery/run/backend/stack/artifacts/lab_rental-20260909-162442.lLXHhC.log
Captures      : /tmp/odoo-qualification-20260909/recovery/run/backend/stack/artifacts/
✅ lab_rental : installation, tests et logs propres
