2026-09-09 14:23:54,253 1 WARNING ? odoo.tools.config: option --without-demo: since 19.0, invalid boolean value: 'all', assume True 
2026-09-09 14:23:54,254 1 INFO ? odoo: Odoo version 19.0-20260817 
2026-09-09 14:23:54,254 1 INFO ? odoo: Using configuration file at /etc/odoo/odoo.conf 
2026-09-09 14:23:54,254 1 INFO ? odoo: addons paths: _NamespacePath(['/usr/lib/python3/dist-packages/odoo/addons', '/var/lib/odoo/addons/19.0', '/mnt/enterprise-addons', '/mnt/extra-addons', '/usr/lib/python3/dist-packages/addons']) 
2026-09-09 14:23:54,254 1 INFO ? odoo: database: odoo@db:5432 
2026-09-09 14:23:54,566 1 INFO lab_client odoo.modules.loading: loading 1 modules... 
2026-09-09 14:23:54,572 1 INFO lab_client odoo.modules.loading: 1 modules loaded in 0.01s, 0 queries (+0 extra) 
2026-09-09 14:23:54,601 1 INFO lab_client odoo.modules.loading: updating modules list 
2026-09-09 14:23:54,603 1 INFO lab_client odoo.addons.base.models.ir_module: ALLOW access to module.update_list on [] to user __system__ #1 via n/a 
2026-09-09 14:23:56,299 1 WARNING lab_client odoo.modules.module: Missing `author` key in manifest for 'lab_rental', defaulting to '' 
2026-09-09 14:23:56,299 1 WARNING lab_client odoo.modules.module: Missing `author` key in manifest for 'lab_rental', defaulting to '' 
2026-09-09 14:23:57,315 1 INFO lab_client odoo.addons.base.models.ir_module: ALLOW access to module.button_upgrade on ['Atelier Boréal — frais de préparation des locations'] to user __system__ #1 via n/a 
2026-09-09 14:23:57,315 1 INFO lab_client odoo.addons.base.models.ir_module: ALLOW access to module.update_list on ['Atelier Boréal — frais de préparation des locations'] to user __system__ #1 via n/a 
2026-09-09 14:23:58,794 1 WARNING lab_client odoo.modules.module: Missing `author` key in manifest for 'lab_rental', defaulting to '' 
2026-09-09 14:23:59,605 1 INFO lab_client odoo.addons.base.models.ir_module: ALLOW access to module.button_install on [] to user __system__ #1 via n/a 
2026-09-09 14:23:59,638 1 INFO lab_client odoo.modules.loading: loading 21 modules... 
2026-09-09 14:23:59,638 1 INFO lab_client odoo.modules.loading: Loading module lab_rental (2/21) 
2026-09-09 14:23:59,646 1 INFO lab_client odoo.registry: module lab_rental: creating or updating database tables 
2026-09-09 14:23:59,689 1 INFO lab_client odoo.modules.loading: loading lab_rental/security/ir.model.access.csv 
2026-09-09 14:23:59,708 1 INFO lab_client odoo.modules.loading: Module lab_rental loaded in 0.07s, 50 queries (+50 other) 
2026-09-09 14:23:59,895 1 INFO lab_client odoo.modules.loading: 21 modules loaded in 0.26s, 50 queries (+50 extra) 
2026-09-09 14:24:00,013 1 INFO lab_client odoo.registry: verifying fields for every extended model 
2026-09-09 14:24:00,203 1 INFO lab_client odoo.modules.loading: Modules loaded. 
2026-09-09 14:24:00,212 1 INFO lab_client odoo.registry: Registry changed, signaling through the database 
2026-09-09 14:24:00,213 1 INFO lab_client odoo.registry: Registry loaded in 5.676s 
2026-09-09 14:24:00,213 1 INFO lab_client odoo.service.server: Initiating shutdown 
2026-09-09 14:24:00,213 1 INFO lab_client odoo.service.server: Hit CTRL-C again or send a second signal to force the shutdown. 
2026-09-09 14:24:00,213 1 INFO lab_client odoo.sql_db: ConnectionPool(read/write;used=0/count=0/max=64): Closed 1 connections  
