2026-09-09 14:13:49,759 1 WARNING ? odoo.tools.config: option --without-demo: since 19.0, invalid boolean value: 'all', assume True 
2026-09-09 14:13:49,759 1 INFO ? odoo: Odoo version 19.0-20260817 
2026-09-09 14:13:49,759 1 INFO ? odoo: Using configuration file at /etc/odoo/odoo.conf 
2026-09-09 14:13:49,759 1 INFO ? odoo: addons paths: _NamespacePath(['/usr/lib/python3/dist-packages/odoo/addons', '/var/lib/odoo/addons/19.0', '/mnt/enterprise-addons', '/mnt/extra-addons', '/usr/lib/python3/dist-packages/addons']) 
2026-09-09 14:13:49,759 1 INFO ? odoo: database: odoo@db:5432 
2026-09-09 14:13:49,977 1 INFO lab_client odoo.modules.loading: Initializing database lab_client 
2026-09-09 14:13:50,954 1 WARNING lab_client odoo.modules.module: Missing `author` key in manifest for 'lab_rental', defaulting to '' 
2026-09-09 14:13:50,954 1 WARNING lab_client odoo.modules.module: Missing `author` key in manifest for 'lab_rental', defaulting to '' 
2026-09-09 14:13:51,707 1 INFO lab_client odoo.modules.loading: loading 1 modules... 
2026-09-09 14:13:51,707 1 INFO lab_client odoo.modules.loading: Loading module base (1/1) 
2026-09-09 14:13:51,723 1 INFO lab_client odoo.registry: module base: creating or updating database tables 
2026-09-09 14:13:51,855 1 INFO lab_client odoo.models: Prepare computation of ir.module.module.menus_by_module 
2026-09-09 14:13:51,855 1 INFO lab_client odoo.models: Prepare computation of ir.module.module.reports_by_module 
2026-09-09 14:13:51,855 1 INFO lab_client odoo.models: Prepare computation of ir.module.module.views_by_module 
2026-09-09 14:13:51,901 1 INFO lab_client odoo.models: Prepare computation of res.partner.user_id 
2026-09-09 14:13:51,901 1 INFO lab_client odoo.models: Prepare computation of res.partner.commercial_partner_id 
2026-09-09 14:13:51,901 1 INFO lab_client odoo.models: Prepare computation of res.partner.complete_name 
2026-09-09 14:13:51,901 1 INFO lab_client odoo.models: Prepare computation of res.partner.lang 
2026-09-09 14:13:51,901 1 INFO lab_client odoo.models: Prepare computation of res.partner.company_registry 
2026-09-09 14:13:51,901 1 INFO lab_client odoo.models: Prepare computation of res.partner.commercial_company_name 
2026-09-09 14:13:51,901 1 INFO lab_client odoo.models: Prepare computation of res.partner.properties 
2026-09-09 14:13:51,901 1 INFO lab_client odoo.models: Prepare computation of res.partner.partner_share 
2026-09-09 14:13:51,923 1 INFO lab_client odoo.models: Prepare computation of res.currency.decimal_places 
2026-09-09 14:13:51,932 1 INFO lab_client odoo.models: Prepare computation of res.company.uses_default_logo 
2026-09-09 14:13:51,933 1 INFO lab_client odoo.models: Prepare computation of res.company.logo_web 
2026-09-09 14:13:51,933 1 INFO lab_client odoo.models: Computing parent_path for table res_company... 
2026-09-09 14:13:51,954 1 INFO lab_client odoo.models: Prepare computation of res.users.signature 
2026-09-09 14:13:51,954 1 INFO lab_client odoo.models: Prepare computation of res.users.share 
2026-09-09 14:13:52,848 1 INFO lab_client odoo.modules.loading: loading base/data/res_bank.xml 
2026-09-09 14:13:52,853 1 INFO lab_client odoo.modules.loading: loading base/data/res.lang.csv 
2026-09-09 14:13:52,890 1 INFO lab_client odoo.modules.loading: loading base/data/res_lang_data.xml 
2026-09-09 14:13:52,921 1 INFO lab_client odoo.modules.loading: loading base/data/res_partner_data.xml 
2026-09-09 14:13:52,954 1 INFO lab_client odoo.modules.loading: loading base/data/res_currency_data.xml 
2026-09-09 14:13:53,357 1 INFO lab_client odoo.modules.loading: loading base/data/res_company_data.xml 
2026-09-09 14:13:53,362 1 INFO lab_client odoo.modules.loading: loading base/data/res_users_data.xml 
2026-09-09 14:13:53,957 1 INFO lab_client odoo.modules.loading: loading base/data/report_paperformat_data.xml 
2026-09-09 14:13:53,963 1 INFO lab_client odoo.modules.loading: loading base/data/res_country_data.xml 
2026-09-09 14:13:54,400 1 INFO lab_client odoo.modules.loading: loading base/data/ir_demo_data.xml 
2026-09-09 14:13:54,408 1 INFO lab_client odoo.modules.loading: loading base/security/base_groups.xml 
2026-09-09 14:13:54,521 1 INFO lab_client odoo.modules.loading: loading base/security/base_security.xml 
2026-09-09 14:13:54,638 1 INFO lab_client odoo.modules.loading: loading base/wizard/wizard_ir_model_menu_create_views.xml 
2026-09-09 14:13:54,648 1 INFO lab_client odoo.modules.loading: loading base/views/base_menus.xml 
2026-09-09 14:13:54,680 1 INFO lab_client odoo.modules.loading: loading base/views/decimal_precision_views.xml 
2026-09-09 14:13:54,689 1 INFO lab_client odoo.modules.loading: loading base/views/res_config_views.xml 
2026-09-09 14:13:54,692 1 INFO lab_client odoo.modules.loading: loading base/data/res.country.state.csv 
2026-09-09 14:13:54,896 1 INFO lab_client odoo.modules.loading: loading base/views/ir_actions_views.xml 
2026-09-09 14:13:54,984 1 INFO lab_client odoo.modules.loading: loading base/views/ir_asset_views.xml 
2026-09-09 14:13:54,992 1 INFO lab_client odoo.modules.loading: loading base/views/ir_config_parameter_views.xml 
2026-09-09 14:13:55,001 1 INFO lab_client odoo.modules.loading: loading base/views/ir_cron_views.xml 
2026-09-09 14:13:55,015 1 INFO lab_client odoo.modules.loading: loading base/views/ir_cron_trigger_views.xml 
2026-09-09 14:13:55,025 1 INFO lab_client odoo.modules.loading: loading base/views/ir_filters_views.xml 
2026-09-09 14:13:55,038 1 INFO lab_client odoo.modules.loading: loading base/views/ir_mail_server_views.xml 
2026-09-09 14:13:55,049 1 INFO lab_client odoo.modules.loading: loading base/views/ir_model_views.xml 
2026-09-09 14:13:55,125 1 INFO lab_client odoo.modules.loading: loading base/views/ir_attachment_views.xml 
2026-09-09 14:13:55,137 1 INFO lab_client odoo.modules.loading: loading base/views/ir_rule_views.xml 
2026-09-09 14:13:55,150 1 INFO lab_client odoo.modules.loading: loading base/views/ir_sequence_views.xml 
2026-09-09 14:13:55,164 1 INFO lab_client odoo.modules.loading: loading base/views/ir_ui_menu_views.xml 
2026-09-09 14:13:55,176 1 INFO lab_client odoo.modules.loading: loading base/views/ir_ui_view_views.xml 
2026-09-09 14:13:55,219 1 INFO lab_client odoo.modules.loading: loading base/views/ir_default_views.xml 
2026-09-09 14:13:55,230 1 INFO lab_client odoo.modules.loading: loading base/data/ir_config_parameter_data.xml 
2026-09-09 14:13:55,232 1 INFO lab_client odoo.modules.loading: loading base/data/ir_cron_data.xml 
2026-09-09 14:13:55,239 1 INFO lab_client odoo.modules.loading: loading base/report/ir_model_report.xml 
2026-09-09 14:13:55,241 1 INFO lab_client odoo.modules.loading: loading base/report/ir_model_templates.xml 
2026-09-09 14:13:55,246 1 INFO lab_client odoo.modules.loading: loading base/views/ir_logging_views.xml 
2026-09-09 14:13:55,256 1 INFO lab_client odoo.modules.loading: loading base/views/ir_qweb_widget_templates.xml 
2026-09-09 14:13:55,264 1 INFO lab_client odoo.modules.loading: loading base/views/ir_module_views.xml 
2026-09-09 14:13:55,310 1 INFO lab_client odoo.modules.loading: loading base/data/ir_module_category_data.xml 
2026-09-09 14:13:55,339 1 INFO lab_client odoo.modules.loading: loading base/data/ir_module_module.xml 
2026-09-09 14:13:55,367 1 INFO lab_client odoo.modules.loading: loading base/report/ir_module_reports.xml 
2026-09-09 14:13:55,370 1 INFO lab_client odoo.modules.loading: loading base/report/ir_module_report_templates.xml 
2026-09-09 14:13:55,375 1 INFO lab_client odoo.modules.loading: loading base/wizard/base_module_update_views.xml 
2026-09-09 14:13:55,385 1 INFO lab_client odoo.modules.loading: loading base/wizard/base_language_install_views.xml 
2026-09-09 14:13:55,397 1 INFO lab_client odoo.modules.loading: loading base/wizard/base_import_language_views.xml 
2026-09-09 14:13:55,409 1 INFO lab_client odoo.modules.loading: loading base/wizard/base_module_upgrade_views.xml 
2026-09-09 14:13:55,421 1 INFO lab_client odoo.modules.loading: loading base/wizard/base_module_uninstall_views.xml 
2026-09-09 14:13:55,426 1 INFO lab_client odoo.modules.loading: loading base/wizard/base_export_language_views.xml 
2026-09-09 14:13:55,435 1 INFO lab_client odoo.modules.loading: loading base/wizard/base_partner_merge_views.xml 
2026-09-09 14:13:55,445 1 INFO lab_client odoo.modules.loading: loading base/data/ir_demo_failure_data.xml 
2026-09-09 14:13:55,453 1 INFO lab_client odoo.modules.loading: loading base/views/ir_profile_views.xml 
2026-09-09 14:13:55,463 1 INFO lab_client odoo.modules.loading: loading base/views/res_company_views.xml 
2026-09-09 14:13:55,480 1 INFO lab_client odoo.modules.loading: loading base/views/res_lang_views.xml 
2026-09-09 14:13:55,495 1 INFO lab_client odoo.modules.loading: loading base/views/res_partner_views.xml 
2026-09-09 14:13:55,552 1 INFO lab_client odoo.modules.loading: loading base/views/res_bank_views.xml 
2026-09-09 14:13:55,582 1 INFO lab_client odoo.modules.loading: loading base/views/res_country_views.xml 
2026-09-09 14:13:55,609 1 INFO lab_client odoo.modules.loading: loading base/views/res_currency_views.xml 
2026-09-09 14:13:55,629 1 INFO lab_client odoo.modules.loading: loading base/views/res_groups_views.xml 
2026-09-09 14:13:55,662 1 INFO lab_client odoo.modules.loading: loading base/views/res_users_views.xml 
2026-09-09 14:13:55,717 1 INFO lab_client odoo.modules.loading: loading base/views/res_users_apikeys_views.xml 
2026-09-09 14:13:55,723 1 INFO lab_client odoo.modules.loading: loading base/views/res_device_views.xml 
2026-09-09 14:13:55,739 1 INFO lab_client odoo.modules.loading: loading base/views/res_users_identitycheck_views.xml 
2026-09-09 14:13:55,744 1 INFO lab_client odoo.modules.loading: loading base/views/res_config_settings_views.xml 
2026-09-09 14:13:55,751 1 INFO lab_client odoo.modules.loading: loading base/views/report_paperformat_views.xml 
2026-09-09 14:13:55,772 1 INFO lab_client odoo.modules.loading: loading base/security/ir.model.access.csv 
2026-09-09 14:13:55,860 1 INFO lab_client odoo.modules.loading: Module base loaded in 4.15s, 8374 queries (+8374 other) 
2026-09-09 14:13:55,860 1 INFO lab_client odoo.modules.loading: 1 modules loaded in 4.15s, 8374 queries (+8374 extra) 
2026-09-09 14:13:55,863 1 INFO lab_client odoo.modules.loading: updating modules list 
2026-09-09 14:13:55,864 1 INFO lab_client odoo.addons.base.models.ir_module: ALLOW access to module.update_list on [] to user __system__ #1 via n/a 
2026-09-09 14:13:56,590 1 WARNING lab_client odoo.modules.module: Missing `author` key in manifest for 'lab_rental', defaulting to '' 
2026-09-09 14:13:56,902 1 INFO lab_client odoo.addons.base.models.ir_module: ALLOW access to module.button_install on ['Atelier Boréal — frais de préparation des locations'] to user __system__ #1 via n/a 
2026-09-09 14:13:56,942 1 INFO lab_client odoo.modules.loading: loading 21 modules... 
2026-09-09 14:13:56,942 1 INFO lab_client odoo.modules.loading: Loading module lab_rental (2/21) 
2026-09-09 14:13:56,945 1 INFO lab_client odoo.registry: module lab_rental: creating or updating database tables 
2026-09-09 14:13:56,963 1 INFO lab_client odoo.modules.loading: loading lab_rental/security/ir.model.access.csv 
2026-09-09 14:13:56,970 1 INFO lab_client odoo.modules.loading: Module lab_rental loaded in 0.03s, 53 queries (+53 other) 
2026-09-09 14:13:56,970 1 INFO lab_client odoo.modules.loading: Loading module rpc (3/21) 
2026-09-09 14:13:56,978 1 INFO lab_client odoo.modules.loading: Module rpc loaded in 0.01s, 10 queries (+10 other) 
2026-09-09 14:13:56,978 1 INFO lab_client odoo.modules.loading: Loading module web (4/21) 
2026-09-09 14:13:56,995 1 INFO lab_client odoo.registry: module web: creating or updating database tables 
2026-09-09 14:13:57,247 1 INFO lab_client odoo.modules.loading: loading web/security/ir.model.access.csv 
2026-09-09 14:13:57,251 1 INFO lab_client odoo.modules.loading: loading web/security/web_security.xml 
2026-09-09 14:13:57,256 1 INFO lab_client odoo.modules.loading: loading web/views/webclient_templates.xml 
2026-09-09 14:13:57,299 1 INFO lab_client odoo.modules.loading: loading web/views/report_templates.xml 
2026-09-09 14:13:57,365 1 INFO lab_client odoo.modules.loading: loading web/views/base_document_layout_views.xml 
2026-09-09 14:13:57,373 1 INFO lab_client odoo.modules.loading: loading web/views/partner_view.xml 
2026-09-09 14:13:57,377 1 INFO lab_client odoo.modules.loading: loading web/views/speedscope_template.xml 
2026-09-09 14:13:57,380 1 INFO lab_client odoo.modules.loading: loading web/views/memory_template.xml 
2026-09-09 14:13:57,383 1 INFO lab_client odoo.modules.loading: loading web/views/speedscope_config_wizard.xml 
2026-09-09 14:13:57,388 1 INFO lab_client odoo.modules.loading: loading web/views/neutralize_views.xml 
2026-09-09 14:13:57,393 1 INFO lab_client odoo.modules.loading: loading web/views/ir_ui_view_views.xml 
2026-09-09 14:13:57,398 1 INFO lab_client odoo.modules.loading: loading web/data/ir_attachment.xml 
2026-09-09 14:13:57,400 1 INFO lab_client odoo.modules.loading: loading web/data/report_layout.xml 
2026-09-09 14:13:57,437 1 INFO lab_client odoo.modules.loading: Module web loaded in 0.46s, 1237 queries (+1237 other) 
2026-09-09 14:13:57,437 1 INFO lab_client odoo.modules.loading: Loading module api_doc (5/21) 
2026-09-09 14:13:57,440 1 INFO lab_client odoo.registry: module api_doc: creating or updating database tables 
2026-09-09 14:13:57,453 1 INFO lab_client odoo.modules.loading: loading api_doc/security/res_groups.xml 
2026-09-09 14:13:57,467 1 INFO lab_client odoo.modules.loading: loading api_doc/views/docclient.xml 
2026-09-09 14:13:57,476 1 INFO lab_client odoo.modules.loading: Module api_doc loaded in 0.04s, 63 queries (+63 other) 
2026-09-09 14:13:57,476 1 INFO lab_client odoo.modules.loading: Loading module auth_totp (6/21) 
2026-09-09 14:13:57,484 1 INFO lab_client odoo.registry: module auth_totp: creating or updating database tables 
2026-09-09 14:13:57,515 1 INFO lab_client odoo.modules.loading: loading auth_totp/security/security.xml 
2026-09-09 14:13:57,525 1 INFO lab_client odoo.modules.loading: loading auth_totp/security/ir.model.access.csv 
2026-09-09 14:13:57,528 1 INFO lab_client odoo.modules.loading: loading auth_totp/data/ir_action_data.xml 
2026-09-09 14:13:57,531 1 INFO lab_client odoo.modules.loading: loading auth_totp/views/res_users_views.xml 
2026-09-09 14:13:57,548 1 INFO lab_client odoo.modules.loading: loading auth_totp/views/templates.xml 
2026-09-09 14:13:57,553 1 INFO lab_client odoo.modules.loading: loading auth_totp/wizard/auth_totp_wizard_views.xml 
2026-09-09 14:13:57,563 1 INFO lab_client odoo.modules.loading: Module auth_totp loaded in 0.09s, 218 queries (+218 other) 
2026-09-09 14:13:57,563 1 INFO lab_client odoo.modules.loading: Loading module base_import (7/21) 
2026-09-09 14:13:57,583 1 INFO lab_client odoo.registry: module base_import: creating or updating database tables 
2026-09-09 14:13:57,834 1 INFO lab_client odoo.modules.loading: loading base_import/security/ir.model.access.csv 
2026-09-09 14:13:57,842 1 INFO lab_client odoo.modules.loading: Module base_import loaded in 0.28s, 961 queries (+961 other) 
2026-09-09 14:13:57,842 1 INFO lab_client odoo.modules.loading: Loading module base_import_module (8/21) 
2026-09-09 14:13:57,847 1 INFO lab_client odoo.registry: module base_import_module: creating or updating database tables 
2026-09-09 14:13:57,880 1 INFO lab_client odoo.modules.loading: loading base_import_module/security/ir.model.access.csv 
2026-09-09 14:13:57,882 1 INFO lab_client odoo.modules.loading: loading base_import_module/views/base_import_module_view.xml 
2026-09-09 14:13:57,891 1 INFO lab_client odoo.modules.loading: loading base_import_module/views/ir_module_views.xml 
2026-09-09 14:13:57,915 1 INFO lab_client odoo.modules.loading: Module base_import_module loaded in 0.07s, 172 queries (+172 other) 
2026-09-09 14:13:57,915 1 INFO lab_client odoo.modules.loading: Loading module base_setup (9/21) 
2026-09-09 14:13:57,920 1 INFO lab_client odoo.registry: module base_setup: creating or updating database tables 
2026-09-09 14:13:57,950 1 INFO lab_client odoo.modules.loading: loading base_setup/data/base_setup_data.xml 
2026-09-09 14:13:57,954 1 INFO lab_client odoo.modules.loading: loading base_setup/views/res_config_settings_views.xml 
2026-09-09 14:13:57,976 1 INFO lab_client odoo.modules.loading: loading base_setup/views/res_partner_views.xml 
2026-09-09 14:13:57,986 1 INFO lab_client odoo.modules.loading: Module base_setup loaded in 0.07s, 152 queries (+152 other) 
2026-09-09 14:13:57,986 1 INFO lab_client odoo.modules.loading: Loading module bus (10/21) 
2026-09-09 14:13:57,995 1 INFO lab_client odoo.registry: module bus: creating or updating database tables 
2026-09-09 14:13:58,043 1 INFO lab_client odoo.modules.loading: loading bus/security/ir.model.access.csv 
2026-09-09 14:13:58,048 1 INFO lab_client odoo.modules.loading: Module bus loaded in 0.06s, 159 queries (+159 other) 
2026-09-09 14:13:58,048 1 INFO lab_client odoo.modules.loading: Loading module web_cohort (11/21) 
2026-09-09 14:13:58,071 1 INFO lab_client odoo.registry: module web_cohort: creating or updating database tables 
2026-09-09 14:13:58,307 1 INFO lab_client odoo.modules.loading: Module web_cohort loaded in 0.26s, 947 queries (+947 other) 
2026-09-09 14:13:58,307 1 INFO lab_client odoo.modules.loading: Loading module web_gantt (12/21) 
2026-09-09 14:13:58,337 1 INFO lab_client odoo.registry: module web_gantt: creating or updating database tables 
2026-09-09 14:13:58,603 1 INFO lab_client odoo.modules.loading: Module web_gantt loaded in 0.30s, 943 queries (+943 other) 
2026-09-09 14:13:58,603 1 INFO lab_client odoo.modules.loading: Loading module web_grid (13/21) 
2026-09-09 14:13:58,627 1 INFO lab_client odoo.registry: module web_grid: creating or updating database tables 
2026-09-09 14:13:58,912 1 INFO lab_client odoo.modules.loading: Module web_grid loaded in 0.31s, 943 queries (+943 other) 
2026-09-09 14:13:58,913 1 INFO lab_client odoo.modules.loading: Loading module web_tour (14/21) 
2026-09-09 14:13:58,918 1 INFO lab_client odoo.registry: module web_tour: creating or updating database tables 
2026-09-09 14:13:58,922 1 INFO lab_client odoo.models: Prepare computation of res.users.tour_enabled 
2026-09-09 14:13:58,966 1 INFO lab_client odoo.modules.loading: loading web_tour/security/ir.model.access.csv 
2026-09-09 14:13:58,970 1 INFO lab_client odoo.modules.loading: loading web_tour/views/tour_views.xml 
2026-09-09 14:13:58,997 1 INFO lab_client odoo.modules.loading: Module web_tour loaded in 0.08s, 180 queries (+180 other) 
2026-09-09 14:13:58,997 1 INFO lab_client odoo.modules.loading: Loading module auth_passkey (15/21) 
2026-09-09 14:13:59,024 1 INFO lab_client odoo.registry: module auth_passkey: creating or updating database tables 
2026-09-09 14:13:59,064 1 INFO lab_client odoo.modules.loading: loading auth_passkey/views/auth_passkey_key_views.xml 
2026-09-09 14:13:59,085 1 INFO lab_client odoo.modules.loading: loading auth_passkey/views/auth_passkey_login_templates.xml 
2026-09-09 14:13:59,095 1 INFO lab_client odoo.modules.loading: loading auth_passkey/views/res_users_identitycheck_views.xml 
2026-09-09 14:13:59,103 1 INFO lab_client odoo.modules.loading: loading auth_passkey/views/res_users_views.xml 
2026-09-09 14:13:59,117 1 INFO lab_client odoo.modules.loading: loading auth_passkey/security/ir.model.access.csv 
2026-09-09 14:13:59,123 1 INFO lab_client odoo.modules.loading: loading auth_passkey/security/security.xml 
2026-09-09 14:13:59,138 1 INFO lab_client odoo.modules.loading: Module auth_passkey loaded in 0.14s, 218 queries (+218 other) 
2026-09-09 14:13:59,138 1 INFO lab_client odoo.modules.loading: Loading module html_editor (16/21) 
2026-09-09 14:13:59,225 1 INFO lab_client odoo.registry: module html_editor: creating or updating database tables 
2026-09-09 14:13:59,527 1 INFO lab_client odoo.modules.loading: loading html_editor/security/ir.model.access.csv 
2026-09-09 14:13:59,542 1 INFO lab_client odoo.modules.loading: Module html_editor loaded in 0.40s, 1035 queries (+1035 other) 
2026-09-09 14:13:59,542 1 INFO lab_client odoo.modules.loading: Loading module iap (17/21) 
2026-09-09 14:13:59,545 1 INFO lab_client odoo.registry: module iap: creating or updating database tables 
2026-09-09 14:13:59,588 1 INFO lab_client odoo.modules.loading: loading iap/data/services.xml 
2026-09-09 14:13:59,592 1 INFO lab_client odoo.modules.loading: loading iap/security/ir.model.access.csv 
2026-09-09 14:13:59,598 1 INFO lab_client odoo.modules.loading: loading iap/security/ir_rule.xml 
2026-09-09 14:13:59,604 1 INFO lab_client odoo.modules.loading: loading iap/views/iap_views.xml 
2026-09-09 14:13:59,621 1 INFO lab_client odoo.modules.loading: loading iap/views/res_config_settings.xml 
2026-09-09 14:13:59,634 1 INFO lab_client odoo.modules.loading: Module iap loaded in 0.09s, 182 queries (+182 other) 
2026-09-09 14:13:59,634 1 INFO lab_client odoo.modules.loading: Loading module web_enterprise (18/21) 
2026-09-09 14:13:59,639 1 INFO lab_client odoo.registry: module web_enterprise: creating or updating database tables 
2026-09-09 14:13:59,667 1 INFO lab_client odoo.modules.loading: loading web_enterprise/views/webclient_templates.xml 
2026-09-09 14:13:59,677 1 INFO lab_client odoo.modules.loading: loading web_enterprise/views/res_users_views.xml 
2026-09-09 14:13:59,699 1 INFO lab_client odoo.modules.loading: Module web_enterprise loaded in 0.07s, 113 queries (+113 other) 
2026-09-09 14:13:59,699 1 INFO lab_client odoo.modules.loading: Loading module web_map (19/21) 
2026-09-09 14:13:59,741 1 INFO lab_client odoo.registry: module web_map: creating or updating database tables 
2026-09-09 14:13:59,753 1 INFO lab_client odoo.models: Prepare computation of res.partner.contact_address_complete 
2026-09-09 14:14:00,102 1 INFO lab_client odoo.modules.loading: loading web_map/views/res_config_settings.xml 
2026-09-09 14:14:00,119 1 INFO lab_client odoo.modules.loading: loading web_map/views/res_partner_views.xml 
2026-09-09 14:14:00,141 1 INFO lab_client odoo.modules.loading: Module web_map loaded in 0.44s, 1064 queries (+1064 other) 
2026-09-09 14:14:00,141 1 INFO lab_client odoo.modules.loading: Loading module web_mobile (20/21) 
2026-09-09 14:14:00,149 1 INFO lab_client odoo.registry: module web_mobile: creating or updating database tables 
2026-09-09 14:14:00,188 1 INFO lab_client odoo.modules.loading: loading web_mobile/views/views.xml 
2026-09-09 14:14:00,212 1 INFO lab_client odoo.modules.loading: Module web_mobile loaded in 0.07s, 83 queries (+83 other) 
2026-09-09 14:14:00,212 1 INFO lab_client odoo.modules.loading: Loading module web_unsplash (21/21) 
2026-09-09 14:14:00,221 1 INFO lab_client odoo.registry: module web_unsplash: creating or updating database tables 
2026-09-09 14:14:00,245 1 INFO lab_client odoo.modules.loading: loading web_unsplash/views/res_config_settings_view.xml 
2026-09-09 14:14:00,268 1 INFO lab_client odoo.modules.loading: Module web_unsplash loaded in 0.06s, 93 queries (+93 other) 
2026-09-09 14:14:00,268 1 INFO lab_client odoo.modules.loading: 21 modules loaded in 3.33s, 8826 queries (+8826 extra) 
2026-09-09 14:14:00,413 1 INFO lab_client odoo.modules.loading: Modules loaded. 
2026-09-09 14:14:00,417 1 INFO lab_client odoo.registry: Registry changed, signaling through the database 
2026-09-09 14:14:00,418 1 INFO lab_client odoo.registry: Registry loaded in 10.453s 
2026-09-09 14:14:00,418 1 INFO lab_client odoo.service.server: Initiating shutdown 
2026-09-09 14:14:00,418 1 INFO lab_client odoo.service.server: Hit CTRL-C again or send a second signal to force the shutdown. 
2026-09-09 14:14:00,418 1 INFO lab_client odoo.sql_db: ConnectionPool(read/write;used=0/count=0/max=64): Closed 1 connections  
